[0.017s] Invoking command in '/home/imml/git/research_2025/apple-harvest-eva/build/harvest_interfaces': CMAKE_PREFIX_PATH=${CMAKE_PREFIX_PATH}:/home/imml/git/research_2025/apple-harvest-eva/install/ur5e_custom_hardware:/home/imml/git/research_2025/apple-harvest-eva/install/harvest_vision:/opt/ros/humble /usr/bin/cmake /home/imml/git/research_2025/apple-harvest-eva/harvest_interfaces -DAMENT_CMAKE_SYMLINK_INSTALL=1 -DCMAKE_INSTALL_PREFIX=/home/imml/git/research_2025/apple-harvest-eva/install/harvest_interfaces
[0.063s] -- The C compiler identification is GNU 11.4.0
[0.111s] -- The CXX compiler identification is GNU 11.4.0
[0.118s] -- Detecting C compiler ABI info
[0.183s] -- Detecting C compiler ABI info - done
[0.188s] -- Check for working C compiler: /usr/bin/cc - skipped
[0.188s] -- Detecting C compile features
[0.189s] -- Detecting C compile features - done
[0.191s] -- Detecting CXX compiler ABI info
[0.267s] -- Detecting CXX compiler ABI info - done
[0.273s] -- Check for working CXX compiler: /usr/bin/c++ - skipped
[0.273s] -- Detecting CXX compile features
[0.274s] -- Detecting CXX compile features - done
[0.276s] -- Found ament_cmake: 1.3.11 (/opt/ros/humble/share/ament_cmake/cmake)
[0.410s] -- Found Python3: /usr/bin/python3 (found version "3.10.12") found components: Interpreter 
[0.468s] -- Override CMake install command with custom implementation using symlinks instead of copying resources
[0.495s] -- Found rosidl_default_generators: 1.2.0 (/opt/ros/humble/share/rosidl_default_generators/cmake)
[0.498s] -- Using all available rosidl_typesupport_c: rosidl_typesupport_fastrtps_c;rosidl_typesupport_introspection_c
[0.504s] -- Found rosidl_adapter: 3.1.6 (/opt/ros/humble/share/rosidl_adapter/cmake)
[0.540s] -- Using all available rosidl_typesupport_cpp: rosidl_typesupport_fastrtps_cpp;rosidl_typesupport_introspection_cpp
[0.569s] -- Found std_msgs: 4.9.0 (/opt/ros/humble/share/std_msgs/cmake)
[0.591s] -- Found std_srvs: 4.9.0 (/opt/ros/humble/share/std_srvs/cmake)
[0.599s] -- Found tf2_ros: 0.25.13 (/opt/ros/humble/share/tf2_ros/cmake)
[0.660s] -- Found rmw_implementation_cmake: 6.1.2 (/opt/ros/humble/share/rmw_implementation_cmake/cmake)
[0.662s] -- Found rmw_fastrtps_cpp: 6.2.7 (/opt/ros/humble/share/rmw_fastrtps_cpp/cmake)
[0.748s] -- Found OpenSSL: /usr/lib/x86_64-linux-gnu/libcrypto.so (found version "3.0.2")  
[0.775s] -- Found FastRTPS: /opt/ros/humble/include  
[0.815s] -- Using RMW implementation 'rmw_fastrtps_cpp' as default
[0.823s] -- Looking for pthread.h
[0.892s] -- Looking for pthread.h - found
[0.892s] -- Performing Test CMAKE_HAVE_LIBC_PTHREAD
[0.960s] -- Performing Test CMAKE_HAVE_LIBC_PTHREAD - Success
[0.961s] -- Found Threads: TRUE  
[1.446s] -- Found ament_cmake_ros: 0.10.0 (/opt/ros/humble/share/ament_cmake_ros/cmake)
[1.696s] -- Using all available rosidl_typesupport_c: rosidl_typesupport_fastrtps_c;rosidl_typesupport_introspection_c
[2.026s] -- Using all available rosidl_typesupport_cpp: rosidl_typesupport_fastrtps_cpp;rosidl_typesupport_introspection_cpp
[2.049s] -- Found PythonInterp: /usr/bin/python3 (found suitable version "3.10.12", minimum required is "3.6") 
[2.051s] -- Found python_cmake_module: 0.10.0 (/opt/ros/humble/share/python_cmake_module/cmake)
[2.086s] -- Found PythonLibs: /usr/lib/x86_64-linux-gnu/libpython3.10.so (found suitable version "3.10.12", minimum required is "3.5") 
[2.086s] -- Using PYTHON_EXECUTABLE: /usr/bin/python3
[2.086s] -- Using PYTHON_INCLUDE_DIRS: /usr/include/python3.10
[2.086s] -- Using PYTHON_LIBRARIES: /usr/lib/x86_64-linux-gnu/libpython3.10.so
[2.105s] -- Found PythonExtra: .so  
[2.172s] -- Found ament_lint_auto: 0.12.12 (/opt/ros/humble/share/ament_lint_auto/cmake)
[2.195s] -- Added test 'lint_cmake' to check CMake code style
[2.196s] -- Added test 'xmllint' to check XML markup files
[2.200s] -- Configuring done
[2.285s] -- Generating done
[2.303s] -- Build files have been written to: /home/imml/git/research_2025/apple-harvest-eva/build/harvest_interfaces
[2.337s] Invoked command in '/home/imml/git/research_2025/apple-harvest-eva/build/harvest_interfaces' returned '0': CMAKE_PREFIX_PATH=${CMAKE_PREFIX_PATH}:/home/imml/git/research_2025/apple-harvest-eva/install/ur5e_custom_hardware:/home/imml/git/research_2025/apple-harvest-eva/install/harvest_vision:/opt/ros/humble /usr/bin/cmake /home/imml/git/research_2025/apple-harvest-eva/harvest_interfaces -DAMENT_CMAKE_SYMLINK_INSTALL=1 -DCMAKE_INSTALL_PREFIX=/home/imml/git/research_2025/apple-harvest-eva/install/harvest_interfaces
[2.339s] Invoking command in '/home/imml/git/research_2025/apple-harvest-eva/build/harvest_interfaces': CMAKE_PREFIX_PATH=${CMAKE_PREFIX_PATH}:/home/imml/git/research_2025/apple-harvest-eva/install/ur5e_custom_hardware:/home/imml/git/research_2025/apple-harvest-eva/install/harvest_vision:/opt/ros/humble /usr/bin/cmake --build /home/imml/git/research_2025/apple-harvest-eva/build/harvest_interfaces -- -j16 -l16
[2.406s] [  1%] [34m[1mGenerating C code for ROS interfaces[0m
[2.423s] [  1%] [34m[1mGenerating C++ code for ROS interfaces[0m
[2.433s] [  1%] Built target ament_cmake_python_symlink_harvest_interfaces
[2.777s] running egg_info
[2.777s] creating harvest_interfaces.egg-info
[2.777s] writing harvest_interfaces.egg-info/PKG-INFO
[2.777s] writing dependency_links to harvest_interfaces.egg-info/dependency_links.txt
[2.777s] writing top-level names to harvest_interfaces.egg-info/top_level.txt
[2.777s] writing manifest file 'harvest_interfaces.egg-info/SOURCES.txt'
[2.778s] reading manifest file 'harvest_interfaces.egg-info/SOURCES.txt'
[2.779s] writing manifest file 'harvest_interfaces.egg-info/SOURCES.txt'
[2.822s] [  1%] Built target ament_cmake_python_build_harvest_interfaces_egg
[5.436s] [  2%] [32mBuilding C object CMakeFiles/harvest_interfaces__rosidl_generator_c.dir/rosidl_generator_c/harvest_interfaces/action/detail/event_detection__functions.c.o[0m
[5.441s] [  3%] [32mBuilding C object CMakeFiles/harvest_interfaces__rosidl_generator_c.dir/rosidl_generator_c/harvest_interfaces/action/detail/send_trajectory__functions.c.o[0m
[5.457s] [  3%] [32mBuilding C object CMakeFiles/harvest_interfaces__rosidl_generator_c.dir/rosidl_generator_c/harvest_interfaces/srv/detail/send_trajectory__functions.c.o[0m
[5.495s] [  4%] [32mBuilding C object CMakeFiles/harvest_interfaces__rosidl_generator_c.dir/rosidl_generator_c/harvest_interfaces/srv/detail/apple_prediction__functions.c.o[0m
[5.498s] [  5%] [32mBuilding C object CMakeFiles/harvest_interfaces__rosidl_generator_c.dir/rosidl_generator_c/harvest_interfaces/srv/detail/coordinate_to_trajectory__functions.c.o[0m
[5.515s] [  6%] [32mBuilding C object CMakeFiles/harvest_interfaces__rosidl_generator_c.dir/rosidl_generator_c/harvest_interfaces/srv/detail/voxel_mask__functions.c.o[0m
[5.516s] [  7%] [32mBuilding C object CMakeFiles/harvest_interfaces__rosidl_generator_c.dir/rosidl_generator_c/harvest_interfaces/srv/detail/trajectory_between_points__functions.c.o[0m
[5.518s] [  8%] [32mBuilding C object CMakeFiles/harvest_interfaces__rosidl_generator_c.dir/rosidl_generator_c/harvest_interfaces/srv/detail/set_value__functions.c.o[0m
[5.529s] [  9%] [32mBuilding C object CMakeFiles/harvest_interfaces__rosidl_generator_c.dir/rosidl_generator_c/harvest_interfaces/srv/detail/move_to_pose__functions.c.o[0m
[5.536s] [ 10%] [32mBuilding C object CMakeFiles/harvest_interfaces__rosidl_generator_c.dir/rosidl_generator_c/harvest_interfaces/srv/detail/get_gripper_pose__functions.c.o[0m
[5.542s] [ 11%] [32mBuilding C object CMakeFiles/harvest_interfaces__rosidl_generator_c.dir/rosidl_generator_c/harvest_interfaces/srv/detail/voxel_grid__functions.c.o[0m
[5.544s] [ 11%] [32mBuilding C object CMakeFiles/harvest_interfaces__rosidl_generator_c.dir/rosidl_generator_c/harvest_interfaces/srv/detail/record_topics__functions.c.o[0m
[5.575s] [ 11%] Built target harvest_interfaces__cpp
[5.634s] [ 11%] [34m[1mGenerating C++ type support for eProsima Fast-RTPS[0m
[5.640s] [ 12%] [34m[1mGenerating C++ type support dispatch for ROS interfaces[0m
[5.682s] [ 13%] [34m[1mGenerating C++ introspection for ROS interfaces[0m
[6.007s] [ 14%] [32m[1mLinking C shared library libharvest_interfaces__rosidl_generator_c.so[0m
[6.176s] [ 14%] Built target harvest_interfaces__rosidl_generator_c
[6.221s] [ 15%] [34m[1mGenerating C type support for eProsima Fast-RTPS[0m
[6.233s] [ 16%] [34m[1mGenerating C introspection for ROS interfaces[0m
[6.293s] [ 17%] [34m[1mGenerating C type support dispatch for ROS interfaces[0m
[8.064s] [ 18%] [32mBuilding CXX object CMakeFiles/harvest_interfaces__rosidl_typesupport_introspection_cpp.dir/rosidl_typesupport_introspection_cpp/harvest_interfaces/action/detail/send_trajectory__type_support.cpp.o[0m
[8.069s] [ 19%] [32mBuilding CXX object CMakeFiles/harvest_interfaces__rosidl_typesupport_introspection_cpp.dir/rosidl_typesupport_introspection_cpp/harvest_interfaces/srv/detail/apple_prediction__type_support.cpp.o[0m
[8.076s] [ 20%] [32mBuilding CXX object CMakeFiles/harvest_interfaces__rosidl_typesupport_introspection_cpp.dir/rosidl_typesupport_introspection_cpp/harvest_interfaces/srv/detail/send_trajectory__type_support.cpp.o[0m
[8.089s] [ 20%] [32mBuilding CXX object CMakeFiles/harvest_interfaces__rosidl_typesupport_introspection_cpp.dir/rosidl_typesupport_introspection_cpp/harvest_interfaces/action/detail/event_detection__type_support.cpp.o[0m
[8.099s] [ 21%] [32mBuilding CXX object CMakeFiles/harvest_interfaces__rosidl_typesupport_introspection_cpp.dir/rosidl_typesupport_introspection_cpp/harvest_interfaces/srv/detail/coordinate_to_trajectory__type_support.cpp.o[0m
[8.113s] [ 22%] [32mBuilding CXX object CMakeFiles/harvest_interfaces__rosidl_typesupport_introspection_cpp.dir/rosidl_typesupport_introspection_cpp/harvest_interfaces/srv/detail/voxel_mask__type_support.cpp.o[0m
[8.123s] [ 22%] [32mBuilding CXX object CMakeFiles/harvest_interfaces__rosidl_typesupport_introspection_cpp.dir/rosidl_typesupport_introspection_cpp/harvest_interfaces/srv/detail/move_to_pose__type_support.cpp.o[0m
[8.131s] [ 23%] [32mBuilding CXX object CMakeFiles/harvest_interfaces__rosidl_typesupport_introspection_cpp.dir/rosidl_typesupport_introspection_cpp/harvest_interfaces/srv/detail/trajectory_between_points__type_support.cpp.o[0m
[8.143s] [ 24%] [32mBuilding CXX object CMakeFiles/harvest_interfaces__rosidl_typesupport_introspection_cpp.dir/rosidl_typesupport_introspection_cpp/harvest_interfaces/srv/detail/record_topics__type_support.cpp.o[0m
[8.146s] [ 25%] [32mBuilding CXX object CMakeFiles/harvest_interfaces__rosidl_typesupport_introspection_cpp.dir/rosidl_typesupport_introspection_cpp/harvest_interfaces/srv/detail/set_value__type_support.cpp.o[0m
[8.153s] [ 26%] [32mBuilding CXX object CMakeFiles/harvest_interfaces__rosidl_typesupport_introspection_cpp.dir/rosidl_typesupport_introspection_cpp/harvest_interfaces/srv/detail/get_gripper_pose__type_support.cpp.o[0m
[8.227s] [ 27%] [32mBuilding CXX object CMakeFiles/harvest_interfaces__rosidl_typesupport_cpp.dir/rosidl_typesupport_cpp/harvest_interfaces/action/event_detection__type_support.cpp.o[0m
[9.408s] [ 28%] [32mBuilding CXX object CMakeFiles/harvest_interfaces__rosidl_typesupport_introspection_cpp.dir/rosidl_typesupport_introspection_cpp/harvest_interfaces/srv/detail/voxel_grid__type_support.cpp.o[0m
[9.648s] [ 29%] [32mBuilding CXX object CMakeFiles/harvest_interfaces__rosidl_typesupport_cpp.dir/rosidl_typesupport_cpp/harvest_interfaces/action/send_trajectory__type_support.cpp.o[0m
[9.665s] [ 30%] [32mBuilding CXX object CMakeFiles/harvest_interfaces__rosidl_typesupport_cpp.dir/rosidl_typesupport_cpp/harvest_interfaces/srv/apple_prediction__type_support.cpp.o[0m
[9.830s] [ 31%] [32mBuilding CXX object CMakeFiles/harvest_interfaces__rosidl_typesupport_cpp.dir/rosidl_typesupport_cpp/harvest_interfaces/srv/send_trajectory__type_support.cpp.o[0m
[9.864s] [ 32%] [32mBuilding CXX object CMakeFiles/harvest_interfaces__rosidl_typesupport_c.dir/rosidl_typesupport_c/harvest_interfaces/action/event_detection__type_support.cpp.o[0m
[9.997s] [ 32%] [32mBuilding CXX object CMakeFiles/harvest_interfaces__rosidl_typesupport_cpp.dir/rosidl_typesupport_cpp/harvest_interfaces/srv/coordinate_to_trajectory__type_support.cpp.o[0m
[10.048s] [ 32%] [32mBuilding CXX object CMakeFiles/harvest_interfaces__rosidl_typesupport_c.dir/rosidl_typesupport_c/harvest_interfaces/action/send_trajectory__type_support.cpp.o[0m
[10.089s] [ 33%] [32mBuilding CXX object CMakeFiles/harvest_interfaces__rosidl_typesupport_cpp.dir/rosidl_typesupport_cpp/harvest_interfaces/srv/voxel_mask__type_support.cpp.o[0m
[10.112s] [ 34%] [32mBuilding CXX object CMakeFiles/harvest_interfaces__rosidl_typesupport_cpp.dir/rosidl_typesupport_cpp/harvest_interfaces/srv/move_to_pose__type_support.cpp.o[0m
[10.350s] [ 35%] [32mBuilding CXX object CMakeFiles/harvest_interfaces__rosidl_typesupport_c.dir/rosidl_typesupport_c/harvest_interfaces/srv/apple_prediction__type_support.cpp.o[0m
[10.393s] [ 36%] [32mBuilding CXX object CMakeFiles/harvest_interfaces__rosidl_typesupport_cpp.dir/rosidl_typesupport_cpp/harvest_interfaces/srv/trajectory_between_points__type_support.cpp.o[0m
[10.479s] [ 37%] [32mBuilding CXX object CMakeFiles/harvest_interfaces__rosidl_typesupport_c.dir/rosidl_typesupport_c/harvest_interfaces/srv/send_trajectory__type_support.cpp.o[0m
[10.629s] [ 38%] [32mBuilding CXX object CMakeFiles/harvest_interfaces__rosidl_typesupport_cpp.dir/rosidl_typesupport_cpp/harvest_interfaces/srv/set_value__type_support.cpp.o[0m
[10.665s] [ 39%] [32mBuilding CXX object CMakeFiles/harvest_interfaces__rosidl_typesupport_c.dir/rosidl_typesupport_c/harvest_interfaces/srv/coordinate_to_trajectory__type_support.cpp.o[0m
[10.714s] [ 40%] [32mBuilding CXX object CMakeFiles/harvest_interfaces__rosidl_typesupport_c.dir/rosidl_typesupport_c/harvest_interfaces/srv/voxel_mask__type_support.cpp.o[0m
[10.792s] [ 41%] [32mBuilding CXX object CMakeFiles/harvest_interfaces__rosidl_typesupport_cpp.dir/rosidl_typesupport_cpp/harvest_interfaces/srv/record_topics__type_support.cpp.o[0m
[10.865s] [ 42%] [32mBuilding CXX object CMakeFiles/harvest_interfaces__rosidl_typesupport_c.dir/rosidl_typesupport_c/harvest_interfaces/srv/move_to_pose__type_support.cpp.o[0m
[10.874s] [ 42%] [32mBuilding CXX object CMakeFiles/harvest_interfaces__rosidl_typesupport_c.dir/rosidl_typesupport_c/harvest_interfaces/srv/trajectory_between_points__type_support.cpp.o[0m
[10.884s] [ 43%] [32mBuilding CXX object CMakeFiles/harvest_interfaces__rosidl_typesupport_c.dir/rosidl_typesupport_c/harvest_interfaces/srv/set_value__type_support.cpp.o[0m
[10.953s] [ 43%] [32mBuilding CXX object CMakeFiles/harvest_interfaces__rosidl_typesupport_cpp.dir/rosidl_typesupport_cpp/harvest_interfaces/srv/get_gripper_pose__type_support.cpp.o[0m
[10.999s] [ 44%] [32mBuilding CXX object CMakeFiles/harvest_interfaces__rosidl_typesupport_fastrtps_cpp.dir/rosidl_typesupport_fastrtps_cpp/harvest_interfaces/action/detail/dds_fastrtps/send_trajectory__type_support.cpp.o[0m
[11.018s] [ 45%] [32mBuilding CXX object CMakeFiles/harvest_interfaces__rosidl_typesupport_c.dir/rosidl_typesupport_c/harvest_interfaces/srv/record_topics__type_support.cpp.o[0m
[11.020s] [ 46%] [32mBuilding CXX object CMakeFiles/harvest_interfaces__rosidl_typesupport_fastrtps_cpp.dir/rosidl_typesupport_fastrtps_cpp/harvest_interfaces/action/detail/dds_fastrtps/event_detection__type_support.cpp.o[0m
[11.023s] [ 47%] [32mBuilding CXX object CMakeFiles/harvest_interfaces__rosidl_typesupport_fastrtps_cpp.dir/rosidl_typesupport_fastrtps_cpp/harvest_interfaces/srv/detail/dds_fastrtps/send_trajectory__type_support.cpp.o[0m
[11.037s] [ 48%] [32mBuilding CXX object CMakeFiles/harvest_interfaces__rosidl_typesupport_fastrtps_cpp.dir/rosidl_typesupport_fastrtps_cpp/harvest_interfaces/srv/detail/dds_fastrtps/apple_prediction__type_support.cpp.o[0m
[11.044s] [ 49%] [32mBuilding CXX object CMakeFiles/harvest_interfaces__rosidl_typesupport_fastrtps_cpp.dir/rosidl_typesupport_fastrtps_cpp/harvest_interfaces/srv/detail/dds_fastrtps/coordinate_to_trajectory__type_support.cpp.o[0m
[11.187s] [ 50%] [32mBuilding CXX object CMakeFiles/harvest_interfaces__rosidl_typesupport_c.dir/rosidl_typesupport_c/harvest_interfaces/srv/get_gripper_pose__type_support.cpp.o[0m
[11.280s] [ 51%] [32mBuilding CXX object CMakeFiles/harvest_interfaces__rosidl_typesupport_c.dir/rosidl_typesupport_c/harvest_interfaces/srv/voxel_grid__type_support.cpp.o[0m
[11.309s] [ 52%] [32mBuilding CXX object CMakeFiles/harvest_interfaces__rosidl_typesupport_fastrtps_c.dir/rosidl_typesupport_fastrtps_c/harvest_interfaces/action/detail/event_detection__type_support_c.cpp.o[0m
[11.315s] [ 52%] [32mBuilding CXX object CMakeFiles/harvest_interfaces__rosidl_typesupport_fastrtps_cpp.dir/rosidl_typesupport_fastrtps_cpp/harvest_interfaces/srv/detail/dds_fastrtps/voxel_mask__type_support.cpp.o[0m
[11.349s] [ 53%] [32mBuilding CXX object CMakeFiles/harvest_interfaces__rosidl_typesupport_fastrtps_cpp.dir/rosidl_typesupport_fastrtps_cpp/harvest_interfaces/srv/detail/dds_fastrtps/move_to_pose__type_support.cpp.o[0m
[11.366s] [ 54%] [32mBuilding CXX object CMakeFiles/harvest_interfaces__rosidl_typesupport_fastrtps_c.dir/rosidl_typesupport_fastrtps_c/harvest_interfaces/action/detail/send_trajectory__type_support_c.cpp.o[0m
[11.391s] [ 55%] [32m[1mLinking CXX shared library libharvest_interfaces__rosidl_typesupport_c.so[0m
[11.426s] [ 56%] [32mBuilding C object CMakeFiles/harvest_interfaces__rosidl_typesupport_introspection_c.dir/rosidl_typesupport_introspection_c/harvest_interfaces/action/detail/event_detection__type_support.c.o[0m
[11.479s] [ 57%] [32mBuilding CXX object CMakeFiles/harvest_interfaces__rosidl_typesupport_fastrtps_cpp.dir/rosidl_typesupport_fastrtps_cpp/harvest_interfaces/srv/detail/dds_fastrtps/trajectory_between_points__type_support.cpp.o[0m
[11.493s] [ 58%] [32mBuilding CXX object CMakeFiles/harvest_interfaces__rosidl_typesupport_fastrtps_cpp.dir/rosidl_typesupport_fastrtps_cpp/harvest_interfaces/srv/detail/dds_fastrtps/set_value__type_support.cpp.o[0m
[11.515s] [ 58%] Built target harvest_interfaces__rosidl_typesupport_c
[11.525s] [ 59%] [32mBuilding C object CMakeFiles/harvest_interfaces__rosidl_typesupport_introspection_c.dir/rosidl_typesupport_introspection_c/harvest_interfaces/action/detail/send_trajectory__type_support.c.o[0m
[11.539s] [ 60%] [32m[1mLinking CXX shared library libharvest_interfaces__rosidl_typesupport_introspection_cpp.so[0m
[11.559s] [ 60%] [32mBuilding CXX object CMakeFiles/harvest_interfaces__rosidl_typesupport_fastrtps_c.dir/rosidl_typesupport_fastrtps_c/harvest_interfaces/srv/detail/apple_prediction__type_support_c.cpp.o[0m
[11.609s] [ 61%] [32mBuilding CXX object CMakeFiles/harvest_interfaces__rosidl_typesupport_fastrtps_cpp.dir/rosidl_typesupport_fastrtps_cpp/harvest_interfaces/srv/detail/dds_fastrtps/record_topics__type_support.cpp.o[0m
[11.734s] [ 62%] [32mBuilding C object CMakeFiles/harvest_interfaces__rosidl_typesupport_introspection_c.dir/rosidl_typesupport_introspection_c/harvest_interfaces/srv/detail/apple_prediction__type_support.c.o[0m
[11.841s] [ 62%] Built target harvest_interfaces__rosidl_typesupport_introspection_cpp
[11.861s] [ 62%] [32mBuilding C object CMakeFiles/harvest_interfaces__rosidl_typesupport_introspection_c.dir/rosidl_typesupport_introspection_c/harvest_interfaces/srv/detail/send_trajectory__type_support.c.o[0m
[11.881s] [ 63%] [32mBuilding CXX object CMakeFiles/harvest_interfaces__rosidl_typesupport_fastrtps_cpp.dir/rosidl_typesupport_fastrtps_cpp/harvest_interfaces/srv/detail/dds_fastrtps/get_gripper_pose__type_support.cpp.o[0m
[11.887s] [ 64%] [32mBuilding CXX object CMakeFiles/harvest_interfaces__rosidl_typesupport_cpp.dir/rosidl_typesupport_cpp/harvest_interfaces/srv/voxel_grid__type_support.cpp.o[0m
[11.991s] [ 65%] [32mBuilding C object CMakeFiles/harvest_interfaces__rosidl_typesupport_introspection_c.dir/rosidl_typesupport_introspection_c/harvest_interfaces/srv/detail/coordinate_to_trajectory__type_support.c.o[0m
[12.112s] [ 65%] [32mBuilding CXX object CMakeFiles/harvest_interfaces__rosidl_typesupport_fastrtps_cpp.dir/rosidl_typesupport_fastrtps_cpp/harvest_interfaces/srv/detail/dds_fastrtps/voxel_grid__type_support.cpp.o[0m
[12.147s] [ 66%] [32mBuilding C object CMakeFiles/harvest_interfaces__rosidl_typesupport_introspection_c.dir/rosidl_typesupport_introspection_c/harvest_interfaces/srv/detail/voxel_mask__type_support.c.o[0m
[12.174s] [ 67%] [32mBuilding CXX object CMakeFiles/harvest_interfaces__rosidl_typesupport_fastrtps_c.dir/rosidl_typesupport_fastrtps_c/harvest_interfaces/srv/detail/send_trajectory__type_support_c.cpp.o[0m
[12.205s] [ 68%] [32mBuilding CXX object CMakeFiles/harvest_interfaces__rosidl_typesupport_fastrtps_c.dir/rosidl_typesupport_fastrtps_c/harvest_interfaces/srv/detail/coordinate_to_trajectory__type_support_c.cpp.o[0m
[12.218s] [ 69%] [32mBuilding C object CMakeFiles/harvest_interfaces__rosidl_typesupport_introspection_c.dir/rosidl_typesupport_introspection_c/harvest_interfaces/srv/detail/move_to_pose__type_support.c.o[0m
[12.253s] [ 70%] [32mBuilding C object CMakeFiles/harvest_interfaces__rosidl_typesupport_introspection_c.dir/rosidl_typesupport_introspection_c/harvest_interfaces/srv/detail/trajectory_between_points__type_support.c.o[0m
[12.258s] [ 71%] [32mBuilding CXX object CMakeFiles/harvest_interfaces__rosidl_typesupport_fastrtps_c.dir/rosidl_typesupport_fastrtps_c/harvest_interfaces/srv/detail/voxel_mask__type_support_c.cpp.o[0m
[12.277s] [ 72%] [32mBuilding CXX object CMakeFiles/harvest_interfaces__rosidl_typesupport_fastrtps_c.dir/rosidl_typesupport_fastrtps_c/harvest_interfaces/srv/detail/move_to_pose__type_support_c.cpp.o[0m
[12.289s] [ 73%] [32mBuilding C object CMakeFiles/harvest_interfaces__rosidl_typesupport_introspection_c.dir/rosidl_typesupport_introspection_c/harvest_interfaces/srv/detail/set_value__type_support.c.o[0m
[12.315s] [ 74%] [32mBuilding C object CMakeFiles/harvest_interfaces__rosidl_typesupport_introspection_c.dir/rosidl_typesupport_introspection_c/harvest_interfaces/srv/detail/record_topics__type_support.c.o[0m
[12.326s] [ 74%] [32mBuilding C object CMakeFiles/harvest_interfaces__rosidl_typesupport_introspection_c.dir/rosidl_typesupport_introspection_c/harvest_interfaces/srv/detail/get_gripper_pose__type_support.c.o[0m
[12.340s] [ 75%] [32mBuilding CXX object CMakeFiles/harvest_interfaces__rosidl_typesupport_fastrtps_c.dir/rosidl_typesupport_fastrtps_c/harvest_interfaces/srv/detail/trajectory_between_points__type_support_c.cpp.o[0m
[12.434s] [ 76%] [32mBuilding C object CMakeFiles/harvest_interfaces__rosidl_typesupport_introspection_c.dir/rosidl_typesupport_introspection_c/harvest_interfaces/srv/detail/voxel_grid__type_support.c.o[0m
[12.434s] [ 76%] [32mBuilding CXX object CMakeFiles/harvest_interfaces__rosidl_typesupport_fastrtps_c.dir/rosidl_typesupport_fastrtps_c/harvest_interfaces/srv/detail/set_value__type_support_c.cpp.o[0m
[12.441s] [ 77%] [32mBuilding CXX object CMakeFiles/harvest_interfaces__rosidl_typesupport_fastrtps_c.dir/rosidl_typesupport_fastrtps_c/harvest_interfaces/srv/detail/record_topics__type_support_c.cpp.o[0m
[12.442s] [ 78%] [32mBuilding CXX object CMakeFiles/harvest_interfaces__rosidl_typesupport_fastrtps_c.dir/rosidl_typesupport_fastrtps_c/harvest_interfaces/srv/detail/get_gripper_pose__type_support_c.cpp.o[0m
[12.481s] [ 79%] [32mBuilding CXX object CMakeFiles/harvest_interfaces__rosidl_typesupport_fastrtps_c.dir/rosidl_typesupport_fastrtps_c/harvest_interfaces/srv/detail/voxel_grid__type_support_c.cpp.o[0m
[12.513s] [ 80%] [32m[1mLinking CXX shared library libharvest_interfaces__rosidl_typesupport_cpp.so[0m
[12.549s] [ 81%] [32m[1mLinking C shared library libharvest_interfaces__rosidl_typesupport_introspection_c.so[0m
[12.605s] [ 81%] Built target harvest_interfaces__rosidl_typesupport_cpp
[12.664s] [ 81%] Built target harvest_interfaces__rosidl_typesupport_introspection_c
[12.996s] [ 82%] [32m[1mLinking CXX shared library libharvest_interfaces__rosidl_typesupport_fastrtps_c.so[0m
[13.001s] [ 83%] [32m[1mLinking CXX shared library libharvest_interfaces__rosidl_typesupport_fastrtps_cpp.so[0m
[13.086s] [ 83%] Built target harvest_interfaces__rosidl_typesupport_fastrtps_c
[13.097s] [ 83%] Built target harvest_interfaces__rosidl_typesupport_fastrtps_cpp
[13.118s] [ 83%] Built target harvest_interfaces
[13.140s] [ 84%] [34m[1mGenerating Python code for ROS interfaces[0m
[15.449s] [ 84%] Built target harvest_interfaces__py
[15.475s] [ 88%] [32mBuilding C object CMakeFiles/harvest_interfaces__rosidl_generator_py.dir/rosidl_generator_py/harvest_interfaces/action/_event_detection_s.c.o[0m
[15.475s] [ 89%] [32mBuilding C object CMakeFiles/harvest_interfaces__rosidl_generator_py.dir/rosidl_generator_py/harvest_interfaces/action/_send_trajectory_s.c.o[0m
[15.476s] [ 89%] [32mBuilding C object CMakeFiles/harvest_interfaces__rosidl_generator_py.dir/rosidl_generator_py/harvest_interfaces/srv/_set_value_s.c.o[0m
[15.476s] [ 89%] [32mBuilding C object CMakeFiles/harvest_interfaces__rosidl_generator_py.dir/rosidl_generator_py/harvest_interfaces/srv/_voxel_mask_s.c.o[0m
[15.476s] [ 88%] [32mBuilding C object CMakeFiles/harvest_interfaces__rosidl_generator_py.dir/rosidl_generator_py/harvest_interfaces/srv/_move_to_pose_s.c.o[0m
[15.476s] [ 89%] [32mBuilding C object CMakeFiles/harvest_interfaces__rosidl_generator_py.dir/rosidl_generator_py/harvest_interfaces/srv/_record_topics_s.c.o[0m
[15.476s] [ 88%] [32mBuilding C object CMakeFiles/harvest_interfaces__rosidl_generator_py.dir/rosidl_generator_py/harvest_interfaces/srv/_apple_prediction_s.c.o[0m
[15.476s] [ 91%] [32mBuilding C object CMakeFiles/harvest_interfaces__rosidl_generator_py.dir/rosidl_generator_py/harvest_interfaces/srv/_get_gripper_pose_s.c.o[0m
[15.476s] [ 91%] [32mBuilding C object CMakeFiles/harvest_interfaces__rosidl_generator_py.dir/rosidl_generator_py/harvest_interfaces/srv/_voxel_grid_s.c.o[0m
[15.477s] [ 92%] [32mBuilding C object CMakeFiles/harvest_interfaces__rosidl_generator_py.dir/rosidl_generator_py/harvest_interfaces/srv/_send_trajectory_s.c.o[0m
[15.477s] [ 93%] [32mBuilding C object CMakeFiles/harvest_interfaces__rosidl_generator_py.dir/rosidl_generator_py/harvest_interfaces/srv/_trajectory_between_points_s.c.o[0m
[15.477s] [ 94%] [32mBuilding C object CMakeFiles/harvest_interfaces__rosidl_generator_py.dir/rosidl_generator_py/harvest_interfaces/srv/_coordinate_to_trajectory_s.c.o[0m
[15.665s] [ 95%] [32m[1mLinking C shared library rosidl_generator_py/harvest_interfaces/libharvest_interfaces__rosidl_generator_py.so[0m
[15.709s] [ 95%] Built target harvest_interfaces__rosidl_generator_py
[15.729s] [ 97%] [32mBuilding C object CMakeFiles/harvest_interfaces__rosidl_typesupport_introspection_c__pyext.dir/rosidl_generator_py/harvest_interfaces/_harvest_interfaces_s.ep.rosidl_typesupport_introspection_c.c.o[0m
[15.729s] [ 97%] [32mBuilding C object CMakeFiles/harvest_interfaces__rosidl_typesupport_fastrtps_c__pyext.dir/rosidl_generator_py/harvest_interfaces/_harvest_interfaces_s.ep.rosidl_typesupport_fastrtps_c.c.o[0m
[15.729s] [ 97%] [32mBuilding C object CMakeFiles/harvest_interfaces__rosidl_typesupport_c__pyext.dir/rosidl_generator_py/harvest_interfaces/_harvest_interfaces_s.ep.rosidl_typesupport_c.c.o[0m
[15.908s] [ 99%] [32m[1mLinking C shared library rosidl_generator_py/harvest_interfaces/harvest_interfaces_s__rosidl_typesupport_fastrtps_c.cpython-310-x86_64-linux-gnu.so[0m
[15.908s] [ 99%] [32m[1mLinking C shared library rosidl_generator_py/harvest_interfaces/harvest_interfaces_s__rosidl_typesupport_c.cpython-310-x86_64-linux-gnu.so[0m
[15.909s] [100%] [32m[1mLinking C shared library rosidl_generator_py/harvest_interfaces/harvest_interfaces_s__rosidl_typesupport_introspection_c.cpython-310-x86_64-linux-gnu.so[0m
[15.955s] [100%] Built target harvest_interfaces__rosidl_typesupport_c__pyext
[15.955s] [100%] Built target harvest_interfaces__rosidl_typesupport_introspection_c__pyext
[15.955s] [100%] Built target harvest_interfaces__rosidl_typesupport_fastrtps_c__pyext
[15.969s] Invoked command in '/home/imml/git/research_2025/apple-harvest-eva/build/harvest_interfaces' returned '0': CMAKE_PREFIX_PATH=${CMAKE_PREFIX_PATH}:/home/imml/git/research_2025/apple-harvest-eva/install/ur5e_custom_hardware:/home/imml/git/research_2025/apple-harvest-eva/install/harvest_vision:/opt/ros/humble /usr/bin/cmake --build /home/imml/git/research_2025/apple-harvest-eva/build/harvest_interfaces -- -j16 -l16
[15.970s] Invoking command in '/home/imml/git/research_2025/apple-harvest-eva/build/harvest_interfaces': CMAKE_PREFIX_PATH=${CMAKE_PREFIX_PATH}:/home/imml/git/research_2025/apple-harvest-eva/install/ur5e_custom_hardware:/home/imml/git/research_2025/apple-harvest-eva/install/harvest_vision:/opt/ros/humble /usr/bin/cmake --install /home/imml/git/research_2025/apple-harvest-eva/build/harvest_interfaces
[15.977s] -- Install configuration: ""
[15.978s] -- Execute custom install script
[15.978s] -- Symlinking: /home/imml/git/research_2025/apple-harvest-eva/install/harvest_interfaces/share/ament_index/resource_index/rosidl_interfaces/harvest_interfaces
[15.988s] -- Symlinking: /home/imml/git/research_2025/apple-harvest-eva/install/harvest_interfaces/include/harvest_interfaces/harvest_interfaces/action/detail/event_detection__functions.h
[15.996s] -- Symlinking: /home/imml/git/research_2025/apple-harvest-eva/install/harvest_interfaces/include/harvest_interfaces/harvest_interfaces/action/detail/event_detection__struct.h
[16.004s] -- Symlinking: /home/imml/git/research_2025/apple-harvest-eva/install/harvest_interfaces/include/harvest_interfaces/harvest_interfaces/action/detail/event_detection__type_support.h
[16.012s] -- Symlinking: /home/imml/git/research_2025/apple-harvest-eva/install/harvest_interfaces/include/harvest_interfaces/harvest_interfaces/action/detail/send_trajectory__functions.h
[16.021s] -- Symlinking: /home/imml/git/research_2025/apple-harvest-eva/install/harvest_interfaces/include/harvest_interfaces/harvest_interfaces/action/detail/send_trajectory__struct.h
[16.030s] -- Symlinking: /home/imml/git/research_2025/apple-harvest-eva/install/harvest_interfaces/include/harvest_interfaces/harvest_interfaces/action/detail/send_trajectory__type_support.h
[16.039s] -- Symlinking: /home/imml/git/research_2025/apple-harvest-eva/install/harvest_interfaces/include/harvest_interfaces/harvest_interfaces/action/event_detection.h
[16.047s] -- Symlinking: /home/imml/git/research_2025/apple-harvest-eva/install/harvest_interfaces/include/harvest_interfaces/harvest_interfaces/action/send_trajectory.h
[16.056s] -- Symlinking: /home/imml/git/research_2025/apple-harvest-eva/install/harvest_interfaces/include/harvest_interfaces/harvest_interfaces/msg/rosidl_generator_c__visibility_control.h
[16.064s] -- Symlinking: /home/imml/git/research_2025/apple-harvest-eva/install/harvest_interfaces/include/harvest_interfaces/harvest_interfaces/srv/apple_prediction.h
[16.072s] -- Symlinking: /home/imml/git/research_2025/apple-harvest-eva/install/harvest_interfaces/include/harvest_interfaces/harvest_interfaces/srv/coordinate_to_trajectory.h
[16.081s] -- Symlinking: /home/imml/git/research_2025/apple-harvest-eva/install/harvest_interfaces/include/harvest_interfaces/harvest_interfaces/srv/detail/apple_prediction__functions.h
[16.089s] -- Symlinking: /home/imml/git/research_2025/apple-harvest-eva/install/harvest_interfaces/include/harvest_interfaces/harvest_interfaces/srv/detail/apple_prediction__struct.h
[16.098s] -- Symlinking: /home/imml/git/research_2025/apple-harvest-eva/install/harvest_interfaces/include/harvest_interfaces/harvest_interfaces/srv/detail/apple_prediction__type_support.h
[16.106s] -- Symlinking: /home/imml/git/research_2025/apple-harvest-eva/install/harvest_interfaces/include/harvest_interfaces/harvest_interfaces/srv/detail/coordinate_to_trajectory__functions.h
[16.115s] -- Symlinking: /home/imml/git/research_2025/apple-harvest-eva/install/harvest_interfaces/include/harvest_interfaces/harvest_interfaces/srv/detail/coordinate_to_trajectory__struct.h
[16.123s] -- Symlinking: /home/imml/git/research_2025/apple-harvest-eva/install/harvest_interfaces/include/harvest_interfaces/harvest_interfaces/srv/detail/coordinate_to_trajectory__type_support.h
[16.132s] -- Symlinking: /home/imml/git/research_2025/apple-harvest-eva/install/harvest_interfaces/include/harvest_interfaces/harvest_interfaces/srv/detail/get_gripper_pose__functions.h
[16.141s] -- Symlinking: /home/imml/git/research_2025/apple-harvest-eva/install/harvest_interfaces/include/harvest_interfaces/harvest_interfaces/srv/detail/get_gripper_pose__struct.h
[16.150s] -- Symlinking: /home/imml/git/research_2025/apple-harvest-eva/install/harvest_interfaces/include/harvest_interfaces/harvest_interfaces/srv/detail/get_gripper_pose__type_support.h
[16.158s] -- Symlinking: /home/imml/git/research_2025/apple-harvest-eva/install/harvest_interfaces/include/harvest_interfaces/harvest_interfaces/srv/detail/move_to_pose__functions.h
[16.167s] -- Symlinking: /home/imml/git/research_2025/apple-harvest-eva/install/harvest_interfaces/include/harvest_interfaces/harvest_interfaces/srv/detail/move_to_pose__struct.h
[16.175s] -- Symlinking: /home/imml/git/research_2025/apple-harvest-eva/install/harvest_interfaces/include/harvest_interfaces/harvest_interfaces/srv/detail/move_to_pose__type_support.h
[16.184s] -- Symlinking: /home/imml/git/research_2025/apple-harvest-eva/install/harvest_interfaces/include/harvest_interfaces/harvest_interfaces/srv/detail/record_topics__functions.h
[16.192s] -- Symlinking: /home/imml/git/research_2025/apple-harvest-eva/install/harvest_interfaces/include/harvest_interfaces/harvest_interfaces/srv/detail/record_topics__struct.h
[16.200s] -- Symlinking: /home/imml/git/research_2025/apple-harvest-eva/install/harvest_interfaces/include/harvest_interfaces/harvest_interfaces/srv/detail/record_topics__type_support.h
[16.209s] -- Symlinking: /home/imml/git/research_2025/apple-harvest-eva/install/harvest_interfaces/include/harvest_interfaces/harvest_interfaces/srv/detail/send_trajectory__functions.h
[16.218s] -- Symlinking: /home/imml/git/research_2025/apple-harvest-eva/install/harvest_interfaces/include/harvest_interfaces/harvest_interfaces/srv/detail/send_trajectory__struct.h
[16.226s] -- Symlinking: /home/imml/git/research_2025/apple-harvest-eva/install/harvest_interfaces/include/harvest_interfaces/harvest_interfaces/srv/detail/send_trajectory__type_support.h
[16.234s] -- Symlinking: /home/imml/git/research_2025/apple-harvest-eva/install/harvest_interfaces/include/harvest_interfaces/harvest_interfaces/srv/detail/set_value__functions.h
[16.243s] -- Symlinking: /home/imml/git/research_2025/apple-harvest-eva/install/harvest_interfaces/include/harvest_interfaces/harvest_interfaces/srv/detail/set_value__struct.h
[16.251s] -- Symlinking: /home/imml/git/research_2025/apple-harvest-eva/install/harvest_interfaces/include/harvest_interfaces/harvest_interfaces/srv/detail/set_value__type_support.h
[16.259s] -- Symlinking: /home/imml/git/research_2025/apple-harvest-eva/install/harvest_interfaces/include/harvest_interfaces/harvest_interfaces/srv/detail/trajectory_between_points__functions.h
[16.267s] -- Symlinking: /home/imml/git/research_2025/apple-harvest-eva/install/harvest_interfaces/include/harvest_interfaces/harvest_interfaces/srv/detail/trajectory_between_points__struct.h
[16.276s] -- Symlinking: /home/imml/git/research_2025/apple-harvest-eva/install/harvest_interfaces/include/harvest_interfaces/harvest_interfaces/srv/detail/trajectory_between_points__type_support.h
[16.284s] -- Symlinking: /home/imml/git/research_2025/apple-harvest-eva/install/harvest_interfaces/include/harvest_interfaces/harvest_interfaces/srv/detail/voxel_grid__functions.h
[16.293s] -- Symlinking: /home/imml/git/research_2025/apple-harvest-eva/install/harvest_interfaces/include/harvest_interfaces/harvest_interfaces/srv/detail/voxel_grid__struct.h
[16.302s] -- Symlinking: /home/imml/git/research_2025/apple-harvest-eva/install/harvest_interfaces/include/harvest_interfaces/harvest_interfaces/srv/detail/voxel_grid__type_support.h
[16.311s] -- Symlinking: /home/imml/git/research_2025/apple-harvest-eva/install/harvest_interfaces/include/harvest_interfaces/harvest_interfaces/srv/detail/voxel_mask__functions.h
[16.320s] -- Symlinking: /home/imml/git/research_2025/apple-harvest-eva/install/harvest_interfaces/include/harvest_interfaces/harvest_interfaces/srv/detail/voxel_mask__struct.h
[16.329s] -- Symlinking: /home/imml/git/research_2025/apple-harvest-eva/install/harvest_interfaces/include/harvest_interfaces/harvest_interfaces/srv/detail/voxel_mask__type_support.h
[16.338s] -- Symlinking: /home/imml/git/research_2025/apple-harvest-eva/install/harvest_interfaces/include/harvest_interfaces/harvest_interfaces/srv/get_gripper_pose.h
[16.346s] -- Symlinking: /home/imml/git/research_2025/apple-harvest-eva/install/harvest_interfaces/include/harvest_interfaces/harvest_interfaces/srv/move_to_pose.h
[16.354s] -- Symlinking: /home/imml/git/research_2025/apple-harvest-eva/install/harvest_interfaces/include/harvest_interfaces/harvest_interfaces/srv/record_topics.h
[16.365s] -- Symlinking: /home/imml/git/research_2025/apple-harvest-eva/install/harvest_interfaces/include/harvest_interfaces/harvest_interfaces/srv/send_trajectory.h
[16.374s] -- Symlinking: /home/imml/git/research_2025/apple-harvest-eva/install/harvest_interfaces/include/harvest_interfaces/harvest_interfaces/srv/set_value.h
[16.381s] -- Symlinking: /home/imml/git/research_2025/apple-harvest-eva/install/harvest_interfaces/include/harvest_interfaces/harvest_interfaces/srv/trajectory_between_points.h
[16.389s] -- Symlinking: /home/imml/git/research_2025/apple-harvest-eva/install/harvest_interfaces/include/harvest_interfaces/harvest_interfaces/srv/voxel_grid.h
[16.396s] -- Symlinking: /home/imml/git/research_2025/apple-harvest-eva/install/harvest_interfaces/include/harvest_interfaces/harvest_interfaces/srv/voxel_mask.h
[16.405s] -- Symlinking: /home/imml/git/research_2025/apple-harvest-eva/install/harvest_interfaces/share/harvest_interfaces/environment/library_path.sh
[16.413s] -- Symlinking: /home/imml/git/research_2025/apple-harvest-eva/install/harvest_interfaces/share/harvest_interfaces/environment/library_path.dsv
[16.422s] -- Symlinking: /home/imml/git/research_2025/apple-harvest-eva/install/harvest_interfaces/include/harvest_interfaces/harvest_interfaces/action/detail/event_detection__rosidl_typesupport_fastrtps_c.h
[16.429s] -- Symlinking: /home/imml/git/research_2025/apple-harvest-eva/install/harvest_interfaces/include/harvest_interfaces/harvest_interfaces/action/detail/send_trajectory__rosidl_typesupport_fastrtps_c.h
[16.438s] -- Symlinking: /home/imml/git/research_2025/apple-harvest-eva/install/harvest_interfaces/include/harvest_interfaces/harvest_interfaces/msg/rosidl_typesupport_fastrtps_c__visibility_control.h
[16.446s] -- Symlinking: /home/imml/git/research_2025/apple-harvest-eva/install/harvest_interfaces/include/harvest_interfaces/harvest_interfaces/srv/detail/apple_prediction__rosidl_typesupport_fastrtps_c.h
[16.455s] -- Symlinking: /home/imml/git/research_2025/apple-harvest-eva/install/harvest_interfaces/include/harvest_interfaces/harvest_interfaces/srv/detail/coordinate_to_trajectory__rosidl_typesupport_fastrtps_c.h
[16.462s] -- Symlinking: /home/imml/git/research_2025/apple-harvest-eva/install/harvest_interfaces/include/harvest_interfaces/harvest_interfaces/srv/detail/get_gripper_pose__rosidl_typesupport_fastrtps_c.h
[16.470s] -- Symlinking: /home/imml/git/research_2025/apple-harvest-eva/install/harvest_interfaces/include/harvest_interfaces/harvest_interfaces/srv/detail/move_to_pose__rosidl_typesupport_fastrtps_c.h
[16.478s] -- Symlinking: /home/imml/git/research_2025/apple-harvest-eva/install/harvest_interfaces/include/harvest_interfaces/harvest_interfaces/srv/detail/record_topics__rosidl_typesupport_fastrtps_c.h
[16.486s] -- Symlinking: /home/imml/git/research_2025/apple-harvest-eva/install/harvest_interfaces/include/harvest_interfaces/harvest_interfaces/srv/detail/send_trajectory__rosidl_typesupport_fastrtps_c.h
[16.494s] -- Symlinking: /home/imml/git/research_2025/apple-harvest-eva/install/harvest_interfaces/include/harvest_interfaces/harvest_interfaces/srv/detail/set_value__rosidl_typesupport_fastrtps_c.h
[16.503s] -- Symlinking: /home/imml/git/research_2025/apple-harvest-eva/install/harvest_interfaces/include/harvest_interfaces/harvest_interfaces/srv/detail/trajectory_between_points__rosidl_typesupport_fastrtps_c.h
[16.510s] -- Symlinking: /home/imml/git/research_2025/apple-harvest-eva/install/harvest_interfaces/include/harvest_interfaces/harvest_interfaces/srv/detail/voxel_grid__rosidl_typesupport_fastrtps_c.h
[16.519s] -- Symlinking: /home/imml/git/research_2025/apple-harvest-eva/install/harvest_interfaces/include/harvest_interfaces/harvest_interfaces/srv/detail/voxel_mask__rosidl_typesupport_fastrtps_c.h
[16.527s] -- Symlinking: /home/imml/git/research_2025/apple-harvest-eva/install/harvest_interfaces/include/harvest_interfaces/harvest_interfaces/action/detail/event_detection__rosidl_typesupport_introspection_c.h
[16.535s] -- Symlinking: /home/imml/git/research_2025/apple-harvest-eva/install/harvest_interfaces/include/harvest_interfaces/harvest_interfaces/action/detail/send_trajectory__rosidl_typesupport_introspection_c.h
[16.543s] -- Symlinking: /home/imml/git/research_2025/apple-harvest-eva/install/harvest_interfaces/include/harvest_interfaces/harvest_interfaces/msg/rosidl_typesupport_introspection_c__visibility_control.h
[16.551s] -- Symlinking: /home/imml/git/research_2025/apple-harvest-eva/install/harvest_interfaces/include/harvest_interfaces/harvest_interfaces/srv/detail/apple_prediction__rosidl_typesupport_introspection_c.h
[16.558s] -- Symlinking: /home/imml/git/research_2025/apple-harvest-eva/install/harvest_interfaces/include/harvest_interfaces/harvest_interfaces/srv/detail/coordinate_to_trajectory__rosidl_typesupport_introspection_c.h
[16.566s] -- Symlinking: /home/imml/git/research_2025/apple-harvest-eva/install/harvest_interfaces/include/harvest_interfaces/harvest_interfaces/srv/detail/get_gripper_pose__rosidl_typesupport_introspection_c.h
[16.574s] -- Symlinking: /home/imml/git/research_2025/apple-harvest-eva/install/harvest_interfaces/include/harvest_interfaces/harvest_interfaces/srv/detail/move_to_pose__rosidl_typesupport_introspection_c.h
[16.581s] -- Symlinking: /home/imml/git/research_2025/apple-harvest-eva/install/harvest_interfaces/include/harvest_interfaces/harvest_interfaces/srv/detail/record_topics__rosidl_typesupport_introspection_c.h
[16.589s] -- Symlinking: /home/imml/git/research_2025/apple-harvest-eva/install/harvest_interfaces/include/harvest_interfaces/harvest_interfaces/srv/detail/send_trajectory__rosidl_typesupport_introspection_c.h
[16.597s] -- Symlinking: /home/imml/git/research_2025/apple-harvest-eva/install/harvest_interfaces/include/harvest_interfaces/harvest_interfaces/srv/detail/set_value__rosidl_typesupport_introspection_c.h
[16.605s] -- Symlinking: /home/imml/git/research_2025/apple-harvest-eva/install/harvest_interfaces/include/harvest_interfaces/harvest_interfaces/srv/detail/trajectory_between_points__rosidl_typesupport_introspection_c.h
[16.612s] -- Symlinking: /home/imml/git/research_2025/apple-harvest-eva/install/harvest_interfaces/include/harvest_interfaces/harvest_interfaces/srv/detail/voxel_grid__rosidl_typesupport_introspection_c.h
[16.620s] -- Symlinking: /home/imml/git/research_2025/apple-harvest-eva/install/harvest_interfaces/include/harvest_interfaces/harvest_interfaces/srv/detail/voxel_mask__rosidl_typesupport_introspection_c.h
[16.629s] -- Symlinking: /home/imml/git/research_2025/apple-harvest-eva/install/harvest_interfaces/include/harvest_interfaces/harvest_interfaces/action/detail/event_detection__builder.hpp
[16.636s] -- Symlinking: /home/imml/git/research_2025/apple-harvest-eva/install/harvest_interfaces/include/harvest_interfaces/harvest_interfaces/action/detail/event_detection__struct.hpp
[16.644s] -- Symlinking: /home/imml/git/research_2025/apple-harvest-eva/install/harvest_interfaces/include/harvest_interfaces/harvest_interfaces/action/detail/event_detection__traits.hpp
[16.652s] -- Symlinking: /home/imml/git/research_2025/apple-harvest-eva/install/harvest_interfaces/include/harvest_interfaces/harvest_interfaces/action/detail/event_detection__type_support.hpp
[16.660s] -- Symlinking: /home/imml/git/research_2025/apple-harvest-eva/install/harvest_interfaces/include/harvest_interfaces/harvest_interfaces/action/detail/send_trajectory__builder.hpp
[16.668s] -- Symlinking: /home/imml/git/research_2025/apple-harvest-eva/install/harvest_interfaces/include/harvest_interfaces/harvest_interfaces/action/detail/send_trajectory__struct.hpp
[16.676s] -- Symlinking: /home/imml/git/research_2025/apple-harvest-eva/install/harvest_interfaces/include/harvest_interfaces/harvest_interfaces/action/detail/send_trajectory__traits.hpp
[16.684s] -- Symlinking: /home/imml/git/research_2025/apple-harvest-eva/install/harvest_interfaces/include/harvest_interfaces/harvest_interfaces/action/detail/send_trajectory__type_support.hpp
[16.693s] -- Symlinking: /home/imml/git/research_2025/apple-harvest-eva/install/harvest_interfaces/include/harvest_interfaces/harvest_interfaces/action/event_detection.hpp
[16.701s] -- Symlinking: /home/imml/git/research_2025/apple-harvest-eva/install/harvest_interfaces/include/harvest_interfaces/harvest_interfaces/action/send_trajectory.hpp
[16.710s] -- Symlinking: /home/imml/git/research_2025/apple-harvest-eva/install/harvest_interfaces/include/harvest_interfaces/harvest_interfaces/msg/rosidl_generator_cpp__visibility_control.hpp
[16.718s] -- Symlinking: /home/imml/git/research_2025/apple-harvest-eva/install/harvest_interfaces/include/harvest_interfaces/harvest_interfaces/srv/apple_prediction.hpp
[16.726s] -- Symlinking: /home/imml/git/research_2025/apple-harvest-eva/install/harvest_interfaces/include/harvest_interfaces/harvest_interfaces/srv/coordinate_to_trajectory.hpp
[16.735s] -- Symlinking: /home/imml/git/research_2025/apple-harvest-eva/install/harvest_interfaces/include/harvest_interfaces/harvest_interfaces/srv/detail/apple_prediction__builder.hpp
[16.743s] -- Symlinking: /home/imml/git/research_2025/apple-harvest-eva/install/harvest_interfaces/include/harvest_interfaces/harvest_interfaces/srv/detail/apple_prediction__struct.hpp
[16.752s] -- Symlinking: /home/imml/git/research_2025/apple-harvest-eva/install/harvest_interfaces/include/harvest_interfaces/harvest_interfaces/srv/detail/apple_prediction__traits.hpp
[16.760s] -- Symlinking: /home/imml/git/research_2025/apple-harvest-eva/install/harvest_interfaces/include/harvest_interfaces/harvest_interfaces/srv/detail/apple_prediction__type_support.hpp
[16.769s] -- Symlinking: /home/imml/git/research_2025/apple-harvest-eva/install/harvest_interfaces/include/harvest_interfaces/harvest_interfaces/srv/detail/coordinate_to_trajectory__builder.hpp
[16.777s] -- Symlinking: /home/imml/git/research_2025/apple-harvest-eva/install/harvest_interfaces/include/harvest_interfaces/harvest_interfaces/srv/detail/coordinate_to_trajectory__struct.hpp
[16.786s] -- Symlinking: /home/imml/git/research_2025/apple-harvest-eva/install/harvest_interfaces/include/harvest_interfaces/harvest_interfaces/srv/detail/coordinate_to_trajectory__traits.hpp
[16.795s] -- Symlinking: /home/imml/git/research_2025/apple-harvest-eva/install/harvest_interfaces/include/harvest_interfaces/harvest_interfaces/srv/detail/coordinate_to_trajectory__type_support.hpp
[16.804s] -- Symlinking: /home/imml/git/research_2025/apple-harvest-eva/install/harvest_interfaces/include/harvest_interfaces/harvest_interfaces/srv/detail/get_gripper_pose__builder.hpp
[16.813s] -- Symlinking: /home/imml/git/research_2025/apple-harvest-eva/install/harvest_interfaces/include/harvest_interfaces/harvest_interfaces/srv/detail/get_gripper_pose__struct.hpp
[16.821s] -- Symlinking: /home/imml/git/research_2025/apple-harvest-eva/install/harvest_interfaces/include/harvest_interfaces/harvest_interfaces/srv/detail/get_gripper_pose__traits.hpp
[16.830s] -- Symlinking: /home/imml/git/research_2025/apple-harvest-eva/install/harvest_interfaces/include/harvest_interfaces/harvest_interfaces/srv/detail/get_gripper_pose__type_support.hpp
[16.839s] -- Symlinking: /home/imml/git/research_2025/apple-harvest-eva/install/harvest_interfaces/include/harvest_interfaces/harvest_interfaces/srv/detail/move_to_pose__builder.hpp
[16.847s] -- Symlinking: /home/imml/git/research_2025/apple-harvest-eva/install/harvest_interfaces/include/harvest_interfaces/harvest_interfaces/srv/detail/move_to_pose__struct.hpp
[16.856s] -- Symlinking: /home/imml/git/research_2025/apple-harvest-eva/install/harvest_interfaces/include/harvest_interfaces/harvest_interfaces/srv/detail/move_to_pose__traits.hpp
[16.865s] -- Symlinking: /home/imml/git/research_2025/apple-harvest-eva/install/harvest_interfaces/include/harvest_interfaces/harvest_interfaces/srv/detail/move_to_pose__type_support.hpp
[16.873s] -- Symlinking: /home/imml/git/research_2025/apple-harvest-eva/install/harvest_interfaces/include/harvest_interfaces/harvest_interfaces/srv/detail/record_topics__builder.hpp
[16.883s] -- Symlinking: /home/imml/git/research_2025/apple-harvest-eva/install/harvest_interfaces/include/harvest_interfaces/harvest_interfaces/srv/detail/record_topics__struct.hpp
[16.896s] -- Symlinking: /home/imml/git/research_2025/apple-harvest-eva/install/harvest_interfaces/include/harvest_interfaces/harvest_interfaces/srv/detail/record_topics__traits.hpp
[16.906s] -- Symlinking: /home/imml/git/research_2025/apple-harvest-eva/install/harvest_interfaces/include/harvest_interfaces/harvest_interfaces/srv/detail/record_topics__type_support.hpp
[16.916s] -- Symlinking: /home/imml/git/research_2025/apple-harvest-eva/install/harvest_interfaces/include/harvest_interfaces/harvest_interfaces/srv/detail/send_trajectory__builder.hpp
[16.926s] -- Symlinking: /home/imml/git/research_2025/apple-harvest-eva/install/harvest_interfaces/include/harvest_interfaces/harvest_interfaces/srv/detail/send_trajectory__struct.hpp
[16.934s] -- Symlinking: /home/imml/git/research_2025/apple-harvest-eva/install/harvest_interfaces/include/harvest_interfaces/harvest_interfaces/srv/detail/send_trajectory__traits.hpp
[16.943s] -- Symlinking: /home/imml/git/research_2025/apple-harvest-eva/install/harvest_interfaces/include/harvest_interfaces/harvest_interfaces/srv/detail/send_trajectory__type_support.hpp
[16.952s] -- Symlinking: /home/imml/git/research_2025/apple-harvest-eva/install/harvest_interfaces/include/harvest_interfaces/harvest_interfaces/srv/detail/set_value__builder.hpp
[16.961s] -- Symlinking: /home/imml/git/research_2025/apple-harvest-eva/install/harvest_interfaces/include/harvest_interfaces/harvest_interfaces/srv/detail/set_value__struct.hpp
[16.970s] -- Symlinking: /home/imml/git/research_2025/apple-harvest-eva/install/harvest_interfaces/include/harvest_interfaces/harvest_interfaces/srv/detail/set_value__traits.hpp
[16.979s] -- Symlinking: /home/imml/git/research_2025/apple-harvest-eva/install/harvest_interfaces/include/harvest_interfaces/harvest_interfaces/srv/detail/set_value__type_support.hpp
[16.988s] -- Symlinking: /home/imml/git/research_2025/apple-harvest-eva/install/harvest_interfaces/include/harvest_interfaces/harvest_interfaces/srv/detail/trajectory_between_points__builder.hpp
[16.997s] -- Symlinking: /home/imml/git/research_2025/apple-harvest-eva/install/harvest_interfaces/include/harvest_interfaces/harvest_interfaces/srv/detail/trajectory_between_points__struct.hpp
[17.006s] -- Symlinking: /home/imml/git/research_2025/apple-harvest-eva/install/harvest_interfaces/include/harvest_interfaces/harvest_interfaces/srv/detail/trajectory_between_points__traits.hpp
[17.015s] -- Symlinking: /home/imml/git/research_2025/apple-harvest-eva/install/harvest_interfaces/include/harvest_interfaces/harvest_interfaces/srv/detail/trajectory_between_points__type_support.hpp
[17.023s] -- Symlinking: /home/imml/git/research_2025/apple-harvest-eva/install/harvest_interfaces/include/harvest_interfaces/harvest_interfaces/srv/detail/voxel_grid__builder.hpp
[17.032s] -- Symlinking: /home/imml/git/research_2025/apple-harvest-eva/install/harvest_interfaces/include/harvest_interfaces/harvest_interfaces/srv/detail/voxel_grid__struct.hpp
[17.041s] -- Symlinking: /home/imml/git/research_2025/apple-harvest-eva/install/harvest_interfaces/include/harvest_interfaces/harvest_interfaces/srv/detail/voxel_grid__traits.hpp
[17.050s] -- Symlinking: /home/imml/git/research_2025/apple-harvest-eva/install/harvest_interfaces/include/harvest_interfaces/harvest_interfaces/srv/detail/voxel_grid__type_support.hpp
[17.058s] -- Symlinking: /home/imml/git/research_2025/apple-harvest-eva/install/harvest_interfaces/include/harvest_interfaces/harvest_interfaces/srv/detail/voxel_mask__builder.hpp
[17.067s] -- Symlinking: /home/imml/git/research_2025/apple-harvest-eva/install/harvest_interfaces/include/harvest_interfaces/harvest_interfaces/srv/detail/voxel_mask__struct.hpp
[17.075s] -- Symlinking: /home/imml/git/research_2025/apple-harvest-eva/install/harvest_interfaces/include/harvest_interfaces/harvest_interfaces/srv/detail/voxel_mask__traits.hpp
[17.084s] -- Symlinking: /home/imml/git/research_2025/apple-harvest-eva/install/harvest_interfaces/include/harvest_interfaces/harvest_interfaces/srv/detail/voxel_mask__type_support.hpp
[17.093s] -- Symlinking: /home/imml/git/research_2025/apple-harvest-eva/install/harvest_interfaces/include/harvest_interfaces/harvest_interfaces/srv/get_gripper_pose.hpp
[17.101s] -- Symlinking: /home/imml/git/research_2025/apple-harvest-eva/install/harvest_interfaces/include/harvest_interfaces/harvest_interfaces/srv/move_to_pose.hpp
[17.110s] -- Symlinking: /home/imml/git/research_2025/apple-harvest-eva/install/harvest_interfaces/include/harvest_interfaces/harvest_interfaces/srv/record_topics.hpp
[17.118s] -- Symlinking: /home/imml/git/research_2025/apple-harvest-eva/install/harvest_interfaces/include/harvest_interfaces/harvest_interfaces/srv/send_trajectory.hpp
[17.127s] -- Symlinking: /home/imml/git/research_2025/apple-harvest-eva/install/harvest_interfaces/include/harvest_interfaces/harvest_interfaces/srv/set_value.hpp
[17.136s] -- Symlinking: /home/imml/git/research_2025/apple-harvest-eva/install/harvest_interfaces/include/harvest_interfaces/harvest_interfaces/srv/trajectory_between_points.hpp
[17.145s] -- Symlinking: /home/imml/git/research_2025/apple-harvest-eva/install/harvest_interfaces/include/harvest_interfaces/harvest_interfaces/srv/voxel_grid.hpp
[17.154s] -- Symlinking: /home/imml/git/research_2025/apple-harvest-eva/install/harvest_interfaces/include/harvest_interfaces/harvest_interfaces/srv/voxel_mask.hpp
[17.163s] -- Symlinking: /home/imml/git/research_2025/apple-harvest-eva/install/harvest_interfaces/include/harvest_interfaces/harvest_interfaces/action/detail/event_detection__rosidl_typesupport_fastrtps_cpp.hpp
[17.173s] -- Symlinking: /home/imml/git/research_2025/apple-harvest-eva/install/harvest_interfaces/include/harvest_interfaces/harvest_interfaces/action/detail/send_trajectory__rosidl_typesupport_fastrtps_cpp.hpp
[17.181s] -- Symlinking: /home/imml/git/research_2025/apple-harvest-eva/install/harvest_interfaces/include/harvest_interfaces/harvest_interfaces/msg/rosidl_typesupport_fastrtps_cpp__visibility_control.h
[17.190s] -- Symlinking: /home/imml/git/research_2025/apple-harvest-eva/install/harvest_interfaces/include/harvest_interfaces/harvest_interfaces/srv/detail/apple_prediction__rosidl_typesupport_fastrtps_cpp.hpp
[17.199s] -- Symlinking: /home/imml/git/research_2025/apple-harvest-eva/install/harvest_interfaces/include/harvest_interfaces/harvest_interfaces/srv/detail/coordinate_to_trajectory__rosidl_typesupport_fastrtps_cpp.hpp
[17.208s] -- Symlinking: /home/imml/git/research_2025/apple-harvest-eva/install/harvest_interfaces/include/harvest_interfaces/harvest_interfaces/srv/detail/get_gripper_pose__rosidl_typesupport_fastrtps_cpp.hpp
[17.217s] -- Symlinking: /home/imml/git/research_2025/apple-harvest-eva/install/harvest_interfaces/include/harvest_interfaces/harvest_interfaces/srv/detail/move_to_pose__rosidl_typesupport_fastrtps_cpp.hpp
[17.227s] -- Symlinking: /home/imml/git/research_2025/apple-harvest-eva/install/harvest_interfaces/include/harvest_interfaces/harvest_interfaces/srv/detail/record_topics__rosidl_typesupport_fastrtps_cpp.hpp
[17.236s] -- Symlinking: /home/imml/git/research_2025/apple-harvest-eva/install/harvest_interfaces/include/harvest_interfaces/harvest_interfaces/srv/detail/send_trajectory__rosidl_typesupport_fastrtps_cpp.hpp
[17.246s] -- Symlinking: /home/imml/git/research_2025/apple-harvest-eva/install/harvest_interfaces/include/harvest_interfaces/harvest_interfaces/srv/detail/set_value__rosidl_typesupport_fastrtps_cpp.hpp
[17.256s] -- Symlinking: /home/imml/git/research_2025/apple-harvest-eva/install/harvest_interfaces/include/harvest_interfaces/harvest_interfaces/srv/detail/trajectory_between_points__rosidl_typesupport_fastrtps_cpp.hpp
[17.264s] -- Symlinking: /home/imml/git/research_2025/apple-harvest-eva/install/harvest_interfaces/include/harvest_interfaces/harvest_interfaces/srv/detail/voxel_grid__rosidl_typesupport_fastrtps_cpp.hpp
[17.273s] -- Symlinking: /home/imml/git/research_2025/apple-harvest-eva/install/harvest_interfaces/include/harvest_interfaces/harvest_interfaces/srv/detail/voxel_mask__rosidl_typesupport_fastrtps_cpp.hpp
[17.282s] -- Symlinking: /home/imml/git/research_2025/apple-harvest-eva/install/harvest_interfaces/include/harvest_interfaces/harvest_interfaces/action/detail/event_detection__rosidl_typesupport_introspection_cpp.hpp
[17.291s] -- Symlinking: /home/imml/git/research_2025/apple-harvest-eva/install/harvest_interfaces/include/harvest_interfaces/harvest_interfaces/action/detail/send_trajectory__rosidl_typesupport_introspection_cpp.hpp
[17.300s] -- Symlinking: /home/imml/git/research_2025/apple-harvest-eva/install/harvest_interfaces/include/harvest_interfaces/harvest_interfaces/srv/detail/apple_prediction__rosidl_typesupport_introspection_cpp.hpp
[17.310s] -- Symlinking: /home/imml/git/research_2025/apple-harvest-eva/install/harvest_interfaces/include/harvest_interfaces/harvest_interfaces/srv/detail/coordinate_to_trajectory__rosidl_typesupport_introspection_cpp.hpp
[17.320s] -- Symlinking: /home/imml/git/research_2025/apple-harvest-eva/install/harvest_interfaces/include/harvest_interfaces/harvest_interfaces/srv/detail/get_gripper_pose__rosidl_typesupport_introspection_cpp.hpp
[17.329s] -- Symlinking: /home/imml/git/research_2025/apple-harvest-eva/install/harvest_interfaces/include/harvest_interfaces/harvest_interfaces/srv/detail/move_to_pose__rosidl_typesupport_introspection_cpp.hpp
[17.339s] -- Symlinking: /home/imml/git/research_2025/apple-harvest-eva/install/harvest_interfaces/include/harvest_interfaces/harvest_interfaces/srv/detail/record_topics__rosidl_typesupport_introspection_cpp.hpp
[17.348s] -- Symlinking: /home/imml/git/research_2025/apple-harvest-eva/install/harvest_interfaces/include/harvest_interfaces/harvest_interfaces/srv/detail/send_trajectory__rosidl_typesupport_introspection_cpp.hpp
[17.357s] -- Symlinking: /home/imml/git/research_2025/apple-harvest-eva/install/harvest_interfaces/include/harvest_interfaces/harvest_interfaces/srv/detail/set_value__rosidl_typesupport_introspection_cpp.hpp
[17.366s] -- Symlinking: /home/imml/git/research_2025/apple-harvest-eva/install/harvest_interfaces/include/harvest_interfaces/harvest_interfaces/srv/detail/trajectory_between_points__rosidl_typesupport_introspection_cpp.hpp
[17.375s] -- Symlinking: /home/imml/git/research_2025/apple-harvest-eva/install/harvest_interfaces/include/harvest_interfaces/harvest_interfaces/srv/detail/voxel_grid__rosidl_typesupport_introspection_cpp.hpp
[17.384s] -- Symlinking: /home/imml/git/research_2025/apple-harvest-eva/install/harvest_interfaces/include/harvest_interfaces/harvest_interfaces/srv/detail/voxel_mask__rosidl_typesupport_introspection_cpp.hpp
[17.394s] -- Symlinking: /home/imml/git/research_2025/apple-harvest-eva/install/harvest_interfaces/share/harvest_interfaces/environment/pythonpath.sh
[17.403s] -- Symlinking: /home/imml/git/research_2025/apple-harvest-eva/install/harvest_interfaces/share/harvest_interfaces/environment/pythonpath.dsv
[17.412s] -- Symlinking: /home/imml/git/research_2025/apple-harvest-eva/install/harvest_interfaces/local/lib/python3.10/dist-packages/harvest_interfaces-0.0.0-py3.10.egg-info/PKG-INFO
[17.421s] -- Symlinking: /home/imml/git/research_2025/apple-harvest-eva/install/harvest_interfaces/local/lib/python3.10/dist-packages/harvest_interfaces-0.0.0-py3.10.egg-info/SOURCES.txt
[17.429s] -- Symlinking: /home/imml/git/research_2025/apple-harvest-eva/install/harvest_interfaces/local/lib/python3.10/dist-packages/harvest_interfaces-0.0.0-py3.10.egg-info/dependency_links.txt
[17.438s] -- Symlinking: /home/imml/git/research_2025/apple-harvest-eva/install/harvest_interfaces/local/lib/python3.10/dist-packages/harvest_interfaces-0.0.0-py3.10.egg-info/top_level.txt
[17.447s] -- Symlinking: /home/imml/git/research_2025/apple-harvest-eva/install/harvest_interfaces/local/lib/python3.10/dist-packages/harvest_interfaces/__init__.py
[17.456s] -- Symlinking: /home/imml/git/research_2025/apple-harvest-eva/install/harvest_interfaces/local/lib/python3.10/dist-packages/harvest_interfaces/_harvest_interfaces_s.ep.rosidl_typesupport_c.c
[17.465s] -- Symlinking: /home/imml/git/research_2025/apple-harvest-eva/install/harvest_interfaces/local/lib/python3.10/dist-packages/harvest_interfaces/_harvest_interfaces_s.ep.rosidl_typesupport_fastrtps_c.c
[17.474s] -- Symlinking: /home/imml/git/research_2025/apple-harvest-eva/install/harvest_interfaces/local/lib/python3.10/dist-packages/harvest_interfaces/_harvest_interfaces_s.ep.rosidl_typesupport_introspection_c.c
[17.483s] -- Symlinking: /home/imml/git/research_2025/apple-harvest-eva/install/harvest_interfaces/local/lib/python3.10/dist-packages/harvest_interfaces/action/__init__.py
[17.491s] -- Symlinking: /home/imml/git/research_2025/apple-harvest-eva/install/harvest_interfaces/local/lib/python3.10/dist-packages/harvest_interfaces/action/_event_detection.py
[17.500s] -- Symlinking: /home/imml/git/research_2025/apple-harvest-eva/install/harvest_interfaces/local/lib/python3.10/dist-packages/harvest_interfaces/action/_event_detection_s.c
[17.509s] -- Symlinking: /home/imml/git/research_2025/apple-harvest-eva/install/harvest_interfaces/local/lib/python3.10/dist-packages/harvest_interfaces/action/_send_trajectory.py
[17.518s] -- Symlinking: /home/imml/git/research_2025/apple-harvest-eva/install/harvest_interfaces/local/lib/python3.10/dist-packages/harvest_interfaces/action/_send_trajectory_s.c
[17.526s] -- Symlinking: /home/imml/git/research_2025/apple-harvest-eva/install/harvest_interfaces/local/lib/python3.10/dist-packages/harvest_interfaces/harvest_interfaces_s__rosidl_typesupport_c.cpython-310-x86_64-linux-gnu.so
[17.535s] -- Symlinking: /home/imml/git/research_2025/apple-harvest-eva/install/harvest_interfaces/local/lib/python3.10/dist-packages/harvest_interfaces/harvest_interfaces_s__rosidl_typesupport_fastrtps_c.cpython-310-x86_64-linux-gnu.so
[17.544s] -- Symlinking: /home/imml/git/research_2025/apple-harvest-eva/install/harvest_interfaces/local/lib/python3.10/dist-packages/harvest_interfaces/harvest_interfaces_s__rosidl_typesupport_introspection_c.cpython-310-x86_64-linux-gnu.so
[17.552s] -- Symlinking: /home/imml/git/research_2025/apple-harvest-eva/install/harvest_interfaces/local/lib/python3.10/dist-packages/harvest_interfaces/libharvest_interfaces__rosidl_generator_py.so
[17.560s] -- Symlinking: /home/imml/git/research_2025/apple-harvest-eva/install/harvest_interfaces/local/lib/python3.10/dist-packages/harvest_interfaces/srv/__init__.py
[17.569s] -- Symlinking: /home/imml/git/research_2025/apple-harvest-eva/install/harvest_interfaces/local/lib/python3.10/dist-packages/harvest_interfaces/srv/_apple_prediction.py
[17.577s] -- Symlinking: /home/imml/git/research_2025/apple-harvest-eva/install/harvest_interfaces/local/lib/python3.10/dist-packages/harvest_interfaces/srv/_apple_prediction_s.c
[17.586s] -- Symlinking: /home/imml/git/research_2025/apple-harvest-eva/install/harvest_interfaces/local/lib/python3.10/dist-packages/harvest_interfaces/srv/_coordinate_to_trajectory.py
[17.594s] -- Symlinking: /home/imml/git/research_2025/apple-harvest-eva/install/harvest_interfaces/local/lib/python3.10/dist-packages/harvest_interfaces/srv/_coordinate_to_trajectory_s.c
[17.603s] -- Symlinking: /home/imml/git/research_2025/apple-harvest-eva/install/harvest_interfaces/local/lib/python3.10/dist-packages/harvest_interfaces/srv/_get_gripper_pose.py
[17.611s] -- Symlinking: /home/imml/git/research_2025/apple-harvest-eva/install/harvest_interfaces/local/lib/python3.10/dist-packages/harvest_interfaces/srv/_get_gripper_pose_s.c
[17.620s] -- Symlinking: /home/imml/git/research_2025/apple-harvest-eva/install/harvest_interfaces/local/lib/python3.10/dist-packages/harvest_interfaces/srv/_move_to_pose.py
[17.628s] -- Symlinking: /home/imml/git/research_2025/apple-harvest-eva/install/harvest_interfaces/local/lib/python3.10/dist-packages/harvest_interfaces/srv/_move_to_pose_s.c
[17.636s] -- Symlinking: /home/imml/git/research_2025/apple-harvest-eva/install/harvest_interfaces/local/lib/python3.10/dist-packages/harvest_interfaces/srv/_record_topics.py
[17.644s] -- Symlinking: /home/imml/git/research_2025/apple-harvest-eva/install/harvest_interfaces/local/lib/python3.10/dist-packages/harvest_interfaces/srv/_record_topics_s.c
[17.652s] -- Symlinking: /home/imml/git/research_2025/apple-harvest-eva/install/harvest_interfaces/local/lib/python3.10/dist-packages/harvest_interfaces/srv/_send_trajectory.py
[17.660s] -- Symlinking: /home/imml/git/research_2025/apple-harvest-eva/install/harvest_interfaces/local/lib/python3.10/dist-packages/harvest_interfaces/srv/_send_trajectory_s.c
[17.668s] -- Symlinking: /home/imml/git/research_2025/apple-harvest-eva/install/harvest_interfaces/local/lib/python3.10/dist-packages/harvest_interfaces/srv/_set_value.py
[17.676s] -- Symlinking: /home/imml/git/research_2025/apple-harvest-eva/install/harvest_interfaces/local/lib/python3.10/dist-packages/harvest_interfaces/srv/_set_value_s.c
[17.684s] -- Symlinking: /home/imml/git/research_2025/apple-harvest-eva/install/harvest_interfaces/local/lib/python3.10/dist-packages/harvest_interfaces/srv/_trajectory_between_points.py
[17.692s] -- Symlinking: /home/imml/git/research_2025/apple-harvest-eva/install/harvest_interfaces/local/lib/python3.10/dist-packages/harvest_interfaces/srv/_trajectory_between_points_s.c
[17.700s] -- Symlinking: /home/imml/git/research_2025/apple-harvest-eva/install/harvest_interfaces/local/lib/python3.10/dist-packages/harvest_interfaces/srv/_voxel_grid.py
[17.709s] -- Symlinking: /home/imml/git/research_2025/apple-harvest-eva/install/harvest_interfaces/local/lib/python3.10/dist-packages/harvest_interfaces/srv/_voxel_grid_s.c
[17.717s] -- Symlinking: /home/imml/git/research_2025/apple-harvest-eva/install/harvest_interfaces/local/lib/python3.10/dist-packages/harvest_interfaces/srv/_voxel_mask.py
[17.725s] -- Symlinking: /home/imml/git/research_2025/apple-harvest-eva/install/harvest_interfaces/local/lib/python3.10/dist-packages/harvest_interfaces/srv/_voxel_mask_s.c
[17.733s] -- Up-to-date symlink: /home/imml/git/research_2025/apple-harvest-eva/install/harvest_interfaces/local/lib/python3.10/dist-packages/harvest_interfaces/harvest_interfaces_s__rosidl_typesupport_fastrtps_c.cpython-310-x86_64-linux-gnu.so
[17.733s] -- Up-to-date symlink: /home/imml/git/research_2025/apple-harvest-eva/install/harvest_interfaces/local/lib/python3.10/dist-packages/harvest_interfaces/harvest_interfaces_s__rosidl_typesupport_introspection_c.cpython-310-x86_64-linux-gnu.so
[17.733s] -- Up-to-date symlink: /home/imml/git/research_2025/apple-harvest-eva/install/harvest_interfaces/local/lib/python3.10/dist-packages/harvest_interfaces/harvest_interfaces_s__rosidl_typesupport_c.cpython-310-x86_64-linux-gnu.so
[17.734s] -- Symlinking: /home/imml/git/research_2025/apple-harvest-eva/install/harvest_interfaces/share/harvest_interfaces/action/EventDetection.idl
[17.742s] -- Symlinking: /home/imml/git/research_2025/apple-harvest-eva/install/harvest_interfaces/share/harvest_interfaces/action/SendTrajectory.idl
[17.750s] -- Symlinking: /home/imml/git/research_2025/apple-harvest-eva/install/harvest_interfaces/share/harvest_interfaces/srv/ApplePrediction.idl
[17.759s] -- Symlinking: /home/imml/git/research_2025/apple-harvest-eva/install/harvest_interfaces/share/harvest_interfaces/srv/SendTrajectory.idl
[17.768s] -- Symlinking: /home/imml/git/research_2025/apple-harvest-eva/install/harvest_interfaces/share/harvest_interfaces/srv/CoordinateToTrajectory.idl
[17.777s] -- Symlinking: /home/imml/git/research_2025/apple-harvest-eva/install/harvest_interfaces/share/harvest_interfaces/srv/VoxelMask.idl
[17.785s] -- Symlinking: /home/imml/git/research_2025/apple-harvest-eva/install/harvest_interfaces/share/harvest_interfaces/srv/MoveToPose.idl
[17.795s] -- Symlinking: /home/imml/git/research_2025/apple-harvest-eva/install/harvest_interfaces/share/harvest_interfaces/srv/TrajectoryBetweenPoints.idl
[17.803s] -- Symlinking: /home/imml/git/research_2025/apple-harvest-eva/install/harvest_interfaces/share/harvest_interfaces/srv/SetValue.idl
[17.812s] -- Symlinking: /home/imml/git/research_2025/apple-harvest-eva/install/harvest_interfaces/share/harvest_interfaces/srv/RecordTopics.idl
[17.821s] -- Symlinking: /home/imml/git/research_2025/apple-harvest-eva/install/harvest_interfaces/share/harvest_interfaces/srv/GetGripperPose.idl
[17.830s] -- Symlinking: /home/imml/git/research_2025/apple-harvest-eva/install/harvest_interfaces/share/harvest_interfaces/srv/VoxelGrid.idl
[17.839s] -- Symlinking: /home/imml/git/research_2025/apple-harvest-eva/install/harvest_interfaces/share/harvest_interfaces/action/EventDetection.action
[17.847s] -- Symlinking: /home/imml/git/research_2025/apple-harvest-eva/install/harvest_interfaces/share/harvest_interfaces/action/SendTrajectory.action
[17.856s] -- Symlinking: /home/imml/git/research_2025/apple-harvest-eva/install/harvest_interfaces/share/harvest_interfaces/srv/ApplePrediction.srv
[17.865s] -- Symlinking: /home/imml/git/research_2025/apple-harvest-eva/install/harvest_interfaces/share/harvest_interfaces/srv/ApplePrediction_Request.msg
[17.874s] -- Symlinking: /home/imml/git/research_2025/apple-harvest-eva/install/harvest_interfaces/share/harvest_interfaces/srv/ApplePrediction_Response.msg
[17.883s] -- Symlinking: /home/imml/git/research_2025/apple-harvest-eva/install/harvest_interfaces/share/harvest_interfaces/srv/SendTrajectory.srv
[17.892s] -- Symlinking: /home/imml/git/research_2025/apple-harvest-eva/install/harvest_interfaces/share/harvest_interfaces/srv/SendTrajectory_Request.msg
[17.901s] -- Symlinking: /home/imml/git/research_2025/apple-harvest-eva/install/harvest_interfaces/share/harvest_interfaces/srv/SendTrajectory_Response.msg
[17.909s] -- Symlinking: /home/imml/git/research_2025/apple-harvest-eva/install/harvest_interfaces/share/harvest_interfaces/srv/CoordinateToTrajectory.srv
[17.919s] -- Symlinking: /home/imml/git/research_2025/apple-harvest-eva/install/harvest_interfaces/share/harvest_interfaces/srv/CoordinateToTrajectory_Request.msg
[17.929s] -- Symlinking: /home/imml/git/research_2025/apple-harvest-eva/install/harvest_interfaces/share/harvest_interfaces/srv/CoordinateToTrajectory_Response.msg
[17.938s] -- Symlinking: /home/imml/git/research_2025/apple-harvest-eva/install/harvest_interfaces/share/harvest_interfaces/srv/VoxelMask.srv
[17.947s] -- Symlinking: /home/imml/git/research_2025/apple-harvest-eva/install/harvest_interfaces/share/harvest_interfaces/srv/VoxelMask_Request.msg
[17.956s] -- Symlinking: /home/imml/git/research_2025/apple-harvest-eva/install/harvest_interfaces/share/harvest_interfaces/srv/VoxelMask_Response.msg
[17.966s] -- Symlinking: /home/imml/git/research_2025/apple-harvest-eva/install/harvest_interfaces/share/harvest_interfaces/srv/MoveToPose.srv
[17.975s] -- Symlinking: /home/imml/git/research_2025/apple-harvest-eva/install/harvest_interfaces/share/harvest_interfaces/srv/MoveToPose_Request.msg
[17.984s] -- Symlinking: /home/imml/git/research_2025/apple-harvest-eva/install/harvest_interfaces/share/harvest_interfaces/srv/MoveToPose_Response.msg
[17.992s] -- Symlinking: /home/imml/git/research_2025/apple-harvest-eva/install/harvest_interfaces/share/harvest_interfaces/srv/TrajectoryBetweenPoints.srv
[18.001s] -- Symlinking: /home/imml/git/research_2025/apple-harvest-eva/install/harvest_interfaces/share/harvest_interfaces/srv/TrajectoryBetweenPoints_Request.msg
[18.010s] -- Symlinking: /home/imml/git/research_2025/apple-harvest-eva/install/harvest_interfaces/share/harvest_interfaces/srv/TrajectoryBetweenPoints_Response.msg
[18.021s] -- Symlinking: /home/imml/git/research_2025/apple-harvest-eva/install/harvest_interfaces/share/harvest_interfaces/srv/SetValue.srv
[18.031s] -- Symlinking: /home/imml/git/research_2025/apple-harvest-eva/install/harvest_interfaces/share/harvest_interfaces/srv/SetValue_Request.msg
[18.042s] -- Symlinking: /home/imml/git/research_2025/apple-harvest-eva/install/harvest_interfaces/share/harvest_interfaces/srv/SetValue_Response.msg
[18.053s] -- Symlinking: /home/imml/git/research_2025/apple-harvest-eva/install/harvest_interfaces/share/harvest_interfaces/srv/RecordTopics.srv
[18.063s] -- Symlinking: /home/imml/git/research_2025/apple-harvest-eva/install/harvest_interfaces/share/harvest_interfaces/srv/RecordTopics_Request.msg
[18.073s] -- Symlinking: /home/imml/git/research_2025/apple-harvest-eva/install/harvest_interfaces/share/harvest_interfaces/srv/RecordTopics_Response.msg
[18.083s] -- Symlinking: /home/imml/git/research_2025/apple-harvest-eva/install/harvest_interfaces/share/harvest_interfaces/srv/GetGripperPose.srv
[18.092s] -- Symlinking: /home/imml/git/research_2025/apple-harvest-eva/install/harvest_interfaces/share/harvest_interfaces/srv/GetGripperPose_Request.msg
[18.101s] -- Symlinking: /home/imml/git/research_2025/apple-harvest-eva/install/harvest_interfaces/share/harvest_interfaces/srv/GetGripperPose_Response.msg
[18.109s] -- Symlinking: /home/imml/git/research_2025/apple-harvest-eva/install/harvest_interfaces/share/harvest_interfaces/srv/VoxelGrid.srv
[18.118s] -- Symlinking: /home/imml/git/research_2025/apple-harvest-eva/install/harvest_interfaces/share/harvest_interfaces/srv/VoxelGrid_Request.msg
[18.127s] -- Symlinking: /home/imml/git/research_2025/apple-harvest-eva/install/harvest_interfaces/share/harvest_interfaces/srv/VoxelGrid_Response.msg
[18.136s] -- Symlinking: /home/imml/git/research_2025/apple-harvest-eva/install/harvest_interfaces/share/ament_index/resource_index/package_run_dependencies/harvest_interfaces
[18.145s] -- Symlinking: /home/imml/git/research_2025/apple-harvest-eva/install/harvest_interfaces/share/ament_index/resource_index/parent_prefix_path/harvest_interfaces
[18.153s] -- Symlinking: /home/imml/git/research_2025/apple-harvest-eva/install/harvest_interfaces/share/harvest_interfaces/environment/ament_prefix_path.sh
[18.162s] -- Symlinking: /home/imml/git/research_2025/apple-harvest-eva/install/harvest_interfaces/share/harvest_interfaces/environment/ament_prefix_path.dsv
[18.171s] -- Symlinking: /home/imml/git/research_2025/apple-harvest-eva/install/harvest_interfaces/share/harvest_interfaces/environment/path.sh
[18.180s] -- Symlinking: /home/imml/git/research_2025/apple-harvest-eva/install/harvest_interfaces/share/harvest_interfaces/environment/path.dsv
[18.190s] -- Symlinking: /home/imml/git/research_2025/apple-harvest-eva/install/harvest_interfaces/share/harvest_interfaces/local_setup.bash
[18.198s] -- Symlinking: /home/imml/git/research_2025/apple-harvest-eva/install/harvest_interfaces/share/harvest_interfaces/local_setup.sh
[18.207s] -- Symlinking: /home/imml/git/research_2025/apple-harvest-eva/install/harvest_interfaces/share/harvest_interfaces/local_setup.zsh
[18.216s] -- Symlinking: /home/imml/git/research_2025/apple-harvest-eva/install/harvest_interfaces/share/harvest_interfaces/local_setup.dsv
[18.225s] -- Symlinking: /home/imml/git/research_2025/apple-harvest-eva/install/harvest_interfaces/share/harvest_interfaces/package.dsv
[18.233s] -- Symlinking: /home/imml/git/research_2025/apple-harvest-eva/install/harvest_interfaces/share/ament_index/resource_index/packages/harvest_interfaces
[18.242s] -- Symlinking: /home/imml/git/research_2025/apple-harvest-eva/install/harvest_interfaces/share/harvest_interfaces/cmake/rosidl_cmake-extras.cmake
[18.251s] -- Symlinking: /home/imml/git/research_2025/apple-harvest-eva/install/harvest_interfaces/share/harvest_interfaces/cmake/ament_cmake_export_dependencies-extras.cmake
[18.260s] -- Symlinking: /home/imml/git/research_2025/apple-harvest-eva/install/harvest_interfaces/share/harvest_interfaces/cmake/ament_cmake_export_include_directories-extras.cmake
[18.269s] -- Symlinking: /home/imml/git/research_2025/apple-harvest-eva/install/harvest_interfaces/share/harvest_interfaces/cmake/ament_cmake_export_libraries-extras.cmake
[18.278s] -- Symlinking: /home/imml/git/research_2025/apple-harvest-eva/install/harvest_interfaces/share/harvest_interfaces/cmake/ament_cmake_export_targets-extras.cmake
[18.287s] -- Symlinking: /home/imml/git/research_2025/apple-harvest-eva/install/harvest_interfaces/share/harvest_interfaces/cmake/rosidl_cmake_export_typesupport_targets-extras.cmake
[18.296s] -- Symlinking: /home/imml/git/research_2025/apple-harvest-eva/install/harvest_interfaces/share/harvest_interfaces/cmake/rosidl_cmake_export_typesupport_libraries-extras.cmake
[18.305s] -- Symlinking: /home/imml/git/research_2025/apple-harvest-eva/install/harvest_interfaces/share/harvest_interfaces/cmake/harvest_interfacesConfig.cmake
[18.314s] -- Symlinking: /home/imml/git/research_2025/apple-harvest-eva/install/harvest_interfaces/share/harvest_interfaces/cmake/harvest_interfacesConfig-version.cmake
[18.323s] -- Symlinking: /home/imml/git/research_2025/apple-harvest-eva/install/harvest_interfaces/share/harvest_interfaces/package.xml
[18.332s] -- Installing: /home/imml/git/research_2025/apple-harvest-eva/install/harvest_interfaces/lib/libharvest_interfaces__rosidl_generator_c.so
[18.332s] -- Set runtime path of "/home/imml/git/research_2025/apple-harvest-eva/install/harvest_interfaces/lib/libharvest_interfaces__rosidl_generator_c.so" to ""
[18.332s] -- Installing: /home/imml/git/research_2025/apple-harvest-eva/install/harvest_interfaces/lib/libharvest_interfaces__rosidl_typesupport_fastrtps_c.so
[18.333s] -- Set runtime path of "/home/imml/git/research_2025/apple-harvest-eva/install/harvest_interfaces/lib/libharvest_interfaces__rosidl_typesupport_fastrtps_c.so" to ""
[18.333s] -- Installing: /home/imml/git/research_2025/apple-harvest-eva/install/harvest_interfaces/lib/libharvest_interfaces__rosidl_typesupport_introspection_c.so
[18.333s] -- Set runtime path of "/home/imml/git/research_2025/apple-harvest-eva/install/harvest_interfaces/lib/libharvest_interfaces__rosidl_typesupport_introspection_c.so" to ""
[18.333s] -- Installing: /home/imml/git/research_2025/apple-harvest-eva/install/harvest_interfaces/lib/libharvest_interfaces__rosidl_typesupport_c.so
[18.334s] -- Set runtime path of "/home/imml/git/research_2025/apple-harvest-eva/install/harvest_interfaces/lib/libharvest_interfaces__rosidl_typesupport_c.so" to ""
[18.334s] -- Installing: /home/imml/git/research_2025/apple-harvest-eva/install/harvest_interfaces/lib/libharvest_interfaces__rosidl_typesupport_fastrtps_cpp.so
[18.334s] -- Set runtime path of "/home/imml/git/research_2025/apple-harvest-eva/install/harvest_interfaces/lib/libharvest_interfaces__rosidl_typesupport_fastrtps_cpp.so" to ""
[18.334s] -- Installing: /home/imml/git/research_2025/apple-harvest-eva/install/harvest_interfaces/lib/libharvest_interfaces__rosidl_typesupport_introspection_cpp.so
[18.335s] -- Set runtime path of "/home/imml/git/research_2025/apple-harvest-eva/install/harvest_interfaces/lib/libharvest_interfaces__rosidl_typesupport_introspection_cpp.so" to ""
[18.335s] -- Installing: /home/imml/git/research_2025/apple-harvest-eva/install/harvest_interfaces/lib/libharvest_interfaces__rosidl_typesupport_cpp.so
[18.335s] -- Set runtime path of "/home/imml/git/research_2025/apple-harvest-eva/install/harvest_interfaces/lib/libharvest_interfaces__rosidl_typesupport_cpp.so" to ""
[18.389s] Listing '/home/imml/git/research_2025/apple-harvest-eva/install/harvest_interfaces/local/lib/python3.10/dist-packages/harvest_interfaces'...
[18.389s] Compiling '/home/imml/git/research_2025/apple-harvest-eva/install/harvest_interfaces/local/lib/python3.10/dist-packages/harvest_interfaces/__init__.py'...
[18.389s] Listing '/home/imml/git/research_2025/apple-harvest-eva/install/harvest_interfaces/local/lib/python3.10/dist-packages/harvest_interfaces/action'...
[18.389s] Compiling '/home/imml/git/research_2025/apple-harvest-eva/install/harvest_interfaces/local/lib/python3.10/dist-packages/harvest_interfaces/action/__init__.py'...
[18.389s] Compiling '/home/imml/git/research_2025/apple-harvest-eva/install/harvest_interfaces/local/lib/python3.10/dist-packages/harvest_interfaces/action/_event_detection.py'...
[18.389s] Compiling '/home/imml/git/research_2025/apple-harvest-eva/install/harvest_interfaces/local/lib/python3.10/dist-packages/harvest_interfaces/action/_send_trajectory.py'...
[18.389s] Listing '/home/imml/git/research_2025/apple-harvest-eva/install/harvest_interfaces/local/lib/python3.10/dist-packages/harvest_interfaces/srv'...
[18.389s] Compiling '/home/imml/git/research_2025/apple-harvest-eva/install/harvest_interfaces/local/lib/python3.10/dist-packages/harvest_interfaces/srv/__init__.py'...
[18.390s] Compiling '/home/imml/git/research_2025/apple-harvest-eva/install/harvest_interfaces/local/lib/python3.10/dist-packages/harvest_interfaces/srv/_apple_prediction.py'...
[18.390s] Compiling '/home/imml/git/research_2025/apple-harvest-eva/install/harvest_interfaces/local/lib/python3.10/dist-packages/harvest_interfaces/srv/_coordinate_to_trajectory.py'...
[18.390s] Compiling '/home/imml/git/research_2025/apple-harvest-eva/install/harvest_interfaces/local/lib/python3.10/dist-packages/harvest_interfaces/srv/_get_gripper_pose.py'...
[18.390s] Compiling '/home/imml/git/research_2025/apple-harvest-eva/install/harvest_interfaces/local/lib/python3.10/dist-packages/harvest_interfaces/srv/_move_to_pose.py'...
[18.390s] Compiling '/home/imml/git/research_2025/apple-harvest-eva/install/harvest_interfaces/local/lib/python3.10/dist-packages/harvest_interfaces/srv/_record_topics.py'...
[18.390s] Compiling '/home/imml/git/research_2025/apple-harvest-eva/install/harvest_interfaces/local/lib/python3.10/dist-packages/harvest_interfaces/srv/_send_trajectory.py'...
[18.390s] Compiling '/home/imml/git/research_2025/apple-harvest-eva/install/harvest_interfaces/local/lib/python3.10/dist-packages/harvest_interfaces/srv/_set_value.py'...
[18.390s] Compiling '/home/imml/git/research_2025/apple-harvest-eva/install/harvest_interfaces/local/lib/python3.10/dist-packages/harvest_interfaces/srv/_trajectory_between_points.py'...
[18.390s] Compiling '/home/imml/git/research_2025/apple-harvest-eva/install/harvest_interfaces/local/lib/python3.10/dist-packages/harvest_interfaces/srv/_voxel_grid.py'...
[18.390s] Compiling '/home/imml/git/research_2025/apple-harvest-eva/install/harvest_interfaces/local/lib/python3.10/dist-packages/harvest_interfaces/srv/_voxel_mask.py'...
[18.395s] -- Installing: /home/imml/git/research_2025/apple-harvest-eva/install/harvest_interfaces/lib/libharvest_interfaces__rosidl_generator_py.so
[18.395s] -- Set runtime path of "/home/imml/git/research_2025/apple-harvest-eva/install/harvest_interfaces/lib/libharvest_interfaces__rosidl_generator_py.so" to ""
[18.396s] -- Installing: /home/imml/git/research_2025/apple-harvest-eva/install/harvest_interfaces/share/harvest_interfaces/cmake/export_harvest_interfaces__rosidl_generator_cExport.cmake
[18.396s] -- Installing: /home/imml/git/research_2025/apple-harvest-eva/install/harvest_interfaces/share/harvest_interfaces/cmake/export_harvest_interfaces__rosidl_generator_cExport-noconfig.cmake
[18.396s] -- Installing: /home/imml/git/research_2025/apple-harvest-eva/install/harvest_interfaces/share/harvest_interfaces/cmake/export_harvest_interfaces__rosidl_typesupport_fastrtps_cExport.cmake
[18.396s] -- Installing: /home/imml/git/research_2025/apple-harvest-eva/install/harvest_interfaces/share/harvest_interfaces/cmake/export_harvest_interfaces__rosidl_typesupport_fastrtps_cExport-noconfig.cmake
[18.396s] -- Installing: /home/imml/git/research_2025/apple-harvest-eva/install/harvest_interfaces/share/harvest_interfaces/cmake/harvest_interfaces__rosidl_typesupport_introspection_cExport.cmake
[18.396s] -- Installing: /home/imml/git/research_2025/apple-harvest-eva/install/harvest_interfaces/share/harvest_interfaces/cmake/harvest_interfaces__rosidl_typesupport_introspection_cExport-noconfig.cmake
[18.396s] -- Installing: /home/imml/git/research_2025/apple-harvest-eva/install/harvest_interfaces/share/harvest_interfaces/cmake/harvest_interfaces__rosidl_typesupport_cExport.cmake
[18.397s] -- Installing: /home/imml/git/research_2025/apple-harvest-eva/install/harvest_interfaces/share/harvest_interfaces/cmake/harvest_interfaces__rosidl_typesupport_cExport-noconfig.cmake
[18.397s] -- Installing: /home/imml/git/research_2025/apple-harvest-eva/install/harvest_interfaces/share/harvest_interfaces/cmake/export_harvest_interfaces__rosidl_generator_cppExport.cmake
[18.397s] -- Installing: /home/imml/git/research_2025/apple-harvest-eva/install/harvest_interfaces/share/harvest_interfaces/cmake/export_harvest_interfaces__rosidl_typesupport_fastrtps_cppExport.cmake
[18.397s] -- Installing: /home/imml/git/research_2025/apple-harvest-eva/install/harvest_interfaces/share/harvest_interfaces/cmake/export_harvest_interfaces__rosidl_typesupport_fastrtps_cppExport-noconfig.cmake
[18.397s] -- Installing: /home/imml/git/research_2025/apple-harvest-eva/install/harvest_interfaces/share/harvest_interfaces/cmake/harvest_interfaces__rosidl_typesupport_introspection_cppExport.cmake
[18.397s] -- Installing: /home/imml/git/research_2025/apple-harvest-eva/install/harvest_interfaces/share/harvest_interfaces/cmake/harvest_interfaces__rosidl_typesupport_introspection_cppExport-noconfig.cmake
[18.397s] -- Installing: /home/imml/git/research_2025/apple-harvest-eva/install/harvest_interfaces/share/harvest_interfaces/cmake/harvest_interfaces__rosidl_typesupport_cppExport.cmake
[18.398s] -- Installing: /home/imml/git/research_2025/apple-harvest-eva/install/harvest_interfaces/share/harvest_interfaces/cmake/harvest_interfaces__rosidl_typesupport_cppExport-noconfig.cmake
[18.398s] -- Installing: /home/imml/git/research_2025/apple-harvest-eva/install/harvest_interfaces/share/harvest_interfaces/cmake/export_harvest_interfaces__rosidl_generator_pyExport.cmake
[18.398s] -- Installing: /home/imml/git/research_2025/apple-harvest-eva/install/harvest_interfaces/share/harvest_interfaces/cmake/export_harvest_interfaces__rosidl_generator_pyExport-noconfig.cmake
[18.400s] Invoked command in '/home/imml/git/research_2025/apple-harvest-eva/build/harvest_interfaces' returned '0': CMAKE_PREFIX_PATH=${CMAKE_PREFIX_PATH}:/home/imml/git/research_2025/apple-harvest-eva/install/ur5e_custom_hardware:/home/imml/git/research_2025/apple-harvest-eva/install/harvest_vision:/opt/ros/humble /usr/bin/cmake --install /home/imml/git/research_2025/apple-harvest-eva/build/harvest_interfaces
