[0.022s] Invoking command in '/home/imml/git/research_2025/apple-harvest-eva/build/ur_robot_driver': AMENT_PREFIX_PATH=/home/imml/git/research_2025/apple-harvest-eva/install/ur_controllers:/home/imml/git/research_2025/apple-harvest-eva/install/ur_description:/home/imml/git/research_2025/apple-harvest-eva/install/ur_dashboard_msgs:${AMENT_PREFIX_PATH} CMAKE_PREFIX_PATH=/home/imml/git/research_2025/apple-harvest-eva/install/ur_controllers:/home/imml/git/research_2025/apple-harvest-eva/install/ur_description:/home/imml/git/research_2025/apple-harvest-eva/install/ur_dashboard_msgs:/opt/ros/humble LD_LIBRARY_PATH=/home/imml/git/research_2025/apple-harvest-eva/install/ur_controllers/lib:/home/imml/git/research_2025/apple-harvest-eva/install/ur_dashboard_msgs/lib:${LD_LIBRARY_PATH} PYTHONPATH=/home/imml/git/research_2025/apple-harvest-eva/install/ur_dashboard_msgs/local/lib/python3.10/dist-packages:${PYTHONPATH} /usr/bin/cmake /home/imml/git/research_2025/apple-harvest-eva/harvest_hardware/Universal_Robots_ROS2_Driver/ur_robot_driver -DCMAKE_INSTALL_PREFIX=/home/imml/git/research_2025/apple-harvest-eva/install/ur_robot_driver
[0.040s] [0mur_robot_driver: You did not request a specific build type: selecting 'RelWithDebInfo'.[0m
[0.040s] -- Found ament_cmake: 1.3.11 (/opt/ros/humble/share/ament_cmake/cmake)
[0.227s] -- Override CMake install command with custom implementation using symlinks instead of copying resources
[0.239s] -- Found controller_manager: 2.51.0 (/opt/ros/humble/share/controller_manager/cmake)
[0.286s] -- Found rosidl_generator_c: 3.1.6 (/opt/ros/humble/share/rosidl_generator_c/cmake)
[0.290s] -- Found rosidl_adapter: 3.1.6 (/opt/ros/humble/share/rosidl_adapter/cmake)
[0.300s] -- Found rosidl_generator_cpp: 3.1.6 (/opt/ros/humble/share/rosidl_generator_cpp/cmake)
[0.317s] -- Using all available rosidl_typesupport_c: rosidl_typesupport_fastrtps_c;rosidl_typesupport_introspection_c
[0.337s] -- Using all available rosidl_typesupport_cpp: rosidl_typesupport_fastrtps_cpp;rosidl_typesupport_introspection_cpp
[0.582s] -- Found rmw_implementation_cmake: 6.1.2 (/opt/ros/humble/share/rmw_implementation_cmake/cmake)
[0.583s] -- Found rmw_fastrtps_cpp: 6.2.7 (/opt/ros/humble/share/rmw_fastrtps_cpp/cmake)
[0.603s] -- Found TinyXML2 via Config file: TinyXML2_DIR-NOTFOUND
[0.614s] -- Found TinyXML2 via Config file: TinyXML2_DIR-NOTFOUND
[0.635s] -- Found TinyXML2 via Config file: TinyXML2_DIR-NOTFOUND
[0.645s] -- Found TinyXML2 via Config file: TinyXML2_DIR-NOTFOUND
[0.656s] -- Using RMW implementation 'rmw_fastrtps_cpp' as default
[0.747s] -- Found rclpy: 3.3.16 (/opt/ros/humble/share/rclpy/cmake)
[0.747s] -- Found std_srvs: 4.9.0 (/opt/ros/humble/share/std_srvs/cmake)
[0.757s] -- Found tf2_geometry_msgs: 0.25.13 (/opt/ros/humble/share/tf2_geometry_msgs/cmake)
[0.760s] -- Found eigen3_cmake_module: 0.1.1 (/opt/ros/humble/share/eigen3_cmake_module/cmake)
[0.761s] -- Ensuring Eigen3 include directory is part of orocos-kdl CMake target
[0.814s] -- Found ur_dashboard_msgs: 2.2.15 (/home/imml/git/research_2025/apple-harvest-eva/install/ur_dashboard_msgs/share/ur_dashboard_msgs/cmake)
[1.246s] -- Found ur_controllers: 2.2.15 (/home/imml/git/research_2025/apple-harvest-eva/install/ur_controllers/share/ur_controllers/cmake)
[1.343s] -- Found ur_description: 2.1.7 (/home/imml/git/research_2025/apple-harvest-eva/install/ur_description/share/ur_description/cmake)
[1.343s] -- Found launch_testing_ament_cmake: 1.0.9 (/opt/ros/humble/share/launch_testing_ament_cmake/cmake)
[1.344s] -- Found python_cmake_module: 0.10.0 (/opt/ros/humble/share/python_cmake_module/cmake)
[1.370s] -- Using PYTHON_EXECUTABLE: /usr/bin/python3
[1.370s] -- Using PYTHON_INCLUDE_DIRS: /usr/include/python3.10
[1.370s] -- Using PYTHON_LIBRARIES: /usr/lib/x86_64-linux-gnu/libpython3.10.so
[1.372s] -- Configuring done
[1.510s] -- Generating done
[1.531s] -- Build files have been written to: /home/imml/git/research_2025/apple-harvest-eva/build/ur_robot_driver
[1.547s] Invoked command in '/home/imml/git/research_2025/apple-harvest-eva/build/ur_robot_driver' returned '0': AMENT_PREFIX_PATH=/home/imml/git/research_2025/apple-harvest-eva/install/ur_controllers:/home/imml/git/research_2025/apple-harvest-eva/install/ur_description:/home/imml/git/research_2025/apple-harvest-eva/install/ur_dashboard_msgs:${AMENT_PREFIX_PATH} CMAKE_PREFIX_PATH=/home/imml/git/research_2025/apple-harvest-eva/install/ur_controllers:/home/imml/git/research_2025/apple-harvest-eva/install/ur_description:/home/imml/git/research_2025/apple-harvest-eva/install/ur_dashboard_msgs:/opt/ros/humble LD_LIBRARY_PATH=/home/imml/git/research_2025/apple-harvest-eva/install/ur_controllers/lib:/home/imml/git/research_2025/apple-harvest-eva/install/ur_dashboard_msgs/lib:${LD_LIBRARY_PATH} PYTHONPATH=/home/imml/git/research_2025/apple-harvest-eva/install/ur_dashboard_msgs/local/lib/python3.10/dist-packages:${PYTHONPATH} /usr/bin/cmake /home/imml/git/research_2025/apple-harvest-eva/harvest_hardware/Universal_Robots_ROS2_Driver/ur_robot_driver -DCMAKE_INSTALL_PREFIX=/home/imml/git/research_2025/apple-harvest-eva/install/ur_robot_driver
[1.549s] Invoking command in '/home/imml/git/research_2025/apple-harvest-eva/build/ur_robot_driver': AMENT_PREFIX_PATH=/home/imml/git/research_2025/apple-harvest-eva/install/ur_controllers:/home/imml/git/research_2025/apple-harvest-eva/install/ur_description:/home/imml/git/research_2025/apple-harvest-eva/install/ur_dashboard_msgs:${AMENT_PREFIX_PATH} CMAKE_PREFIX_PATH=/home/imml/git/research_2025/apple-harvest-eva/install/ur_controllers:/home/imml/git/research_2025/apple-harvest-eva/install/ur_description:/home/imml/git/research_2025/apple-harvest-eva/install/ur_dashboard_msgs:/opt/ros/humble LD_LIBRARY_PATH=/home/imml/git/research_2025/apple-harvest-eva/install/ur_controllers/lib:/home/imml/git/research_2025/apple-harvest-eva/install/ur_dashboard_msgs/lib:${LD_LIBRARY_PATH} PYTHONPATH=/home/imml/git/research_2025/apple-harvest-eva/install/ur_dashboard_msgs/local/lib/python3.10/dist-packages:${PYTHONPATH} /usr/bin/cmake --build /home/imml/git/research_2025/apple-harvest-eva/build/ur_robot_driver -- -j16 -l16
[1.606s] [35m[1mConsolidate compiler generated dependencies of target urscript_interface[0m
[1.607s] [35m[1mConsolidate compiler generated dependencies of target controller_stopper_node[0m
[1.608s] [35m[1mConsolidate compiler generated dependencies of target dashboard_client[0m
[1.608s] [35m[1mConsolidate compiler generated dependencies of target ur_ros2_control_node[0m
[1.608s] [35m[1mConsolidate compiler generated dependencies of target ur_robot_driver_plugin[0m
[1.634s] [ 20%] Built target controller_stopper_node
[1.634s] [ 33%] Built target urscript_interface
[1.634s] [ 33%] Built target ament_cmake_python_symlink_ur_robot_driver
[1.636s] [ 46%] Built target ur_ros2_control_node
[1.640s] [ 73%] Built target dashboard_client
[1.646s] [100%] Built target ur_robot_driver_plugin
[1.902s] running egg_info
[1.902s] writing ur_robot_driver.egg-info/PKG-INFO
[1.903s] writing dependency_links to ur_robot_driver.egg-info/dependency_links.txt
[1.903s] writing top-level names to ur_robot_driver.egg-info/top_level.txt
[1.905s] reading manifest file 'ur_robot_driver.egg-info/SOURCES.txt'
[1.905s] writing manifest file 'ur_robot_driver.egg-info/SOURCES.txt'
[1.937s] [100%] Built target ament_cmake_python_build_ur_robot_driver_egg
[1.951s] Invoked command in '/home/imml/git/research_2025/apple-harvest-eva/build/ur_robot_driver' returned '0': AMENT_PREFIX_PATH=/home/imml/git/research_2025/apple-harvest-eva/install/ur_controllers:/home/imml/git/research_2025/apple-harvest-eva/install/ur_description:/home/imml/git/research_2025/apple-harvest-eva/install/ur_dashboard_msgs:${AMENT_PREFIX_PATH} CMAKE_PREFIX_PATH=/home/imml/git/research_2025/apple-harvest-eva/install/ur_controllers:/home/imml/git/research_2025/apple-harvest-eva/install/ur_description:/home/imml/git/research_2025/apple-harvest-eva/install/ur_dashboard_msgs:/opt/ros/humble LD_LIBRARY_PATH=/home/imml/git/research_2025/apple-harvest-eva/install/ur_controllers/lib:/home/imml/git/research_2025/apple-harvest-eva/install/ur_dashboard_msgs/lib:${LD_LIBRARY_PATH} PYTHONPATH=/home/imml/git/research_2025/apple-harvest-eva/install/ur_dashboard_msgs/local/lib/python3.10/dist-packages:${PYTHONPATH} /usr/bin/cmake --build /home/imml/git/research_2025/apple-harvest-eva/build/ur_robot_driver -- -j16 -l16
[1.953s] Invoking command in '/home/imml/git/research_2025/apple-harvest-eva/build/ur_robot_driver': AMENT_PREFIX_PATH=/home/imml/git/research_2025/apple-harvest-eva/install/ur_controllers:/home/imml/git/research_2025/apple-harvest-eva/install/ur_description:/home/imml/git/research_2025/apple-harvest-eva/install/ur_dashboard_msgs:${AMENT_PREFIX_PATH} CMAKE_PREFIX_PATH=/home/imml/git/research_2025/apple-harvest-eva/install/ur_controllers:/home/imml/git/research_2025/apple-harvest-eva/install/ur_description:/home/imml/git/research_2025/apple-harvest-eva/install/ur_dashboard_msgs:/opt/ros/humble LD_LIBRARY_PATH=/home/imml/git/research_2025/apple-harvest-eva/install/ur_controllers/lib:/home/imml/git/research_2025/apple-harvest-eva/install/ur_dashboard_msgs/lib:${LD_LIBRARY_PATH} PYTHONPATH=/home/imml/git/research_2025/apple-harvest-eva/install/ur_dashboard_msgs/local/lib/python3.10/dist-packages:${PYTHONPATH} /usr/bin/cmake --install /home/imml/git/research_2025/apple-harvest-eva/build/ur_robot_driver
[1.960s] -- Install configuration: "RelWithDebInfo"
[1.961s] -- Execute custom install script
[1.961s] -- Up-to-date symlink: /home/imml/git/research_2025/apple-harvest-eva/install/ur_robot_driver/share/ur_robot_driver//hardware_interface_plugin.xml
[1.962s] -- Up-to-date symlink: /home/imml/git/research_2025/apple-harvest-eva/install/ur_robot_driver/lib/ur_robot_driver/dashboard_client
[1.962s] -- Up-to-date symlink: /home/imml/git/research_2025/apple-harvest-eva/install/ur_robot_driver/lib/ur_robot_driver/ur_ros2_control_node
[1.962s] -- Up-to-date symlink: /home/imml/git/research_2025/apple-harvest-eva/install/ur_robot_driver/lib/ur_robot_driver/controller_stopper_node
[1.962s] -- Up-to-date symlink: /home/imml/git/research_2025/apple-harvest-eva/install/ur_robot_driver/lib/ur_robot_driver/urscript_interface
[1.963s] -- Up-to-date symlink: /home/imml/git/research_2025/apple-harvest-eva/install/ur_robot_driver/lib/libur_robot_driver_plugin.so
[1.963s] -- Up-to-date symlink: /home/imml/git/research_2025/apple-harvest-eva/install/ur_robot_driver/include/ur_robot_driver/controller_stopper.hpp
[1.963s] -- Up-to-date symlink: /home/imml/git/research_2025/apple-harvest-eva/install/ur_robot_driver/include/ur_robot_driver/dashboard_client_ros.hpp
[1.963s] -- Up-to-date symlink: /home/imml/git/research_2025/apple-harvest-eva/install/ur_robot_driver/include/ur_robot_driver/hardware_interface.hpp
[1.963s] -- Up-to-date symlink: /home/imml/git/research_2025/apple-harvest-eva/install/ur_robot_driver/include/ur_robot_driver/urcl_log_handler.hpp
[1.964s] -- Up-to-date symlink: /home/imml/git/research_2025/apple-harvest-eva/install/ur_robot_driver/share/ur_robot_driver/environment/library_path.sh
[1.964s] -- Up-to-date symlink: /home/imml/git/research_2025/apple-harvest-eva/install/ur_robot_driver/share/ur_robot_driver/environment/library_path.dsv
[1.964s] -- Up-to-date symlink: /home/imml/git/research_2025/apple-harvest-eva/install/ur_robot_driver/include/ur_robot_driver/controller_stopper.hpp
[1.964s] -- Up-to-date symlink: /home/imml/git/research_2025/apple-harvest-eva/install/ur_robot_driver/include/ur_robot_driver/dashboard_client_ros.hpp
[1.964s] -- Up-to-date symlink: /home/imml/git/research_2025/apple-harvest-eva/install/ur_robot_driver/include/ur_robot_driver/hardware_interface.hpp
[1.965s] -- Up-to-date symlink: /home/imml/git/research_2025/apple-harvest-eva/install/ur_robot_driver/include/ur_robot_driver/urcl_log_handler.hpp
[1.965s] -- Up-to-date symlink: /home/imml/git/research_2025/apple-harvest-eva/install/ur_robot_driver/share/ur_robot_driver/environment/pythonpath.sh
[1.965s] -- Up-to-date symlink: /home/imml/git/research_2025/apple-harvest-eva/install/ur_robot_driver/share/ur_robot_driver/environment/pythonpath.dsv
[1.965s] -- Up-to-date symlink: /home/imml/git/research_2025/apple-harvest-eva/install/ur_robot_driver/local/lib/python3.10/dist-packages/ur_robot_driver-2.2.15-py3.10.egg-info/PKG-INFO
[1.965s] -- Up-to-date symlink: /home/imml/git/research_2025/apple-harvest-eva/install/ur_robot_driver/local/lib/python3.10/dist-packages/ur_robot_driver-2.2.15-py3.10.egg-info/SOURCES.txt
[1.965s] -- Up-to-date symlink: /home/imml/git/research_2025/apple-harvest-eva/install/ur_robot_driver/local/lib/python3.10/dist-packages/ur_robot_driver-2.2.15-py3.10.egg-info/dependency_links.txt
[1.966s] -- Up-to-date symlink: /home/imml/git/research_2025/apple-harvest-eva/install/ur_robot_driver/local/lib/python3.10/dist-packages/ur_robot_driver-2.2.15-py3.10.egg-info/top_level.txt
[1.966s] -- Up-to-date symlink: /home/imml/git/research_2025/apple-harvest-eva/install/ur_robot_driver/local/lib/python3.10/dist-packages/ur_robot_driver/__init__.py
[1.966s] -- Up-to-date symlink: /home/imml/git/research_2025/apple-harvest-eva/install/ur_robot_driver/lib/ur_robot_driver/tool_communication.py
[1.966s] -- Up-to-date symlink: /home/imml/git/research_2025/apple-harvest-eva/install/ur_robot_driver/bin/wait_dashboard_server.sh
[1.966s] -- Up-to-date symlink: /home/imml/git/research_2025/apple-harvest-eva/install/ur_robot_driver/lib/ur_robot_driver/start_ursim.sh
[1.967s] -- Up-to-date symlink: /home/imml/git/research_2025/apple-harvest-eva/install/ur_robot_driver/share/ur_robot_driver/config/test_goal_publishers_config.yaml
[1.967s] -- Up-to-date symlink: /home/imml/git/research_2025/apple-harvest-eva/install/ur_robot_driver/share/ur_robot_driver/config/test_velocity_goal_publishers_config.yaml
[1.967s] -- Up-to-date symlink: /home/imml/git/research_2025/apple-harvest-eva/install/ur_robot_driver/share/ur_robot_driver/config/ur10_update_rate.yaml
[1.967s] -- Up-to-date symlink: /home/imml/git/research_2025/apple-harvest-eva/install/ur_robot_driver/share/ur_robot_driver/config/ur10e_update_rate.yaml
[1.967s] -- Up-to-date symlink: /home/imml/git/research_2025/apple-harvest-eva/install/ur_robot_driver/share/ur_robot_driver/config/ur16e_update_rate.yaml
[1.967s] -- Up-to-date symlink: /home/imml/git/research_2025/apple-harvest-eva/install/ur_robot_driver/share/ur_robot_driver/config/ur20_update_rate.yaml
[1.967s] -- Up-to-date symlink: /home/imml/git/research_2025/apple-harvest-eva/install/ur_robot_driver/share/ur_robot_driver/config/ur30_update_rate.yaml
[1.967s] -- Up-to-date symlink: /home/imml/git/research_2025/apple-harvest-eva/install/ur_robot_driver/share/ur_robot_driver/config/ur3_update_rate.yaml
[1.967s] -- Up-to-date symlink: /home/imml/git/research_2025/apple-harvest-eva/install/ur_robot_driver/share/ur_robot_driver/config/ur3e_update_rate.yaml
[1.968s] -- Up-to-date symlink: /home/imml/git/research_2025/apple-harvest-eva/install/ur_robot_driver/share/ur_robot_driver/config/ur5_update_rate.yaml
[1.968s] -- Up-to-date symlink: /home/imml/git/research_2025/apple-harvest-eva/install/ur_robot_driver/share/ur_robot_driver/config/ur5e_update_rate.yaml
[1.968s] -- Up-to-date symlink: /home/imml/git/research_2025/apple-harvest-eva/install/ur_robot_driver/share/ur_robot_driver/config/ur_controllers.yaml
[1.968s] -- Up-to-date symlink: /home/imml/git/research_2025/apple-harvest-eva/install/ur_robot_driver/share/ur_robot_driver/launch/test_forward_velocity_controller.launch.py
[1.968s] -- Up-to-date symlink: /home/imml/git/research_2025/apple-harvest-eva/install/ur_robot_driver/share/ur_robot_driver/launch/test_joint_trajectory_controller.launch.py
[1.969s] -- Up-to-date symlink: /home/imml/git/research_2025/apple-harvest-eva/install/ur_robot_driver/share/ur_robot_driver/launch/test_scaled_joint_trajectory_controller.launch.py
[1.969s] -- Up-to-date symlink: /home/imml/git/research_2025/apple-harvest-eva/install/ur_robot_driver/share/ur_robot_driver/launch/ur10.launch.py
[1.969s] -- Up-to-date symlink: /home/imml/git/research_2025/apple-harvest-eva/install/ur_robot_driver/share/ur_robot_driver/launch/ur10e.launch.py
[1.969s] -- Up-to-date symlink: /home/imml/git/research_2025/apple-harvest-eva/install/ur_robot_driver/share/ur_robot_driver/launch/ur16e.launch.py
[1.969s] -- Up-to-date symlink: /home/imml/git/research_2025/apple-harvest-eva/install/ur_robot_driver/share/ur_robot_driver/launch/ur20.launch.py
[1.969s] -- Up-to-date symlink: /home/imml/git/research_2025/apple-harvest-eva/install/ur_robot_driver/share/ur_robot_driver/launch/ur3.launch.py
[1.969s] -- Up-to-date symlink: /home/imml/git/research_2025/apple-harvest-eva/install/ur_robot_driver/share/ur_robot_driver/launch/ur30.launch.py
[1.969s] -- Up-to-date symlink: /home/imml/git/research_2025/apple-harvest-eva/install/ur_robot_driver/share/ur_robot_driver/launch/ur3e.launch.py
[1.970s] -- Up-to-date symlink: /home/imml/git/research_2025/apple-harvest-eva/install/ur_robot_driver/share/ur_robot_driver/launch/ur5.launch.py
[1.970s] -- Up-to-date symlink: /home/imml/git/research_2025/apple-harvest-eva/install/ur_robot_driver/share/ur_robot_driver/launch/ur5e.launch.py
[1.970s] -- Up-to-date symlink: /home/imml/git/research_2025/apple-harvest-eva/install/ur_robot_driver/share/ur_robot_driver/launch/ur_control.launch.py
[1.970s] -- Up-to-date symlink: /home/imml/git/research_2025/apple-harvest-eva/install/ur_robot_driver/share/ur_robot_driver/launch/ur_control_custom_hw.launch.py
[1.970s] -- Up-to-date symlink: /home/imml/git/research_2025/apple-harvest-eva/install/ur_robot_driver/share/ur_robot_driver/launch/ur_dashboard_client.launch.py
[1.970s] -- Up-to-date symlink: /home/imml/git/research_2025/apple-harvest-eva/install/ur_robot_driver/share/ament_index/resource_index/package_run_dependencies/ur_robot_driver
[1.970s] -- Up-to-date symlink: /home/imml/git/research_2025/apple-harvest-eva/install/ur_robot_driver/share/ament_index/resource_index/parent_prefix_path/ur_robot_driver
[1.970s] -- Up-to-date symlink: /home/imml/git/research_2025/apple-harvest-eva/install/ur_robot_driver/share/ur_robot_driver/environment/ament_prefix_path.sh
[1.971s] -- Up-to-date symlink: /home/imml/git/research_2025/apple-harvest-eva/install/ur_robot_driver/share/ur_robot_driver/environment/ament_prefix_path.dsv
[1.971s] -- Up-to-date symlink: /home/imml/git/research_2025/apple-harvest-eva/install/ur_robot_driver/share/ur_robot_driver/environment/path.sh
[1.971s] -- Up-to-date symlink: /home/imml/git/research_2025/apple-harvest-eva/install/ur_robot_driver/share/ur_robot_driver/environment/path.dsv
[1.971s] -- Up-to-date symlink: /home/imml/git/research_2025/apple-harvest-eva/install/ur_robot_driver/share/ur_robot_driver/local_setup.bash
[1.971s] -- Up-to-date symlink: /home/imml/git/research_2025/apple-harvest-eva/install/ur_robot_driver/share/ur_robot_driver/local_setup.sh
[1.971s] -- Up-to-date symlink: /home/imml/git/research_2025/apple-harvest-eva/install/ur_robot_driver/share/ur_robot_driver/local_setup.zsh
[1.971s] -- Up-to-date symlink: /home/imml/git/research_2025/apple-harvest-eva/install/ur_robot_driver/share/ur_robot_driver/local_setup.dsv
[1.972s] -- Symlinking: /home/imml/git/research_2025/apple-harvest-eva/install/ur_robot_driver/share/ur_robot_driver/package.dsv
[1.982s] -- Up-to-date symlink: /home/imml/git/research_2025/apple-harvest-eva/install/ur_robot_driver/share/ament_index/resource_index/packages/ur_robot_driver
[1.982s] -- Up-to-date symlink: /home/imml/git/research_2025/apple-harvest-eva/install/ur_robot_driver/share/ament_index/resource_index/hardware_interface__pluginlib__plugin/ur_robot_driver
[1.982s] -- Up-to-date symlink: /home/imml/git/research_2025/apple-harvest-eva/install/ur_robot_driver/share/ur_robot_driver/cmake/ament_cmake_export_include_directories-extras.cmake
[1.983s] -- Up-to-date symlink: /home/imml/git/research_2025/apple-harvest-eva/install/ur_robot_driver/share/ur_robot_driver/cmake/ament_cmake_export_libraries-extras.cmake
[1.983s] -- Up-to-date symlink: /home/imml/git/research_2025/apple-harvest-eva/install/ur_robot_driver/share/ur_robot_driver/cmake/ament_cmake_export_dependencies-extras.cmake
[1.983s] -- Up-to-date symlink: /home/imml/git/research_2025/apple-harvest-eva/install/ur_robot_driver/share/ur_robot_driver/cmake/ur_robot_driverConfig.cmake
[1.983s] -- Up-to-date symlink: /home/imml/git/research_2025/apple-harvest-eva/install/ur_robot_driver/share/ur_robot_driver/cmake/ur_robot_driverConfig-version.cmake
[1.983s] -- Up-to-date symlink: /home/imml/git/research_2025/apple-harvest-eva/install/ur_robot_driver/share/ur_robot_driver/package.xml
[1.983s] -- Up-to-date: /home/imml/git/research_2025/apple-harvest-eva/install/ur_robot_driver/share/ur_robot_driver/resources
[1.983s] -- Up-to-date: /home/imml/git/research_2025/apple-harvest-eva/install/ur_robot_driver/share/ur_robot_driver/resources/externalcontrol-1.0.5.urcap
[1.983s] -- Up-to-date: /home/imml/git/research_2025/apple-harvest-eva/install/ur_robot_driver/share/ur_robot_driver/resources/rtde_input_recipe.txt
[1.984s] -- Up-to-date: /home/imml/git/research_2025/apple-harvest-eva/install/ur_robot_driver/share/ur_robot_driver/resources/rtde_output_recipe.txt
[1.984s] -- Up-to-date: /home/imml/git/research_2025/apple-harvest-eva/install/ur_robot_driver/share/ur_robot_driver/resources/ros_control.urscript
[1.984s] -- Up-to-date: /home/imml/git/research_2025/apple-harvest-eva/install/ur_robot_driver/share/ur_robot_driver/resources/rs485-1.0.urcap
[2.014s] Listing '/home/imml/git/research_2025/apple-harvest-eva/install/ur_robot_driver/local/lib/python3.10/dist-packages/ur_robot_driver'...
[2.027s] Invoked command in '/home/imml/git/research_2025/apple-harvest-eva/build/ur_robot_driver' returned '0': AMENT_PREFIX_PATH=/home/imml/git/research_2025/apple-harvest-eva/install/ur_controllers:/home/imml/git/research_2025/apple-harvest-eva/install/ur_description:/home/imml/git/research_2025/apple-harvest-eva/install/ur_dashboard_msgs:${AMENT_PREFIX_PATH} CMAKE_PREFIX_PATH=/home/imml/git/research_2025/apple-harvest-eva/install/ur_controllers:/home/imml/git/research_2025/apple-harvest-eva/install/ur_description:/home/imml/git/research_2025/apple-harvest-eva/install/ur_dashboard_msgs:/opt/ros/humble LD_LIBRARY_PATH=/home/imml/git/research_2025/apple-harvest-eva/install/ur_controllers/lib:/home/imml/git/research_2025/apple-harvest-eva/install/ur_dashboard_msgs/lib:${LD_LIBRARY_PATH} PYTHONPATH=/home/imml/git/research_2025/apple-harvest-eva/install/ur_dashboard_msgs/local/lib/python3.10/dist-packages:${PYTHONPATH} /usr/bin/cmake --install /home/imml/git/research_2025/apple-harvest-eva/build/ur_robot_driver
