[0.011s] Invoking command in '/home/imml/git/research_2025/apple-harvest-eva/build/ur_controllers': AMENT_PREFIX_PATH=/home/imml/git/research_2025/apple-harvest-eva/install/ur_dashboard_msgs:${AMENT_PREFIX_PATH} CMAKE_PREFIX_PATH=/home/imml/git/research_2025/apple-harvest-eva/install/ur_dashboard_msgs:/opt/ros/humble LD_LIBRARY_PATH=/home/imml/git/research_2025/apple-harvest-eva/install/ur_dashboard_msgs/lib:${LD_LIBRARY_PATH} PYTHONPATH=/home/imml/git/research_2025/apple-harvest-eva/install/ur_dashboard_msgs/local/lib/python3.10/dist-packages:${PYTHONPATH} /usr/bin/cmake /home/imml/git/research_2025/apple-harvest-eva/harvest_hardware/Universal_Robots_ROS2_Driver/ur_controllers -DCMAKE_INSTALL_PREFIX=/home/imml/git/research_2025/apple-harvest-eva/install/ur_controllers
[0.025s] -- Found ament_cmake: 1.3.11 (/opt/ros/humble/share/ament_cmake/cmake)
[0.167s] -- Override CMake install command with custom implementation using symlinks instead of copying resources
[0.174s] -- Found angles: 1.15.0 (/opt/ros/humble/share/angles/cmake)
[0.176s] -- Found controller_interface: 2.51.0 (/opt/ros/humble/share/controller_interface/cmake)
[0.203s] -- Found rosidl_generator_c: 3.1.6 (/opt/ros/humble/share/rosidl_generator_c/cmake)
[0.206s] -- Found rosidl_adapter: 3.1.6 (/opt/ros/humble/share/rosidl_adapter/cmake)
[0.211s] -- Found rosidl_generator_cpp: 3.1.6 (/opt/ros/humble/share/rosidl_generator_cpp/cmake)
[0.219s] -- Using all available rosidl_typesupport_c: rosidl_typesupport_fastrtps_c;rosidl_typesupport_introspection_c
[0.234s] -- Using all available rosidl_typesupport_cpp: rosidl_typesupport_fastrtps_cpp;rosidl_typesupport_introspection_cpp
[0.434s] -- Found rmw_implementation_cmake: 6.1.2 (/opt/ros/humble/share/rmw_implementation_cmake/cmake)
[0.436s] -- Found rmw_fastrtps_cpp: 6.2.7 (/opt/ros/humble/share/rmw_fastrtps_cpp/cmake)
[0.456s] -- Found TinyXML2 via Config file: TinyXML2_DIR-NOTFOUND
[0.467s] -- Found TinyXML2 via Config file: TinyXML2_DIR-NOTFOUND
[0.486s] -- Found TinyXML2 via Config file: TinyXML2_DIR-NOTFOUND
[0.496s] -- Found TinyXML2 via Config file: TinyXML2_DIR-NOTFOUND
[0.508s] -- Using RMW implementation 'rmw_fastrtps_cpp' as default
[0.564s] -- Found joint_trajectory_controller: 2.47.0 (/opt/ros/humble/share/joint_trajectory_controller/cmake)
[0.627s] -- Found std_srvs: 4.9.0 (/opt/ros/humble/share/std_srvs/cmake)
[0.635s] -- Found ur_dashboard_msgs: 2.2.15 (/home/imml/git/research_2025/apple-harvest-eva/install/ur_dashboard_msgs/share/ur_dashboard_msgs/cmake)
[0.655s] -- Found ur_msgs: 2.2.0 (/opt/ros/humble/share/ur_msgs/cmake)
[0.800s] -- Configuring done
[0.851s] -- Generating done
[0.861s] -- Build files have been written to: /home/imml/git/research_2025/apple-harvest-eva/build/ur_controllers
[1.035s] Invoked command in '/home/imml/git/research_2025/apple-harvest-eva/build/ur_controllers' returned '0': AMENT_PREFIX_PATH=/home/imml/git/research_2025/apple-harvest-eva/install/ur_dashboard_msgs:${AMENT_PREFIX_PATH} CMAKE_PREFIX_PATH=/home/imml/git/research_2025/apple-harvest-eva/install/ur_dashboard_msgs:/opt/ros/humble LD_LIBRARY_PATH=/home/imml/git/research_2025/apple-harvest-eva/install/ur_dashboard_msgs/lib:${LD_LIBRARY_PATH} PYTHONPATH=/home/imml/git/research_2025/apple-harvest-eva/install/ur_dashboard_msgs/local/lib/python3.10/dist-packages:${PYTHONPATH} /usr/bin/cmake /home/imml/git/research_2025/apple-harvest-eva/harvest_hardware/Universal_Robots_ROS2_Driver/ur_controllers -DCMAKE_INSTALL_PREFIX=/home/imml/git/research_2025/apple-harvest-eva/install/ur_controllers
[1.037s] Invoking command in '/home/imml/git/research_2025/apple-harvest-eva/build/ur_controllers': AMENT_PREFIX_PATH=/home/imml/git/research_2025/apple-harvest-eva/install/ur_dashboard_msgs:${AMENT_PREFIX_PATH} CMAKE_PREFIX_PATH=/home/imml/git/research_2025/apple-harvest-eva/install/ur_dashboard_msgs:/opt/ros/humble LD_LIBRARY_PATH=/home/imml/git/research_2025/apple-harvest-eva/install/ur_dashboard_msgs/lib:${LD_LIBRARY_PATH} PYTHONPATH=/home/imml/git/research_2025/apple-harvest-eva/install/ur_dashboard_msgs/local/lib/python3.10/dist-packages:${PYTHONPATH} /usr/bin/cmake --build /home/imml/git/research_2025/apple-harvest-eva/build/ur_controllers -- -j16 -l16
[1.126s] [ 20%] Built target gpio_controller_parameters
[1.132s] [ 40%] Built target speed_scaling_state_broadcaster_parameters
[1.137s] [ 60%] Built target scaled_joint_trajectory_controller_parameters
[1.160s] [35m[1mConsolidate compiler generated dependencies of target ur_controllers[0m
[1.198s] [100%] Built target ur_controllers
[1.218s] Invoked command in '/home/imml/git/research_2025/apple-harvest-eva/build/ur_controllers' returned '0': AMENT_PREFIX_PATH=/home/imml/git/research_2025/apple-harvest-eva/install/ur_dashboard_msgs:${AMENT_PREFIX_PATH} CMAKE_PREFIX_PATH=/home/imml/git/research_2025/apple-harvest-eva/install/ur_dashboard_msgs:/opt/ros/humble LD_LIBRARY_PATH=/home/imml/git/research_2025/apple-harvest-eva/install/ur_dashboard_msgs/lib:${LD_LIBRARY_PATH} PYTHONPATH=/home/imml/git/research_2025/apple-harvest-eva/install/ur_dashboard_msgs/local/lib/python3.10/dist-packages:${PYTHONPATH} /usr/bin/cmake --build /home/imml/git/research_2025/apple-harvest-eva/build/ur_controllers -- -j16 -l16
[1.220s] Invoking command in '/home/imml/git/research_2025/apple-harvest-eva/build/ur_controllers': AMENT_PREFIX_PATH=/home/imml/git/research_2025/apple-harvest-eva/install/ur_dashboard_msgs:${AMENT_PREFIX_PATH} CMAKE_PREFIX_PATH=/home/imml/git/research_2025/apple-harvest-eva/install/ur_dashboard_msgs:/opt/ros/humble LD_LIBRARY_PATH=/home/imml/git/research_2025/apple-harvest-eva/install/ur_dashboard_msgs/lib:${LD_LIBRARY_PATH} PYTHONPATH=/home/imml/git/research_2025/apple-harvest-eva/install/ur_dashboard_msgs/local/lib/python3.10/dist-packages:${PYTHONPATH} /usr/bin/cmake --install /home/imml/git/research_2025/apple-harvest-eva/build/ur_controllers
[1.229s] -- Install configuration: ""
[1.230s] -- Execute custom install script
[1.230s] -- Up-to-date symlink: /home/imml/git/research_2025/apple-harvest-eva/install/ur_controllers/include/ur_controllers/gpio_controller_parameters.hpp
[1.230s] -- Up-to-date symlink: /home/imml/git/research_2025/apple-harvest-eva/install/ur_controllers/include/ur_controllers/scaled_joint_trajectory_controller_parameters.hpp
[1.231s] -- Up-to-date symlink: /home/imml/git/research_2025/apple-harvest-eva/install/ur_controllers/include/ur_controllers/speed_scaling_state_broadcaster_parameters.hpp
[1.231s] -- Up-to-date symlink: /home/imml/git/research_2025/apple-harvest-eva/install/ur_controllers/include/ur_controllers/gpio_controller_parameters.hpp
[1.231s] -- Up-to-date symlink: /home/imml/git/research_2025/apple-harvest-eva/install/ur_controllers/include/ur_controllers/scaled_joint_trajectory_controller_parameters.hpp
[1.231s] -- Up-to-date symlink: /home/imml/git/research_2025/apple-harvest-eva/install/ur_controllers/include/ur_controllers/speed_scaling_state_broadcaster_parameters.hpp
[1.232s] -- Up-to-date symlink: /home/imml/git/research_2025/apple-harvest-eva/install/ur_controllers/include/ur_controllers/gpio_controller_parameters.hpp
[1.232s] -- Up-to-date symlink: /home/imml/git/research_2025/apple-harvest-eva/install/ur_controllers/include/ur_controllers/scaled_joint_trajectory_controller_parameters.hpp
[1.232s] -- Up-to-date symlink: /home/imml/git/research_2025/apple-harvest-eva/install/ur_controllers/include/ur_controllers/speed_scaling_state_broadcaster_parameters.hpp
[1.232s] -- Up-to-date symlink: /home/imml/git/research_2025/apple-harvest-eva/install/ur_controllers/share/ur_controllers//controller_plugins.xml
[1.232s] -- Up-to-date symlink: /home/imml/git/research_2025/apple-harvest-eva/install/ur_controllers/lib/libur_controllers.so
[1.233s] -- Up-to-date symlink: /home/imml/git/research_2025/apple-harvest-eva/install/ur_controllers/include/ur_controllers/gpio_controller.hpp
[1.233s] -- Up-to-date symlink: /home/imml/git/research_2025/apple-harvest-eva/install/ur_controllers/include/ur_controllers/scaled_joint_trajectory_controller.hpp
[1.233s] -- Up-to-date symlink: /home/imml/git/research_2025/apple-harvest-eva/install/ur_controllers/include/ur_controllers/speed_scaling_state_broadcaster.hpp
[1.233s] -- Up-to-date symlink: /home/imml/git/research_2025/apple-harvest-eva/install/ur_controllers/share/ur_controllers/controller_plugins.xml
[1.233s] -- Up-to-date symlink: /home/imml/git/research_2025/apple-harvest-eva/install/ur_controllers/share/ur_controllers/environment/library_path.sh
[1.234s] -- Up-to-date symlink: /home/imml/git/research_2025/apple-harvest-eva/install/ur_controllers/share/ur_controllers/environment/library_path.dsv
[1.234s] -- Up-to-date symlink: /home/imml/git/research_2025/apple-harvest-eva/install/ur_controllers/share/ament_index/resource_index/package_run_dependencies/ur_controllers
[1.234s] -- Up-to-date symlink: /home/imml/git/research_2025/apple-harvest-eva/install/ur_controllers/share/ament_index/resource_index/parent_prefix_path/ur_controllers
[1.234s] -- Up-to-date symlink: /home/imml/git/research_2025/apple-harvest-eva/install/ur_controllers/share/ur_controllers/environment/ament_prefix_path.sh
[1.234s] -- Up-to-date symlink: /home/imml/git/research_2025/apple-harvest-eva/install/ur_controllers/share/ur_controllers/environment/ament_prefix_path.dsv
[1.234s] -- Up-to-date symlink: /home/imml/git/research_2025/apple-harvest-eva/install/ur_controllers/share/ur_controllers/environment/path.sh
[1.235s] -- Up-to-date symlink: /home/imml/git/research_2025/apple-harvest-eva/install/ur_controllers/share/ur_controllers/environment/path.dsv
[1.235s] -- Up-to-date symlink: /home/imml/git/research_2025/apple-harvest-eva/install/ur_controllers/share/ur_controllers/local_setup.bash
[1.235s] -- Up-to-date symlink: /home/imml/git/research_2025/apple-harvest-eva/install/ur_controllers/share/ur_controllers/local_setup.sh
[1.235s] -- Up-to-date symlink: /home/imml/git/research_2025/apple-harvest-eva/install/ur_controllers/share/ur_controllers/local_setup.zsh
[1.235s] -- Up-to-date symlink: /home/imml/git/research_2025/apple-harvest-eva/install/ur_controllers/share/ur_controllers/local_setup.dsv
[1.235s] -- Symlinking: /home/imml/git/research_2025/apple-harvest-eva/install/ur_controllers/share/ur_controllers/package.dsv
[1.247s] -- Up-to-date symlink: /home/imml/git/research_2025/apple-harvest-eva/install/ur_controllers/share/ament_index/resource_index/packages/ur_controllers
[1.248s] -- Up-to-date symlink: /home/imml/git/research_2025/apple-harvest-eva/install/ur_controllers/share/ament_index/resource_index/controller_interface__pluginlib__plugin/ur_controllers
[1.248s] -- Up-to-date symlink: /home/imml/git/research_2025/apple-harvest-eva/install/ur_controllers/share/ur_controllers/cmake/ament_cmake_export_dependencies-extras.cmake
[1.248s] -- Up-to-date symlink: /home/imml/git/research_2025/apple-harvest-eva/install/ur_controllers/share/ur_controllers/cmake/ament_cmake_export_include_directories-extras.cmake
[1.248s] -- Up-to-date symlink: /home/imml/git/research_2025/apple-harvest-eva/install/ur_controllers/share/ur_controllers/cmake/ament_cmake_export_libraries-extras.cmake
[1.248s] -- Up-to-date symlink: /home/imml/git/research_2025/apple-harvest-eva/install/ur_controllers/share/ur_controllers/cmake/ur_controllersConfig.cmake
[1.248s] -- Up-to-date symlink: /home/imml/git/research_2025/apple-harvest-eva/install/ur_controllers/share/ur_controllers/cmake/ur_controllersConfig-version.cmake
[1.249s] -- Up-to-date symlink: /home/imml/git/research_2025/apple-harvest-eva/install/ur_controllers/share/ur_controllers/package.xml
[1.252s] Invoked command in '/home/imml/git/research_2025/apple-harvest-eva/build/ur_controllers' returned '0': AMENT_PREFIX_PATH=/home/imml/git/research_2025/apple-harvest-eva/install/ur_dashboard_msgs:${AMENT_PREFIX_PATH} CMAKE_PREFIX_PATH=/home/imml/git/research_2025/apple-harvest-eva/install/ur_dashboard_msgs:/opt/ros/humble LD_LIBRARY_PATH=/home/imml/git/research_2025/apple-harvest-eva/install/ur_dashboard_msgs/lib:${LD_LIBRARY_PATH} PYTHONPATH=/home/imml/git/research_2025/apple-harvest-eva/install/ur_dashboard_msgs/local/lib/python3.10/dist-packages:${PYTHONPATH} /usr/bin/cmake --install /home/imml/git/research_2025/apple-harvest-eva/build/ur_controllers
