[0.018s] Invoking command in '/home/imml/git/research_2025/apple-harvest-eva/build/harvest_interfaces': CMAKE_PREFIX_PATH=/opt/ros/humble /usr/bin/cmake /home/imml/git/research_2025/apple-harvest-eva/harvest_interfaces -DCMAKE_INSTALL_PREFIX=/home/imml/git/research_2025/apple-harvest-eva/install/harvest_interfaces
[0.027s] -- Found ament_cmake: 1.3.11 (/opt/ros/humble/share/ament_cmake/cmake)
[0.141s] -- Override CMake install command with custom implementation using symlinks instead of copying resources
[0.147s] -- Found rosidl_default_generators: 1.2.0 (/opt/ros/humble/share/rosidl_default_generators/cmake)
[0.148s] -- Using all available rosidl_typesupport_c: rosidl_typesupport_fastrtps_c;rosidl_typesupport_introspection_c
[0.151s] -- Found rosidl_adapter: 3.1.6 (/opt/ros/humble/share/rosidl_adapter/cmake)
[0.179s] -- Using all available rosidl_typesupport_cpp: rosidl_typesupport_fastrtps_cpp;rosidl_typesupport_introspection_cpp
[0.200s] -- Found std_msgs: 4.9.0 (/opt/ros/humble/share/std_msgs/cmake)
[0.218s] -- Found std_srvs: 4.9.0 (/opt/ros/humble/share/std_srvs/cmake)
[0.227s] -- Found tf2_ros: 0.25.13 (/opt/ros/humble/share/tf2_ros/cmake)
[0.266s] -- Found rmw_implementation_cmake: 6.1.2 (/opt/ros/humble/share/rmw_implementation_cmake/cmake)
[0.267s] -- Found rmw_fastrtps_cpp: 6.2.7 (/opt/ros/humble/share/rmw_fastrtps_cpp/cmake)
[0.372s] -- Using RMW implementation 'rmw_fastrtps_cpp' as default
[0.844s] -- Found ament_cmake_ros: 0.10.0 (/opt/ros/humble/share/ament_cmake_ros/cmake)
[1.076s] -- Using all available rosidl_typesupport_c: rosidl_typesupport_fastrtps_c;rosidl_typesupport_introspection_c
[1.439s] -- Using all available rosidl_typesupport_cpp: rosidl_typesupport_fastrtps_cpp;rosidl_typesupport_introspection_cpp
[1.472s] -- Found python_cmake_module: 0.10.0 (/opt/ros/humble/share/python_cmake_module/cmake)
[1.505s] -- Using PYTHON_EXECUTABLE: /usr/bin/python3
[1.505s] -- Using PYTHON_INCLUDE_DIRS: /usr/include/python3.10
[1.505s] -- Using PYTHON_LIBRARIES: /usr/lib/x86_64-linux-gnu/libpython3.10.so
[1.559s] -- Found ament_lint_auto: 0.12.12 (/opt/ros/humble/share/ament_lint_auto/cmake)
[1.570s] -- Added test 'lint_cmake' to check CMake code style
[1.572s] -- Added test 'xmllint' to check XML markup files
[1.576s] -- Configuring done
[1.661s] -- Generating done
[1.679s] -- Build files have been written to: /home/imml/git/research_2025/apple-harvest-eva/build/harvest_interfaces
[1.694s] Invoked command in '/home/imml/git/research_2025/apple-harvest-eva/build/harvest_interfaces' returned '0': CMAKE_PREFIX_PATH=/opt/ros/humble /usr/bin/cmake /home/imml/git/research_2025/apple-harvest-eva/harvest_interfaces -DCMAKE_INSTALL_PREFIX=/home/imml/git/research_2025/apple-harvest-eva/install/harvest_interfaces
[1.696s] Invoking command in '/home/imml/git/research_2025/apple-harvest-eva/build/harvest_interfaces': CMAKE_PREFIX_PATH=/opt/ros/humble /usr/bin/cmake --build /home/imml/git/research_2025/apple-harvest-eva/build/harvest_interfaces -- -j16 -l16
[1.751s] [35m[1mConsolidate compiler generated dependencies of target harvest_interfaces__rosidl_generator_c[0m
[1.763s] [  0%] Built target harvest_interfaces__cpp
[1.773s] [ 12%] Built target harvest_interfaces__rosidl_generator_c
[1.774s] [ 12%] Built target ament_cmake_python_symlink_harvest_interfaces
[1.780s] [35m[1mConsolidate compiler generated dependencies of target harvest_interfaces__rosidl_typesupport_fastrtps_cpp[0m
[1.781s] [35m[1mConsolidate compiler generated dependencies of target harvest_interfaces__rosidl_typesupport_cpp[0m
[1.782s] [35m[1mConsolidate compiler generated dependencies of target harvest_interfaces__rosidl_typesupport_introspection_cpp[0m
[1.789s] [35m[1mConsolidate compiler generated dependencies of target harvest_interfaces__rosidl_typesupport_c[0m
[1.791s] [35m[1mConsolidate compiler generated dependencies of target harvest_interfaces__rosidl_typesupport_introspection_c[0m
[1.792s] [35m[1mConsolidate compiler generated dependencies of target harvest_interfaces__rosidl_typesupport_fastrtps_c[0m
[1.814s] [ 24%] Built target harvest_interfaces__rosidl_typesupport_c
[1.815s] [ 47%] Built target harvest_interfaces__rosidl_typesupport_introspection_cpp
[1.815s] [ 48%] Built target harvest_interfaces__rosidl_typesupport_cpp
[1.817s] [ 60%] Built target harvest_interfaces__rosidl_typesupport_introspection_c
[1.825s] [ 71%] Built target harvest_interfaces__rosidl_typesupport_fastrtps_cpp
[1.829s] [ 83%] Built target harvest_interfaces__rosidl_typesupport_fastrtps_c
[1.852s] [ 83%] Built target harvest_interfaces
[1.876s] [ 84%] Built target harvest_interfaces__py
[1.891s] [35m[1mConsolidate compiler generated dependencies of target harvest_interfaces__rosidl_generator_py[0m
[1.914s] [ 95%] Built target harvest_interfaces__rosidl_generator_py
[1.926s] [35m[1mConsolidate compiler generated dependencies of target harvest_interfaces__rosidl_typesupport_introspection_c__pyext[0m
[1.926s] [35m[1mConsolidate compiler generated dependencies of target harvest_interfaces__rosidl_typesupport_fastrtps_c__pyext[0m
[1.928s] [35m[1mConsolidate compiler generated dependencies of target harvest_interfaces__rosidl_typesupport_c__pyext[0m
[1.941s] [ 97%] Built target harvest_interfaces__rosidl_typesupport_fastrtps_c__pyext
[1.943s] [ 99%] Built target harvest_interfaces__rosidl_typesupport_c__pyext
[1.943s] [100%] Built target harvest_interfaces__rosidl_typesupport_introspection_c__pyext
[2.067s] running egg_info
[2.068s] writing harvest_interfaces.egg-info/PKG-INFO
[2.068s] writing dependency_links to harvest_interfaces.egg-info/dependency_links.txt
[2.069s] writing top-level names to harvest_interfaces.egg-info/top_level.txt
[2.073s] reading manifest file 'harvest_interfaces.egg-info/SOURCES.txt'
[2.073s] writing manifest file 'harvest_interfaces.egg-info/SOURCES.txt'
[2.129s] [100%] Built target ament_cmake_python_build_harvest_interfaces_egg
[2.146s] Invoked command in '/home/imml/git/research_2025/apple-harvest-eva/build/harvest_interfaces' returned '0': CMAKE_PREFIX_PATH=/opt/ros/humble /usr/bin/cmake --build /home/imml/git/research_2025/apple-harvest-eva/build/harvest_interfaces -- -j16 -l16
[2.148s] Invoking command in '/home/imml/git/research_2025/apple-harvest-eva/build/harvest_interfaces': CMAKE_PREFIX_PATH=/opt/ros/humble /usr/bin/cmake --install /home/imml/git/research_2025/apple-harvest-eva/build/harvest_interfaces
[2.161s] -- Install configuration: ""
[2.162s] -- Execute custom install script
[2.162s] -- Up-to-date symlink: /home/imml/git/research_2025/apple-harvest-eva/install/harvest_interfaces/share/ament_index/resource_index/rosidl_interfaces/harvest_interfaces
[2.163s] -- Up-to-date symlink: /home/imml/git/research_2025/apple-harvest-eva/install/harvest_interfaces/include/harvest_interfaces/harvest_interfaces/action/detail/event_detection__functions.h
[2.163s] -- Up-to-date symlink: /home/imml/git/research_2025/apple-harvest-eva/install/harvest_interfaces/include/harvest_interfaces/harvest_interfaces/action/detail/event_detection__struct.h
[2.164s] -- Up-to-date symlink: /home/imml/git/research_2025/apple-harvest-eva/install/harvest_interfaces/include/harvest_interfaces/harvest_interfaces/action/detail/event_detection__type_support.h
[2.164s] -- Up-to-date symlink: /home/imml/git/research_2025/apple-harvest-eva/install/harvest_interfaces/include/harvest_interfaces/harvest_interfaces/action/detail/send_trajectory__functions.h
[2.164s] -- Up-to-date symlink: /home/imml/git/research_2025/apple-harvest-eva/install/harvest_interfaces/include/harvest_interfaces/harvest_interfaces/action/detail/send_trajectory__struct.h
[2.164s] -- Up-to-date symlink: /home/imml/git/research_2025/apple-harvest-eva/install/harvest_interfaces/include/harvest_interfaces/harvest_interfaces/action/detail/send_trajectory__type_support.h
[2.164s] -- Up-to-date symlink: /home/imml/git/research_2025/apple-harvest-eva/install/harvest_interfaces/include/harvest_interfaces/harvest_interfaces/action/event_detection.h
[2.165s] -- Up-to-date symlink: /home/imml/git/research_2025/apple-harvest-eva/install/harvest_interfaces/include/harvest_interfaces/harvest_interfaces/action/send_trajectory.h
[2.165s] -- Up-to-date symlink: /home/imml/git/research_2025/apple-harvest-eva/install/harvest_interfaces/include/harvest_interfaces/harvest_interfaces/msg/rosidl_generator_c__visibility_control.h
[2.165s] -- Up-to-date symlink: /home/imml/git/research_2025/apple-harvest-eva/install/harvest_interfaces/include/harvest_interfaces/harvest_interfaces/srv/apple_prediction.h
[2.165s] -- Up-to-date symlink: /home/imml/git/research_2025/apple-harvest-eva/install/harvest_interfaces/include/harvest_interfaces/harvest_interfaces/srv/coordinate_to_trajectory.h
[2.165s] -- Up-to-date symlink: /home/imml/git/research_2025/apple-harvest-eva/install/harvest_interfaces/include/harvest_interfaces/harvest_interfaces/srv/detail/apple_prediction__functions.h
[2.166s] -- Up-to-date symlink: /home/imml/git/research_2025/apple-harvest-eva/install/harvest_interfaces/include/harvest_interfaces/harvest_interfaces/srv/detail/apple_prediction__struct.h
[2.166s] -- Up-to-date symlink: /home/imml/git/research_2025/apple-harvest-eva/install/harvest_interfaces/include/harvest_interfaces/harvest_interfaces/srv/detail/apple_prediction__type_support.h
[2.166s] -- Up-to-date symlink: /home/imml/git/research_2025/apple-harvest-eva/install/harvest_interfaces/include/harvest_interfaces/harvest_interfaces/srv/detail/coordinate_to_trajectory__functions.h
[2.166s] -- Up-to-date symlink: /home/imml/git/research_2025/apple-harvest-eva/install/harvest_interfaces/include/harvest_interfaces/harvest_interfaces/srv/detail/coordinate_to_trajectory__struct.h
[2.166s] -- Up-to-date symlink: /home/imml/git/research_2025/apple-harvest-eva/install/harvest_interfaces/include/harvest_interfaces/harvest_interfaces/srv/detail/coordinate_to_trajectory__type_support.h
[2.167s] -- Up-to-date symlink: /home/imml/git/research_2025/apple-harvest-eva/install/harvest_interfaces/include/harvest_interfaces/harvest_interfaces/srv/detail/get_gripper_pose__functions.h
[2.167s] -- Up-to-date symlink: /home/imml/git/research_2025/apple-harvest-eva/install/harvest_interfaces/include/harvest_interfaces/harvest_interfaces/srv/detail/get_gripper_pose__struct.h
[2.167s] -- Up-to-date symlink: /home/imml/git/research_2025/apple-harvest-eva/install/harvest_interfaces/include/harvest_interfaces/harvest_interfaces/srv/detail/get_gripper_pose__type_support.h
[2.167s] -- Up-to-date symlink: /home/imml/git/research_2025/apple-harvest-eva/install/harvest_interfaces/include/harvest_interfaces/harvest_interfaces/srv/detail/move_to_pose__functions.h
[2.168s] -- Up-to-date symlink: /home/imml/git/research_2025/apple-harvest-eva/install/harvest_interfaces/include/harvest_interfaces/harvest_interfaces/srv/detail/move_to_pose__struct.h
[2.168s] -- Up-to-date symlink: /home/imml/git/research_2025/apple-harvest-eva/install/harvest_interfaces/include/harvest_interfaces/harvest_interfaces/srv/detail/move_to_pose__type_support.h
[2.168s] -- Up-to-date symlink: /home/imml/git/research_2025/apple-harvest-eva/install/harvest_interfaces/include/harvest_interfaces/harvest_interfaces/srv/detail/record_topics__functions.h
[2.168s] -- Up-to-date symlink: /home/imml/git/research_2025/apple-harvest-eva/install/harvest_interfaces/include/harvest_interfaces/harvest_interfaces/srv/detail/record_topics__struct.h
[2.168s] -- Up-to-date symlink: /home/imml/git/research_2025/apple-harvest-eva/install/harvest_interfaces/include/harvest_interfaces/harvest_interfaces/srv/detail/record_topics__type_support.h
[2.168s] -- Up-to-date symlink: /home/imml/git/research_2025/apple-harvest-eva/install/harvest_interfaces/include/harvest_interfaces/harvest_interfaces/srv/detail/send_trajectory__functions.h
[2.168s] -- Up-to-date symlink: /home/imml/git/research_2025/apple-harvest-eva/install/harvest_interfaces/include/harvest_interfaces/harvest_interfaces/srv/detail/send_trajectory__struct.h
[2.169s] -- Up-to-date symlink: /home/imml/git/research_2025/apple-harvest-eva/install/harvest_interfaces/include/harvest_interfaces/harvest_interfaces/srv/detail/send_trajectory__type_support.h
[2.169s] -- Up-to-date symlink: /home/imml/git/research_2025/apple-harvest-eva/install/harvest_interfaces/include/harvest_interfaces/harvest_interfaces/srv/detail/set_value__functions.h
[2.169s] -- Up-to-date symlink: /home/imml/git/research_2025/apple-harvest-eva/install/harvest_interfaces/include/harvest_interfaces/harvest_interfaces/srv/detail/set_value__struct.h
[2.169s] -- Up-to-date symlink: /home/imml/git/research_2025/apple-harvest-eva/install/harvest_interfaces/include/harvest_interfaces/harvest_interfaces/srv/detail/set_value__type_support.h
[2.169s] -- Up-to-date symlink: /home/imml/git/research_2025/apple-harvest-eva/install/harvest_interfaces/include/harvest_interfaces/harvest_interfaces/srv/detail/trajectory_between_points__functions.h
[2.170s] -- Up-to-date symlink: /home/imml/git/research_2025/apple-harvest-eva/install/harvest_interfaces/include/harvest_interfaces/harvest_interfaces/srv/detail/trajectory_between_points__struct.h
[2.170s] -- Up-to-date symlink: /home/imml/git/research_2025/apple-harvest-eva/install/harvest_interfaces/include/harvest_interfaces/harvest_interfaces/srv/detail/trajectory_between_points__type_support.h
[2.170s] -- Up-to-date symlink: /home/imml/git/research_2025/apple-harvest-eva/install/harvest_interfaces/include/harvest_interfaces/harvest_interfaces/srv/detail/voxel_grid__functions.h
[2.170s] -- Up-to-date symlink: /home/imml/git/research_2025/apple-harvest-eva/install/harvest_interfaces/include/harvest_interfaces/harvest_interfaces/srv/detail/voxel_grid__struct.h
[2.170s] -- Up-to-date symlink: /home/imml/git/research_2025/apple-harvest-eva/install/harvest_interfaces/include/harvest_interfaces/harvest_interfaces/srv/detail/voxel_grid__type_support.h
[2.171s] -- Up-to-date symlink: /home/imml/git/research_2025/apple-harvest-eva/install/harvest_interfaces/include/harvest_interfaces/harvest_interfaces/srv/detail/voxel_mask__functions.h
[2.171s] -- Up-to-date symlink: /home/imml/git/research_2025/apple-harvest-eva/install/harvest_interfaces/include/harvest_interfaces/harvest_interfaces/srv/detail/voxel_mask__struct.h
[2.171s] -- Up-to-date symlink: /home/imml/git/research_2025/apple-harvest-eva/install/harvest_interfaces/include/harvest_interfaces/harvest_interfaces/srv/detail/voxel_mask__type_support.h
[2.171s] -- Up-to-date symlink: /home/imml/git/research_2025/apple-harvest-eva/install/harvest_interfaces/include/harvest_interfaces/harvest_interfaces/srv/get_gripper_pose.h
[2.172s] -- Up-to-date symlink: /home/imml/git/research_2025/apple-harvest-eva/install/harvest_interfaces/include/harvest_interfaces/harvest_interfaces/srv/move_to_pose.h
[2.172s] -- Up-to-date symlink: /home/imml/git/research_2025/apple-harvest-eva/install/harvest_interfaces/include/harvest_interfaces/harvest_interfaces/srv/record_topics.h
[2.172s] -- Up-to-date symlink: /home/imml/git/research_2025/apple-harvest-eva/install/harvest_interfaces/include/harvest_interfaces/harvest_interfaces/srv/send_trajectory.h
[2.172s] -- Up-to-date symlink: /home/imml/git/research_2025/apple-harvest-eva/install/harvest_interfaces/include/harvest_interfaces/harvest_interfaces/srv/set_value.h
[2.172s] -- Up-to-date symlink: /home/imml/git/research_2025/apple-harvest-eva/install/harvest_interfaces/include/harvest_interfaces/harvest_interfaces/srv/trajectory_between_points.h
[2.172s] -- Up-to-date symlink: /home/imml/git/research_2025/apple-harvest-eva/install/harvest_interfaces/include/harvest_interfaces/harvest_interfaces/srv/voxel_grid.h
[2.172s] -- Up-to-date symlink: /home/imml/git/research_2025/apple-harvest-eva/install/harvest_interfaces/include/harvest_interfaces/harvest_interfaces/srv/voxel_mask.h
[2.173s] -- Up-to-date symlink: /home/imml/git/research_2025/apple-harvest-eva/install/harvest_interfaces/share/harvest_interfaces/environment/library_path.sh
[2.173s] -- Up-to-date symlink: /home/imml/git/research_2025/apple-harvest-eva/install/harvest_interfaces/share/harvest_interfaces/environment/library_path.dsv
[2.174s] -- Up-to-date symlink: /home/imml/git/research_2025/apple-harvest-eva/install/harvest_interfaces/include/harvest_interfaces/harvest_interfaces/action/detail/event_detection__rosidl_typesupport_fastrtps_c.h
[2.175s] -- Up-to-date symlink: /home/imml/git/research_2025/apple-harvest-eva/install/harvest_interfaces/include/harvest_interfaces/harvest_interfaces/action/detail/send_trajectory__rosidl_typesupport_fastrtps_c.h
[2.175s] -- Up-to-date symlink: /home/imml/git/research_2025/apple-harvest-eva/install/harvest_interfaces/include/harvest_interfaces/harvest_interfaces/msg/rosidl_typesupport_fastrtps_c__visibility_control.h
[2.175s] -- Up-to-date symlink: /home/imml/git/research_2025/apple-harvest-eva/install/harvest_interfaces/include/harvest_interfaces/harvest_interfaces/srv/detail/apple_prediction__rosidl_typesupport_fastrtps_c.h
[2.175s] -- Up-to-date symlink: /home/imml/git/research_2025/apple-harvest-eva/install/harvest_interfaces/include/harvest_interfaces/harvest_interfaces/srv/detail/coordinate_to_trajectory__rosidl_typesupport_fastrtps_c.h
[2.175s] -- Up-to-date symlink: /home/imml/git/research_2025/apple-harvest-eva/install/harvest_interfaces/include/harvest_interfaces/harvest_interfaces/srv/detail/get_gripper_pose__rosidl_typesupport_fastrtps_c.h
[2.176s] -- Up-to-date symlink: /home/imml/git/research_2025/apple-harvest-eva/install/harvest_interfaces/include/harvest_interfaces/harvest_interfaces/srv/detail/move_to_pose__rosidl_typesupport_fastrtps_c.h
[2.176s] -- Up-to-date symlink: /home/imml/git/research_2025/apple-harvest-eva/install/harvest_interfaces/include/harvest_interfaces/harvest_interfaces/srv/detail/record_topics__rosidl_typesupport_fastrtps_c.h
[2.176s] -- Up-to-date symlink: /home/imml/git/research_2025/apple-harvest-eva/install/harvest_interfaces/include/harvest_interfaces/harvest_interfaces/srv/detail/send_trajectory__rosidl_typesupport_fastrtps_c.h
[2.176s] -- Up-to-date symlink: /home/imml/git/research_2025/apple-harvest-eva/install/harvest_interfaces/include/harvest_interfaces/harvest_interfaces/srv/detail/set_value__rosidl_typesupport_fastrtps_c.h
[2.176s] -- Up-to-date symlink: /home/imml/git/research_2025/apple-harvest-eva/install/harvest_interfaces/include/harvest_interfaces/harvest_interfaces/srv/detail/trajectory_between_points__rosidl_typesupport_fastrtps_c.h
[2.177s] -- Up-to-date symlink: /home/imml/git/research_2025/apple-harvest-eva/install/harvest_interfaces/include/harvest_interfaces/harvest_interfaces/srv/detail/voxel_grid__rosidl_typesupport_fastrtps_c.h
[2.177s] -- Up-to-date symlink: /home/imml/git/research_2025/apple-harvest-eva/install/harvest_interfaces/include/harvest_interfaces/harvest_interfaces/srv/detail/voxel_mask__rosidl_typesupport_fastrtps_c.h
[2.178s] -- Up-to-date symlink: /home/imml/git/research_2025/apple-harvest-eva/install/harvest_interfaces/include/harvest_interfaces/harvest_interfaces/action/detail/event_detection__rosidl_typesupport_introspection_c.h
[2.178s] -- Up-to-date symlink: /home/imml/git/research_2025/apple-harvest-eva/install/harvest_interfaces/include/harvest_interfaces/harvest_interfaces/action/detail/send_trajectory__rosidl_typesupport_introspection_c.h
[2.178s] -- Up-to-date symlink: /home/imml/git/research_2025/apple-harvest-eva/install/harvest_interfaces/include/harvest_interfaces/harvest_interfaces/msg/rosidl_typesupport_introspection_c__visibility_control.h
[2.178s] -- Up-to-date symlink: /home/imml/git/research_2025/apple-harvest-eva/install/harvest_interfaces/include/harvest_interfaces/harvest_interfaces/srv/detail/apple_prediction__rosidl_typesupport_introspection_c.h
[2.178s] -- Up-to-date symlink: /home/imml/git/research_2025/apple-harvest-eva/install/harvest_interfaces/include/harvest_interfaces/harvest_interfaces/srv/detail/coordinate_to_trajectory__rosidl_typesupport_introspection_c.h
[2.179s] -- Up-to-date symlink: /home/imml/git/research_2025/apple-harvest-eva/install/harvest_interfaces/include/harvest_interfaces/harvest_interfaces/srv/detail/get_gripper_pose__rosidl_typesupport_introspection_c.h
[2.179s] -- Up-to-date symlink: /home/imml/git/research_2025/apple-harvest-eva/install/harvest_interfaces/include/harvest_interfaces/harvest_interfaces/srv/detail/move_to_pose__rosidl_typesupport_introspection_c.h
[2.179s] -- Up-to-date symlink: /home/imml/git/research_2025/apple-harvest-eva/install/harvest_interfaces/include/harvest_interfaces/harvest_interfaces/srv/detail/record_topics__rosidl_typesupport_introspection_c.h
[2.179s] -- Up-to-date symlink: /home/imml/git/research_2025/apple-harvest-eva/install/harvest_interfaces/include/harvest_interfaces/harvest_interfaces/srv/detail/send_trajectory__rosidl_typesupport_introspection_c.h
[2.179s] -- Up-to-date symlink: /home/imml/git/research_2025/apple-harvest-eva/install/harvest_interfaces/include/harvest_interfaces/harvest_interfaces/srv/detail/set_value__rosidl_typesupport_introspection_c.h
[2.179s] -- Up-to-date symlink: /home/imml/git/research_2025/apple-harvest-eva/install/harvest_interfaces/include/harvest_interfaces/harvest_interfaces/srv/detail/trajectory_between_points__rosidl_typesupport_introspection_c.h
[2.180s] -- Up-to-date symlink: /home/imml/git/research_2025/apple-harvest-eva/install/harvest_interfaces/include/harvest_interfaces/harvest_interfaces/srv/detail/voxel_grid__rosidl_typesupport_introspection_c.h
[2.180s] -- Up-to-date symlink: /home/imml/git/research_2025/apple-harvest-eva/install/harvest_interfaces/include/harvest_interfaces/harvest_interfaces/srv/detail/voxel_mask__rosidl_typesupport_introspection_c.h
[2.181s] -- Up-to-date symlink: /home/imml/git/research_2025/apple-harvest-eva/install/harvest_interfaces/include/harvest_interfaces/harvest_interfaces/action/detail/event_detection__builder.hpp
[2.182s] -- Up-to-date symlink: /home/imml/git/research_2025/apple-harvest-eva/install/harvest_interfaces/include/harvest_interfaces/harvest_interfaces/action/detail/event_detection__struct.hpp
[2.182s] -- Up-to-date symlink: /home/imml/git/research_2025/apple-harvest-eva/install/harvest_interfaces/include/harvest_interfaces/harvest_interfaces/action/detail/event_detection__traits.hpp
[2.182s] -- Up-to-date symlink: /home/imml/git/research_2025/apple-harvest-eva/install/harvest_interfaces/include/harvest_interfaces/harvest_interfaces/action/detail/event_detection__type_support.hpp
[2.183s] -- Up-to-date symlink: /home/imml/git/research_2025/apple-harvest-eva/install/harvest_interfaces/include/harvest_interfaces/harvest_interfaces/action/detail/send_trajectory__builder.hpp
[2.184s] -- Up-to-date symlink: /home/imml/git/research_2025/apple-harvest-eva/install/harvest_interfaces/include/harvest_interfaces/harvest_interfaces/action/detail/send_trajectory__struct.hpp
[2.184s] -- Up-to-date symlink: /home/imml/git/research_2025/apple-harvest-eva/install/harvest_interfaces/include/harvest_interfaces/harvest_interfaces/action/detail/send_trajectory__traits.hpp
[2.184s] -- Up-to-date symlink: /home/imml/git/research_2025/apple-harvest-eva/install/harvest_interfaces/include/harvest_interfaces/harvest_interfaces/action/detail/send_trajectory__type_support.hpp
[2.184s] -- Up-to-date symlink: /home/imml/git/research_2025/apple-harvest-eva/install/harvest_interfaces/include/harvest_interfaces/harvest_interfaces/action/event_detection.hpp
[2.184s] -- Up-to-date symlink: /home/imml/git/research_2025/apple-harvest-eva/install/harvest_interfaces/include/harvest_interfaces/harvest_interfaces/action/send_trajectory.hpp
[2.184s] -- Up-to-date symlink: /home/imml/git/research_2025/apple-harvest-eva/install/harvest_interfaces/include/harvest_interfaces/harvest_interfaces/msg/rosidl_generator_cpp__visibility_control.hpp
[2.184s] -- Up-to-date symlink: /home/imml/git/research_2025/apple-harvest-eva/install/harvest_interfaces/include/harvest_interfaces/harvest_interfaces/srv/apple_prediction.hpp
[2.184s] -- Up-to-date symlink: /home/imml/git/research_2025/apple-harvest-eva/install/harvest_interfaces/include/harvest_interfaces/harvest_interfaces/srv/coordinate_to_trajectory.hpp
[2.185s] -- Up-to-date symlink: /home/imml/git/research_2025/apple-harvest-eva/install/harvest_interfaces/include/harvest_interfaces/harvest_interfaces/srv/detail/apple_prediction__builder.hpp
[2.185s] -- Up-to-date symlink: /home/imml/git/research_2025/apple-harvest-eva/install/harvest_interfaces/include/harvest_interfaces/harvest_interfaces/srv/detail/apple_prediction__struct.hpp
[2.185s] -- Up-to-date symlink: /home/imml/git/research_2025/apple-harvest-eva/install/harvest_interfaces/include/harvest_interfaces/harvest_interfaces/srv/detail/apple_prediction__traits.hpp
[2.185s] -- Up-to-date symlink: /home/imml/git/research_2025/apple-harvest-eva/install/harvest_interfaces/include/harvest_interfaces/harvest_interfaces/srv/detail/apple_prediction__type_support.hpp
[2.185s] -- Up-to-date symlink: /home/imml/git/research_2025/apple-harvest-eva/install/harvest_interfaces/include/harvest_interfaces/harvest_interfaces/srv/detail/coordinate_to_trajectory__builder.hpp
[2.185s] -- Up-to-date symlink: /home/imml/git/research_2025/apple-harvest-eva/install/harvest_interfaces/include/harvest_interfaces/harvest_interfaces/srv/detail/coordinate_to_trajectory__struct.hpp
[2.186s] -- Up-to-date symlink: /home/imml/git/research_2025/apple-harvest-eva/install/harvest_interfaces/include/harvest_interfaces/harvest_interfaces/srv/detail/coordinate_to_trajectory__traits.hpp
[2.186s] -- Up-to-date symlink: /home/imml/git/research_2025/apple-harvest-eva/install/harvest_interfaces/include/harvest_interfaces/harvest_interfaces/srv/detail/coordinate_to_trajectory__type_support.hpp
[2.186s] -- Up-to-date symlink: /home/imml/git/research_2025/apple-harvest-eva/install/harvest_interfaces/include/harvest_interfaces/harvest_interfaces/srv/detail/get_gripper_pose__builder.hpp
[2.186s] -- Up-to-date symlink: /home/imml/git/research_2025/apple-harvest-eva/install/harvest_interfaces/include/harvest_interfaces/harvest_interfaces/srv/detail/get_gripper_pose__struct.hpp
[2.186s] -- Up-to-date symlink: /home/imml/git/research_2025/apple-harvest-eva/install/harvest_interfaces/include/harvest_interfaces/harvest_interfaces/srv/detail/get_gripper_pose__traits.hpp
[2.186s] -- Up-to-date symlink: /home/imml/git/research_2025/apple-harvest-eva/install/harvest_interfaces/include/harvest_interfaces/harvest_interfaces/srv/detail/get_gripper_pose__type_support.hpp
[2.186s] -- Up-to-date symlink: /home/imml/git/research_2025/apple-harvest-eva/install/harvest_interfaces/include/harvest_interfaces/harvest_interfaces/srv/detail/move_to_pose__builder.hpp
[2.186s] -- Up-to-date symlink: /home/imml/git/research_2025/apple-harvest-eva/install/harvest_interfaces/include/harvest_interfaces/harvest_interfaces/srv/detail/move_to_pose__struct.hpp
[2.186s] -- Up-to-date symlink: /home/imml/git/research_2025/apple-harvest-eva/install/harvest_interfaces/include/harvest_interfaces/harvest_interfaces/srv/detail/move_to_pose__traits.hpp
[2.187s] -- Up-to-date symlink: /home/imml/git/research_2025/apple-harvest-eva/install/harvest_interfaces/include/harvest_interfaces/harvest_interfaces/srv/detail/move_to_pose__type_support.hpp
[2.187s] -- Up-to-date symlink: /home/imml/git/research_2025/apple-harvest-eva/install/harvest_interfaces/include/harvest_interfaces/harvest_interfaces/srv/detail/record_topics__builder.hpp
[2.187s] -- Up-to-date symlink: /home/imml/git/research_2025/apple-harvest-eva/install/harvest_interfaces/include/harvest_interfaces/harvest_interfaces/srv/detail/record_topics__struct.hpp
[2.187s] -- Up-to-date symlink: /home/imml/git/research_2025/apple-harvest-eva/install/harvest_interfaces/include/harvest_interfaces/harvest_interfaces/srv/detail/record_topics__traits.hpp
[2.187s] -- Up-to-date symlink: /home/imml/git/research_2025/apple-harvest-eva/install/harvest_interfaces/include/harvest_interfaces/harvest_interfaces/srv/detail/record_topics__type_support.hpp
[2.187s] -- Up-to-date symlink: /home/imml/git/research_2025/apple-harvest-eva/install/harvest_interfaces/include/harvest_interfaces/harvest_interfaces/srv/detail/send_trajectory__builder.hpp
[2.189s] -- Up-to-date symlink: /home/imml/git/research_2025/apple-harvest-eva/install/harvest_interfaces/include/harvest_interfaces/harvest_interfaces/srv/detail/send_trajectory__struct.hpp
[2.189s] -- Up-to-date symlink: /home/imml/git/research_2025/apple-harvest-eva/install/harvest_interfaces/include/harvest_interfaces/harvest_interfaces/srv/detail/send_trajectory__traits.hpp
[2.189s] -- Up-to-date symlink: /home/imml/git/research_2025/apple-harvest-eva/install/harvest_interfaces/include/harvest_interfaces/harvest_interfaces/srv/detail/send_trajectory__type_support.hpp
[2.190s] -- Up-to-date symlink: /home/imml/git/research_2025/apple-harvest-eva/install/harvest_interfaces/include/harvest_interfaces/harvest_interfaces/srv/detail/set_value__builder.hpp
[2.190s] -- Up-to-date symlink: /home/imml/git/research_2025/apple-harvest-eva/install/harvest_interfaces/include/harvest_interfaces/harvest_interfaces/srv/detail/set_value__struct.hpp
[2.190s] -- Up-to-date symlink: /home/imml/git/research_2025/apple-harvest-eva/install/harvest_interfaces/include/harvest_interfaces/harvest_interfaces/srv/detail/set_value__traits.hpp
[2.190s] -- Up-to-date symlink: /home/imml/git/research_2025/apple-harvest-eva/install/harvest_interfaces/include/harvest_interfaces/harvest_interfaces/srv/detail/set_value__type_support.hpp
[2.190s] -- Up-to-date symlink: /home/imml/git/research_2025/apple-harvest-eva/install/harvest_interfaces/include/harvest_interfaces/harvest_interfaces/srv/detail/trajectory_between_points__builder.hpp
[2.190s] -- Up-to-date symlink: /home/imml/git/research_2025/apple-harvest-eva/install/harvest_interfaces/include/harvest_interfaces/harvest_interfaces/srv/detail/trajectory_between_points__struct.hpp
[2.190s] -- Up-to-date symlink: /home/imml/git/research_2025/apple-harvest-eva/install/harvest_interfaces/include/harvest_interfaces/harvest_interfaces/srv/detail/trajectory_between_points__traits.hpp
[2.190s] -- Up-to-date symlink: /home/imml/git/research_2025/apple-harvest-eva/install/harvest_interfaces/include/harvest_interfaces/harvest_interfaces/srv/detail/trajectory_between_points__type_support.hpp
[2.190s] -- Up-to-date symlink: /home/imml/git/research_2025/apple-harvest-eva/install/harvest_interfaces/include/harvest_interfaces/harvest_interfaces/srv/detail/voxel_grid__builder.hpp
[2.190s] -- Up-to-date symlink: /home/imml/git/research_2025/apple-harvest-eva/install/harvest_interfaces/include/harvest_interfaces/harvest_interfaces/srv/detail/voxel_grid__struct.hpp
[2.190s] -- Up-to-date symlink: /home/imml/git/research_2025/apple-harvest-eva/install/harvest_interfaces/include/harvest_interfaces/harvest_interfaces/srv/detail/voxel_grid__traits.hpp
[2.191s] -- Up-to-date symlink: /home/imml/git/research_2025/apple-harvest-eva/install/harvest_interfaces/include/harvest_interfaces/harvest_interfaces/srv/detail/voxel_grid__type_support.hpp
[2.191s] -- Up-to-date symlink: /home/imml/git/research_2025/apple-harvest-eva/install/harvest_interfaces/include/harvest_interfaces/harvest_interfaces/srv/detail/voxel_mask__builder.hpp
[2.191s] -- Up-to-date symlink: /home/imml/git/research_2025/apple-harvest-eva/install/harvest_interfaces/include/harvest_interfaces/harvest_interfaces/srv/detail/voxel_mask__struct.hpp
[2.191s] -- Up-to-date symlink: /home/imml/git/research_2025/apple-harvest-eva/install/harvest_interfaces/include/harvest_interfaces/harvest_interfaces/srv/detail/voxel_mask__traits.hpp
[2.191s] -- Up-to-date symlink: /home/imml/git/research_2025/apple-harvest-eva/install/harvest_interfaces/include/harvest_interfaces/harvest_interfaces/srv/detail/voxel_mask__type_support.hpp
[2.191s] -- Up-to-date symlink: /home/imml/git/research_2025/apple-harvest-eva/install/harvest_interfaces/include/harvest_interfaces/harvest_interfaces/srv/get_gripper_pose.hpp
[2.191s] -- Up-to-date symlink: /home/imml/git/research_2025/apple-harvest-eva/install/harvest_interfaces/include/harvest_interfaces/harvest_interfaces/srv/move_to_pose.hpp
[2.191s] -- Up-to-date symlink: /home/imml/git/research_2025/apple-harvest-eva/install/harvest_interfaces/include/harvest_interfaces/harvest_interfaces/srv/record_topics.hpp
[2.191s] -- Up-to-date symlink: /home/imml/git/research_2025/apple-harvest-eva/install/harvest_interfaces/include/harvest_interfaces/harvest_interfaces/srv/send_trajectory.hpp
[2.191s] -- Up-to-date symlink: /home/imml/git/research_2025/apple-harvest-eva/install/harvest_interfaces/include/harvest_interfaces/harvest_interfaces/srv/set_value.hpp
[2.192s] -- Up-to-date symlink: /home/imml/git/research_2025/apple-harvest-eva/install/harvest_interfaces/include/harvest_interfaces/harvest_interfaces/srv/trajectory_between_points.hpp
[2.192s] -- Up-to-date symlink: /home/imml/git/research_2025/apple-harvest-eva/install/harvest_interfaces/include/harvest_interfaces/harvest_interfaces/srv/voxel_grid.hpp
[2.192s] -- Up-to-date symlink: /home/imml/git/research_2025/apple-harvest-eva/install/harvest_interfaces/include/harvest_interfaces/harvest_interfaces/srv/voxel_mask.hpp
[2.193s] -- Up-to-date symlink: /home/imml/git/research_2025/apple-harvest-eva/install/harvest_interfaces/include/harvest_interfaces/harvest_interfaces/action/detail/event_detection__rosidl_typesupport_fastrtps_cpp.hpp
[2.193s] -- Up-to-date symlink: /home/imml/git/research_2025/apple-harvest-eva/install/harvest_interfaces/include/harvest_interfaces/harvest_interfaces/action/detail/send_trajectory__rosidl_typesupport_fastrtps_cpp.hpp
[2.193s] -- Up-to-date symlink: /home/imml/git/research_2025/apple-harvest-eva/install/harvest_interfaces/include/harvest_interfaces/harvest_interfaces/msg/rosidl_typesupport_fastrtps_cpp__visibility_control.h
[2.193s] -- Up-to-date symlink: /home/imml/git/research_2025/apple-harvest-eva/install/harvest_interfaces/include/harvest_interfaces/harvest_interfaces/srv/detail/apple_prediction__rosidl_typesupport_fastrtps_cpp.hpp
[2.193s] -- Up-to-date symlink: /home/imml/git/research_2025/apple-harvest-eva/install/harvest_interfaces/include/harvest_interfaces/harvest_interfaces/srv/detail/coordinate_to_trajectory__rosidl_typesupport_fastrtps_cpp.hpp
[2.194s] -- Up-to-date symlink: /home/imml/git/research_2025/apple-harvest-eva/install/harvest_interfaces/include/harvest_interfaces/harvest_interfaces/srv/detail/get_gripper_pose__rosidl_typesupport_fastrtps_cpp.hpp
[2.194s] -- Up-to-date symlink: /home/imml/git/research_2025/apple-harvest-eva/install/harvest_interfaces/include/harvest_interfaces/harvest_interfaces/srv/detail/move_to_pose__rosidl_typesupport_fastrtps_cpp.hpp
[2.194s] -- Up-to-date symlink: /home/imml/git/research_2025/apple-harvest-eva/install/harvest_interfaces/include/harvest_interfaces/harvest_interfaces/srv/detail/record_topics__rosidl_typesupport_fastrtps_cpp.hpp
[2.194s] -- Up-to-date symlink: /home/imml/git/research_2025/apple-harvest-eva/install/harvest_interfaces/include/harvest_interfaces/harvest_interfaces/srv/detail/send_trajectory__rosidl_typesupport_fastrtps_cpp.hpp
[2.194s] -- Up-to-date symlink: /home/imml/git/research_2025/apple-harvest-eva/install/harvest_interfaces/include/harvest_interfaces/harvest_interfaces/srv/detail/set_value__rosidl_typesupport_fastrtps_cpp.hpp
[2.194s] -- Up-to-date symlink: /home/imml/git/research_2025/apple-harvest-eva/install/harvest_interfaces/include/harvest_interfaces/harvest_interfaces/srv/detail/trajectory_between_points__rosidl_typesupport_fastrtps_cpp.hpp
[2.195s] -- Up-to-date symlink: /home/imml/git/research_2025/apple-harvest-eva/install/harvest_interfaces/include/harvest_interfaces/harvest_interfaces/srv/detail/voxel_grid__rosidl_typesupport_fastrtps_cpp.hpp
[2.196s] -- Up-to-date symlink: /home/imml/git/research_2025/apple-harvest-eva/install/harvest_interfaces/include/harvest_interfaces/harvest_interfaces/srv/detail/voxel_mask__rosidl_typesupport_fastrtps_cpp.hpp
[2.196s] -- Up-to-date symlink: /home/imml/git/research_2025/apple-harvest-eva/install/harvest_interfaces/include/harvest_interfaces/harvest_interfaces/action/detail/event_detection__rosidl_typesupport_introspection_cpp.hpp
[2.196s] -- Up-to-date symlink: /home/imml/git/research_2025/apple-harvest-eva/install/harvest_interfaces/include/harvest_interfaces/harvest_interfaces/action/detail/send_trajectory__rosidl_typesupport_introspection_cpp.hpp
[2.196s] -- Up-to-date symlink: /home/imml/git/research_2025/apple-harvest-eva/install/harvest_interfaces/include/harvest_interfaces/harvest_interfaces/srv/detail/apple_prediction__rosidl_typesupport_introspection_cpp.hpp
[2.196s] -- Up-to-date symlink: /home/imml/git/research_2025/apple-harvest-eva/install/harvest_interfaces/include/harvest_interfaces/harvest_interfaces/srv/detail/coordinate_to_trajectory__rosidl_typesupport_introspection_cpp.hpp
[2.196s] -- Up-to-date symlink: /home/imml/git/research_2025/apple-harvest-eva/install/harvest_interfaces/include/harvest_interfaces/harvest_interfaces/srv/detail/get_gripper_pose__rosidl_typesupport_introspection_cpp.hpp
[2.196s] -- Up-to-date symlink: /home/imml/git/research_2025/apple-harvest-eva/install/harvest_interfaces/include/harvest_interfaces/harvest_interfaces/srv/detail/move_to_pose__rosidl_typesupport_introspection_cpp.hpp
[2.197s] -- Up-to-date symlink: /home/imml/git/research_2025/apple-harvest-eva/install/harvest_interfaces/include/harvest_interfaces/harvest_interfaces/srv/detail/record_topics__rosidl_typesupport_introspection_cpp.hpp
[2.197s] -- Up-to-date symlink: /home/imml/git/research_2025/apple-harvest-eva/install/harvest_interfaces/include/harvest_interfaces/harvest_interfaces/srv/detail/send_trajectory__rosidl_typesupport_introspection_cpp.hpp
[2.197s] -- Up-to-date symlink: /home/imml/git/research_2025/apple-harvest-eva/install/harvest_interfaces/include/harvest_interfaces/harvest_interfaces/srv/detail/set_value__rosidl_typesupport_introspection_cpp.hpp
[2.197s] -- Up-to-date symlink: /home/imml/git/research_2025/apple-harvest-eva/install/harvest_interfaces/include/harvest_interfaces/harvest_interfaces/srv/detail/trajectory_between_points__rosidl_typesupport_introspection_cpp.hpp
[2.197s] -- Up-to-date symlink: /home/imml/git/research_2025/apple-harvest-eva/install/harvest_interfaces/include/harvest_interfaces/harvest_interfaces/srv/detail/voxel_grid__rosidl_typesupport_introspection_cpp.hpp
[2.197s] -- Up-to-date symlink: /home/imml/git/research_2025/apple-harvest-eva/install/harvest_interfaces/include/harvest_interfaces/harvest_interfaces/srv/detail/voxel_mask__rosidl_typesupport_introspection_cpp.hpp
[2.198s] -- Up-to-date symlink: /home/imml/git/research_2025/apple-harvest-eva/install/harvest_interfaces/share/harvest_interfaces/environment/pythonpath.sh
[2.198s] -- Up-to-date symlink: /home/imml/git/research_2025/apple-harvest-eva/install/harvest_interfaces/share/harvest_interfaces/environment/pythonpath.dsv
[2.198s] -- Up-to-date symlink: /home/imml/git/research_2025/apple-harvest-eva/install/harvest_interfaces/local/lib/python3.10/dist-packages/harvest_interfaces-0.0.0-py3.10.egg-info/PKG-INFO
[2.199s] -- Up-to-date symlink: /home/imml/git/research_2025/apple-harvest-eva/install/harvest_interfaces/local/lib/python3.10/dist-packages/harvest_interfaces-0.0.0-py3.10.egg-info/SOURCES.txt
[2.199s] -- Up-to-date symlink: /home/imml/git/research_2025/apple-harvest-eva/install/harvest_interfaces/local/lib/python3.10/dist-packages/harvest_interfaces-0.0.0-py3.10.egg-info/dependency_links.txt
[2.199s] -- Up-to-date symlink: /home/imml/git/research_2025/apple-harvest-eva/install/harvest_interfaces/local/lib/python3.10/dist-packages/harvest_interfaces-0.0.0-py3.10.egg-info/top_level.txt
[2.200s] -- Up-to-date symlink: /home/imml/git/research_2025/apple-harvest-eva/install/harvest_interfaces/local/lib/python3.10/dist-packages/harvest_interfaces/__init__.py
[2.200s] -- Up-to-date symlink: /home/imml/git/research_2025/apple-harvest-eva/install/harvest_interfaces/local/lib/python3.10/dist-packages/harvest_interfaces/_harvest_interfaces_s.ep.rosidl_typesupport_c.c
[2.201s] -- Up-to-date symlink: /home/imml/git/research_2025/apple-harvest-eva/install/harvest_interfaces/local/lib/python3.10/dist-packages/harvest_interfaces/_harvest_interfaces_s.ep.rosidl_typesupport_fastrtps_c.c
[2.201s] -- Up-to-date symlink: /home/imml/git/research_2025/apple-harvest-eva/install/harvest_interfaces/local/lib/python3.10/dist-packages/harvest_interfaces/_harvest_interfaces_s.ep.rosidl_typesupport_introspection_c.c
[2.201s] -- Up-to-date symlink: /home/imml/git/research_2025/apple-harvest-eva/install/harvest_interfaces/local/lib/python3.10/dist-packages/harvest_interfaces/action/__init__.py
[2.201s] -- Up-to-date symlink: /home/imml/git/research_2025/apple-harvest-eva/install/harvest_interfaces/local/lib/python3.10/dist-packages/harvest_interfaces/action/_event_detection.py
[2.201s] -- Up-to-date symlink: /home/imml/git/research_2025/apple-harvest-eva/install/harvest_interfaces/local/lib/python3.10/dist-packages/harvest_interfaces/action/_event_detection_s.c
[2.201s] -- Up-to-date symlink: /home/imml/git/research_2025/apple-harvest-eva/install/harvest_interfaces/local/lib/python3.10/dist-packages/harvest_interfaces/action/_send_trajectory.py
[2.202s] -- Up-to-date symlink: /home/imml/git/research_2025/apple-harvest-eva/install/harvest_interfaces/local/lib/python3.10/dist-packages/harvest_interfaces/action/_send_trajectory_s.c
[2.202s] -- Up-to-date symlink: /home/imml/git/research_2025/apple-harvest-eva/install/harvest_interfaces/local/lib/python3.10/dist-packages/harvest_interfaces/harvest_interfaces_s__rosidl_typesupport_c.cpython-310-x86_64-linux-gnu.so
[2.202s] -- Up-to-date symlink: /home/imml/git/research_2025/apple-harvest-eva/install/harvest_interfaces/local/lib/python3.10/dist-packages/harvest_interfaces/harvest_interfaces_s__rosidl_typesupport_fastrtps_c.cpython-310-x86_64-linux-gnu.so
[2.202s] -- Up-to-date symlink: /home/imml/git/research_2025/apple-harvest-eva/install/harvest_interfaces/local/lib/python3.10/dist-packages/harvest_interfaces/harvest_interfaces_s__rosidl_typesupport_introspection_c.cpython-310-x86_64-linux-gnu.so
[2.202s] -- Up-to-date symlink: /home/imml/git/research_2025/apple-harvest-eva/install/harvest_interfaces/local/lib/python3.10/dist-packages/harvest_interfaces/libharvest_interfaces__rosidl_generator_py.so
[2.202s] -- Up-to-date symlink: /home/imml/git/research_2025/apple-harvest-eva/install/harvest_interfaces/local/lib/python3.10/dist-packages/harvest_interfaces/srv/__init__.py
[2.203s] -- Up-to-date symlink: /home/imml/git/research_2025/apple-harvest-eva/install/harvest_interfaces/local/lib/python3.10/dist-packages/harvest_interfaces/srv/_apple_prediction.py
[2.203s] -- Up-to-date symlink: /home/imml/git/research_2025/apple-harvest-eva/install/harvest_interfaces/local/lib/python3.10/dist-packages/harvest_interfaces/srv/_apple_prediction_s.c
[2.204s] -- Up-to-date symlink: /home/imml/git/research_2025/apple-harvest-eva/install/harvest_interfaces/local/lib/python3.10/dist-packages/harvest_interfaces/srv/_coordinate_to_trajectory.py
[2.204s] -- Up-to-date symlink: /home/imml/git/research_2025/apple-harvest-eva/install/harvest_interfaces/local/lib/python3.10/dist-packages/harvest_interfaces/srv/_coordinate_to_trajectory_s.c
[2.204s] -- Up-to-date symlink: /home/imml/git/research_2025/apple-harvest-eva/install/harvest_interfaces/local/lib/python3.10/dist-packages/harvest_interfaces/srv/_get_gripper_pose.py
[2.204s] -- Up-to-date symlink: /home/imml/git/research_2025/apple-harvest-eva/install/harvest_interfaces/local/lib/python3.10/dist-packages/harvest_interfaces/srv/_get_gripper_pose_s.c
[2.204s] -- Up-to-date symlink: /home/imml/git/research_2025/apple-harvest-eva/install/harvest_interfaces/local/lib/python3.10/dist-packages/harvest_interfaces/srv/_move_to_pose.py
[2.204s] -- Up-to-date symlink: /home/imml/git/research_2025/apple-harvest-eva/install/harvest_interfaces/local/lib/python3.10/dist-packages/harvest_interfaces/srv/_move_to_pose_s.c
[2.204s] -- Up-to-date symlink: /home/imml/git/research_2025/apple-harvest-eva/install/harvest_interfaces/local/lib/python3.10/dist-packages/harvest_interfaces/srv/_record_topics.py
[2.204s] -- Up-to-date symlink: /home/imml/git/research_2025/apple-harvest-eva/install/harvest_interfaces/local/lib/python3.10/dist-packages/harvest_interfaces/srv/_record_topics_s.c
[2.204s] -- Up-to-date symlink: /home/imml/git/research_2025/apple-harvest-eva/install/harvest_interfaces/local/lib/python3.10/dist-packages/harvest_interfaces/srv/_send_trajectory.py
[2.204s] -- Up-to-date symlink: /home/imml/git/research_2025/apple-harvest-eva/install/harvest_interfaces/local/lib/python3.10/dist-packages/harvest_interfaces/srv/_send_trajectory_s.c
[2.205s] -- Up-to-date symlink: /home/imml/git/research_2025/apple-harvest-eva/install/harvest_interfaces/local/lib/python3.10/dist-packages/harvest_interfaces/srv/_set_value.py
[2.205s] -- Up-to-date symlink: /home/imml/git/research_2025/apple-harvest-eva/install/harvest_interfaces/local/lib/python3.10/dist-packages/harvest_interfaces/srv/_set_value_s.c
[2.205s] -- Up-to-date symlink: /home/imml/git/research_2025/apple-harvest-eva/install/harvest_interfaces/local/lib/python3.10/dist-packages/harvest_interfaces/srv/_trajectory_between_points.py
[2.205s] -- Up-to-date symlink: /home/imml/git/research_2025/apple-harvest-eva/install/harvest_interfaces/local/lib/python3.10/dist-packages/harvest_interfaces/srv/_trajectory_between_points_s.c
[2.205s] -- Up-to-date symlink: /home/imml/git/research_2025/apple-harvest-eva/install/harvest_interfaces/local/lib/python3.10/dist-packages/harvest_interfaces/srv/_voxel_grid.py
[2.206s] -- Up-to-date symlink: /home/imml/git/research_2025/apple-harvest-eva/install/harvest_interfaces/local/lib/python3.10/dist-packages/harvest_interfaces/srv/_voxel_grid_s.c
[2.206s] -- Up-to-date symlink: /home/imml/git/research_2025/apple-harvest-eva/install/harvest_interfaces/local/lib/python3.10/dist-packages/harvest_interfaces/srv/_voxel_mask.py
[2.206s] -- Up-to-date symlink: /home/imml/git/research_2025/apple-harvest-eva/install/harvest_interfaces/local/lib/python3.10/dist-packages/harvest_interfaces/srv/_voxel_mask_s.c
[2.206s] -- Up-to-date symlink: /home/imml/git/research_2025/apple-harvest-eva/install/harvest_interfaces/local/lib/python3.10/dist-packages/harvest_interfaces/harvest_interfaces_s__rosidl_typesupport_fastrtps_c.cpython-310-x86_64-linux-gnu.so
[2.207s] -- Up-to-date symlink: /home/imml/git/research_2025/apple-harvest-eva/install/harvest_interfaces/local/lib/python3.10/dist-packages/harvest_interfaces/harvest_interfaces_s__rosidl_typesupport_introspection_c.cpython-310-x86_64-linux-gnu.so
[2.207s] -- Up-to-date symlink: /home/imml/git/research_2025/apple-harvest-eva/install/harvest_interfaces/local/lib/python3.10/dist-packages/harvest_interfaces/harvest_interfaces_s__rosidl_typesupport_c.cpython-310-x86_64-linux-gnu.so
[2.207s] -- Up-to-date symlink: /home/imml/git/research_2025/apple-harvest-eva/install/harvest_interfaces/share/harvest_interfaces/action/EventDetection.idl
[2.207s] -- Up-to-date symlink: /home/imml/git/research_2025/apple-harvest-eva/install/harvest_interfaces/share/harvest_interfaces/action/SendTrajectory.idl
[2.208s] -- Up-to-date symlink: /home/imml/git/research_2025/apple-harvest-eva/install/harvest_interfaces/share/harvest_interfaces/srv/ApplePrediction.idl
[2.208s] -- Up-to-date symlink: /home/imml/git/research_2025/apple-harvest-eva/install/harvest_interfaces/share/harvest_interfaces/srv/SendTrajectory.idl
[2.208s] -- Up-to-date symlink: /home/imml/git/research_2025/apple-harvest-eva/install/harvest_interfaces/share/harvest_interfaces/srv/CoordinateToTrajectory.idl
[2.208s] -- Up-to-date symlink: /home/imml/git/research_2025/apple-harvest-eva/install/harvest_interfaces/share/harvest_interfaces/srv/VoxelMask.idl
[2.209s] -- Up-to-date symlink: /home/imml/git/research_2025/apple-harvest-eva/install/harvest_interfaces/share/harvest_interfaces/srv/MoveToPose.idl
[2.209s] -- Up-to-date symlink: /home/imml/git/research_2025/apple-harvest-eva/install/harvest_interfaces/share/harvest_interfaces/srv/TrajectoryBetweenPoints.idl
[2.210s] -- Up-to-date symlink: /home/imml/git/research_2025/apple-harvest-eva/install/harvest_interfaces/share/harvest_interfaces/srv/SetValue.idl
[2.210s] -- Up-to-date symlink: /home/imml/git/research_2025/apple-harvest-eva/install/harvest_interfaces/share/harvest_interfaces/srv/RecordTopics.idl
[2.210s] -- Up-to-date symlink: /home/imml/git/research_2025/apple-harvest-eva/install/harvest_interfaces/share/harvest_interfaces/srv/GetGripperPose.idl
[2.210s] -- Up-to-date symlink: /home/imml/git/research_2025/apple-harvest-eva/install/harvest_interfaces/share/harvest_interfaces/srv/VoxelGrid.idl
[2.210s] -- Up-to-date symlink: /home/imml/git/research_2025/apple-harvest-eva/install/harvest_interfaces/share/harvest_interfaces/action/EventDetection.action
[2.210s] -- Up-to-date symlink: /home/imml/git/research_2025/apple-harvest-eva/install/harvest_interfaces/share/harvest_interfaces/action/SendTrajectory.action
[2.210s] -- Up-to-date symlink: /home/imml/git/research_2025/apple-harvest-eva/install/harvest_interfaces/share/harvest_interfaces/srv/ApplePrediction.srv
[2.210s] -- Up-to-date symlink: /home/imml/git/research_2025/apple-harvest-eva/install/harvest_interfaces/share/harvest_interfaces/srv/ApplePrediction_Request.msg
[2.211s] -- Up-to-date symlink: /home/imml/git/research_2025/apple-harvest-eva/install/harvest_interfaces/share/harvest_interfaces/srv/ApplePrediction_Response.msg
[2.211s] -- Up-to-date symlink: /home/imml/git/research_2025/apple-harvest-eva/install/harvest_interfaces/share/harvest_interfaces/srv/SendTrajectory.srv
[2.211s] -- Up-to-date symlink: /home/imml/git/research_2025/apple-harvest-eva/install/harvest_interfaces/share/harvest_interfaces/srv/SendTrajectory_Request.msg
[2.211s] -- Up-to-date symlink: /home/imml/git/research_2025/apple-harvest-eva/install/harvest_interfaces/share/harvest_interfaces/srv/SendTrajectory_Response.msg
[2.211s] -- Up-to-date symlink: /home/imml/git/research_2025/apple-harvest-eva/install/harvest_interfaces/share/harvest_interfaces/srv/CoordinateToTrajectory.srv
[2.211s] -- Up-to-date symlink: /home/imml/git/research_2025/apple-harvest-eva/install/harvest_interfaces/share/harvest_interfaces/srv/CoordinateToTrajectory_Request.msg
[2.211s] -- Up-to-date symlink: /home/imml/git/research_2025/apple-harvest-eva/install/harvest_interfaces/share/harvest_interfaces/srv/CoordinateToTrajectory_Response.msg
[2.212s] -- Up-to-date symlink: /home/imml/git/research_2025/apple-harvest-eva/install/harvest_interfaces/share/harvest_interfaces/srv/VoxelMask.srv
[2.212s] -- Up-to-date symlink: /home/imml/git/research_2025/apple-harvest-eva/install/harvest_interfaces/share/harvest_interfaces/srv/VoxelMask_Request.msg
[2.212s] -- Up-to-date symlink: /home/imml/git/research_2025/apple-harvest-eva/install/harvest_interfaces/share/harvest_interfaces/srv/VoxelMask_Response.msg
[2.212s] -- Up-to-date symlink: /home/imml/git/research_2025/apple-harvest-eva/install/harvest_interfaces/share/harvest_interfaces/srv/MoveToPose.srv
[2.212s] -- Up-to-date symlink: /home/imml/git/research_2025/apple-harvest-eva/install/harvest_interfaces/share/harvest_interfaces/srv/MoveToPose_Request.msg
[2.212s] -- Up-to-date symlink: /home/imml/git/research_2025/apple-harvest-eva/install/harvest_interfaces/share/harvest_interfaces/srv/MoveToPose_Response.msg
[2.213s] -- Up-to-date symlink: /home/imml/git/research_2025/apple-harvest-eva/install/harvest_interfaces/share/harvest_interfaces/srv/TrajectoryBetweenPoints.srv
[2.213s] -- Up-to-date symlink: /home/imml/git/research_2025/apple-harvest-eva/install/harvest_interfaces/share/harvest_interfaces/srv/TrajectoryBetweenPoints_Request.msg
[2.213s] -- Up-to-date symlink: /home/imml/git/research_2025/apple-harvest-eva/install/harvest_interfaces/share/harvest_interfaces/srv/TrajectoryBetweenPoints_Response.msg
[2.213s] -- Up-to-date symlink: /home/imml/git/research_2025/apple-harvest-eva/install/harvest_interfaces/share/harvest_interfaces/srv/SetValue.srv
[2.214s] -- Up-to-date symlink: /home/imml/git/research_2025/apple-harvest-eva/install/harvest_interfaces/share/harvest_interfaces/srv/SetValue_Request.msg
[2.214s] -- Up-to-date symlink: /home/imml/git/research_2025/apple-harvest-eva/install/harvest_interfaces/share/harvest_interfaces/srv/SetValue_Response.msg
[2.214s] -- Up-to-date symlink: /home/imml/git/research_2025/apple-harvest-eva/install/harvest_interfaces/share/harvest_interfaces/srv/RecordTopics.srv
[2.214s] -- Up-to-date symlink: /home/imml/git/research_2025/apple-harvest-eva/install/harvest_interfaces/share/harvest_interfaces/srv/RecordTopics_Request.msg
[2.214s] -- Up-to-date symlink: /home/imml/git/research_2025/apple-harvest-eva/install/harvest_interfaces/share/harvest_interfaces/srv/RecordTopics_Response.msg
[2.214s] -- Up-to-date symlink: /home/imml/git/research_2025/apple-harvest-eva/install/harvest_interfaces/share/harvest_interfaces/srv/GetGripperPose.srv
[2.214s] -- Up-to-date symlink: /home/imml/git/research_2025/apple-harvest-eva/install/harvest_interfaces/share/harvest_interfaces/srv/GetGripperPose_Request.msg
[2.215s] -- Up-to-date symlink: /home/imml/git/research_2025/apple-harvest-eva/install/harvest_interfaces/share/harvest_interfaces/srv/GetGripperPose_Response.msg
[2.215s] -- Up-to-date symlink: /home/imml/git/research_2025/apple-harvest-eva/install/harvest_interfaces/share/harvest_interfaces/srv/VoxelGrid.srv
[2.215s] -- Up-to-date symlink: /home/imml/git/research_2025/apple-harvest-eva/install/harvest_interfaces/share/harvest_interfaces/srv/VoxelGrid_Request.msg
[2.215s] -- Up-to-date symlink: /home/imml/git/research_2025/apple-harvest-eva/install/harvest_interfaces/share/harvest_interfaces/srv/VoxelGrid_Response.msg
[2.215s] -- Up-to-date symlink: /home/imml/git/research_2025/apple-harvest-eva/install/harvest_interfaces/share/ament_index/resource_index/package_run_dependencies/harvest_interfaces
[2.215s] -- Up-to-date symlink: /home/imml/git/research_2025/apple-harvest-eva/install/harvest_interfaces/share/ament_index/resource_index/parent_prefix_path/harvest_interfaces
[2.216s] -- Up-to-date symlink: /home/imml/git/research_2025/apple-harvest-eva/install/harvest_interfaces/share/harvest_interfaces/environment/ament_prefix_path.sh
[2.216s] -- Up-to-date symlink: /home/imml/git/research_2025/apple-harvest-eva/install/harvest_interfaces/share/harvest_interfaces/environment/ament_prefix_path.dsv
[2.216s] -- Up-to-date symlink: /home/imml/git/research_2025/apple-harvest-eva/install/harvest_interfaces/share/harvest_interfaces/environment/path.sh
[2.216s] -- Up-to-date symlink: /home/imml/git/research_2025/apple-harvest-eva/install/harvest_interfaces/share/harvest_interfaces/environment/path.dsv
[2.216s] -- Up-to-date symlink: /home/imml/git/research_2025/apple-harvest-eva/install/harvest_interfaces/share/harvest_interfaces/local_setup.bash
[2.216s] -- Up-to-date symlink: /home/imml/git/research_2025/apple-harvest-eva/install/harvest_interfaces/share/harvest_interfaces/local_setup.sh
[2.216s] -- Up-to-date symlink: /home/imml/git/research_2025/apple-harvest-eva/install/harvest_interfaces/share/harvest_interfaces/local_setup.zsh
[2.217s] -- Up-to-date symlink: /home/imml/git/research_2025/apple-harvest-eva/install/harvest_interfaces/share/harvest_interfaces/local_setup.dsv
[2.217s] -- Symlinking: /home/imml/git/research_2025/apple-harvest-eva/install/harvest_interfaces/share/harvest_interfaces/package.dsv
[2.228s] -- Up-to-date symlink: /home/imml/git/research_2025/apple-harvest-eva/install/harvest_interfaces/share/ament_index/resource_index/packages/harvest_interfaces
[2.228s] -- Up-to-date symlink: /home/imml/git/research_2025/apple-harvest-eva/install/harvest_interfaces/share/harvest_interfaces/cmake/rosidl_cmake-extras.cmake
[2.228s] -- Up-to-date symlink: /home/imml/git/research_2025/apple-harvest-eva/install/harvest_interfaces/share/harvest_interfaces/cmake/ament_cmake_export_dependencies-extras.cmake
[2.228s] -- Up-to-date symlink: /home/imml/git/research_2025/apple-harvest-eva/install/harvest_interfaces/share/harvest_interfaces/cmake/ament_cmake_export_include_directories-extras.cmake
[2.229s] -- Up-to-date symlink: /home/imml/git/research_2025/apple-harvest-eva/install/harvest_interfaces/share/harvest_interfaces/cmake/ament_cmake_export_libraries-extras.cmake
[2.229s] -- Up-to-date symlink: /home/imml/git/research_2025/apple-harvest-eva/install/harvest_interfaces/share/harvest_interfaces/cmake/ament_cmake_export_targets-extras.cmake
[2.229s] -- Up-to-date symlink: /home/imml/git/research_2025/apple-harvest-eva/install/harvest_interfaces/share/harvest_interfaces/cmake/rosidl_cmake_export_typesupport_targets-extras.cmake
[2.229s] -- Up-to-date symlink: /home/imml/git/research_2025/apple-harvest-eva/install/harvest_interfaces/share/harvest_interfaces/cmake/rosidl_cmake_export_typesupport_libraries-extras.cmake
[2.229s] -- Up-to-date symlink: /home/imml/git/research_2025/apple-harvest-eva/install/harvest_interfaces/share/harvest_interfaces/cmake/harvest_interfacesConfig.cmake
[2.229s] -- Up-to-date symlink: /home/imml/git/research_2025/apple-harvest-eva/install/harvest_interfaces/share/harvest_interfaces/cmake/harvest_interfacesConfig-version.cmake
[2.229s] -- Up-to-date symlink: /home/imml/git/research_2025/apple-harvest-eva/install/harvest_interfaces/share/harvest_interfaces/package.xml
[2.230s] -- Up-to-date: /home/imml/git/research_2025/apple-harvest-eva/install/harvest_interfaces/lib/libharvest_interfaces__rosidl_generator_c.so
[2.230s] -- Up-to-date: /home/imml/git/research_2025/apple-harvest-eva/install/harvest_interfaces/lib/libharvest_interfaces__rosidl_typesupport_fastrtps_c.so
[2.230s] -- Up-to-date: /home/imml/git/research_2025/apple-harvest-eva/install/harvest_interfaces/lib/libharvest_interfaces__rosidl_typesupport_introspection_c.so
[2.231s] -- Up-to-date: /home/imml/git/research_2025/apple-harvest-eva/install/harvest_interfaces/lib/libharvest_interfaces__rosidl_typesupport_c.so
[2.231s] -- Up-to-date: /home/imml/git/research_2025/apple-harvest-eva/install/harvest_interfaces/lib/libharvest_interfaces__rosidl_typesupport_fastrtps_cpp.so
[2.232s] -- Up-to-date: /home/imml/git/research_2025/apple-harvest-eva/install/harvest_interfaces/lib/libharvest_interfaces__rosidl_typesupport_introspection_cpp.so
[2.232s] -- Up-to-date: /home/imml/git/research_2025/apple-harvest-eva/install/harvest_interfaces/lib/libharvest_interfaces__rosidl_typesupport_cpp.so
[2.269s] Listing '/home/imml/git/research_2025/apple-harvest-eva/install/harvest_interfaces/local/lib/python3.10/dist-packages/harvest_interfaces'...
[2.269s] Compiling '/home/imml/git/research_2025/apple-harvest-eva/install/harvest_interfaces/local/lib/python3.10/dist-packages/harvest_interfaces/__init__.py'...
[2.269s] Listing '/home/imml/git/research_2025/apple-harvest-eva/install/harvest_interfaces/local/lib/python3.10/dist-packages/harvest_interfaces/action'...
[2.269s] Listing '/home/imml/git/research_2025/apple-harvest-eva/install/harvest_interfaces/local/lib/python3.10/dist-packages/harvest_interfaces/srv'...
[2.276s] -- Up-to-date: /home/imml/git/research_2025/apple-harvest-eva/install/harvest_interfaces/lib/libharvest_interfaces__rosidl_generator_py.so
[2.276s] -- Up-to-date: /home/imml/git/research_2025/apple-harvest-eva/install/harvest_interfaces/share/harvest_interfaces/cmake/export_harvest_interfaces__rosidl_generator_cExport.cmake
[2.276s] -- Up-to-date: /home/imml/git/research_2025/apple-harvest-eva/install/harvest_interfaces/share/harvest_interfaces/cmake/export_harvest_interfaces__rosidl_generator_cExport-noconfig.cmake
[2.276s] -- Up-to-date: /home/imml/git/research_2025/apple-harvest-eva/install/harvest_interfaces/share/harvest_interfaces/cmake/export_harvest_interfaces__rosidl_typesupport_fastrtps_cExport.cmake
[2.276s] -- Up-to-date: /home/imml/git/research_2025/apple-harvest-eva/install/harvest_interfaces/share/harvest_interfaces/cmake/export_harvest_interfaces__rosidl_typesupport_fastrtps_cExport-noconfig.cmake
[2.276s] -- Up-to-date: /home/imml/git/research_2025/apple-harvest-eva/install/harvest_interfaces/share/harvest_interfaces/cmake/harvest_interfaces__rosidl_typesupport_introspection_cExport.cmake
[2.276s] -- Up-to-date: /home/imml/git/research_2025/apple-harvest-eva/install/harvest_interfaces/share/harvest_interfaces/cmake/harvest_interfaces__rosidl_typesupport_introspection_cExport-noconfig.cmake
[2.277s] -- Up-to-date: /home/imml/git/research_2025/apple-harvest-eva/install/harvest_interfaces/share/harvest_interfaces/cmake/harvest_interfaces__rosidl_typesupport_cExport.cmake
[2.277s] -- Up-to-date: /home/imml/git/research_2025/apple-harvest-eva/install/harvest_interfaces/share/harvest_interfaces/cmake/harvest_interfaces__rosidl_typesupport_cExport-noconfig.cmake
[2.277s] -- Up-to-date: /home/imml/git/research_2025/apple-harvest-eva/install/harvest_interfaces/share/harvest_interfaces/cmake/export_harvest_interfaces__rosidl_generator_cppExport.cmake
[2.277s] -- Up-to-date: /home/imml/git/research_2025/apple-harvest-eva/install/harvest_interfaces/share/harvest_interfaces/cmake/export_harvest_interfaces__rosidl_typesupport_fastrtps_cppExport.cmake
[2.277s] -- Up-to-date: /home/imml/git/research_2025/apple-harvest-eva/install/harvest_interfaces/share/harvest_interfaces/cmake/export_harvest_interfaces__rosidl_typesupport_fastrtps_cppExport-noconfig.cmake
[2.277s] -- Up-to-date: /home/imml/git/research_2025/apple-harvest-eva/install/harvest_interfaces/share/harvest_interfaces/cmake/harvest_interfaces__rosidl_typesupport_introspection_cppExport.cmake
[2.277s] -- Up-to-date: /home/imml/git/research_2025/apple-harvest-eva/install/harvest_interfaces/share/harvest_interfaces/cmake/harvest_interfaces__rosidl_typesupport_introspection_cppExport-noconfig.cmake
[2.277s] -- Up-to-date: /home/imml/git/research_2025/apple-harvest-eva/install/harvest_interfaces/share/harvest_interfaces/cmake/harvest_interfaces__rosidl_typesupport_cppExport.cmake
[2.278s] -- Up-to-date: /home/imml/git/research_2025/apple-harvest-eva/install/harvest_interfaces/share/harvest_interfaces/cmake/harvest_interfaces__rosidl_typesupport_cppExport-noconfig.cmake
[2.278s] -- Up-to-date: /home/imml/git/research_2025/apple-harvest-eva/install/harvest_interfaces/share/harvest_interfaces/cmake/export_harvest_interfaces__rosidl_generator_pyExport.cmake
[2.278s] -- Up-to-date: /home/imml/git/research_2025/apple-harvest-eva/install/harvest_interfaces/share/harvest_interfaces/cmake/export_harvest_interfaces__rosidl_generator_pyExport-noconfig.cmake
[2.284s] Invoked command in '/home/imml/git/research_2025/apple-harvest-eva/build/harvest_interfaces' returned '0': CMAKE_PREFIX_PATH=/opt/ros/humble /usr/bin/cmake --install /home/imml/git/research_2025/apple-harvest-eva/build/harvest_interfaces
