[0.910s] Invoking command in '/home/imml/git/research_2025/apple-harvest-eva/harvest_vision': CMAKE_PREFIX_PATH=/home/imml/git/research_2025/apple-harvest-eva/install/harvest_interfaces:/home/imml/git/research_2025/apple-harvest-eva/install/ur:/home/imml/git/research_2025/apple-harvest-eva/install/ur_calibration:/home/imml/git/research_2025/apple-harvest-eva/install/ur_robot_driver:/home/imml/git/research_2025/apple-harvest-eva/install/ur_moveit_config:/home/imml/git/research_2025/apple-harvest-eva/install/ur_bringup:/home/imml/git/research_2025/apple-harvest-eva/install/ur_description:/home/imml/git/research_2025/apple-harvest-eva/install/ur_controllers:/home/imml/git/research_2025/apple-harvest-eva/install/ur_dashboard_msgs:/home/imml/git/research_2025/apple-harvest-eva/install/realsense2_description:/home/imml/git/research_2025/apple-harvest-eva/install/realsense2_camera:/home/imml/git/research_2025/apple-harvest-eva/install/realsense2_camera_msgs:/home/imml/git/research_2025/apple-harvest-eva/install/harvest_control:/home/imml/git/research_2025/apple-harvest-eva/install/harvest LD_LIBRARY_PATH=/home/imml/git/research_2025/apple-harvest-eva/install/harvest_interfaces/lib:/home/imml/git/research_2025/apple-harvest-eva/install/ur_robot_driver/lib:/home/imml/git/research_2025/apple-harvest-eva/install/ur_controllers/lib:/home/imml/git/research_2025/apple-harvest-eva/install/ur_dashboard_msgs/lib:/home/imml/git/research_2025/apple-harvest-eva/install/realsense2_camera/lib:/home/imml/git/research_2025/apple-harvest-eva/install/realsense2_camera_msgs/lib:/usr/local/cuda-12.9/lib64:/opt/ros/humble/opt/rviz_ogre_vendor/lib:/opt/ros/humble/lib/x86_64-linux-gnu:/opt/ros/humble/lib PYTHONPATH=/home/imml/git/research_2025/apple-harvest-eva/build/harvest_vision/prefix_override:/usr/lib/python3/dist-packages/colcon_core/task/python/colcon_distutils_commands:/home/imml/git/research_2025/apple-harvest-eva/install/harvest_vision/lib/python3.10/site-packages:${PYTHONPATH} /usr/bin/python3 -W ignore:setup.py install is deprecated -W ignore:easy_install command is deprecated setup.py egg_info --egg-base ../build/harvest_vision build --build-base /home/imml/git/research_2025/apple-harvest-eva/build/harvest_vision/build install --record /home/imml/git/research_2025/apple-harvest-eva/build/harvest_vision/install.log --single-version-externally-managed install_data
[1.192s] running egg_info
[1.193s] writing ../build/harvest_vision/harvest_vision.egg-info/PKG-INFO
[1.193s] writing dependency_links to ../build/harvest_vision/harvest_vision.egg-info/dependency_links.txt
[1.193s] writing entry points to ../build/harvest_vision/harvest_vision.egg-info/entry_points.txt
[1.193s] writing requirements to ../build/harvest_vision/harvest_vision.egg-info/requires.txt
[1.193s] writing top-level names to ../build/harvest_vision/harvest_vision.egg-info/top_level.txt
[1.196s] reading manifest file '../build/harvest_vision/harvest_vision.egg-info/SOURCES.txt'
[1.198s] writing manifest file '../build/harvest_vision/harvest_vision.egg-info/SOURCES.txt'
[1.198s] running build
[1.199s] running build_py
[1.199s] running install
[1.199s] running install_lib
[1.201s] running install_data
[1.202s] running install_egg_info
[1.204s] removing '/home/imml/git/research_2025/apple-harvest-eva/install/harvest_vision/lib/python3.10/site-packages/harvest_vision-0.0.1-py3.10.egg-info' (and everything under it)
[1.205s] Copying ../build/harvest_vision/harvest_vision.egg-info to /home/imml/git/research_2025/apple-harvest-eva/install/harvest_vision/lib/python3.10/site-packages/harvest_vision-0.0.1-py3.10.egg-info
[1.206s] running install_scripts
[1.233s] Installing apple_prediction script to /home/imml/git/research_2025/apple-harvest-eva/install/harvest_vision/lib/harvest_vision
[1.233s] Installing apple_prediction_presaved_images script to /home/imml/git/research_2025/apple-harvest-eva/install/harvest_vision/lib/harvest_vision
[1.233s] Installing voxelize_scan script to /home/imml/git/research_2025/apple-harvest-eva/install/harvest_vision/lib/harvest_vision
[1.233s] writing list of installed files to '/home/imml/git/research_2025/apple-harvest-eva/build/harvest_vision/install.log'
[1.286s] Invoked command in '/home/imml/git/research_2025/apple-harvest-eva/harvest_vision' returned '0': CMAKE_PREFIX_PATH=/home/imml/git/research_2025/apple-harvest-eva/install/harvest_interfaces:/home/imml/git/research_2025/apple-harvest-eva/install/ur:/home/imml/git/research_2025/apple-harvest-eva/install/ur_calibration:/home/imml/git/research_2025/apple-harvest-eva/install/ur_robot_driver:/home/imml/git/research_2025/apple-harvest-eva/install/ur_moveit_config:/home/imml/git/research_2025/apple-harvest-eva/install/ur_bringup:/home/imml/git/research_2025/apple-harvest-eva/install/ur_description:/home/imml/git/research_2025/apple-harvest-eva/install/ur_controllers:/home/imml/git/research_2025/apple-harvest-eva/install/ur_dashboard_msgs:/home/imml/git/research_2025/apple-harvest-eva/install/realsense2_description:/home/imml/git/research_2025/apple-harvest-eva/install/realsense2_camera:/home/imml/git/research_2025/apple-harvest-eva/install/realsense2_camera_msgs:/home/imml/git/research_2025/apple-harvest-eva/install/harvest_control:/home/imml/git/research_2025/apple-harvest-eva/install/harvest LD_LIBRARY_PATH=/home/imml/git/research_2025/apple-harvest-eva/install/harvest_interfaces/lib:/home/imml/git/research_2025/apple-harvest-eva/install/ur_robot_driver/lib:/home/imml/git/research_2025/apple-harvest-eva/install/ur_controllers/lib:/home/imml/git/research_2025/apple-harvest-eva/install/ur_dashboard_msgs/lib:/home/imml/git/research_2025/apple-harvest-eva/install/realsense2_camera/lib:/home/imml/git/research_2025/apple-harvest-eva/install/realsense2_camera_msgs/lib:/usr/local/cuda-12.9/lib64:/opt/ros/humble/opt/rviz_ogre_vendor/lib:/opt/ros/humble/lib/x86_64-linux-gnu:/opt/ros/humble/lib PYTHONPATH=/home/imml/git/research_2025/apple-harvest-eva/build/harvest_vision/prefix_override:/usr/lib/python3/dist-packages/colcon_core/task/python/colcon_distutils_commands:/home/imml/git/research_2025/apple-harvest-eva/install/harvest_vision/lib/python3.10/site-packages:${PYTHONPATH} /usr/bin/python3 -W ignore:setup.py install is deprecated -W ignore:easy_install command is deprecated setup.py egg_info --egg-base ../build/harvest_vision build --build-base /home/imml/git/research_2025/apple-harvest-eva/build/harvest_vision/build install --record /home/imml/git/research_2025/apple-harvest-eva/build/harvest_vision/install.log --single-version-externally-managed install_data
