[0.032s] Invoking command in '/home/imml/git/research_2025/apple-harvest-refactor/build/harvest': CMAKE_PREFIX_PATH=/home/imml/git/research_2025/apple-harvest-refactor/install/harvest_interfaces:/home/imml/git/research_2025/apple-harvest-refactor/install/ur_moveit_config:/home/imml/git/research_2025/apple-harvest-refactor/install/ur_description:/home/imml/git/research_2025/apple-harvest-refactor/install/ur_dashboard_msgs:/home/imml/git/research_2025/apple-harvest-refactor/install/realsense2_description:/home/imml/git/research_2025/apple-harvest-refactor/install/realsense2_camera:/home/imml/git/research_2025/apple-harvest-refactor/install/realsense2_camera_msgs:/home/imml/git/research_2025/apple-harvest-refactor/install/harvest_control:/home/imml/git/research_2025/apple-harvest-refactor/install/harvest:/home/imml/git/research_2025/apple-harvest-refactor/install/ur5e_custom_hardware:/home/imml/git/research_2025/apple-harvest-refactor/install/harvest_vision:/opt/ros/humble LD_LIBRARY_PATH=/home/imml/git/research_2025/apple-harvest-refactor/install/harvest_interfaces/lib:/home/imml/git/research_2025/apple-harvest-refactor/install/ur_dashboard_msgs/lib:/home/imml/git/research_2025/apple-harvest-refactor/install/realsense2_camera/lib:/home/imml/git/research_2025/apple-harvest-refactor/install/realsense2_camera_msgs/lib:/usr/local/cuda-12.9/lib64:/opt/ros/humble/opt/rviz_ogre_vendor/lib:/opt/ros/humble/lib/x86_64-linux-gnu:/opt/ros/humble/lib /usr/bin/cmake /home/imml/git/research_2025/apple-harvest-refactor/harvest -DAMENT_CMAKE_SYMLINK_INSTALL=1 -DCMAKE_INSTALL_PREFIX=/home/imml/git/research_2025/apple-harvest-refactor/install/harvest
[0.078s] -- The C compiler identification is GNU 11.4.0
[0.123s] -- The CXX compiler identification is GNU 11.4.0
[0.131s] -- Detecting C compiler ABI info
[0.190s] -- Detecting C compiler ABI info - done
[0.196s] -- Check for working C compiler: /usr/bin/cc - skipped
[0.196s] -- Detecting C compile features
[0.196s] -- Detecting C compile features - done
[0.198s] -- Detecting CXX compiler ABI info
[0.267s] -- Detecting CXX compiler ABI info - done
[0.273s] -- Check for working CXX compiler: /usr/bin/c++ - skipped
[0.273s] -- Detecting CXX compile features
[0.274s] -- Detecting CXX compile features - done
[0.277s] -- Found ament_cmake: 1.3.11 (/opt/ros/humble/share/ament_cmake/cmake)
[0.418s] -- Found Python3: /usr/bin/python3 (found version "3.10.12") found components: Interpreter 
[0.477s] -- Override CMake install command with custom implementation using symlinks instead of copying resources
[0.516s] -- Found rclpy: 3.3.16 (/opt/ros/humble/share/rclpy/cmake)
[0.518s] -- Found moveit_servo: 2.5.9 (/opt/ros/humble/share/moveit_servo/cmake)
[0.561s] -- Found rosidl_generator_c: 3.1.6 (/opt/ros/humble/share/rosidl_generator_c/cmake)
[0.567s] -- Found rosidl_adapter: 3.1.6 (/opt/ros/humble/share/rosidl_adapter/cmake)
[0.575s] -- Found rosidl_generator_cpp: 3.1.6 (/opt/ros/humble/share/rosidl_generator_cpp/cmake)
[0.588s] -- Using all available rosidl_typesupport_c: rosidl_typesupport_fastrtps_c;rosidl_typesupport_introspection_c
[0.604s] -- Using all available rosidl_typesupport_cpp: rosidl_typesupport_fastrtps_cpp;rosidl_typesupport_introspection_cpp
[0.760s] -- Found rmw_implementation_cmake: 6.1.2 (/opt/ros/humble/share/rmw_implementation_cmake/cmake)
[0.763s] -- Found rmw_fastrtps_cpp: 6.2.7 (/opt/ros/humble/share/rmw_fastrtps_cpp/cmake)
[0.852s] -- Found OpenSSL: /usr/lib/x86_64-linux-gnu/libcrypto.so (found version "3.0.2")  
[0.878s] -- Found FastRTPS: /opt/ros/humble/include  
[0.917s] -- Using RMW implementation 'rmw_fastrtps_cpp' as default
[0.928s] -- Looking for pthread.h
[0.992s] -- Looking for pthread.h - found
[0.993s] -- Performing Test CMAKE_HAVE_LIBC_PTHREAD
[1.061s] -- Performing Test CMAKE_HAVE_LIBC_PTHREAD - Success
[1.061s] -- Found Threads: TRUE  
[1.230s] -- Found Boost: /usr/lib/x86_64-linux-gnu/cmake/Boost-1.74.0/BoostConfig.cmake (found version "1.74.0") found components: chrono date_time filesystem iostreams program_options regex serialization system thread 
[1.270s] -- Found Boost: /usr/lib/x86_64-linux-gnu/cmake/Boost-1.74.0/BoostConfig.cmake (found version "1.74.0") found components: filesystem 
[1.356s] -- library: /usr/lib/x86_64-linux-gnu/libcurl.so
[1.396s] -- Found Eigen3: TRUE (found version "3.4.0") 
[1.396s] -- Ensuring Eigen3 include directory is part of orocos-kdl CMake target
[1.553s] -- Found Boost: /usr/lib/x86_64-linux-gnu/cmake/Boost-1.74.0/BoostConfig.cmake (found version "1.74.0") found components: system filesystem date_time program_options thread chrono 
[1.590s] -- Found moveit: 2.5.9 (/opt/ros/humble/share/moveit/cmake)
[1.591s] -- Found harvest_interfaces: 0.0.0 (/home/imml/git/research_2025/apple-harvest-refactor/install/harvest_interfaces/share/harvest_interfaces/cmake)
[1.607s] -- Found moveit_ros_planning_interface: 2.5.9 (/opt/ros/humble/share/moveit_ros_planning_interface/cmake)
[1.610s] -- Found Boost: /usr/lib/x86_64-linux-gnu/cmake/Boost-1.74.0/BoostConfig.cmake (found version "1.74.0") found components: date_time filesystem program_options system thread 
[1.623s] -- Found Boost: /usr/lib/x86_64-linux-gnu/cmake/Boost-1.74.0/BoostConfig.cmake (found version "1.74.0") found components: thread system filesystem regex date_time program_options 
[1.643s] -- Found Boost: /usr/lib/x86_64-linux-gnu/cmake/Boost-1.74.0/BoostConfig.cmake (found version "1.74.0") found components: system filesystem date_time program_options thread 
[1.762s] -- Found ament_lint_auto: 0.12.12 (/opt/ros/humble/share/ament_lint_auto/cmake)
[1.867s] -- Added test 'flake8' to check Python code syntax and style conventions
[1.868s] -- Added test 'lint_cmake' to check CMake code style
[1.869s] -- Added test 'pep257' to check Python code against some of the docstring style conventions in PEP 257
[1.870s] -- Added test 'xmllint' to check XML markup files
[1.872s] -- Configuring done
[1.880s] -- Generating done
[1.883s] -- Build files have been written to: /home/imml/git/research_2025/apple-harvest-refactor/build/harvest
[1.898s] Invoked command in '/home/imml/git/research_2025/apple-harvest-refactor/build/harvest' returned '0': CMAKE_PREFIX_PATH=/home/imml/git/research_2025/apple-harvest-refactor/install/harvest_interfaces:/home/imml/git/research_2025/apple-harvest-refactor/install/ur_moveit_config:/home/imml/git/research_2025/apple-harvest-refactor/install/ur_description:/home/imml/git/research_2025/apple-harvest-refactor/install/ur_dashboard_msgs:/home/imml/git/research_2025/apple-harvest-refactor/install/realsense2_description:/home/imml/git/research_2025/apple-harvest-refactor/install/realsense2_camera:/home/imml/git/research_2025/apple-harvest-refactor/install/realsense2_camera_msgs:/home/imml/git/research_2025/apple-harvest-refactor/install/harvest_control:/home/imml/git/research_2025/apple-harvest-refactor/install/harvest:/home/imml/git/research_2025/apple-harvest-refactor/install/ur5e_custom_hardware:/home/imml/git/research_2025/apple-harvest-refactor/install/harvest_vision:/opt/ros/humble LD_LIBRARY_PATH=/home/imml/git/research_2025/apple-harvest-refactor/install/harvest_interfaces/lib:/home/imml/git/research_2025/apple-harvest-refactor/install/ur_dashboard_msgs/lib:/home/imml/git/research_2025/apple-harvest-refactor/install/realsense2_camera/lib:/home/imml/git/research_2025/apple-harvest-refactor/install/realsense2_camera_msgs/lib:/usr/local/cuda-12.9/lib64:/opt/ros/humble/opt/rviz_ogre_vendor/lib:/opt/ros/humble/lib/x86_64-linux-gnu:/opt/ros/humble/lib /usr/bin/cmake /home/imml/git/research_2025/apple-harvest-refactor/harvest -DAMENT_CMAKE_SYMLINK_INSTALL=1 -DCMAKE_INSTALL_PREFIX=/home/imml/git/research_2025/apple-harvest-refactor/install/harvest
[1.900s] Invoking command in '/home/imml/git/research_2025/apple-harvest-refactor/build/harvest': CMAKE_PREFIX_PATH=/home/imml/git/research_2025/apple-harvest-refactor/install/harvest_interfaces:/home/imml/git/research_2025/apple-harvest-refactor/install/ur_moveit_config:/home/imml/git/research_2025/apple-harvest-refactor/install/ur_description:/home/imml/git/research_2025/apple-harvest-refactor/install/ur_dashboard_msgs:/home/imml/git/research_2025/apple-harvest-refactor/install/realsense2_description:/home/imml/git/research_2025/apple-harvest-refactor/install/realsense2_camera:/home/imml/git/research_2025/apple-harvest-refactor/install/realsense2_camera_msgs:/home/imml/git/research_2025/apple-harvest-refactor/install/harvest_control:/home/imml/git/research_2025/apple-harvest-refactor/install/harvest:/home/imml/git/research_2025/apple-harvest-refactor/install/ur5e_custom_hardware:/home/imml/git/research_2025/apple-harvest-refactor/install/harvest_vision:/opt/ros/humble LD_LIBRARY_PATH=/home/imml/git/research_2025/apple-harvest-refactor/install/harvest_interfaces/lib:/home/imml/git/research_2025/apple-harvest-refactor/install/ur_dashboard_msgs/lib:/home/imml/git/research_2025/apple-harvest-refactor/install/realsense2_camera/lib:/home/imml/git/research_2025/apple-harvest-refactor/install/realsense2_camera_msgs/lib:/usr/local/cuda-12.9/lib64:/opt/ros/humble/opt/rviz_ogre_vendor/lib:/opt/ros/humble/lib/x86_64-linux-gnu:/opt/ros/humble/lib /usr/bin/cmake --build /home/imml/git/research_2025/apple-harvest-refactor/build/harvest -- -j16 -l16
[1.957s] Built target ament_cmake_python_symlink_harvest
[2.200s] running egg_info
[2.200s] creating harvest.egg-info
[2.200s] writing harvest.egg-info/PKG-INFO
[2.200s] writing dependency_links to harvest.egg-info/dependency_links.txt
[2.200s] writing top-level names to harvest.egg-info/top_level.txt
[2.201s] writing manifest file 'harvest.egg-info/SOURCES.txt'
[2.203s] reading manifest file 'harvest.egg-info/SOURCES.txt'
[2.203s] writing manifest file 'harvest.egg-info/SOURCES.txt'
[2.240s] Built target ament_cmake_python_build_harvest_egg
[2.252s] Invoked command in '/home/imml/git/research_2025/apple-harvest-refactor/build/harvest' returned '0': CMAKE_PREFIX_PATH=/home/imml/git/research_2025/apple-harvest-refactor/install/harvest_interfaces:/home/imml/git/research_2025/apple-harvest-refactor/install/ur_moveit_config:/home/imml/git/research_2025/apple-harvest-refactor/install/ur_description:/home/imml/git/research_2025/apple-harvest-refactor/install/ur_dashboard_msgs:/home/imml/git/research_2025/apple-harvest-refactor/install/realsense2_description:/home/imml/git/research_2025/apple-harvest-refactor/install/realsense2_camera:/home/imml/git/research_2025/apple-harvest-refactor/install/realsense2_camera_msgs:/home/imml/git/research_2025/apple-harvest-refactor/install/harvest_control:/home/imml/git/research_2025/apple-harvest-refactor/install/harvest:/home/imml/git/research_2025/apple-harvest-refactor/install/ur5e_custom_hardware:/home/imml/git/research_2025/apple-harvest-refactor/install/harvest_vision:/opt/ros/humble LD_LIBRARY_PATH=/home/imml/git/research_2025/apple-harvest-refactor/install/harvest_interfaces/lib:/home/imml/git/research_2025/apple-harvest-refactor/install/ur_dashboard_msgs/lib:/home/imml/git/research_2025/apple-harvest-refactor/install/realsense2_camera/lib:/home/imml/git/research_2025/apple-harvest-refactor/install/realsense2_camera_msgs/lib:/usr/local/cuda-12.9/lib64:/opt/ros/humble/opt/rviz_ogre_vendor/lib:/opt/ros/humble/lib/x86_64-linux-gnu:/opt/ros/humble/lib /usr/bin/cmake --build /home/imml/git/research_2025/apple-harvest-refactor/build/harvest -- -j16 -l16
[2.253s] Invoking command in '/home/imml/git/research_2025/apple-harvest-refactor/build/harvest': CMAKE_PREFIX_PATH=/home/imml/git/research_2025/apple-harvest-refactor/install/harvest_interfaces:/home/imml/git/research_2025/apple-harvest-refactor/install/ur_moveit_config:/home/imml/git/research_2025/apple-harvest-refactor/install/ur_description:/home/imml/git/research_2025/apple-harvest-refactor/install/ur_dashboard_msgs:/home/imml/git/research_2025/apple-harvest-refactor/install/realsense2_description:/home/imml/git/research_2025/apple-harvest-refactor/install/realsense2_camera:/home/imml/git/research_2025/apple-harvest-refactor/install/realsense2_camera_msgs:/home/imml/git/research_2025/apple-harvest-refactor/install/harvest_control:/home/imml/git/research_2025/apple-harvest-refactor/install/harvest:/home/imml/git/research_2025/apple-harvest-refactor/install/ur5e_custom_hardware:/home/imml/git/research_2025/apple-harvest-refactor/install/harvest_vision:/opt/ros/humble LD_LIBRARY_PATH=/home/imml/git/research_2025/apple-harvest-refactor/install/harvest_interfaces/lib:/home/imml/git/research_2025/apple-harvest-refactor/install/ur_dashboard_msgs/lib:/home/imml/git/research_2025/apple-harvest-refactor/install/realsense2_camera/lib:/home/imml/git/research_2025/apple-harvest-refactor/install/realsense2_camera_msgs/lib:/usr/local/cuda-12.9/lib64:/opt/ros/humble/opt/rviz_ogre_vendor/lib:/opt/ros/humble/lib/x86_64-linux-gnu:/opt/ros/humble/lib /usr/bin/cmake --install /home/imml/git/research_2025/apple-harvest-refactor/build/harvest
[2.261s] -- Install configuration: ""
[2.261s] -- Execute custom install script
[2.262s] -- Symlinking: /home/imml/git/research_2025/apple-harvest-refactor/install/harvest/share/harvest/environment/pythonpath.sh
[2.272s] -- Symlinking: /home/imml/git/research_2025/apple-harvest-refactor/install/harvest/share/harvest/environment/pythonpath.dsv
[2.283s] -- Symlinking: /home/imml/git/research_2025/apple-harvest-refactor/install/harvest/local/lib/python3.10/dist-packages/harvest-0.0.0-py3.10.egg-info/PKG-INFO
[2.292s] -- Symlinking: /home/imml/git/research_2025/apple-harvest-refactor/install/harvest/local/lib/python3.10/dist-packages/harvest-0.0.0-py3.10.egg-info/SOURCES.txt
[2.302s] -- Symlinking: /home/imml/git/research_2025/apple-harvest-refactor/install/harvest/local/lib/python3.10/dist-packages/harvest-0.0.0-py3.10.egg-info/dependency_links.txt
[2.312s] -- Symlinking: /home/imml/git/research_2025/apple-harvest-refactor/install/harvest/local/lib/python3.10/dist-packages/harvest-0.0.0-py3.10.egg-info/top_level.txt
[2.323s] -- Symlinking: /home/imml/git/research_2025/apple-harvest-refactor/install/harvest/local/lib/python3.10/dist-packages/harvest/__init__.py
[2.333s] -- Symlinking: /home/imml/git/research_2025/apple-harvest-refactor/install/harvest/lib/harvest/start_harvest.py
[2.344s] -- Symlinking: /home/imml/git/research_2025/apple-harvest-refactor/install/harvest/lib/harvest/start_harvest_demo.py
[2.354s] -- Symlinking: /home/imml/git/research_2025/apple-harvest-refactor/install/harvest/lib/harvest/record.py
[2.364s] -- Symlinking: /home/imml/git/research_2025/apple-harvest-refactor/install/harvest/lib/harvest/orchard_templating.py
[2.374s] -- Symlinking: /home/imml/git/research_2025/apple-harvest-refactor/install/harvest/lib/harvest/apple_prediction_test.py
[2.385s] -- Symlinking: /home/imml/git/research_2025/apple-harvest-refactor/install/harvest/lib/harvest/visual_servo_test.py
[2.396s] -- Symlinking: /home/imml/git/research_2025/apple-harvest-refactor/install/harvest/share/harvest//launch/launch_gripper.launch.py
[2.407s] -- Symlinking: /home/imml/git/research_2025/apple-harvest-refactor/install/harvest/share/harvest//launch/launch_lab_demo.py
[2.418s] -- Symlinking: /home/imml/git/research_2025/apple-harvest-refactor/install/harvest/share/harvest//launch/launch_vision.launch.py
[2.429s] -- Symlinking: /home/imml/git/research_2025/apple-harvest-refactor/install/harvest/share/harvest//launch/launch_vision_templating.launch.py
[2.439s] -- Symlinking: /home/imml/git/research_2025/apple-harvest-refactor/install/harvest/share/ament_index/resource_index/package_run_dependencies/harvest
[2.450s] -- Symlinking: /home/imml/git/research_2025/apple-harvest-refactor/install/harvest/share/ament_index/resource_index/parent_prefix_path/harvest
[2.461s] -- Symlinking: /home/imml/git/research_2025/apple-harvest-refactor/install/harvest/share/harvest/environment/ament_prefix_path.sh
[2.471s] -- Symlinking: /home/imml/git/research_2025/apple-harvest-refactor/install/harvest/share/harvest/environment/ament_prefix_path.dsv
[2.482s] -- Symlinking: /home/imml/git/research_2025/apple-harvest-refactor/install/harvest/share/harvest/environment/path.sh
[2.493s] -- Symlinking: /home/imml/git/research_2025/apple-harvest-refactor/install/harvest/share/harvest/environment/path.dsv
[2.503s] -- Symlinking: /home/imml/git/research_2025/apple-harvest-refactor/install/harvest/share/harvest/local_setup.bash
[2.514s] -- Symlinking: /home/imml/git/research_2025/apple-harvest-refactor/install/harvest/share/harvest/local_setup.sh
[2.524s] -- Symlinking: /home/imml/git/research_2025/apple-harvest-refactor/install/harvest/share/harvest/local_setup.zsh
[2.535s] -- Symlinking: /home/imml/git/research_2025/apple-harvest-refactor/install/harvest/share/harvest/local_setup.dsv
[2.545s] -- Symlinking: /home/imml/git/research_2025/apple-harvest-refactor/install/harvest/share/harvest/package.dsv
[2.555s] -- Symlinking: /home/imml/git/research_2025/apple-harvest-refactor/install/harvest/share/ament_index/resource_index/packages/harvest
[2.566s] -- Symlinking: /home/imml/git/research_2025/apple-harvest-refactor/install/harvest/share/harvest/cmake/harvestConfig.cmake
[2.576s] -- Symlinking: /home/imml/git/research_2025/apple-harvest-refactor/install/harvest/share/harvest/cmake/harvestConfig-version.cmake
[2.586s] -- Symlinking: /home/imml/git/research_2025/apple-harvest-refactor/install/harvest/share/harvest/package.xml
[2.630s] Listing '/home/imml/git/research_2025/apple-harvest-refactor/install/harvest/local/lib/python3.10/dist-packages/harvest'...
[2.630s] Compiling '/home/imml/git/research_2025/apple-harvest-refactor/install/harvest/local/lib/python3.10/dist-packages/harvest/__init__.py'...
[2.638s] Invoked command in '/home/imml/git/research_2025/apple-harvest-refactor/build/harvest' returned '0': CMAKE_PREFIX_PATH=/home/imml/git/research_2025/apple-harvest-refactor/install/harvest_interfaces:/home/imml/git/research_2025/apple-harvest-refactor/install/ur_moveit_config:/home/imml/git/research_2025/apple-harvest-refactor/install/ur_description:/home/imml/git/research_2025/apple-harvest-refactor/install/ur_dashboard_msgs:/home/imml/git/research_2025/apple-harvest-refactor/install/realsense2_description:/home/imml/git/research_2025/apple-harvest-refactor/install/realsense2_camera:/home/imml/git/research_2025/apple-harvest-refactor/install/realsense2_camera_msgs:/home/imml/git/research_2025/apple-harvest-refactor/install/harvest_control:/home/imml/git/research_2025/apple-harvest-refactor/install/harvest:/home/imml/git/research_2025/apple-harvest-refactor/install/ur5e_custom_hardware:/home/imml/git/research_2025/apple-harvest-refactor/install/harvest_vision:/opt/ros/humble LD_LIBRARY_PATH=/home/imml/git/research_2025/apple-harvest-refactor/install/harvest_interfaces/lib:/home/imml/git/research_2025/apple-harvest-refactor/install/ur_dashboard_msgs/lib:/home/imml/git/research_2025/apple-harvest-refactor/install/realsense2_camera/lib:/home/imml/git/research_2025/apple-harvest-refactor/install/realsense2_camera_msgs/lib:/usr/local/cuda-12.9/lib64:/opt/ros/humble/opt/rviz_ogre_vendor/lib:/opt/ros/humble/lib/x86_64-linux-gnu:/opt/ros/humble/lib /usr/bin/cmake --install /home/imml/git/research_2025/apple-harvest-refactor/build/harvest
