[0.011s] Invoking command in '/home/imml/git/research_2025/apple-harvest-eva/build/realsense2_camera': AMENT_PREFIX_PATH=/home/imml/git/research_2025/apple-harvest-eva/install/realsense2_camera_msgs:${AMENT_PREFIX_PATH} CMAKE_PREFIX_PATH=/home/imml/git/research_2025/apple-harvest-eva/install/realsense2_camera_msgs:/opt/ros/humble LD_LIBRARY_PATH=/home/imml/git/research_2025/apple-harvest-eva/install/realsense2_camera_msgs/lib:${LD_LIBRARY_PATH} PYTHONPATH=/home/imml/git/research_2025/apple-harvest-eva/install/realsense2_camera_msgs/local/lib/python3.10/dist-packages:${PYTHONPATH} /usr/bin/cmake /home/imml/git/research_2025/apple-harvest-eva/harvest_hardware/realsense-ros/realsense2_camera -DCMAKE_INSTALL_PREFIX=/home/imml/git/research_2025/apple-harvest-eva/install/realsense2_camera
[0.026s] -- Create Release Build.
[0.026s] -- Found ament_cmake: 1.3.11 (/opt/ros/humble/share/ament_cmake/cmake)
[0.173s] -- Override CMake install command with custom implementation using symlinks instead of copying resources
[0.182s] -- Found builtin_interfaces: 1.2.1 (/opt/ros/humble/share/builtin_interfaces/cmake)
[0.209s] -- Found rosidl_generator_c: 3.1.6 (/opt/ros/humble/share/rosidl_generator_c/cmake)
[0.211s] -- Found rosidl_adapter: 3.1.6 (/opt/ros/humble/share/rosidl_adapter/cmake)
[0.219s] -- Found rosidl_generator_cpp: 3.1.6 (/opt/ros/humble/share/rosidl_generator_cpp/cmake)
[0.231s] -- Using all available rosidl_typesupport_c: rosidl_typesupport_fastrtps_c;rosidl_typesupport_introspection_c
[0.247s] -- Using all available rosidl_typesupport_cpp: rosidl_typesupport_fastrtps_cpp;rosidl_typesupport_introspection_cpp
[0.258s] -- Found cv_bridge: 3.2.1 (/opt/ros/humble/share/cv_bridge/cmake)
[0.319s] -- Found image_transport: 3.1.12 (/opt/ros/humble/share/image_transport/cmake)
[0.350s] -- Found rmw_implementation_cmake: 6.1.2 (/opt/ros/humble/share/rmw_implementation_cmake/cmake)
[0.351s] -- Found rmw_fastrtps_cpp: 6.2.7 (/opt/ros/humble/share/rmw_fastrtps_cpp/cmake)
[0.469s] -- Using RMW implementation 'rmw_fastrtps_cpp' as default
[0.546s] -- Found rclcpp_components: 16.0.12 (/opt/ros/humble/share/rclcpp_components/cmake)
[0.569s] -- Found realsense2_camera_msgs: 4.55.1 (/home/imml/git/research_2025/apple-harvest-eva/install/realsense2_camera_msgs/share/realsense2_camera_msgs/cmake)
[0.595s] -- Found nav_msgs: 4.9.0 (/opt/ros/humble/share/nav_msgs/cmake)
[0.621s] -- Found tf2_ros: 0.25.13 (/opt/ros/humble/share/tf2_ros/cmake)
[0.697s] -- Found diagnostic_updater: 4.0.6 (/opt/ros/humble/share/diagnostic_updater/cmake)
[0.727s] -- Build for ROS2 Humble
[0.732s] -- Found ament_cmake_gtest: 1.3.11 (/opt/ros/humble/share/ament_cmake_gtest/cmake)
[0.732s] -- Found gtest sources under '/opt/ros/humble/src/gtest_vendor': C++ tests using 'Google Test' will be built
[0.738s] -- Found ament_cmake_pytest: 1.3.11 (/opt/ros/humble/share/ament_cmake_pytest/cmake)
[11.158s] -- rs_device_info:
[11.158s] -- No device detected. Is it plugged in?
[11.158s] 
[11.234s] -- Configuring done
[11.264s] -- Generating done
[11.272s] -- Build files have been written to: /home/imml/git/research_2025/apple-harvest-eva/build/realsense2_camera
[11.282s] Invoked command in '/home/imml/git/research_2025/apple-harvest-eva/build/realsense2_camera' returned '0': AMENT_PREFIX_PATH=/home/imml/git/research_2025/apple-harvest-eva/install/realsense2_camera_msgs:${AMENT_PREFIX_PATH} CMAKE_PREFIX_PATH=/home/imml/git/research_2025/apple-harvest-eva/install/realsense2_camera_msgs:/opt/ros/humble LD_LIBRARY_PATH=/home/imml/git/research_2025/apple-harvest-eva/install/realsense2_camera_msgs/lib:${LD_LIBRARY_PATH} PYTHONPATH=/home/imml/git/research_2025/apple-harvest-eva/install/realsense2_camera_msgs/local/lib/python3.10/dist-packages:${PYTHONPATH} /usr/bin/cmake /home/imml/git/research_2025/apple-harvest-eva/harvest_hardware/realsense-ros/realsense2_camera -DCMAKE_INSTALL_PREFIX=/home/imml/git/research_2025/apple-harvest-eva/install/realsense2_camera
[11.284s] Invoking command in '/home/imml/git/research_2025/apple-harvest-eva/build/realsense2_camera': AMENT_PREFIX_PATH=/home/imml/git/research_2025/apple-harvest-eva/install/realsense2_camera_msgs:${AMENT_PREFIX_PATH} CMAKE_PREFIX_PATH=/home/imml/git/research_2025/apple-harvest-eva/install/realsense2_camera_msgs:/opt/ros/humble LD_LIBRARY_PATH=/home/imml/git/research_2025/apple-harvest-eva/install/realsense2_camera_msgs/lib:${LD_LIBRARY_PATH} PYTHONPATH=/home/imml/git/research_2025/apple-harvest-eva/install/realsense2_camera_msgs/local/lib/python3.10/dist-packages:${PYTHONPATH} /usr/bin/cmake --build /home/imml/git/research_2025/apple-harvest-eva/build/realsense2_camera -- -j16 -l16
[11.324s] [35m[1mConsolidate compiler generated dependencies of target gtest[0m
[11.324s] [35m[1mConsolidate compiler generated dependencies of target gtest_main[0m
[11.325s] [35m[1mConsolidate compiler generated dependencies of target realsense2_camera_node[0m
[11.337s] [35m[1mConsolidate compiler generated dependencies of target realsense2_camera[0m
[11.338s] [  9%] Built target gtest_main
[11.338s] [ 18%] Built target gtest
[11.343s] [ 27%] Built target realsense2_camera_node
[11.348s] [35m[1mConsolidate compiler generated dependencies of target gtest_template[0m
[11.363s] [ 36%] Built target gtest_template
[11.398s] [100%] Built target realsense2_camera
[11.411s] Invoked command in '/home/imml/git/research_2025/apple-harvest-eva/build/realsense2_camera' returned '0': AMENT_PREFIX_PATH=/home/imml/git/research_2025/apple-harvest-eva/install/realsense2_camera_msgs:${AMENT_PREFIX_PATH} CMAKE_PREFIX_PATH=/home/imml/git/research_2025/apple-harvest-eva/install/realsense2_camera_msgs:/opt/ros/humble LD_LIBRARY_PATH=/home/imml/git/research_2025/apple-harvest-eva/install/realsense2_camera_msgs/lib:${LD_LIBRARY_PATH} PYTHONPATH=/home/imml/git/research_2025/apple-harvest-eva/install/realsense2_camera_msgs/local/lib/python3.10/dist-packages:${PYTHONPATH} /usr/bin/cmake --build /home/imml/git/research_2025/apple-harvest-eva/build/realsense2_camera -- -j16 -l16
[11.412s] Invoking command in '/home/imml/git/research_2025/apple-harvest-eva/build/realsense2_camera': AMENT_PREFIX_PATH=/home/imml/git/research_2025/apple-harvest-eva/install/realsense2_camera_msgs:${AMENT_PREFIX_PATH} CMAKE_PREFIX_PATH=/home/imml/git/research_2025/apple-harvest-eva/install/realsense2_camera_msgs:/opt/ros/humble LD_LIBRARY_PATH=/home/imml/git/research_2025/apple-harvest-eva/install/realsense2_camera_msgs/lib:${LD_LIBRARY_PATH} PYTHONPATH=/home/imml/git/research_2025/apple-harvest-eva/install/realsense2_camera_msgs/local/lib/python3.10/dist-packages:${PYTHONPATH} /usr/bin/cmake --install /home/imml/git/research_2025/apple-harvest-eva/build/realsense2_camera
[11.419s] -- Install configuration: "Release"
[11.420s] -- Execute custom install script
[11.420s] -- Up-to-date symlink: /home/imml/git/research_2025/apple-harvest-eva/install/realsense2_camera/lib/realsense2_camera/realsense2_camera_node
[11.420s] -- Up-to-date symlink: /home/imml/git/research_2025/apple-harvest-eva/install/realsense2_camera/lib/librealsense2_camera.so
[11.421s] -- Up-to-date symlink: /home/imml/git/research_2025/apple-harvest-eva/install/realsense2_camera/include/base_realsense_node.h
[11.421s] -- Up-to-date symlink: /home/imml/git/research_2025/apple-harvest-eva/install/realsense2_camera/include/constants.h
[11.421s] -- Up-to-date symlink: /home/imml/git/research_2025/apple-harvest-eva/install/realsense2_camera/include/dynamic_params.h
[11.421s] -- Up-to-date symlink: /home/imml/git/research_2025/apple-harvest-eva/install/realsense2_camera/include/gl_window.h
[11.421s] -- Up-to-date symlink: /home/imml/git/research_2025/apple-harvest-eva/install/realsense2_camera/include/image_publisher.h
[11.421s] -- Up-to-date symlink: /home/imml/git/research_2025/apple-harvest-eva/install/realsense2_camera/include/named_filter.h
[11.421s] -- Up-to-date symlink: /home/imml/git/research_2025/apple-harvest-eva/install/realsense2_camera/include/profile_manager.h
[11.421s] -- Up-to-date symlink: /home/imml/git/research_2025/apple-harvest-eva/install/realsense2_camera/include/realsense_node_factory.h
[11.421s] -- Up-to-date symlink: /home/imml/git/research_2025/apple-harvest-eva/install/realsense2_camera/include/ros_param_backend.h
[11.421s] -- Up-to-date symlink: /home/imml/git/research_2025/apple-harvest-eva/install/realsense2_camera/include/ros_sensor.h
[11.422s] -- Up-to-date symlink: /home/imml/git/research_2025/apple-harvest-eva/install/realsense2_camera/include/ros_utils.h
[11.422s] -- Up-to-date symlink: /home/imml/git/research_2025/apple-harvest-eva/install/realsense2_camera/include/sensor_params.h
[11.422s] -- Up-to-date symlink: /home/imml/git/research_2025/apple-harvest-eva/install/realsense2_camera/share/realsense2_camera/launch/default.rviz
[11.422s] -- Up-to-date symlink: /home/imml/git/research_2025/apple-harvest-eva/install/realsense2_camera/share/realsense2_camera/launch/rs_intra_process_demo_launch.py
[11.422s] -- Up-to-date symlink: /home/imml/git/research_2025/apple-harvest-eva/install/realsense2_camera/share/realsense2_camera/launch/rs_launch.py
[11.422s] -- Up-to-date symlink: /home/imml/git/research_2025/apple-harvest-eva/install/realsense2_camera/share/realsense2_camera/launch/rs_multi_camera_launch.py
[11.422s] -- Up-to-date symlink: /home/imml/git/research_2025/apple-harvest-eva/install/realsense2_camera/share/realsense2_camera/examples/align_depth/README.md
[11.423s] -- Up-to-date symlink: /home/imml/git/research_2025/apple-harvest-eva/install/realsense2_camera/share/realsense2_camera/examples/align_depth/rs_align_depth_launch.py
[11.423s] -- Up-to-date symlink: /home/imml/git/research_2025/apple-harvest-eva/install/realsense2_camera/share/realsense2_camera/examples/dual_camera/README.md
[11.423s] -- Up-to-date symlink: /home/imml/git/research_2025/apple-harvest-eva/install/realsense2_camera/share/realsense2_camera/examples/dual_camera/rs_dual_camera_launch.py
[11.423s] -- Up-to-date symlink: /home/imml/git/research_2025/apple-harvest-eva/install/realsense2_camera/share/realsense2_camera/examples/dual_camera/rviz/dual_camera_pointcloud.rviz
[11.423s] -- Up-to-date symlink: /home/imml/git/research_2025/apple-harvest-eva/install/realsense2_camera/share/realsense2_camera/examples/launch_from_rosbag/README.md
[11.423s] -- Up-to-date symlink: /home/imml/git/research_2025/apple-harvest-eva/install/realsense2_camera/share/realsense2_camera/examples/launch_from_rosbag/rs_launch_from_rosbag.py
[11.423s] -- Up-to-date symlink: /home/imml/git/research_2025/apple-harvest-eva/install/realsense2_camera/share/realsense2_camera/examples/launch_params_from_file/README.md
[11.423s] -- Up-to-date symlink: /home/imml/git/research_2025/apple-harvest-eva/install/realsense2_camera/share/realsense2_camera/examples/launch_params_from_file/config/config.yaml
[11.423s] -- Up-to-date symlink: /home/imml/git/research_2025/apple-harvest-eva/install/realsense2_camera/share/realsense2_camera/examples/launch_params_from_file/rs_launch_get_params_from_yaml.py
[11.423s] -- Up-to-date symlink: /home/imml/git/research_2025/apple-harvest-eva/install/realsense2_camera/share/realsense2_camera/examples/pointcloud/README.md
[11.424s] -- Up-to-date symlink: /home/imml/git/research_2025/apple-harvest-eva/install/realsense2_camera/share/realsense2_camera/examples/pointcloud/rs_d405_pointcloud_launch.py
[11.424s] -- Up-to-date symlink: /home/imml/git/research_2025/apple-harvest-eva/install/realsense2_camera/share/realsense2_camera/examples/pointcloud/rs_d455_pointcloud_launch.py
[11.424s] -- Up-to-date symlink: /home/imml/git/research_2025/apple-harvest-eva/install/realsense2_camera/share/realsense2_camera/examples/pointcloud/rs_pointcloud_launch.py
[11.424s] -- Up-to-date symlink: /home/imml/git/research_2025/apple-harvest-eva/install/realsense2_camera/share/realsense2_camera/examples/pointcloud/rviz/pointcloud.rviz
[11.424s] -- Up-to-date symlink: /home/imml/git/research_2025/apple-harvest-eva/install/realsense2_camera/share/realsense2_camera/examples/pointcloud/rviz/urdf_pointcloud.rviz
[11.424s] -- Up-to-date symlink: /home/imml/git/research_2025/apple-harvest-eva/install/realsense2_camera/share/realsense2_camera/environment/library_path.sh
[11.424s] -- Up-to-date symlink: /home/imml/git/research_2025/apple-harvest-eva/install/realsense2_camera/share/realsense2_camera/environment/library_path.dsv
[11.424s] -- Up-to-date symlink: /home/imml/git/research_2025/apple-harvest-eva/install/realsense2_camera/share/ament_index/resource_index/package_run_dependencies/realsense2_camera
[11.425s] -- Up-to-date symlink: /home/imml/git/research_2025/apple-harvest-eva/install/realsense2_camera/share/ament_index/resource_index/parent_prefix_path/realsense2_camera
[11.425s] -- Up-to-date symlink: /home/imml/git/research_2025/apple-harvest-eva/install/realsense2_camera/share/realsense2_camera/environment/ament_prefix_path.sh
[11.425s] -- Up-to-date symlink: /home/imml/git/research_2025/apple-harvest-eva/install/realsense2_camera/share/realsense2_camera/environment/ament_prefix_path.dsv
[11.425s] -- Up-to-date symlink: /home/imml/git/research_2025/apple-harvest-eva/install/realsense2_camera/share/realsense2_camera/environment/path.sh
[11.425s] -- Up-to-date symlink: /home/imml/git/research_2025/apple-harvest-eva/install/realsense2_camera/share/realsense2_camera/environment/path.dsv
[11.425s] -- Up-to-date symlink: /home/imml/git/research_2025/apple-harvest-eva/install/realsense2_camera/share/realsense2_camera/local_setup.bash
[11.425s] -- Up-to-date symlink: /home/imml/git/research_2025/apple-harvest-eva/install/realsense2_camera/share/realsense2_camera/local_setup.sh
[11.425s] -- Up-to-date symlink: /home/imml/git/research_2025/apple-harvest-eva/install/realsense2_camera/share/realsense2_camera/local_setup.zsh
[11.425s] -- Up-to-date symlink: /home/imml/git/research_2025/apple-harvest-eva/install/realsense2_camera/share/realsense2_camera/local_setup.dsv
[11.425s] -- Symlinking: /home/imml/git/research_2025/apple-harvest-eva/install/realsense2_camera/share/realsense2_camera/package.dsv
[11.435s] -- Up-to-date symlink: /home/imml/git/research_2025/apple-harvest-eva/install/realsense2_camera/share/ament_index/resource_index/packages/realsense2_camera
[11.435s] -- Up-to-date symlink: /home/imml/git/research_2025/apple-harvest-eva/install/realsense2_camera/share/ament_index/resource_index/rclcpp_components/realsense2_camera
[11.435s] -- Up-to-date symlink: /home/imml/git/research_2025/apple-harvest-eva/install/realsense2_camera/share/realsense2_camera/cmake/ament_cmake_export_include_directories-extras.cmake
[11.435s] -- Up-to-date symlink: /home/imml/git/research_2025/apple-harvest-eva/install/realsense2_camera/share/realsense2_camera/cmake/ament_cmake_export_libraries-extras.cmake
[11.436s] -- Up-to-date symlink: /home/imml/git/research_2025/apple-harvest-eva/install/realsense2_camera/share/realsense2_camera/cmake/ament_cmake_export_dependencies-extras.cmake
[11.436s] -- Up-to-date symlink: /home/imml/git/research_2025/apple-harvest-eva/install/realsense2_camera/share/realsense2_camera/cmake/realsense2_cameraConfig.cmake
[11.436s] -- Up-to-date symlink: /home/imml/git/research_2025/apple-harvest-eva/install/realsense2_camera/share/realsense2_camera/cmake/realsense2_cameraConfig-version.cmake
[11.436s] -- Up-to-date symlink: /home/imml/git/research_2025/apple-harvest-eva/install/realsense2_camera/share/realsense2_camera/package.xml
[11.438s] Invoked command in '/home/imml/git/research_2025/apple-harvest-eva/build/realsense2_camera' returned '0': AMENT_PREFIX_PATH=/home/imml/git/research_2025/apple-harvest-eva/install/realsense2_camera_msgs:${AMENT_PREFIX_PATH} CMAKE_PREFIX_PATH=/home/imml/git/research_2025/apple-harvest-eva/install/realsense2_camera_msgs:/opt/ros/humble LD_LIBRARY_PATH=/home/imml/git/research_2025/apple-harvest-eva/install/realsense2_camera_msgs/lib:${LD_LIBRARY_PATH} PYTHONPATH=/home/imml/git/research_2025/apple-harvest-eva/install/realsense2_camera_msgs/local/lib/python3.10/dist-packages:${PYTHONPATH} /usr/bin/cmake --install /home/imml/git/research_2025/apple-harvest-eva/build/realsense2_camera
