[0.994s] Invoking command in '/home/imml/git/research_2025/apple-harvest-eva/harvest_hardware/ur5e_custom_hardware': PYTHONPATH=/home/imml/git/research_2025/apple-harvest-eva/build/ur5e_custom_hardware/prefix_override:/usr/lib/python3/dist-packages/colcon_core/task/python/colcon_distutils_commands:/home/imml/git/research_2025/apple-harvest-eva/install/ur5e_custom_hardware/lib/python3.10/site-packages:${PYTHONPATH} /usr/bin/python3 -W ignore:setup.py install is deprecated -W ignore:easy_install command is deprecated setup.py egg_info --egg-base ../../build/ur5e_custom_hardware build --build-base /home/imml/git/research_2025/apple-harvest-eva/build/ur5e_custom_hardware/build install --record /home/imml/git/research_2025/apple-harvest-eva/build/ur5e_custom_hardware/install.log --single-version-externally-managed install_data
[1.328s] running egg_info
[1.329s] writing ../../build/ur5e_custom_hardware/ur5e_custom_hardware.egg-info/PKG-INFO
[1.329s] writing dependency_links to ../../build/ur5e_custom_hardware/ur5e_custom_hardware.egg-info/dependency_links.txt
[1.329s] writing entry points to ../../build/ur5e_custom_hardware/ur5e_custom_hardware.egg-info/entry_points.txt
[1.329s] writing requirements to ../../build/ur5e_custom_hardware/ur5e_custom_hardware.egg-info/requires.txt
[1.329s] writing top-level names to ../../build/ur5e_custom_hardware/ur5e_custom_hardware.egg-info/top_level.txt
[1.331s] reading manifest file '../../build/ur5e_custom_hardware/ur5e_custom_hardware.egg-info/SOURCES.txt'
[1.332s] writing manifest file '../../build/ur5e_custom_hardware/ur5e_custom_hardware.egg-info/SOURCES.txt'
[1.332s] running build
[1.332s] running build_py
[1.333s] running install
[1.333s] running install_lib
[1.335s] running install_data
[1.335s] running install_egg_info
[1.338s] removing '/home/imml/git/research_2025/apple-harvest-eva/install/ur5e_custom_hardware/lib/python3.10/site-packages/ur5e_custom_hardware-0.0.0-py3.10.egg-info' (and everything under it)
[1.339s] Copying ../../build/ur5e_custom_hardware/ur5e_custom_hardware.egg-info to /home/imml/git/research_2025/apple-harvest-eva/install/ur5e_custom_hardware/lib/python3.10/site-packages/ur5e_custom_hardware-0.0.0-py3.10.egg-info
[1.340s] running install_scripts
[1.366s] Installing gripper_palm_camera script to /home/imml/git/research_2025/apple-harvest-eva/install/ur5e_custom_hardware/lib/ur5e_custom_hardware
[1.366s] writing list of installed files to '/home/imml/git/research_2025/apple-harvest-eva/build/ur5e_custom_hardware/install.log'
[1.412s] Invoked command in '/home/imml/git/research_2025/apple-harvest-eva/harvest_hardware/ur5e_custom_hardware' returned '0': PYTHONPATH=/home/imml/git/research_2025/apple-harvest-eva/build/ur5e_custom_hardware/prefix_override:/usr/lib/python3/dist-packages/colcon_core/task/python/colcon_distutils_commands:/home/imml/git/research_2025/apple-harvest-eva/install/ur5e_custom_hardware/lib/python3.10/site-packages:${PYTHONPATH} /usr/bin/python3 -W ignore:setup.py install is deprecated -W ignore:easy_install command is deprecated setup.py egg_info --egg-base ../../build/ur5e_custom_hardware build --build-base /home/imml/git/research_2025/apple-harvest-eva/build/ur5e_custom_hardware/build install --record /home/imml/git/research_2025/apple-harvest-eva/build/ur5e_custom_hardware/install.log --single-version-externally-managed install_data
