-- The C compiler identification is GNU 11.4.0
-- The CXX compiler identification is GNU 11.4.0
-- Detecting C compiler ABI info
-- Detecting C compiler ABI info - done
-- Check for working C compiler: /usr/bin/cc - skipped
-- Detecting C compile features
-- Detecting C compile features - done
-- Detecting CXX compiler ABI info
-- Detecting CXX compiler ABI info - done
-- Check for working CXX compiler: /usr/bin/c++ - skipped
-- Detecting CXX compile features
-- Detecting CXX compile features - done
-- Found ament_cmake: 1.3.11 (/opt/ros/humble/share/ament_cmake/cmake)
-- Found Python3: /usr/bin/python3 (found version "3.10.12") found components: Interpreter 
-- Override CMake install command with custom implementation using symlinks instead of copying resources
-- Found rosidl_default_generators: 1.2.0 (/opt/ros/humble/share/rosidl_default_generators/cmake)
-- Using all available rosidl_typesupport_c: rosidl_typesupport_fastrtps_c;rosidl_typesupport_introspection_c
-- Found rosidl_adapter: 3.1.6 (/opt/ros/humble/share/rosidl_adapter/cmake)
-- Using all available rosidl_typesupport_cpp: rosidl_typesupport_fastrtps_cpp;rosidl_typesupport_introspection_cpp
-- Found std_msgs: 4.9.0 (/opt/ros/humble/share/std_msgs/cmake)
-- Found std_srvs: 4.9.0 (/opt/ros/humble/share/std_srvs/cmake)
-- Found tf2_ros: 0.25.13 (/opt/ros/humble/share/tf2_ros/cmake)
-- Found rmw_implementation_cmake: 6.1.2 (/opt/ros/humble/share/rmw_implementation_cmake/cmake)
-- Found rmw_fastrtps_cpp: 6.2.7 (/opt/ros/humble/share/rmw_fastrtps_cpp/cmake)
-- Found OpenSSL: /usr/lib/x86_64-linux-gnu/libcrypto.so (found version "3.0.2")  
-- Found FastRTPS: /opt/ros/humble/include  
-- Using RMW implementation 'rmw_fastrtps_cpp' as default
-- Looking for pthread.h
-- Looking for pthread.h - found
-- Performing Test CMAKE_HAVE_LIBC_PTHREAD
-- Performing Test CMAKE_HAVE_LIBC_PTHREAD - Success
-- Found Threads: TRUE  
-- Found ament_cmake_ros: 0.10.0 (/opt/ros/humble/share/ament_cmake_ros/cmake)
-- Using all available rosidl_typesupport_c: rosidl_typesupport_fastrtps_c;rosidl_typesupport_introspection_c
-- Using all available rosidl_typesupport_cpp: rosidl_typesupport_fastrtps_cpp;rosidl_typesupport_introspection_cpp
-- Found PythonInterp: /usr/bin/python3 (found suitable version "3.10.12", minimum required is "3.6") 
-- Found python_cmake_module: 0.10.0 (/opt/ros/humble/share/python_cmake_module/cmake)
-- Found PythonLibs: /usr/lib/x86_64-linux-gnu/libpython3.10.so (found suitable version "3.10.12", minimum required is "3.5") 
-- Using PYTHON_EXECUTABLE: /usr/bin/python3
-- Using PYTHON_INCLUDE_DIRS: /usr/include/python3.10
-- Using PYTHON_LIBRARIES: /usr/lib/x86_64-linux-gnu/libpython3.10.so
-- Found PythonExtra: .so  
-- Found ament_lint_auto: 0.12.12 (/opt/ros/humble/share/ament_lint_auto/cmake)
-- Added test 'lint_cmake' to check CMake code style
-- Added test 'xmllint' to check XML markup files
-- Configuring done
-- Generating done
-- Build files have been written to: /home/imml/git/research_2025/build/harvest_interfaces
[  1%] [34m[1mGenerating C code for ROS interfaces[0m
[  1%] [34m[1mGenerating C++ code for ROS interfaces[0m
[  1%] Built target ament_cmake_python_symlink_harvest_interfaces
running egg_info
creating harvest_interfaces.egg-info
writing harvest_interfaces.egg-info/PKG-INFO
writing dependency_links to harvest_interfaces.egg-info/dependency_links.txt
writing top-level names to harvest_interfaces.egg-info/top_level.txt
writing manifest file 'harvest_interfaces.egg-info/SOURCES.txt'
reading manifest file 'harvest_interfaces.egg-info/SOURCES.txt'
writing manifest file 'harvest_interfaces.egg-info/SOURCES.txt'
[  1%] Built target ament_cmake_python_build_harvest_interfaces_egg
[  2%] [32mBuilding C object CMakeFiles/harvest_interfaces__rosidl_generator_c.dir/rosidl_generator_c/harvest_interfaces/action/detail/event_detection__functions.c.o[0m
[  3%] [32mBuilding C object CMakeFiles/harvest_interfaces__rosidl_generator_c.dir/rosidl_generator_c/harvest_interfaces/action/detail/send_trajectory__functions.c.o[0m
[  4%] [32mBuilding C object CMakeFiles/harvest_interfaces__rosidl_generator_c.dir/rosidl_generator_c/harvest_interfaces/srv/detail/apple_prediction__functions.c.o[0m
[  5%] [32mBuilding C object CMakeFiles/harvest_interfaces__rosidl_generator_c.dir/rosidl_generator_c/harvest_interfaces/srv/detail/trajectory_between_points__functions.c.o[0m
[  6%] [32mBuilding C object CMakeFiles/harvest_interfaces__rosidl_generator_c.dir/rosidl_generator_c/harvest_interfaces/srv/detail/set_value__functions.c.o[0m
[  6%] [32mBuilding C object CMakeFiles/harvest_interfaces__rosidl_generator_c.dir/rosidl_generator_c/harvest_interfaces/srv/detail/send_trajectory__functions.c.o[0m
[  7%] [32mBuilding C object CMakeFiles/harvest_interfaces__rosidl_generator_c.dir/rosidl_generator_c/harvest_interfaces/srv/detail/coordinate_to_trajectory__functions.c.o[0m
[  7%] [32mBuilding C object CMakeFiles/harvest_interfaces__rosidl_generator_c.dir/rosidl_generator_c/harvest_interfaces/srv/detail/record_topics__functions.c.o[0m
[  8%] [32mBuilding C object CMakeFiles/harvest_interfaces__rosidl_generator_c.dir/rosidl_generator_c/harvest_interfaces/srv/detail/get_gripper_pose__functions.c.o[0m
[  9%] [32mBuilding C object CMakeFiles/harvest_interfaces__rosidl_generator_c.dir/rosidl_generator_c/harvest_interfaces/srv/detail/voxel_grid__functions.c.o[0m
[ 10%] [32mBuilding C object CMakeFiles/harvest_interfaces__rosidl_generator_c.dir/rosidl_generator_c/harvest_interfaces/srv/detail/voxel_mask__functions.c.o[0m
[ 11%] [32mBuilding C object CMakeFiles/harvest_interfaces__rosidl_generator_c.dir/rosidl_generator_c/harvest_interfaces/srv/detail/move_to_pose__functions.c.o[0m
[ 12%] [32m[1mLinking C shared library libharvest_interfaces__rosidl_generator_c.so[0m
[ 12%] Built target harvest_interfaces__rosidl_generator_c
[ 13%] [34m[1mGenerating C type support for eProsima Fast-RTPS[0m
[ 13%] Built target harvest_interfaces__cpp
[ 14%] [34m[1mGenerating C introspection for ROS interfaces[0m
[ 15%] [34m[1mGenerating C type support dispatch for ROS interfaces[0m
[ 16%] [34m[1mGenerating C++ type support dispatch for ROS interfaces[0m
[ 17%] [34m[1mGenerating C++ introspection for ROS interfaces[0m
[ 17%] [34m[1mGenerating C++ type support for eProsima Fast-RTPS[0m
[ 18%] [32mBuilding CXX object CMakeFiles/harvest_interfaces__rosidl_typesupport_cpp.dir/rosidl_typesupport_cpp/harvest_interfaces/action/event_detection__type_support.cpp.o[0m
[ 19%] [32mBuilding CXX object CMakeFiles/harvest_interfaces__rosidl_typesupport_cpp.dir/rosidl_typesupport_cpp/harvest_interfaces/action/send_trajectory__type_support.cpp.o[0m
[ 20%] [32mBuilding CXX object CMakeFiles/harvest_interfaces__rosidl_typesupport_cpp.dir/rosidl_typesupport_cpp/harvest_interfaces/srv/send_trajectory__type_support.cpp.o[0m
[ 20%] [32mBuilding CXX object CMakeFiles/harvest_interfaces__rosidl_typesupport_cpp.dir/rosidl_typesupport_cpp/harvest_interfaces/srv/coordinate_to_trajectory__type_support.cpp.o[0m
[ 22%] [32mBuilding CXX object CMakeFiles/harvest_interfaces__rosidl_typesupport_cpp.dir/rosidl_typesupport_cpp/harvest_interfaces/srv/apple_prediction__type_support.cpp.o[0m
[ 21%] [32mBuilding CXX object CMakeFiles/harvest_interfaces__rosidl_typesupport_cpp.dir/rosidl_typesupport_cpp/harvest_interfaces/srv/move_to_pose__type_support.cpp.o[0m
[ 23%] [32mBuilding CXX object CMakeFiles/harvest_interfaces__rosidl_typesupport_cpp.dir/rosidl_typesupport_cpp/harvest_interfaces/srv/voxel_mask__type_support.cpp.o[0m
[ 24%] [32mBuilding CXX object CMakeFiles/harvest_interfaces__rosidl_typesupport_cpp.dir/rosidl_typesupport_cpp/harvest_interfaces/srv/trajectory_between_points__type_support.cpp.o[0m
[ 25%] [32mBuilding CXX object CMakeFiles/harvest_interfaces__rosidl_typesupport_cpp.dir/rosidl_typesupport_cpp/harvest_interfaces/srv/record_topics__type_support.cpp.o[0m
[ 26%] [32mBuilding CXX object CMakeFiles/harvest_interfaces__rosidl_typesupport_cpp.dir/rosidl_typesupport_cpp/harvest_interfaces/srv/set_value__type_support.cpp.o[0m
[ 26%] [32mBuilding CXX object CMakeFiles/harvest_interfaces__rosidl_typesupport_cpp.dir/rosidl_typesupport_cpp/harvest_interfaces/srv/get_gripper_pose__type_support.cpp.o[0m
[ 27%] [32mBuilding CXX object CMakeFiles/harvest_interfaces__rosidl_typesupport_c.dir/rosidl_typesupport_c/harvest_interfaces/action/event_detection__type_support.cpp.o[0m
[ 28%] [32mBuilding CXX object CMakeFiles/harvest_interfaces__rosidl_typesupport_cpp.dir/rosidl_typesupport_cpp/harvest_interfaces/srv/voxel_grid__type_support.cpp.o[0m
[ 28%] [32mBuilding CXX object CMakeFiles/harvest_interfaces__rosidl_typesupport_c.dir/rosidl_typesupport_c/harvest_interfaces/action/send_trajectory__type_support.cpp.o[0m
[ 29%] [32mBuilding CXX object CMakeFiles/harvest_interfaces__rosidl_typesupport_c.dir/rosidl_typesupport_c/harvest_interfaces/srv/apple_prediction__type_support.cpp.o[0m
[ 30%] [32mBuilding CXX object CMakeFiles/harvest_interfaces__rosidl_typesupport_c.dir/rosidl_typesupport_c/harvest_interfaces/srv/send_trajectory__type_support.cpp.o[0m
[ 31%] [32mBuilding CXX object CMakeFiles/harvest_interfaces__rosidl_typesupport_c.dir/rosidl_typesupport_c/harvest_interfaces/srv/coordinate_to_trajectory__type_support.cpp.o[0m
[ 32%] [32mBuilding CXX object CMakeFiles/harvest_interfaces__rosidl_typesupport_c.dir/rosidl_typesupport_c/harvest_interfaces/srv/voxel_mask__type_support.cpp.o[0m
[ 33%] [32mBuilding CXX object CMakeFiles/harvest_interfaces__rosidl_typesupport_c.dir/rosidl_typesupport_c/harvest_interfaces/srv/move_to_pose__type_support.cpp.o[0m
[ 34%] [32mBuilding CXX object CMakeFiles/harvest_interfaces__rosidl_typesupport_c.dir/rosidl_typesupport_c/harvest_interfaces/srv/set_value__type_support.cpp.o[0m
[ 34%] [32mBuilding CXX object CMakeFiles/harvest_interfaces__rosidl_typesupport_c.dir/rosidl_typesupport_c/harvest_interfaces/srv/trajectory_between_points__type_support.cpp.o[0m
[ 35%] [32mBuilding CXX object CMakeFiles/harvest_interfaces__rosidl_typesupport_c.dir/rosidl_typesupport_c/harvest_interfaces/srv/record_topics__type_support.cpp.o[0m
[ 36%] [32mBuilding CXX object CMakeFiles/harvest_interfaces__rosidl_typesupport_c.dir/rosidl_typesupport_c/harvest_interfaces/srv/get_gripper_pose__type_support.cpp.o[0m
[ 37%] [32mBuilding CXX object CMakeFiles/harvest_interfaces__rosidl_typesupport_c.dir/rosidl_typesupport_c/harvest_interfaces/srv/voxel_grid__type_support.cpp.o[0m
[ 38%] [32m[1mLinking CXX shared library libharvest_interfaces__rosidl_typesupport_c.so[0m
[ 38%] [32mBuilding CXX object CMakeFiles/harvest_interfaces__rosidl_typesupport_introspection_cpp.dir/rosidl_typesupport_introspection_cpp/harvest_interfaces/action/detail/event_detection__type_support.cpp.o[0m
[ 39%] [32mBuilding CXX object CMakeFiles/harvest_interfaces__rosidl_typesupport_introspection_cpp.dir/rosidl_typesupport_introspection_cpp/harvest_interfaces/srv/detail/apple_prediction__type_support.cpp.o[0m
[ 41%] [32mBuilding CXX object CMakeFiles/harvest_interfaces__rosidl_typesupport_introspection_cpp.dir/rosidl_typesupport_introspection_cpp/harvest_interfaces/srv/detail/send_trajectory__type_support.cpp.o[0m
[ 40%] [32mBuilding CXX object CMakeFiles/harvest_interfaces__rosidl_typesupport_introspection_cpp.dir/rosidl_typesupport_introspection_cpp/harvest_interfaces/action/detail/send_trajectory__type_support.cpp.o[0m
[ 41%] [32mBuilding CXX object CMakeFiles/harvest_interfaces__rosidl_typesupport_introspection_cpp.dir/rosidl_typesupport_introspection_cpp/harvest_interfaces/srv/detail/move_to_pose__type_support.cpp.o[0m
[ 42%] [32mBuilding CXX object CMakeFiles/harvest_interfaces__rosidl_typesupport_introspection_cpp.dir/rosidl_typesupport_introspection_cpp/harvest_interfaces/srv/detail/coordinate_to_trajectory__type_support.cpp.o[0m
[ 43%] [32mBuilding CXX object CMakeFiles/harvest_interfaces__rosidl_typesupport_introspection_cpp.dir/rosidl_typesupport_introspection_cpp/harvest_interfaces/srv/detail/voxel_mask__type_support.cpp.o[0m
[ 44%] [32mBuilding CXX object CMakeFiles/harvest_interfaces__rosidl_typesupport_introspection_cpp.dir/rosidl_typesupport_introspection_cpp/harvest_interfaces/srv/detail/trajectory_between_points__type_support.cpp.o[0m
[ 45%] [32mBuilding CXX object CMakeFiles/harvest_interfaces__rosidl_typesupport_introspection_cpp.dir/rosidl_typesupport_introspection_cpp/harvest_interfaces/srv/detail/set_value__type_support.cpp.o[0m
[ 46%] [32mBuilding C object CMakeFiles/harvest_interfaces__rosidl_typesupport_introspection_c.dir/rosidl_typesupport_introspection_c/harvest_interfaces/action/detail/event_detection__type_support.c.o[0m
[ 47%] [32mBuilding CXX object CMakeFiles/harvest_interfaces__rosidl_typesupport_introspection_cpp.dir/rosidl_typesupport_introspection_cpp/harvest_interfaces/srv/detail/record_topics__type_support.cpp.o[0m
[ 47%] Built target harvest_interfaces__rosidl_typesupport_c
[ 48%] [32mBuilding C object CMakeFiles/harvest_interfaces__rosidl_typesupport_introspection_c.dir/rosidl_typesupport_introspection_c/harvest_interfaces/action/detail/send_trajectory__type_support.c.o[0m
[ 49%] [32mBuilding C object CMakeFiles/harvest_interfaces__rosidl_typesupport_introspection_c.dir/rosidl_typesupport_introspection_c/harvest_interfaces/srv/detail/apple_prediction__type_support.c.o[0m
[ 49%] [32mBuilding C object CMakeFiles/harvest_interfaces__rosidl_typesupport_introspection_c.dir/rosidl_typesupport_introspection_c/harvest_interfaces/srv/detail/send_trajectory__type_support.c.o[0m
[ 50%] [32mBuilding C object CMakeFiles/harvest_interfaces__rosidl_typesupport_introspection_c.dir/rosidl_typesupport_introspection_c/harvest_interfaces/srv/detail/coordinate_to_trajectory__type_support.c.o[0m
[ 51%] [32mBuilding C object CMakeFiles/harvest_interfaces__rosidl_typesupport_introspection_c.dir/rosidl_typesupport_introspection_c/harvest_interfaces/srv/detail/voxel_mask__type_support.c.o[0m
[ 52%] [32m[1mLinking CXX shared library libharvest_interfaces__rosidl_typesupport_cpp.so[0m
[ 53%] [32mBuilding C object CMakeFiles/harvest_interfaces__rosidl_typesupport_introspection_c.dir/rosidl_typesupport_introspection_c/harvest_interfaces/srv/detail/move_to_pose__type_support.c.o[0m
[ 54%] [32mBuilding CXX object CMakeFiles/harvest_interfaces__rosidl_typesupport_introspection_cpp.dir/rosidl_typesupport_introspection_cpp/harvest_interfaces/srv/detail/get_gripper_pose__type_support.cpp.o[0m
[ 55%] [32mBuilding CXX object CMakeFiles/harvest_interfaces__rosidl_typesupport_introspection_cpp.dir/rosidl_typesupport_introspection_cpp/harvest_interfaces/srv/detail/voxel_grid__type_support.cpp.o[0m
[ 55%] Built target harvest_interfaces__rosidl_typesupport_cpp
[ 56%] [32mBuilding C object CMakeFiles/harvest_interfaces__rosidl_typesupport_introspection_c.dir/rosidl_typesupport_introspection_c/harvest_interfaces/srv/detail/trajectory_between_points__type_support.c.o[0m
[ 57%] [32mBuilding C object CMakeFiles/harvest_interfaces__rosidl_typesupport_introspection_c.dir/rosidl_typesupport_introspection_c/harvest_interfaces/srv/detail/set_value__type_support.c.o[0m
[ 58%] [32mBuilding C object CMakeFiles/harvest_interfaces__rosidl_typesupport_introspection_c.dir/rosidl_typesupport_introspection_c/harvest_interfaces/srv/detail/record_topics__type_support.c.o[0m
[ 58%] [32mBuilding C object CMakeFiles/harvest_interfaces__rosidl_typesupport_introspection_c.dir/rosidl_typesupport_introspection_c/harvest_interfaces/srv/detail/get_gripper_pose__type_support.c.o[0m
[ 59%] [32mBuilding C object CMakeFiles/harvest_interfaces__rosidl_typesupport_introspection_c.dir/rosidl_typesupport_introspection_c/harvest_interfaces/srv/detail/voxel_grid__type_support.c.o[0m
[ 60%] [32m[1mLinking C shared library libharvest_interfaces__rosidl_typesupport_introspection_c.so[0m
[ 60%] Built target harvest_interfaces__rosidl_typesupport_introspection_c
[ 61%] [32mBuilding CXX object CMakeFiles/harvest_interfaces__rosidl_typesupport_fastrtps_cpp.dir/rosidl_typesupport_fastrtps_cpp/harvest_interfaces/action/detail/dds_fastrtps/event_detection__type_support.cpp.o[0m
[ 62%] [32mBuilding CXX object CMakeFiles/harvest_interfaces__rosidl_typesupport_fastrtps_cpp.dir/rosidl_typesupport_fastrtps_cpp/harvest_interfaces/action/detail/dds_fastrtps/send_trajectory__type_support.cpp.o[0m
[ 63%] [32mBuilding CXX object CMakeFiles/harvest_interfaces__rosidl_typesupport_fastrtps_cpp.dir/rosidl_typesupport_fastrtps_cpp/harvest_interfaces/srv/detail/dds_fastrtps/apple_prediction__type_support.cpp.o[0m
[ 64%] [32mBuilding CXX object CMakeFiles/harvest_interfaces__rosidl_typesupport_fastrtps_cpp.dir/rosidl_typesupport_fastrtps_cpp/harvest_interfaces/srv/detail/dds_fastrtps/send_trajectory__type_support.cpp.o[0m
[ 64%] [32mBuilding CXX object CMakeFiles/harvest_interfaces__rosidl_typesupport_fastrtps_cpp.dir/rosidl_typesupport_fastrtps_cpp/harvest_interfaces/srv/detail/dds_fastrtps/voxel_mask__type_support.cpp.o[0m
[ 65%] [32mBuilding CXX object CMakeFiles/harvest_interfaces__rosidl_typesupport_fastrtps_cpp.dir/rosidl_typesupport_fastrtps_cpp/harvest_interfaces/srv/detail/dds_fastrtps/coordinate_to_trajectory__type_support.cpp.o[0m
[ 66%] [32mBuilding CXX object CMakeFiles/harvest_interfaces__rosidl_typesupport_fastrtps_c.dir/rosidl_typesupport_fastrtps_c/harvest_interfaces/action/detail/event_detection__type_support_c.cpp.o[0m
[ 67%] [32mBuilding CXX object CMakeFiles/harvest_interfaces__rosidl_typesupport_fastrtps_cpp.dir/rosidl_typesupport_fastrtps_cpp/harvest_interfaces/srv/detail/dds_fastrtps/move_to_pose__type_support.cpp.o[0m
[ 68%] [32mBuilding CXX object CMakeFiles/harvest_interfaces__rosidl_typesupport_fastrtps_c.dir/rosidl_typesupport_fastrtps_c/harvest_interfaces/action/detail/send_trajectory__type_support_c.cpp.o[0m
[ 68%] [32mBuilding CXX object CMakeFiles/harvest_interfaces__rosidl_typesupport_fastrtps_c.dir/rosidl_typesupport_fastrtps_c/harvest_interfaces/srv/detail/apple_prediction__type_support_c.cpp.o[0m
[ 69%] [32mBuilding CXX object CMakeFiles/harvest_interfaces__rosidl_typesupport_fastrtps_cpp.dir/rosidl_typesupport_fastrtps_cpp/harvest_interfaces/srv/detail/dds_fastrtps/trajectory_between_points__type_support.cpp.o[0m
[ 70%] [32mBuilding CXX object CMakeFiles/harvest_interfaces__rosidl_typesupport_fastrtps_c.dir/rosidl_typesupport_fastrtps_c/harvest_interfaces/srv/detail/send_trajectory__type_support_c.cpp.o[0m
[ 71%] [32mBuilding CXX object CMakeFiles/harvest_interfaces__rosidl_typesupport_fastrtps_cpp.dir/rosidl_typesupport_fastrtps_cpp/harvest_interfaces/srv/detail/dds_fastrtps/set_value__type_support.cpp.o[0m
[ 72%] [32mBuilding CXX object CMakeFiles/harvest_interfaces__rosidl_typesupport_fastrtps_cpp.dir/rosidl_typesupport_fastrtps_cpp/harvest_interfaces/srv/detail/dds_fastrtps/record_topics__type_support.cpp.o[0m
[ 73%] [32mBuilding CXX object CMakeFiles/harvest_interfaces__rosidl_typesupport_fastrtps_cpp.dir/rosidl_typesupport_fastrtps_cpp/harvest_interfaces/srv/detail/dds_fastrtps/get_gripper_pose__type_support.cpp.o[0m
[ 74%] [32m[1mLinking CXX shared library libharvest_interfaces__rosidl_typesupport_introspection_cpp.so[0m
[ 75%] [32mBuilding CXX object CMakeFiles/harvest_interfaces__rosidl_typesupport_fastrtps_c.dir/rosidl_typesupport_fastrtps_c/harvest_interfaces/srv/detail/coordinate_to_trajectory__type_support_c.cpp.o[0m
[ 75%] [32mBuilding CXX object CMakeFiles/harvest_interfaces__rosidl_typesupport_fastrtps_cpp.dir/rosidl_typesupport_fastrtps_cpp/harvest_interfaces/srv/detail/dds_fastrtps/voxel_grid__type_support.cpp.o[0m
[ 76%] [32mBuilding CXX object CMakeFiles/harvest_interfaces__rosidl_typesupport_fastrtps_c.dir/rosidl_typesupport_fastrtps_c/harvest_interfaces/srv/detail/voxel_mask__type_support_c.cpp.o[0m
[ 77%] [32mBuilding CXX object CMakeFiles/harvest_interfaces__rosidl_typesupport_fastrtps_c.dir/rosidl_typesupport_fastrtps_c/harvest_interfaces/srv/detail/move_to_pose__type_support_c.cpp.o[0m
[ 78%] [32mBuilding CXX object CMakeFiles/harvest_interfaces__rosidl_typesupport_fastrtps_c.dir/rosidl_typesupport_fastrtps_c/harvest_interfaces/srv/detail/trajectory_between_points__type_support_c.cpp.o[0m
[ 78%] Built target harvest_interfaces__rosidl_typesupport_introspection_cpp
[ 80%] [32mBuilding CXX object CMakeFiles/harvest_interfaces__rosidl_typesupport_fastrtps_c.dir/rosidl_typesupport_fastrtps_c/harvest_interfaces/srv/detail/set_value__type_support_c.cpp.o[0m
[ 80%] [32mBuilding CXX object CMakeFiles/harvest_interfaces__rosidl_typesupport_fastrtps_c.dir/rosidl_typesupport_fastrtps_c/harvest_interfaces/srv/detail/record_topics__type_support_c.cpp.o[0m
[ 80%] [32mBuilding CXX object CMakeFiles/harvest_interfaces__rosidl_typesupport_fastrtps_c.dir/rosidl_typesupport_fastrtps_c/harvest_interfaces/srv/detail/get_gripper_pose__type_support_c.cpp.o[0m
[ 81%] [32mBuilding CXX object CMakeFiles/harvest_interfaces__rosidl_typesupport_fastrtps_c.dir/rosidl_typesupport_fastrtps_c/harvest_interfaces/srv/detail/voxel_grid__type_support_c.cpp.o[0m
[ 82%] [32m[1mLinking CXX shared library libharvest_interfaces__rosidl_typesupport_fastrtps_cpp.so[0m
[ 83%] [32m[1mLinking CXX shared library libharvest_interfaces__rosidl_typesupport_fastrtps_c.so[0m
[ 83%] Built target harvest_interfaces__rosidl_typesupport_fastrtps_cpp
[ 83%] Built target harvest_interfaces__rosidl_typesupport_fastrtps_c
[ 83%] Built target harvest_interfaces
[ 84%] [34m[1mGenerating Python code for ROS interfaces[0m
[ 84%] Built target harvest_interfaces__py
[ 84%] [32mBuilding C object CMakeFiles/harvest_interfaces__rosidl_generator_py.dir/rosidl_generator_py/harvest_interfaces/srv/_apple_prediction_s.c.o[0m
[ 86%] [32mBuilding C object CMakeFiles/harvest_interfaces__rosidl_generator_py.dir/rosidl_generator_py/harvest_interfaces/action/_event_detection_s.c.o[0m
[ 88%] [32mBuilding C object CMakeFiles/harvest_interfaces__rosidl_generator_py.dir/rosidl_generator_py/harvest_interfaces/srv/_voxel_mask_s.c.o[0m
[ 88%] [32mBuilding C object CMakeFiles/harvest_interfaces__rosidl_generator_py.dir/rosidl_generator_py/harvest_interfaces/srv/_send_trajectory_s.c.o[0m
[ 89%] [32mBuilding C object CMakeFiles/harvest_interfaces__rosidl_generator_py.dir/rosidl_generator_py/harvest_interfaces/action/_send_trajectory_s.c.o[0m
[ 90%] [32mBuilding C object CMakeFiles/harvest_interfaces__rosidl_generator_py.dir/rosidl_generator_py/harvest_interfaces/srv/_get_gripper_pose_s.c.o[0m
[ 90%] [32mBuilding C object CMakeFiles/harvest_interfaces__rosidl_generator_py.dir/rosidl_generator_py/harvest_interfaces/srv/_coordinate_to_trajectory_s.c.o[0m
[ 91%] [32mBuilding C object CMakeFiles/harvest_interfaces__rosidl_generator_py.dir/rosidl_generator_py/harvest_interfaces/srv/_move_to_pose_s.c.o[0m
[ 92%] [32mBuilding C object CMakeFiles/harvest_interfaces__rosidl_generator_py.dir/rosidl_generator_py/harvest_interfaces/srv/_trajectory_between_points_s.c.o[0m
[ 93%] [32mBuilding C object CMakeFiles/harvest_interfaces__rosidl_generator_py.dir/rosidl_generator_py/harvest_interfaces/srv/_set_value_s.c.o[0m
[ 93%] [32mBuilding C object CMakeFiles/harvest_interfaces__rosidl_generator_py.dir/rosidl_generator_py/harvest_interfaces/srv/_record_topics_s.c.o[0m
[ 94%] [32mBuilding C object CMakeFiles/harvest_interfaces__rosidl_generator_py.dir/rosidl_generator_py/harvest_interfaces/srv/_voxel_grid_s.c.o[0m
[ 95%] [32m[1mLinking C shared library rosidl_generator_py/harvest_interfaces/libharvest_interfaces__rosidl_generator_py.so[0m
[ 95%] Built target harvest_interfaces__rosidl_generator_py
[ 96%] [32mBuilding C object CMakeFiles/harvest_interfaces__rosidl_typesupport_fastrtps_c__pyext.dir/rosidl_generator_py/harvest_interfaces/_harvest_interfaces_s.ep.rosidl_typesupport_fastrtps_c.c.o[0m
[ 96%] [32mBuilding C object CMakeFiles/harvest_interfaces__rosidl_typesupport_c__pyext.dir/rosidl_generator_py/harvest_interfaces/_harvest_interfaces_s.ep.rosidl_typesupport_c.c.o[0m
[ 97%] [32mBuilding C object CMakeFiles/harvest_interfaces__rosidl_typesupport_introspection_c__pyext.dir/rosidl_generator_py/harvest_interfaces/_harvest_interfaces_s.ep.rosidl_typesupport_introspection_c.c.o[0m
[ 98%] [32m[1mLinking C shared library rosidl_generator_py/harvest_interfaces/harvest_interfaces_s__rosidl_typesupport_fastrtps_c.cpython-310-x86_64-linux-gnu.so[0m
[ 99%] [32m[1mLinking C shared library rosidl_generator_py/harvest_interfaces/harvest_interfaces_s__rosidl_typesupport_introspection_c.cpython-310-x86_64-linux-gnu.so[0m
[100%] [32m[1mLinking C shared library rosidl_generator_py/harvest_interfaces/harvest_interfaces_s__rosidl_typesupport_c.cpython-310-x86_64-linux-gnu.so[0m
[100%] Built target harvest_interfaces__rosidl_typesupport_fastrtps_c__pyext
[100%] Built target harvest_interfaces__rosidl_typesupport_introspection_c__pyext
[100%] Built target harvest_interfaces__rosidl_typesupport_c__pyext
