[0.929s] Invoking command in '/home/imml/git/research_2025/apple-harvest-eva/build/harvest_vision': AMENT_PREFIX_PATH=/home/imml/git/research_2025/apple-harvest-eva/install/harvest_interfaces:${AMENT_PREFIX_PATH} CMAKE_PREFIX_PATH=/home/imml/git/research_2025/apple-harvest-eva/install/harvest_interfaces LD_LIBRARY_PATH=/home/imml/git/research_2025/apple-harvest-eva/install/harvest_interfaces/lib:${LD_LIBRARY_PATH} PYTHONPATH=/home/imml/git/research_2025/apple-harvest-eva/build/harvest_vision/prefix_override:/usr/lib/python3/dist-packages/colcon_core/task/python/colcon_distutils_commands:/home/imml/git/research_2025/apple-harvest-eva/install/harvest_vision/lib/python3.10/site-packages:/home/imml/git/research_2025/apple-harvest-eva/install/harvest_interfaces/local/lib/python3.10/dist-packages:${PYTHONPATH} /usr/bin/python3 -W ignore:setup.py install is deprecated -W ignore:easy_install command is deprecated setup.py develop --uninstall --editable --build-directory /home/imml/git/research_2025/apple-harvest-eva/build/harvest_vision/build
[1.307s] running develop
[1.596s] Removing /home/imml/git/research_2025/apple-harvest-eva/install/harvest_vision/lib/python3.10/site-packages/harvest-vision.egg-link (link to .)
[1.656s] Invoked command in '/home/imml/git/research_2025/apple-harvest-eva/build/harvest_vision' returned '0': AMENT_PREFIX_PATH=/home/imml/git/research_2025/apple-harvest-eva/install/harvest_interfaces:${AMENT_PREFIX_PATH} CMAKE_PREFIX_PATH=/home/imml/git/research_2025/apple-harvest-eva/install/harvest_interfaces LD_LIBRARY_PATH=/home/imml/git/research_2025/apple-harvest-eva/install/harvest_interfaces/lib:${LD_LIBRARY_PATH} PYTHONPATH=/home/imml/git/research_2025/apple-harvest-eva/build/harvest_vision/prefix_override:/usr/lib/python3/dist-packages/colcon_core/task/python/colcon_distutils_commands:/home/imml/git/research_2025/apple-harvest-eva/install/harvest_vision/lib/python3.10/site-packages:/home/imml/git/research_2025/apple-harvest-eva/install/harvest_interfaces/local/lib/python3.10/dist-packages:${PYTHONPATH} /usr/bin/python3 -W ignore:setup.py install is deprecated -W ignore:easy_install command is deprecated setup.py develop --uninstall --editable --build-directory /home/imml/git/research_2025/apple-harvest-eva/build/harvest_vision/build
[1.658s] Invoking command in '/home/imml/git/research_2025/apple-harvest-eva/harvest_vision': AMENT_PREFIX_PATH=/home/imml/git/research_2025/apple-harvest-eva/install/harvest_interfaces:${AMENT_PREFIX_PATH} CMAKE_PREFIX_PATH=/home/imml/git/research_2025/apple-harvest-eva/install/harvest_interfaces LD_LIBRARY_PATH=/home/imml/git/research_2025/apple-harvest-eva/install/harvest_interfaces/lib:${LD_LIBRARY_PATH} PYTHONPATH=/home/imml/git/research_2025/apple-harvest-eva/build/harvest_vision/prefix_override:/usr/lib/python3/dist-packages/colcon_core/task/python/colcon_distutils_commands:/home/imml/git/research_2025/apple-harvest-eva/install/harvest_vision/lib/python3.10/site-packages:/home/imml/git/research_2025/apple-harvest-eva/install/harvest_interfaces/local/lib/python3.10/dist-packages:${PYTHONPATH} /usr/bin/python3 -W ignore:setup.py install is deprecated -W ignore:easy_install command is deprecated setup.py egg_info --egg-base ../build/harvest_vision build --build-base /home/imml/git/research_2025/apple-harvest-eva/build/harvest_vision/build install --record /home/imml/git/research_2025/apple-harvest-eva/build/harvest_vision/install.log --single-version-externally-managed install_data --force
[2.003s] running egg_info
[2.003s] writing ../build/harvest_vision/harvest_vision.egg-info/PKG-INFO
[2.003s] writing dependency_links to ../build/harvest_vision/harvest_vision.egg-info/dependency_links.txt
[2.003s] writing entry points to ../build/harvest_vision/harvest_vision.egg-info/entry_points.txt
[2.003s] writing requirements to ../build/harvest_vision/harvest_vision.egg-info/requires.txt
[2.004s] writing top-level names to ../build/harvest_vision/harvest_vision.egg-info/top_level.txt
[2.006s] reading manifest file '../build/harvest_vision/harvest_vision.egg-info/SOURCES.txt'
[2.008s] writing manifest file '../build/harvest_vision/harvest_vision.egg-info/SOURCES.txt'
[2.009s] running build
[2.009s] running build_py
[2.010s] running install
[2.010s] running install_lib
[2.011s] creating /home/imml/git/research_2025/apple-harvest-eva/install/harvest_vision/lib/python3.10/site-packages/harvest_vision
[2.011s] copying /home/imml/git/research_2025/apple-harvest-eva/build/harvest_vision/build/lib/harvest_vision/apple_prediction.py -> /home/imml/git/research_2025/apple-harvest-eva/install/harvest_vision/lib/python3.10/site-packages/harvest_vision
[2.012s] copying /home/imml/git/research_2025/apple-harvest-eva/build/harvest_vision/build/lib/harvest_vision/apple_prediction_presaved_images.py -> /home/imml/git/research_2025/apple-harvest-eva/install/harvest_vision/lib/python3.10/site-packages/harvest_vision
[2.012s] copying /home/imml/git/research_2025/apple-harvest-eva/build/harvest_vision/build/lib/harvest_vision/voxelize_scan.py -> /home/imml/git/research_2025/apple-harvest-eva/install/harvest_vision/lib/python3.10/site-packages/harvest_vision
[2.012s] copying /home/imml/git/research_2025/apple-harvest-eva/build/harvest_vision/build/lib/harvest_vision/__init__.py -> /home/imml/git/research_2025/apple-harvest-eva/install/harvest_vision/lib/python3.10/site-packages/harvest_vision
[2.012s] copying /home/imml/git/research_2025/apple-harvest-eva/build/harvest_vision/build/lib/harvest_vision/sphere_ransac.py -> /home/imml/git/research_2025/apple-harvest-eva/install/harvest_vision/lib/python3.10/site-packages/harvest_vision
[2.014s] byte-compiling /home/imml/git/research_2025/apple-harvest-eva/install/harvest_vision/lib/python3.10/site-packages/harvest_vision/apple_prediction.py to apple_prediction.cpython-310.pyc
[2.017s] byte-compiling /home/imml/git/research_2025/apple-harvest-eva/install/harvest_vision/lib/python3.10/site-packages/harvest_vision/apple_prediction_presaved_images.py to apple_prediction_presaved_images.cpython-310.pyc
[2.021s] byte-compiling /home/imml/git/research_2025/apple-harvest-eva/install/harvest_vision/lib/python3.10/site-packages/harvest_vision/voxelize_scan.py to voxelize_scan.cpython-310.pyc
[2.023s] byte-compiling /home/imml/git/research_2025/apple-harvest-eva/install/harvest_vision/lib/python3.10/site-packages/harvest_vision/__init__.py to __init__.cpython-310.pyc
[2.023s] byte-compiling /home/imml/git/research_2025/apple-harvest-eva/install/harvest_vision/lib/python3.10/site-packages/harvest_vision/sphere_ransac.py to sphere_ransac.cpython-310.pyc
[2.024s] running install_data
[2.024s] copying resource/harvest_vision -> /home/imml/git/research_2025/apple-harvest-eva/install/harvest_vision/share/ament_index/resource_index/packages
[2.024s] copying package.xml -> /home/imml/git/research_2025/apple-harvest-eva/install/harvest_vision/share/harvest_vision
[2.025s] copying yolo_networks/best-merged-apples-thlo-merged-wsu-v8s.pt -> /home/imml/git/research_2025/apple-harvest-eva/install/harvest_vision/share/harvest_vision/yolo_networks
[2.077s] copying yolo_networks/best-merged-apples-thlo-merged-wsu-v8m.pt -> /home/imml/git/research_2025/apple-harvest-eva/install/harvest_vision/share/harvest_vision/yolo_networks
[2.168s] copying yolo_networks/best-merged-apples-thlo-merged-wsu-v9c.pt -> /home/imml/git/research_2025/apple-harvest-eva/install/harvest_vision/share/harvest_vision/yolo_networks
[2.261s] copying yolo_networks/best-merged-apples-thlo-merged-wsu-v8n.pt -> /home/imml/git/research_2025/apple-harvest-eva/install/harvest_vision/share/harvest_vision/yolo_networks
[2.271s] copying yolo_networks/best_segmentation.pt -> /home/imml/git/research_2025/apple-harvest-eva/install/harvest_vision/share/harvest_vision/yolo_networks
[2.285s] copying yolo_networks/best-merged-apples-thlo-merged-wsu-v8l.pt -> /home/imml/git/research_2025/apple-harvest-eva/install/harvest_vision/share/harvest_vision/yolo_networks
[2.428s] copying data/prosser_a/depth_to_color.png -> /home/imml/git/research_2025/apple-harvest-eva/install/harvest_vision/share/harvest_vision/data/prosser_a
[2.429s] copying data/prosser_a/pointcloud.ply -> /home/imml/git/research_2025/apple-harvest-eva/install/harvest_vision/share/harvest_vision/data/prosser_a
[2.446s] copying data/prosser_a/color_raw.png -> /home/imml/git/research_2025/apple-harvest-eva/install/harvest_vision/share/harvest_vision/data/prosser_a
[2.455s] copying data/prosser_b/depth_to_color.png -> /home/imml/git/research_2025/apple-harvest-eva/install/harvest_vision/share/harvest_vision/data/prosser_b
[2.456s] copying data/prosser_b/pointcloud.ply -> /home/imml/git/research_2025/apple-harvest-eva/install/harvest_vision/share/harvest_vision/data/prosser_b
[2.476s] copying data/prosser_b/color_raw.png -> /home/imml/git/research_2025/apple-harvest-eva/install/harvest_vision/share/harvest_vision/data/prosser_b
[2.485s] copying data/prosser_c/depth_to_color.png -> /home/imml/git/research_2025/apple-harvest-eva/install/harvest_vision/share/harvest_vision/data/prosser_c
[2.486s] copying data/prosser_c/pointcloud.ply -> /home/imml/git/research_2025/apple-harvest-eva/install/harvest_vision/share/harvest_vision/data/prosser_c
[2.508s] copying data/prosser_c/color_raw.png -> /home/imml/git/research_2025/apple-harvest-eva/install/harvest_vision/share/harvest_vision/data/prosser_c
[2.518s] copying data/prosser_d/depth_to_color.png -> /home/imml/git/research_2025/apple-harvest-eva/install/harvest_vision/share/harvest_vision/data/prosser_d
[2.519s] copying data/prosser_d/pointcloud.ply -> /home/imml/git/research_2025/apple-harvest-eva/install/harvest_vision/share/harvest_vision/data/prosser_d
[2.536s] copying data/prosser_d/color_raw.png -> /home/imml/git/research_2025/apple-harvest-eva/install/harvest_vision/share/harvest_vision/data/prosser_d
[2.544s] copying data/prosser_e/depth_to_color.png -> /home/imml/git/research_2025/apple-harvest-eva/install/harvest_vision/share/harvest_vision/data/prosser_e
[2.545s] copying data/prosser_e/pointcloud.ply -> /home/imml/git/research_2025/apple-harvest-eva/install/harvest_vision/share/harvest_vision/data/prosser_e
[2.563s] copying data/prosser_e/color_raw.png -> /home/imml/git/research_2025/apple-harvest-eva/install/harvest_vision/share/harvest_vision/data/prosser_e
[2.572s] copying data/prosser_f/depth_to_color.png -> /home/imml/git/research_2025/apple-harvest-eva/install/harvest_vision/share/harvest_vision/data/prosser_f
[2.573s] copying data/prosser_f/pointcloud.ply -> /home/imml/git/research_2025/apple-harvest-eva/install/harvest_vision/share/harvest_vision/data/prosser_f
[2.591s] copying data/prosser_f/color_raw.png -> /home/imml/git/research_2025/apple-harvest-eva/install/harvest_vision/share/harvest_vision/data/prosser_f
[2.599s] copying data/prosser_g/depth_to_color.png -> /home/imml/git/research_2025/apple-harvest-eva/install/harvest_vision/share/harvest_vision/data/prosser_g
[2.600s] copying data/prosser_g/pointcloud.ply -> /home/imml/git/research_2025/apple-harvest-eva/install/harvest_vision/share/harvest_vision/data/prosser_g
[2.617s] copying data/prosser_g/color_raw.png -> /home/imml/git/research_2025/apple-harvest-eva/install/harvest_vision/share/harvest_vision/data/prosser_g
[2.624s] copying data/prosser_h/depth_to_color.png -> /home/imml/git/research_2025/apple-harvest-eva/install/harvest_vision/share/harvest_vision/data/prosser_h
[2.625s] copying data/prosser_h/pointcloud.ply -> /home/imml/git/research_2025/apple-harvest-eva/install/harvest_vision/share/harvest_vision/data/prosser_h
[2.639s] copying data/prosser_h/color_raw.png -> /home/imml/git/research_2025/apple-harvest-eva/install/harvest_vision/share/harvest_vision/data/prosser_h
[2.646s] copying data/prosser_i/depth_to_color.png -> /home/imml/git/research_2025/apple-harvest-eva/install/harvest_vision/share/harvest_vision/data/prosser_i
[2.647s] copying data/prosser_i/pointcloud.ply -> /home/imml/git/research_2025/apple-harvest-eva/install/harvest_vision/share/harvest_vision/data/prosser_i
[2.662s] copying data/prosser_i/color_raw.png -> /home/imml/git/research_2025/apple-harvest-eva/install/harvest_vision/share/harvest_vision/data/prosser_i
[2.672s] copying data/prosser_j/depth_to_color.png -> /home/imml/git/research_2025/apple-harvest-eva/install/harvest_vision/share/harvest_vision/data/prosser_j
[2.673s] copying data/prosser_j/pointcloud.ply -> /home/imml/git/research_2025/apple-harvest-eva/install/harvest_vision/share/harvest_vision/data/prosser_j
[2.689s] copying data/prosser_j/color_raw.png -> /home/imml/git/research_2025/apple-harvest-eva/install/harvest_vision/share/harvest_vision/data/prosser_j
[2.698s] running install_egg_info
[2.700s] Copying ../build/harvest_vision/harvest_vision.egg-info to /home/imml/git/research_2025/apple-harvest-eva/install/harvest_vision/lib/python3.10/site-packages/harvest_vision-0.0.1-py3.10.egg-info
[2.702s] running install_scripts
[2.721s] Installing apple_prediction script to /home/imml/git/research_2025/apple-harvest-eva/install/harvest_vision/lib/harvest_vision
[2.721s] Installing apple_prediction_presaved_images script to /home/imml/git/research_2025/apple-harvest-eva/install/harvest_vision/lib/harvest_vision
[2.721s] Installing voxelize_scan script to /home/imml/git/research_2025/apple-harvest-eva/install/harvest_vision/lib/harvest_vision
[2.722s] writing list of installed files to '/home/imml/git/research_2025/apple-harvest-eva/build/harvest_vision/install.log'
[2.754s] Invoked command in '/home/imml/git/research_2025/apple-harvest-eva/harvest_vision' returned '0': AMENT_PREFIX_PATH=/home/imml/git/research_2025/apple-harvest-eva/install/harvest_interfaces:${AMENT_PREFIX_PATH} CMAKE_PREFIX_PATH=/home/imml/git/research_2025/apple-harvest-eva/install/harvest_interfaces LD_LIBRARY_PATH=/home/imml/git/research_2025/apple-harvest-eva/install/harvest_interfaces/lib:${LD_LIBRARY_PATH} PYTHONPATH=/home/imml/git/research_2025/apple-harvest-eva/build/harvest_vision/prefix_override:/usr/lib/python3/dist-packages/colcon_core/task/python/colcon_distutils_commands:/home/imml/git/research_2025/apple-harvest-eva/install/harvest_vision/lib/python3.10/site-packages:/home/imml/git/research_2025/apple-harvest-eva/install/harvest_interfaces/local/lib/python3.10/dist-packages:${PYTHONPATH} /usr/bin/python3 -W ignore:setup.py install is deprecated -W ignore:easy_install command is deprecated setup.py egg_info --egg-base ../build/harvest_vision build --build-base /home/imml/git/research_2025/apple-harvest-eva/build/harvest_vision/build install --record /home/imml/git/research_2025/apple-harvest-eva/build/harvest_vision/install.log --single-version-externally-managed install_data --force
