[0.016s] Invoking command in '/home/imml/git/research_2025/apple-harvest-eva/build/ur_calibration': CMAKE_PREFIX_PATH=/home/imml/git/research_2025/apple-harvest-eva/install/ur_robot_driver:/home/imml/git/research_2025/apple-harvest-eva/install/ur_controllers:/home/imml/git/research_2025/apple-harvest-eva/install/ur_description:/home/imml/git/research_2025/apple-harvest-eva/install/ur_dashboard_msgs:/home/imml/git/research_2025/apple-harvest-eva/install/ur:/home/imml/git/research_2025/apple-harvest-eva/install/ur_calibration:/home/imml/git/research_2025/apple-harvest-eva/install/ur_moveit_config:/home/imml/git/research_2025/apple-harvest-eva/install/ur_bringup:/home/imml/git/research_2025/apple-harvest-eva/install/realsense2_description:/home/imml/git/research_2025/apple-harvest-eva/install/realsense2_camera:/home/imml/git/research_2025/apple-harvest-eva/install/realsense2_camera_msgs:/home/imml/git/research_2025/apple-harvest-eva/install/harvest_control:/home/imml/git/research_2025/apple-harvest-eva/install/harvest:/home/imml/git/research_2025/apple-harvest-eva/install/harvest_interfaces:/home/imml/git/research_2025/apple-harvest-eva/install/ur5e_custom_hardware:/home/imml/git/research_2025/apple-harvest-eva/install/harvest_vision:/opt/ros/humble /usr/bin/cmake /home/imml/git/research_2025/apple-harvest-eva/harvest_hardware/Universal_Robots_ROS2_Driver/ur_calibration -DAMENT_CMAKE_SYMLINK_INSTALL=1 -DCMAKE_INSTALL_PREFIX=/home/imml/git/research_2025/apple-harvest-eva/install/ur_calibration
[0.026s] [0mur_calibration: You did not request a specific build type: selecting 'RelWithDebInfo'.[0m
[0.027s] -- Found ament_cmake: 1.3.11 (/opt/ros/humble/share/ament_cmake/cmake)
[0.139s] -- Override CMake install command with custom implementation using symlinks instead of copying resources
[0.145s] -- Found rclcpp: 16.0.12 (/opt/ros/humble/share/rclcpp/cmake)
[0.169s] -- Found rosidl_generator_c: 3.1.6 (/opt/ros/humble/share/rosidl_generator_c/cmake)
[0.171s] -- Found rosidl_adapter: 3.1.6 (/opt/ros/humble/share/rosidl_adapter/cmake)
[0.175s] -- Found rosidl_generator_cpp: 3.1.6 (/opt/ros/humble/share/rosidl_generator_cpp/cmake)
[0.183s] -- Using all available rosidl_typesupport_c: rosidl_typesupport_fastrtps_c;rosidl_typesupport_introspection_c
[0.194s] -- Using all available rosidl_typesupport_cpp: rosidl_typesupport_fastrtps_cpp;rosidl_typesupport_introspection_cpp
[0.220s] -- Found rmw_implementation_cmake: 6.1.2 (/opt/ros/humble/share/rmw_implementation_cmake/cmake)
[0.221s] -- Found rmw_fastrtps_cpp: 6.2.7 (/opt/ros/humble/share/rmw_fastrtps_cpp/cmake)
[0.320s] -- Using RMW implementation 'rmw_fastrtps_cpp' as default
[0.357s] -- Found ur_robot_driver: 2.2.15 (/home/imml/git/research_2025/apple-harvest-eva/install/ur_robot_driver/share/ur_robot_driver/cmake)
[0.509s] -- Found eigen3_cmake_module: 0.1.1 (/opt/ros/humble/share/eigen3_cmake_module/cmake)
[0.509s] -- Ensuring Eigen3 include directory is part of orocos-kdl CMake target
[0.630s] -- Found ament_cmake_gmock: 1.3.11 (/opt/ros/humble/share/ament_cmake_gmock/cmake)
[0.631s] -- Found gmock sources under '/opt/ros/humble/src/gmock_vendor': C++ tests using 'Google Mock' will be built
[0.632s] -- Found ament_cmake_gtest: 1.3.11 (/opt/ros/humble/share/ament_cmake_gtest/cmake)
[0.632s] -- Found gtest sources under '/opt/ros/humble/src/gtest_vendor': C++ tests using 'Google Test' will be built
[0.703s] -- Configuring done
[0.782s] -- Generating done
[0.791s] -- Build files have been written to: /home/imml/git/research_2025/apple-harvest-eva/build/ur_calibration
[0.801s] Invoked command in '/home/imml/git/research_2025/apple-harvest-eva/build/ur_calibration' returned '0': CMAKE_PREFIX_PATH=/home/imml/git/research_2025/apple-harvest-eva/install/ur_robot_driver:/home/imml/git/research_2025/apple-harvest-eva/install/ur_controllers:/home/imml/git/research_2025/apple-harvest-eva/install/ur_description:/home/imml/git/research_2025/apple-harvest-eva/install/ur_dashboard_msgs:/home/imml/git/research_2025/apple-harvest-eva/install/ur:/home/imml/git/research_2025/apple-harvest-eva/install/ur_calibration:/home/imml/git/research_2025/apple-harvest-eva/install/ur_moveit_config:/home/imml/git/research_2025/apple-harvest-eva/install/ur_bringup:/home/imml/git/research_2025/apple-harvest-eva/install/realsense2_description:/home/imml/git/research_2025/apple-harvest-eva/install/realsense2_camera:/home/imml/git/research_2025/apple-harvest-eva/install/realsense2_camera_msgs:/home/imml/git/research_2025/apple-harvest-eva/install/harvest_control:/home/imml/git/research_2025/apple-harvest-eva/install/harvest:/home/imml/git/research_2025/apple-harvest-eva/install/harvest_interfaces:/home/imml/git/research_2025/apple-harvest-eva/install/ur5e_custom_hardware:/home/imml/git/research_2025/apple-harvest-eva/install/harvest_vision:/opt/ros/humble /usr/bin/cmake /home/imml/git/research_2025/apple-harvest-eva/harvest_hardware/Universal_Robots_ROS2_Driver/ur_calibration -DAMENT_CMAKE_SYMLINK_INSTALL=1 -DCMAKE_INSTALL_PREFIX=/home/imml/git/research_2025/apple-harvest-eva/install/ur_calibration
[0.802s] Invoking command in '/home/imml/git/research_2025/apple-harvest-eva/build/ur_calibration': CMAKE_PREFIX_PATH=/home/imml/git/research_2025/apple-harvest-eva/install/ur_robot_driver:/home/imml/git/research_2025/apple-harvest-eva/install/ur_controllers:/home/imml/git/research_2025/apple-harvest-eva/install/ur_description:/home/imml/git/research_2025/apple-harvest-eva/install/ur_dashboard_msgs:/home/imml/git/research_2025/apple-harvest-eva/install/ur:/home/imml/git/research_2025/apple-harvest-eva/install/ur_calibration:/home/imml/git/research_2025/apple-harvest-eva/install/ur_moveit_config:/home/imml/git/research_2025/apple-harvest-eva/install/ur_bringup:/home/imml/git/research_2025/apple-harvest-eva/install/realsense2_description:/home/imml/git/research_2025/apple-harvest-eva/install/realsense2_camera:/home/imml/git/research_2025/apple-harvest-eva/install/realsense2_camera_msgs:/home/imml/git/research_2025/apple-harvest-eva/install/harvest_control:/home/imml/git/research_2025/apple-harvest-eva/install/harvest:/home/imml/git/research_2025/apple-harvest-eva/install/harvest_interfaces:/home/imml/git/research_2025/apple-harvest-eva/install/ur5e_custom_hardware:/home/imml/git/research_2025/apple-harvest-eva/install/harvest_vision:/opt/ros/humble /usr/bin/cmake --build /home/imml/git/research_2025/apple-harvest-eva/build/ur_calibration -- -j16 -l16
[0.840s] [35m[1mConsolidate compiler generated dependencies of target gmock_main[0m
[0.840s] [35m[1mConsolidate compiler generated dependencies of target gmock[0m
[0.841s] [35m[1mConsolidate compiler generated dependencies of target calibration[0m
[0.854s] [ 16%] Built target gmock_main
[0.854s] [ 41%] Built target gmock
[0.861s] [ 66%] Built target calibration
[0.872s] [35m[1mConsolidate compiler generated dependencies of target calibration_correction[0m
[0.872s] [35m[1mConsolidate compiler generated dependencies of target calibration_test[0m
[0.892s] [100%] Built target calibration_correction
[0.892s] [100%] Built target calibration_test
[0.903s] Invoked command in '/home/imml/git/research_2025/apple-harvest-eva/build/ur_calibration' returned '0': CMAKE_PREFIX_PATH=/home/imml/git/research_2025/apple-harvest-eva/install/ur_robot_driver:/home/imml/git/research_2025/apple-harvest-eva/install/ur_controllers:/home/imml/git/research_2025/apple-harvest-eva/install/ur_description:/home/imml/git/research_2025/apple-harvest-eva/install/ur_dashboard_msgs:/home/imml/git/research_2025/apple-harvest-eva/install/ur:/home/imml/git/research_2025/apple-harvest-eva/install/ur_calibration:/home/imml/git/research_2025/apple-harvest-eva/install/ur_moveit_config:/home/imml/git/research_2025/apple-harvest-eva/install/ur_bringup:/home/imml/git/research_2025/apple-harvest-eva/install/realsense2_description:/home/imml/git/research_2025/apple-harvest-eva/install/realsense2_camera:/home/imml/git/research_2025/apple-harvest-eva/install/realsense2_camera_msgs:/home/imml/git/research_2025/apple-harvest-eva/install/harvest_control:/home/imml/git/research_2025/apple-harvest-eva/install/harvest:/home/imml/git/research_2025/apple-harvest-eva/install/harvest_interfaces:/home/imml/git/research_2025/apple-harvest-eva/install/ur5e_custom_hardware:/home/imml/git/research_2025/apple-harvest-eva/install/harvest_vision:/opt/ros/humble /usr/bin/cmake --build /home/imml/git/research_2025/apple-harvest-eva/build/ur_calibration -- -j16 -l16
[0.904s] Invoking command in '/home/imml/git/research_2025/apple-harvest-eva/build/ur_calibration': CMAKE_PREFIX_PATH=/home/imml/git/research_2025/apple-harvest-eva/install/ur_robot_driver:/home/imml/git/research_2025/apple-harvest-eva/install/ur_controllers:/home/imml/git/research_2025/apple-harvest-eva/install/ur_description:/home/imml/git/research_2025/apple-harvest-eva/install/ur_dashboard_msgs:/home/imml/git/research_2025/apple-harvest-eva/install/ur:/home/imml/git/research_2025/apple-harvest-eva/install/ur_calibration:/home/imml/git/research_2025/apple-harvest-eva/install/ur_moveit_config:/home/imml/git/research_2025/apple-harvest-eva/install/ur_bringup:/home/imml/git/research_2025/apple-harvest-eva/install/realsense2_description:/home/imml/git/research_2025/apple-harvest-eva/install/realsense2_camera:/home/imml/git/research_2025/apple-harvest-eva/install/realsense2_camera_msgs:/home/imml/git/research_2025/apple-harvest-eva/install/harvest_control:/home/imml/git/research_2025/apple-harvest-eva/install/harvest:/home/imml/git/research_2025/apple-harvest-eva/install/harvest_interfaces:/home/imml/git/research_2025/apple-harvest-eva/install/ur5e_custom_hardware:/home/imml/git/research_2025/apple-harvest-eva/install/harvest_vision:/opt/ros/humble /usr/bin/cmake --install /home/imml/git/research_2025/apple-harvest-eva/build/ur_calibration
[0.911s] -- Install configuration: "RelWithDebInfo"
[0.911s] -- Execute custom install script
[0.911s] -- Up-to-date symlink: /home/imml/git/research_2025/apple-harvest-eva/install/ur_calibration/lib/ur_calibration/calibration_correction
[0.911s] -- Up-to-date symlink: /home/imml/git/research_2025/apple-harvest-eva/install/ur_calibration/include/ur_calibration/calibration.hpp
[0.912s] -- Up-to-date symlink: /home/imml/git/research_2025/apple-harvest-eva/install/ur_calibration/include/ur_calibration/calibration_consumer.hpp
[0.912s] -- Up-to-date symlink: /home/imml/git/research_2025/apple-harvest-eva/install/ur_calibration/share/ur_calibration/launch/calibration_correction.launch.py
[0.912s] -- Up-to-date symlink: /home/imml/git/research_2025/apple-harvest-eva/install/ur_calibration/share/ament_index/resource_index/package_run_dependencies/ur_calibration
[0.912s] -- Up-to-date symlink: /home/imml/git/research_2025/apple-harvest-eva/install/ur_calibration/share/ament_index/resource_index/parent_prefix_path/ur_calibration
[0.912s] -- Up-to-date symlink: /home/imml/git/research_2025/apple-harvest-eva/install/ur_calibration/share/ur_calibration/environment/ament_prefix_path.sh
[0.912s] -- Up-to-date symlink: /home/imml/git/research_2025/apple-harvest-eva/install/ur_calibration/share/ur_calibration/environment/ament_prefix_path.dsv
[0.913s] -- Up-to-date symlink: /home/imml/git/research_2025/apple-harvest-eva/install/ur_calibration/share/ur_calibration/environment/path.sh
[0.913s] -- Up-to-date symlink: /home/imml/git/research_2025/apple-harvest-eva/install/ur_calibration/share/ur_calibration/environment/path.dsv
[0.913s] -- Up-to-date symlink: /home/imml/git/research_2025/apple-harvest-eva/install/ur_calibration/share/ur_calibration/local_setup.bash
[0.913s] -- Up-to-date symlink: /home/imml/git/research_2025/apple-harvest-eva/install/ur_calibration/share/ur_calibration/local_setup.sh
[0.913s] -- Up-to-date symlink: /home/imml/git/research_2025/apple-harvest-eva/install/ur_calibration/share/ur_calibration/local_setup.zsh
[0.913s] -- Up-to-date symlink: /home/imml/git/research_2025/apple-harvest-eva/install/ur_calibration/share/ur_calibration/local_setup.dsv
[0.913s] -- Symlinking: /home/imml/git/research_2025/apple-harvest-eva/install/ur_calibration/share/ur_calibration/package.dsv
[0.922s] -- Up-to-date symlink: /home/imml/git/research_2025/apple-harvest-eva/install/ur_calibration/share/ament_index/resource_index/packages/ur_calibration
[0.922s] -- Up-to-date symlink: /home/imml/git/research_2025/apple-harvest-eva/install/ur_calibration/share/ur_calibration/cmake/ament_cmake_export_include_directories-extras.cmake
[0.922s] -- Up-to-date symlink: /home/imml/git/research_2025/apple-harvest-eva/install/ur_calibration/share/ur_calibration/cmake/ament_cmake_export_dependencies-extras.cmake
[0.922s] -- Up-to-date symlink: /home/imml/git/research_2025/apple-harvest-eva/install/ur_calibration/share/ur_calibration/cmake/ur_calibrationConfig.cmake
[0.922s] -- Up-to-date symlink: /home/imml/git/research_2025/apple-harvest-eva/install/ur_calibration/share/ur_calibration/cmake/ur_calibrationConfig-version.cmake
[0.922s] -- Up-to-date symlink: /home/imml/git/research_2025/apple-harvest-eva/install/ur_calibration/share/ur_calibration/package.xml
[0.924s] Invoked command in '/home/imml/git/research_2025/apple-harvest-eva/build/ur_calibration' returned '0': CMAKE_PREFIX_PATH=/home/imml/git/research_2025/apple-harvest-eva/install/ur_robot_driver:/home/imml/git/research_2025/apple-harvest-eva/install/ur_controllers:/home/imml/git/research_2025/apple-harvest-eva/install/ur_description:/home/imml/git/research_2025/apple-harvest-eva/install/ur_dashboard_msgs:/home/imml/git/research_2025/apple-harvest-eva/install/ur:/home/imml/git/research_2025/apple-harvest-eva/install/ur_calibration:/home/imml/git/research_2025/apple-harvest-eva/install/ur_moveit_config:/home/imml/git/research_2025/apple-harvest-eva/install/ur_bringup:/home/imml/git/research_2025/apple-harvest-eva/install/realsense2_description:/home/imml/git/research_2025/apple-harvest-eva/install/realsense2_camera:/home/imml/git/research_2025/apple-harvest-eva/install/realsense2_camera_msgs:/home/imml/git/research_2025/apple-harvest-eva/install/harvest_control:/home/imml/git/research_2025/apple-harvest-eva/install/harvest:/home/imml/git/research_2025/apple-harvest-eva/install/harvest_interfaces:/home/imml/git/research_2025/apple-harvest-eva/install/ur5e_custom_hardware:/home/imml/git/research_2025/apple-harvest-eva/install/harvest_vision:/opt/ros/humble /usr/bin/cmake --install /home/imml/git/research_2025/apple-harvest-eva/build/ur_calibration
