[0.025s] Invoking command in '/home/imml/git/research_2025/apple-harvest-eva/build/harvest': CMAKE_PREFIX_PATH=/home/imml/git/research_2025/apple-harvest-eva/install/harvest_interfaces:/home/imml/git/research_2025/apple-harvest-eva/install/ur:/home/imml/git/research_2025/apple-harvest-eva/install/ur_calibration:/home/imml/git/research_2025/apple-harvest-eva/install/ur_robot_driver:/home/imml/git/research_2025/apple-harvest-eva/install/ur_moveit_config:/home/imml/git/research_2025/apple-harvest-eva/install/ur_bringup:/home/imml/git/research_2025/apple-harvest-eva/install/ur_description:/home/imml/git/research_2025/apple-harvest-eva/install/ur_controllers:/home/imml/git/research_2025/apple-harvest-eva/install/ur_dashboard_msgs:/home/imml/git/research_2025/apple-harvest-eva/install/realsense2_description:/home/imml/git/research_2025/apple-harvest-eva/install/realsense2_camera:/home/imml/git/research_2025/apple-harvest-eva/install/realsense2_camera_msgs:/home/imml/git/research_2025/apple-harvest-eva/install/harvest_control:/home/imml/git/research_2025/apple-harvest-eva/install/harvest:/home/imml/git/research_2025/apple-harvest-eva/install/ur5e_custom_hardware:/home/imml/git/research_2025/apple-harvest-eva/install/harvest_vision:/opt/ros/humble LD_LIBRARY_PATH=/home/imml/git/research_2025/apple-harvest-eva/install/harvest_interfaces/lib:/home/imml/git/research_2025/apple-harvest-eva/install/ur_robot_driver/lib:/home/imml/git/research_2025/apple-harvest-eva/install/ur_controllers/lib:/home/imml/git/research_2025/apple-harvest-eva/install/ur_dashboard_msgs/lib:/home/imml/git/research_2025/apple-harvest-eva/install/realsense2_camera/lib:/home/imml/git/research_2025/apple-harvest-eva/install/realsense2_camera_msgs/lib:/usr/local/cuda-12.9/lib64:/opt/ros/humble/opt/rviz_ogre_vendor/lib:/opt/ros/humble/lib/x86_64-linux-gnu:/opt/ros/humble/lib /usr/bin/cmake --build /home/imml/git/research_2025/apple-harvest-eva/build/harvest -- -j16 -l16
[0.098s] Built target ament_cmake_python_symlink_harvest
[0.336s] running egg_info
[0.337s] writing harvest.egg-info/PKG-INFO
[0.338s] writing dependency_links to harvest.egg-info/dependency_links.txt
[0.341s] writing top-level names to harvest.egg-info/top_level.txt
[0.341s] reading manifest file 'harvest.egg-info/SOURCES.txt'
[0.342s] writing manifest file 'harvest.egg-info/SOURCES.txt'
[0.380s] Built target ament_cmake_python_build_harvest_egg
[0.417s] Invoked command in '/home/imml/git/research_2025/apple-harvest-eva/build/harvest' returned '0': CMAKE_PREFIX_PATH=/home/imml/git/research_2025/apple-harvest-eva/install/harvest_interfaces:/home/imml/git/research_2025/apple-harvest-eva/install/ur:/home/imml/git/research_2025/apple-harvest-eva/install/ur_calibration:/home/imml/git/research_2025/apple-harvest-eva/install/ur_robot_driver:/home/imml/git/research_2025/apple-harvest-eva/install/ur_moveit_config:/home/imml/git/research_2025/apple-harvest-eva/install/ur_bringup:/home/imml/git/research_2025/apple-harvest-eva/install/ur_description:/home/imml/git/research_2025/apple-harvest-eva/install/ur_controllers:/home/imml/git/research_2025/apple-harvest-eva/install/ur_dashboard_msgs:/home/imml/git/research_2025/apple-harvest-eva/install/realsense2_description:/home/imml/git/research_2025/apple-harvest-eva/install/realsense2_camera:/home/imml/git/research_2025/apple-harvest-eva/install/realsense2_camera_msgs:/home/imml/git/research_2025/apple-harvest-eva/install/harvest_control:/home/imml/git/research_2025/apple-harvest-eva/install/harvest:/home/imml/git/research_2025/apple-harvest-eva/install/ur5e_custom_hardware:/home/imml/git/research_2025/apple-harvest-eva/install/harvest_vision:/opt/ros/humble LD_LIBRARY_PATH=/home/imml/git/research_2025/apple-harvest-eva/install/harvest_interfaces/lib:/home/imml/git/research_2025/apple-harvest-eva/install/ur_robot_driver/lib:/home/imml/git/research_2025/apple-harvest-eva/install/ur_controllers/lib:/home/imml/git/research_2025/apple-harvest-eva/install/ur_dashboard_msgs/lib:/home/imml/git/research_2025/apple-harvest-eva/install/realsense2_camera/lib:/home/imml/git/research_2025/apple-harvest-eva/install/realsense2_camera_msgs/lib:/usr/local/cuda-12.9/lib64:/opt/ros/humble/opt/rviz_ogre_vendor/lib:/opt/ros/humble/lib/x86_64-linux-gnu:/opt/ros/humble/lib /usr/bin/cmake --build /home/imml/git/research_2025/apple-harvest-eva/build/harvest -- -j16 -l16
[0.419s] Invoking command in '/home/imml/git/research_2025/apple-harvest-eva/build/harvest': CMAKE_PREFIX_PATH=/home/imml/git/research_2025/apple-harvest-eva/install/harvest_interfaces:/home/imml/git/research_2025/apple-harvest-eva/install/ur:/home/imml/git/research_2025/apple-harvest-eva/install/ur_calibration:/home/imml/git/research_2025/apple-harvest-eva/install/ur_robot_driver:/home/imml/git/research_2025/apple-harvest-eva/install/ur_moveit_config:/home/imml/git/research_2025/apple-harvest-eva/install/ur_bringup:/home/imml/git/research_2025/apple-harvest-eva/install/ur_description:/home/imml/git/research_2025/apple-harvest-eva/install/ur_controllers:/home/imml/git/research_2025/apple-harvest-eva/install/ur_dashboard_msgs:/home/imml/git/research_2025/apple-harvest-eva/install/realsense2_description:/home/imml/git/research_2025/apple-harvest-eva/install/realsense2_camera:/home/imml/git/research_2025/apple-harvest-eva/install/realsense2_camera_msgs:/home/imml/git/research_2025/apple-harvest-eva/install/harvest_control:/home/imml/git/research_2025/apple-harvest-eva/install/harvest:/home/imml/git/research_2025/apple-harvest-eva/install/ur5e_custom_hardware:/home/imml/git/research_2025/apple-harvest-eva/install/harvest_vision:/opt/ros/humble LD_LIBRARY_PATH=/home/imml/git/research_2025/apple-harvest-eva/install/harvest_interfaces/lib:/home/imml/git/research_2025/apple-harvest-eva/install/ur_robot_driver/lib:/home/imml/git/research_2025/apple-harvest-eva/install/ur_controllers/lib:/home/imml/git/research_2025/apple-harvest-eva/install/ur_dashboard_msgs/lib:/home/imml/git/research_2025/apple-harvest-eva/install/realsense2_camera/lib:/home/imml/git/research_2025/apple-harvest-eva/install/realsense2_camera_msgs/lib:/usr/local/cuda-12.9/lib64:/opt/ros/humble/opt/rviz_ogre_vendor/lib:/opt/ros/humble/lib/x86_64-linux-gnu:/opt/ros/humble/lib /usr/bin/cmake --install /home/imml/git/research_2025/apple-harvest-eva/build/harvest
[0.429s] -- Install configuration: ""
[0.429s] -- Execute custom install script
[0.429s] -- Up-to-date symlink: /home/imml/git/research_2025/apple-harvest-eva/install/harvest/share/harvest/environment/pythonpath.sh
[0.429s] -- Up-to-date symlink: /home/imml/git/research_2025/apple-harvest-eva/install/harvest/share/harvest/environment/pythonpath.dsv
[0.430s] -- Up-to-date symlink: /home/imml/git/research_2025/apple-harvest-eva/install/harvest/local/lib/python3.10/dist-packages/harvest-0.0.0-py3.10.egg-info/PKG-INFO
[0.430s] -- Up-to-date symlink: /home/imml/git/research_2025/apple-harvest-eva/install/harvest/local/lib/python3.10/dist-packages/harvest-0.0.0-py3.10.egg-info/SOURCES.txt
[0.430s] -- Up-to-date symlink: /home/imml/git/research_2025/apple-harvest-eva/install/harvest/local/lib/python3.10/dist-packages/harvest-0.0.0-py3.10.egg-info/dependency_links.txt
[0.430s] -- Up-to-date symlink: /home/imml/git/research_2025/apple-harvest-eva/install/harvest/local/lib/python3.10/dist-packages/harvest-0.0.0-py3.10.egg-info/top_level.txt
[0.431s] -- Up-to-date symlink: /home/imml/git/research_2025/apple-harvest-eva/install/harvest/local/lib/python3.10/dist-packages/harvest/__init__.py
[0.431s] -- Up-to-date symlink: /home/imml/git/research_2025/apple-harvest-eva/install/harvest/lib/harvest/start_harvest.py
[0.431s] -- Up-to-date symlink: /home/imml/git/research_2025/apple-harvest-eva/install/harvest/lib/harvest/record.py
[0.431s] -- Up-to-date symlink: /home/imml/git/research_2025/apple-harvest-eva/install/harvest/lib/harvest/orchard_templating.py
[0.431s] -- Up-to-date symlink: /home/imml/git/research_2025/apple-harvest-eva/install/harvest/lib/harvest/move_ur5_to_coordinate_eva.py
[0.431s] -- Up-to-date symlink: /home/imml/git/research_2025/apple-harvest-eva/install/harvest/lib/harvest/apple_prediction_test.py
[0.431s] -- Up-to-date symlink: /home/imml/git/research_2025/apple-harvest-eva/install/harvest/lib/harvest/visual_servo_test.py
[0.432s] -- Up-to-date symlink: /home/imml/git/research_2025/apple-harvest-eva/install/harvest/share/harvest//launch/launch_gripper.launch.py
[0.432s] -- Up-to-date symlink: /home/imml/git/research_2025/apple-harvest-eva/install/harvest/share/harvest//launch/launch_lab_demo.py
[0.432s] -- Up-to-date symlink: /home/imml/git/research_2025/apple-harvest-eva/install/harvest/share/harvest//launch/launch_vision.launch.py
[0.432s] -- Up-to-date symlink: /home/imml/git/research_2025/apple-harvest-eva/install/harvest/share/harvest//launch/launch_vision_templating.launch.py
[0.432s] -- Up-to-date symlink: /home/imml/git/research_2025/apple-harvest-eva/install/harvest/share/ament_index/resource_index/package_run_dependencies/harvest
[0.433s] -- Up-to-date symlink: /home/imml/git/research_2025/apple-harvest-eva/install/harvest/share/ament_index/resource_index/parent_prefix_path/harvest
[0.433s] -- Up-to-date symlink: /home/imml/git/research_2025/apple-harvest-eva/install/harvest/share/harvest/environment/ament_prefix_path.sh
[0.434s] -- Up-to-date symlink: /home/imml/git/research_2025/apple-harvest-eva/install/harvest/share/harvest/environment/ament_prefix_path.dsv
[0.434s] -- Up-to-date symlink: /home/imml/git/research_2025/apple-harvest-eva/install/harvest/share/harvest/environment/path.sh
[0.434s] -- Up-to-date symlink: /home/imml/git/research_2025/apple-harvest-eva/install/harvest/share/harvest/environment/path.dsv
[0.434s] -- Up-to-date symlink: /home/imml/git/research_2025/apple-harvest-eva/install/harvest/share/harvest/local_setup.bash
[0.434s] -- Up-to-date symlink: /home/imml/git/research_2025/apple-harvest-eva/install/harvest/share/harvest/local_setup.sh
[0.434s] -- Up-to-date symlink: /home/imml/git/research_2025/apple-harvest-eva/install/harvest/share/harvest/local_setup.zsh
[0.434s] -- Up-to-date symlink: /home/imml/git/research_2025/apple-harvest-eva/install/harvest/share/harvest/local_setup.dsv
[0.434s] -- Symlinking: /home/imml/git/research_2025/apple-harvest-eva/install/harvest/share/harvest/package.dsv
[0.449s] -- Up-to-date symlink: /home/imml/git/research_2025/apple-harvest-eva/install/harvest/share/ament_index/resource_index/packages/harvest
[0.449s] -- Up-to-date symlink: /home/imml/git/research_2025/apple-harvest-eva/install/harvest/share/harvest/cmake/harvestConfig.cmake
[0.450s] -- Up-to-date symlink: /home/imml/git/research_2025/apple-harvest-eva/install/harvest/share/harvest/cmake/harvestConfig-version.cmake
[0.450s] -- Up-to-date symlink: /home/imml/git/research_2025/apple-harvest-eva/install/harvest/share/harvest/package.xml
[0.506s] Listing '/home/imml/git/research_2025/apple-harvest-eva/install/harvest/local/lib/python3.10/dist-packages/harvest'...
[0.523s] Invoked command in '/home/imml/git/research_2025/apple-harvest-eva/build/harvest' returned '0': CMAKE_PREFIX_PATH=/home/imml/git/research_2025/apple-harvest-eva/install/harvest_interfaces:/home/imml/git/research_2025/apple-harvest-eva/install/ur:/home/imml/git/research_2025/apple-harvest-eva/install/ur_calibration:/home/imml/git/research_2025/apple-harvest-eva/install/ur_robot_driver:/home/imml/git/research_2025/apple-harvest-eva/install/ur_moveit_config:/home/imml/git/research_2025/apple-harvest-eva/install/ur_bringup:/home/imml/git/research_2025/apple-harvest-eva/install/ur_description:/home/imml/git/research_2025/apple-harvest-eva/install/ur_controllers:/home/imml/git/research_2025/apple-harvest-eva/install/ur_dashboard_msgs:/home/imml/git/research_2025/apple-harvest-eva/install/realsense2_description:/home/imml/git/research_2025/apple-harvest-eva/install/realsense2_camera:/home/imml/git/research_2025/apple-harvest-eva/install/realsense2_camera_msgs:/home/imml/git/research_2025/apple-harvest-eva/install/harvest_control:/home/imml/git/research_2025/apple-harvest-eva/install/harvest:/home/imml/git/research_2025/apple-harvest-eva/install/ur5e_custom_hardware:/home/imml/git/research_2025/apple-harvest-eva/install/harvest_vision:/opt/ros/humble LD_LIBRARY_PATH=/home/imml/git/research_2025/apple-harvest-eva/install/harvest_interfaces/lib:/home/imml/git/research_2025/apple-harvest-eva/install/ur_robot_driver/lib:/home/imml/git/research_2025/apple-harvest-eva/install/ur_controllers/lib:/home/imml/git/research_2025/apple-harvest-eva/install/ur_dashboard_msgs/lib:/home/imml/git/research_2025/apple-harvest-eva/install/realsense2_camera/lib:/home/imml/git/research_2025/apple-harvest-eva/install/realsense2_camera_msgs/lib:/usr/local/cuda-12.9/lib64:/opt/ros/humble/opt/rviz_ogre_vendor/lib:/opt/ros/humble/lib/x86_64-linux-gnu:/opt/ros/humble/lib /usr/bin/cmake --install /home/imml/git/research_2025/apple-harvest-eva/build/harvest
