[0.623s] Invoking command in '/home/imml/git/research_2025/apple-harvest-eva/build/ur5e_custom_hardware': PYTHONPATH=/home/imml/git/research_2025/apple-harvest-eva/build/ur5e_custom_hardware/prefix_override:/usr/lib/python3/dist-packages/colcon_core/task/python/colcon_distutils_commands:/home/imml/git/research_2025/apple-harvest-eva/install/ur5e_custom_hardware/lib/python3.10/site-packages:${PYTHONPATH} /usr/bin/python3 -W ignore:setup.py install is deprecated -W ignore:easy_install command is deprecated setup.py develop --editable --build-directory /home/imml/git/research_2025/apple-harvest-eva/build/ur5e_custom_hardware/build --no-deps symlink_data
[0.864s] running develop
[1.047s] running egg_info
[1.047s] creating ur5e_custom_hardware.egg-info
[1.047s] writing ur5e_custom_hardware.egg-info/PKG-INFO
[1.048s] writing dependency_links to ur5e_custom_hardware.egg-info/dependency_links.txt
[1.048s] writing entry points to ur5e_custom_hardware.egg-info/entry_points.txt
[1.048s] writing requirements to ur5e_custom_hardware.egg-info/requires.txt
[1.048s] writing top-level names to ur5e_custom_hardware.egg-info/top_level.txt
[1.048s] writing manifest file 'ur5e_custom_hardware.egg-info/SOURCES.txt'
[1.050s] reading manifest file 'ur5e_custom_hardware.egg-info/SOURCES.txt'
[1.051s] writing manifest file 'ur5e_custom_hardware.egg-info/SOURCES.txt'
[1.052s] running build_ext
[1.052s] Creating /home/imml/git/research_2025/apple-harvest-eva/install/ur5e_custom_hardware/lib/python3.10/site-packages/ur5e-custom-hardware.egg-link (link to .)
[1.053s] Installing gripper_palm_camera script to /home/imml/git/research_2025/apple-harvest-eva/install/ur5e_custom_hardware/lib/ur5e_custom_hardware
[1.053s] 
[1.053s] Installed /home/imml/git/research_2025/apple-harvest-eva/build/ur5e_custom_hardware
[1.053s] running symlink_data
[1.053s] creating /home/imml/git/research_2025/apple-harvest-eva/install/ur5e_custom_hardware/share/ament_index
[1.054s] creating /home/imml/git/research_2025/apple-harvest-eva/install/ur5e_custom_hardware/share/ament_index/resource_index
[1.054s] creating /home/imml/git/research_2025/apple-harvest-eva/install/ur5e_custom_hardware/share/ament_index/resource_index/packages
[1.054s] symbolically linking /home/imml/git/research_2025/apple-harvest-eva/build/ur5e_custom_hardware/resource/ur5e_custom_hardware -> /home/imml/git/research_2025/apple-harvest-eva/install/ur5e_custom_hardware/share/ament_index/resource_index/packages
[1.054s] symbolically linking /home/imml/git/research_2025/apple-harvest-eva/build/ur5e_custom_hardware/package.xml -> /home/imml/git/research_2025/apple-harvest-eva/install/ur5e_custom_hardware/share/ur5e_custom_hardware
[1.054s] creating /home/imml/git/research_2025/apple-harvest-eva/install/ur5e_custom_hardware/share/ur5e_custom_hardware/launch
[1.054s] creating /home/imml/git/research_2025/apple-harvest-eva/install/ur5e_custom_hardware/share/ur5e_custom_hardware/urdf
[1.054s] symbolically linking /home/imml/git/research_2025/apple-harvest-eva/build/ur5e_custom_hardware/urdf/gripper.urdf.xacro -> /home/imml/git/research_2025/apple-harvest-eva/install/ur5e_custom_hardware/share/ur5e_custom_hardware/urdf
[1.054s] symbolically linking /home/imml/git/research_2025/apple-harvest-eva/build/ur5e_custom_hardware/urdf/ur_gripper.urdf.xacro -> /home/imml/git/research_2025/apple-harvest-eva/install/ur5e_custom_hardware/share/ur5e_custom_hardware/urdf
[1.054s] creating /home/imml/git/research_2025/apple-harvest-eva/install/ur5e_custom_hardware/share/ur5e_custom_hardware/meshes
[1.055s] symbolically linking /home/imml/git/research_2025/apple-harvest-eva/build/ur5e_custom_hardware/meshes/03_mk3_full_assembly.STL -> /home/imml/git/research_2025/apple-harvest-eva/install/ur5e_custom_hardware/share/ur5e_custom_hardware/meshes
[1.055s] symbolically linking /home/imml/git/research_2025/apple-harvest-eva/build/ur5e_custom_hardware/meshes/03_mk3_full_assembly_coarse.STL -> /home/imml/git/research_2025/apple-harvest-eva/install/ur5e_custom_hardware/share/ur5e_custom_hardware/meshes
[1.055s] symbolically linking /home/imml/git/research_2025/apple-harvest-eva/build/ur5e_custom_hardware/meshes/03_mk3_full_assembly_(simplified_for_RVIZ).STL -> /home/imml/git/research_2025/apple-harvest-eva/install/ur5e_custom_hardware/share/ur5e_custom_hardware/meshes
[1.092s] Invoked command in '/home/imml/git/research_2025/apple-harvest-eva/build/ur5e_custom_hardware' returned '0': PYTHONPATH=/home/imml/git/research_2025/apple-harvest-eva/build/ur5e_custom_hardware/prefix_override:/usr/lib/python3/dist-packages/colcon_core/task/python/colcon_distutils_commands:/home/imml/git/research_2025/apple-harvest-eva/install/ur5e_custom_hardware/lib/python3.10/site-packages:${PYTHONPATH} /usr/bin/python3 -W ignore:setup.py install is deprecated -W ignore:easy_install command is deprecated setup.py develop --editable --build-directory /home/imml/git/research_2025/apple-harvest-eva/build/ur5e_custom_hardware/build --no-deps symlink_data
