[0.010s] Invoking command in '/home/imml/git/research_2025/apple-harvest-eva/build/realsense2_camera': AMENT_PREFIX_PATH=/home/imml/git/research_2025/apple-harvest-eva/install/realsense2_camera_msgs:${AMENT_PREFIX_PATH} CMAKE_PREFIX_PATH=/home/imml/git/research_2025/apple-harvest-eva/install/realsense2_camera_msgs:/home/imml/git/research_2025/apple-harvest-eva/install/ur:/home/imml/git/research_2025/apple-harvest-eva/install/ur_calibration:/home/imml/git/research_2025/apple-harvest-eva/install/ur_robot_driver:/home/imml/git/research_2025/apple-harvest-eva/install/ur_moveit_config:/home/imml/git/research_2025/apple-harvest-eva/install/ur_bringup:/home/imml/git/research_2025/apple-harvest-eva/install/ur_description:/home/imml/git/research_2025/apple-harvest-eva/install/ur_controllers:/home/imml/git/research_2025/apple-harvest-eva/install/ur_dashboard_msgs:/home/imml/git/research_2025/apple-harvest-eva/install/realsense2_description:/home/imml/git/research_2025/apple-harvest-eva/install/realsense2_camera:/home/imml/git/research_2025/apple-harvest-eva/install/harvest_control:/home/imml/git/research_2025/apple-harvest-eva/install/harvest:/home/imml/git/research_2025/apple-harvest-eva/install/harvest_interfaces:/home/imml/git/research_2025/apple-harvest-eva/install/ur5e_custom_hardware:/home/imml/git/research_2025/apple-harvest-eva/install/harvest_vision:/opt/ros/humble LD_LIBRARY_PATH=/home/imml/git/research_2025/apple-harvest-eva/install/realsense2_camera_msgs/lib:/home/imml/git/research_2025/apple-harvest-eva/install/ur_robot_driver/lib:/home/imml/git/research_2025/apple-harvest-eva/install/ur_controllers/lib:/home/imml/git/research_2025/apple-harvest-eva/install/ur_dashboard_msgs/lib:/home/imml/git/research_2025/apple-harvest-eva/install/realsense2_camera/lib:/home/imml/git/research_2025/apple-harvest-eva/install/harvest_interfaces/lib:/usr/local/cuda-12.9/lib64:/opt/ros/humble/opt/rviz_ogre_vendor/lib:/opt/ros/humble/lib/x86_64-linux-gnu:/opt/ros/humble/lib PYTHONPATH=/home/imml/git/research_2025/apple-harvest-eva/install/realsense2_camera_msgs/local/lib/python3.10/dist-packages:${PYTHONPATH} /usr/bin/cmake /home/imml/git/research_2025/apple-harvest-eva/harvest_hardware/realsense-ros/realsense2_camera -DAMENT_CMAKE_SYMLINK_INSTALL=1 -DCMAKE_INSTALL_PREFIX=/home/imml/git/research_2025/apple-harvest-eva/install/realsense2_camera
[0.065s] -- The C compiler identification is GNU 11.4.0
[0.119s] -- The CXX compiler identification is GNU 11.4.0
[0.127s] -- Detecting C compiler ABI info
[0.193s] -- Detecting C compiler ABI info - done
[0.199s] -- Check for working C compiler: /usr/bin/cc - skipped
[0.199s] -- Detecting C compile features
[0.199s] -- Detecting C compile features - done
[0.202s] -- Detecting CXX compiler ABI info
[0.277s] -- Detecting CXX compiler ABI info - done
[0.282s] -- Check for working CXX compiler: /usr/bin/c++ - skipped
[0.283s] -- Detecting CXX compile features
[0.283s] -- Detecting CXX compile features - done
[0.283s] -- Create Release Build.
[0.286s] -- Found ament_cmake: 1.3.11 (/opt/ros/humble/share/ament_cmake/cmake)
[0.423s] -- Found Python3: /usr/bin/python3 (found version "3.10.12") found components: Interpreter 
[0.480s] -- Override CMake install command with custom implementation using symlinks instead of copying resources
[0.514s] -- Found builtin_interfaces: 1.2.1 (/opt/ros/humble/share/builtin_interfaces/cmake)
[0.549s] -- Found rosidl_generator_c: 3.1.6 (/opt/ros/humble/share/rosidl_generator_c/cmake)
[0.554s] -- Found rosidl_adapter: 3.1.6 (/opt/ros/humble/share/rosidl_adapter/cmake)
[0.563s] -- Found rosidl_generator_cpp: 3.1.6 (/opt/ros/humble/share/rosidl_generator_cpp/cmake)
[0.574s] -- Using all available rosidl_typesupport_c: rosidl_typesupport_fastrtps_c;rosidl_typesupport_introspection_c
[0.590s] -- Using all available rosidl_typesupport_cpp: rosidl_typesupport_fastrtps_cpp;rosidl_typesupport_introspection_cpp
[0.605s] -- Found cv_bridge: 3.2.1 (/opt/ros/humble/share/cv_bridge/cmake)
[0.659s] -- Found image_transport: 3.1.12 (/opt/ros/humble/share/image_transport/cmake)
[0.705s] -- Found rmw_implementation_cmake: 6.1.2 (/opt/ros/humble/share/rmw_implementation_cmake/cmake)
[0.708s] -- Found rmw_fastrtps_cpp: 6.2.7 (/opt/ros/humble/share/rmw_fastrtps_cpp/cmake)
[0.800s] -- Found OpenSSL: /usr/lib/x86_64-linux-gnu/libcrypto.so (found version "3.0.2")  
[0.828s] -- Found FastRTPS: /opt/ros/humble/include  
[0.871s] -- Using RMW implementation 'rmw_fastrtps_cpp' as default
[0.881s] -- Looking for pthread.h
[0.950s] -- Looking for pthread.h - found
[0.951s] -- Performing Test CMAKE_HAVE_LIBC_PTHREAD
[1.022s] -- Performing Test CMAKE_HAVE_LIBC_PTHREAD - Success
[1.023s] -- Found Threads: TRUE  
[1.090s] -- Found rclcpp_components: 16.0.12 (/opt/ros/humble/share/rclcpp_components/cmake)
[1.105s] -- Found realsense2_camera_msgs: 4.55.1 (/home/imml/git/research_2025/apple-harvest-eva/install/realsense2_camera_msgs/share/realsense2_camera_msgs/cmake)
[1.121s] -- Found nav_msgs: 4.9.0 (/opt/ros/humble/share/nav_msgs/cmake)
[1.137s] -- Found tf2_ros: 0.25.13 (/opt/ros/humble/share/tf2_ros/cmake)
[1.194s] -- Found diagnostic_updater: 4.0.6 (/opt/ros/humble/share/diagnostic_updater/cmake)
[1.212s] -- Found OpenCV: /usr (found version "4.5.4") found components: core 
[1.213s] -- Build for ROS2 Humble
[1.219s] -- Found ament_cmake_gtest: 1.3.11 (/opt/ros/humble/share/ament_cmake_gtest/cmake)
[1.222s] -- Found gtest sources under '/opt/ros/humble/src/gtest_vendor': C++ tests using 'Google Test' will be built
[1.228s] -- Found ament_cmake_pytest: 1.3.11 (/opt/ros/humble/share/ament_cmake_pytest/cmake)
[11.732s] -- rs_device_info:
[11.732s] -- No device detected. Is it plugged in?
[11.732s] 
[11.814s] -- Configuring done
[11.839s] -- Generating done
[11.846s] -- Build files have been written to: /home/imml/git/research_2025/apple-harvest-eva/build/realsense2_camera
[11.859s] Invoked command in '/home/imml/git/research_2025/apple-harvest-eva/build/realsense2_camera' returned '0': AMENT_PREFIX_PATH=/home/imml/git/research_2025/apple-harvest-eva/install/realsense2_camera_msgs:${AMENT_PREFIX_PATH} CMAKE_PREFIX_PATH=/home/imml/git/research_2025/apple-harvest-eva/install/realsense2_camera_msgs:/home/imml/git/research_2025/apple-harvest-eva/install/ur:/home/imml/git/research_2025/apple-harvest-eva/install/ur_calibration:/home/imml/git/research_2025/apple-harvest-eva/install/ur_robot_driver:/home/imml/git/research_2025/apple-harvest-eva/install/ur_moveit_config:/home/imml/git/research_2025/apple-harvest-eva/install/ur_bringup:/home/imml/git/research_2025/apple-harvest-eva/install/ur_description:/home/imml/git/research_2025/apple-harvest-eva/install/ur_controllers:/home/imml/git/research_2025/apple-harvest-eva/install/ur_dashboard_msgs:/home/imml/git/research_2025/apple-harvest-eva/install/realsense2_description:/home/imml/git/research_2025/apple-harvest-eva/install/realsense2_camera:/home/imml/git/research_2025/apple-harvest-eva/install/harvest_control:/home/imml/git/research_2025/apple-harvest-eva/install/harvest:/home/imml/git/research_2025/apple-harvest-eva/install/harvest_interfaces:/home/imml/git/research_2025/apple-harvest-eva/install/ur5e_custom_hardware:/home/imml/git/research_2025/apple-harvest-eva/install/harvest_vision:/opt/ros/humble LD_LIBRARY_PATH=/home/imml/git/research_2025/apple-harvest-eva/install/realsense2_camera_msgs/lib:/home/imml/git/research_2025/apple-harvest-eva/install/ur_robot_driver/lib:/home/imml/git/research_2025/apple-harvest-eva/install/ur_controllers/lib:/home/imml/git/research_2025/apple-harvest-eva/install/ur_dashboard_msgs/lib:/home/imml/git/research_2025/apple-harvest-eva/install/realsense2_camera/lib:/home/imml/git/research_2025/apple-harvest-eva/install/harvest_interfaces/lib:/usr/local/cuda-12.9/lib64:/opt/ros/humble/opt/rviz_ogre_vendor/lib:/opt/ros/humble/lib/x86_64-linux-gnu:/opt/ros/humble/lib PYTHONPATH=/home/imml/git/research_2025/apple-harvest-eva/install/realsense2_camera_msgs/local/lib/python3.10/dist-packages:${PYTHONPATH} /usr/bin/cmake /home/imml/git/research_2025/apple-harvest-eva/harvest_hardware/realsense-ros/realsense2_camera -DAMENT_CMAKE_SYMLINK_INSTALL=1 -DCMAKE_INSTALL_PREFIX=/home/imml/git/research_2025/apple-harvest-eva/install/realsense2_camera
[11.860s] Invoking command in '/home/imml/git/research_2025/apple-harvest-eva/build/realsense2_camera': AMENT_PREFIX_PATH=/home/imml/git/research_2025/apple-harvest-eva/install/realsense2_camera_msgs:${AMENT_PREFIX_PATH} CMAKE_PREFIX_PATH=/home/imml/git/research_2025/apple-harvest-eva/install/realsense2_camera_msgs:/home/imml/git/research_2025/apple-harvest-eva/install/ur:/home/imml/git/research_2025/apple-harvest-eva/install/ur_calibration:/home/imml/git/research_2025/apple-harvest-eva/install/ur_robot_driver:/home/imml/git/research_2025/apple-harvest-eva/install/ur_moveit_config:/home/imml/git/research_2025/apple-harvest-eva/install/ur_bringup:/home/imml/git/research_2025/apple-harvest-eva/install/ur_description:/home/imml/git/research_2025/apple-harvest-eva/install/ur_controllers:/home/imml/git/research_2025/apple-harvest-eva/install/ur_dashboard_msgs:/home/imml/git/research_2025/apple-harvest-eva/install/realsense2_description:/home/imml/git/research_2025/apple-harvest-eva/install/realsense2_camera:/home/imml/git/research_2025/apple-harvest-eva/install/harvest_control:/home/imml/git/research_2025/apple-harvest-eva/install/harvest:/home/imml/git/research_2025/apple-harvest-eva/install/harvest_interfaces:/home/imml/git/research_2025/apple-harvest-eva/install/ur5e_custom_hardware:/home/imml/git/research_2025/apple-harvest-eva/install/harvest_vision:/opt/ros/humble LD_LIBRARY_PATH=/home/imml/git/research_2025/apple-harvest-eva/install/realsense2_camera_msgs/lib:/home/imml/git/research_2025/apple-harvest-eva/install/ur_robot_driver/lib:/home/imml/git/research_2025/apple-harvest-eva/install/ur_controllers/lib:/home/imml/git/research_2025/apple-harvest-eva/install/ur_dashboard_msgs/lib:/home/imml/git/research_2025/apple-harvest-eva/install/realsense2_camera/lib:/home/imml/git/research_2025/apple-harvest-eva/install/harvest_interfaces/lib:/usr/local/cuda-12.9/lib64:/opt/ros/humble/opt/rviz_ogre_vendor/lib:/opt/ros/humble/lib/x86_64-linux-gnu:/opt/ros/humble/lib PYTHONPATH=/home/imml/git/research_2025/apple-harvest-eva/install/realsense2_camera_msgs/local/lib/python3.10/dist-packages:${PYTHONPATH} /usr/bin/cmake --build /home/imml/git/research_2025/apple-harvest-eva/build/realsense2_camera -- -j16 -l16
[11.917s] [ 13%] [32mBuilding CXX object gtest/CMakeFiles/gtest_main.dir/src/gtest_main.cc.o[0m
[11.919s] [ 18%] [32mBuilding CXX object CMakeFiles/realsense2_camera.dir/src/parameters.cpp.o[0m
[11.919s] [ 18%] [32mBuilding CXX object CMakeFiles/realsense2_camera_node.dir/rclcpp_components/node_main_realsense2_camera_node.cpp.o[0m
[11.919s] [ 27%] [32mBuilding CXX object CMakeFiles/realsense2_camera.dir/src/profile_manager.cpp.o[0m
[11.919s] [ 27%] [32mBuilding CXX object CMakeFiles/realsense2_camera.dir/src/named_filter.cpp.o[0m
[11.919s] [ 31%] [32mBuilding CXX object CMakeFiles/realsense2_camera.dir/src/realsense_node_factory.cpp.o[0m
[11.919s] [ 36%] [32mBuilding CXX object CMakeFiles/realsense2_camera.dir/src/image_publisher.cpp.o[0m
[11.920s] [ 40%] [32mBuilding CXX object CMakeFiles/realsense2_camera.dir/src/ros_sensor.cpp.o[0m
[11.920s] [ 45%] [32mBuilding CXX object CMakeFiles/realsense2_camera.dir/src/dynamic_params.cpp.o[0m
[11.920s] [ 18%] [32mBuilding CXX object CMakeFiles/realsense2_camera.dir/src/rs_node_setup.cpp.o[0m
[11.920s] [ 54%] [32mBuilding CXX object CMakeFiles/realsense2_camera.dir/src/sensor_params.cpp.o[0m
[11.920s] [ 54%] [32mBuilding CXX object gtest/CMakeFiles/gtest.dir/src/gtest-all.cc.o[0m
[11.921s] [ 59%] [32mBuilding CXX object CMakeFiles/realsense2_camera.dir/src/ros_utils.cpp.o[0m
[11.921s] [ 68%] [32mBuilding CXX object CMakeFiles/realsense2_camera.dir/src/base_realsense_node.cpp.o[0m
[11.921s] [ 68%] [32mBuilding CXX object CMakeFiles/realsense2_camera.dir/src/tfs.cpp.o[0m
[11.936s] [ 72%] [32mBuilding CXX object CMakeFiles/realsense2_camera.dir/src/ros_param_backend.cpp.o[0m
[13.091s] [ 77%] [32m[1mLinking CXX static library libgtest_main.a[0m
[13.233s] [ 77%] Built target gtest_main
[20.289s] [ 81%] [32m[1mLinking CXX executable realsense2_camera_node[0m
[20.683s] [ 81%] Built target realsense2_camera_node
[25.527s] [ 86%] [32m[1mLinking CXX static library libgtest.a[0m
[25.607s] [ 86%] Built target gtest
[25.650s] [ 90%] [32mBuilding CXX object CMakeFiles/gtest_template.dir/test/gtest_template.cpp.o[0m
[27.073s] [ 95%] [32m[1mLinking CXX executable gtest_template[0m
[27.487s] [ 95%] Built target gtest_template
[35.852s] [100%] [32m[1mLinking CXX shared library librealsense2_camera.so[0m
[36.256s] [100%] Built target realsense2_camera
[36.270s] Invoked command in '/home/imml/git/research_2025/apple-harvest-eva/build/realsense2_camera' returned '0': AMENT_PREFIX_PATH=/home/imml/git/research_2025/apple-harvest-eva/install/realsense2_camera_msgs:${AMENT_PREFIX_PATH} CMAKE_PREFIX_PATH=/home/imml/git/research_2025/apple-harvest-eva/install/realsense2_camera_msgs:/home/imml/git/research_2025/apple-harvest-eva/install/ur:/home/imml/git/research_2025/apple-harvest-eva/install/ur_calibration:/home/imml/git/research_2025/apple-harvest-eva/install/ur_robot_driver:/home/imml/git/research_2025/apple-harvest-eva/install/ur_moveit_config:/home/imml/git/research_2025/apple-harvest-eva/install/ur_bringup:/home/imml/git/research_2025/apple-harvest-eva/install/ur_description:/home/imml/git/research_2025/apple-harvest-eva/install/ur_controllers:/home/imml/git/research_2025/apple-harvest-eva/install/ur_dashboard_msgs:/home/imml/git/research_2025/apple-harvest-eva/install/realsense2_description:/home/imml/git/research_2025/apple-harvest-eva/install/realsense2_camera:/home/imml/git/research_2025/apple-harvest-eva/install/harvest_control:/home/imml/git/research_2025/apple-harvest-eva/install/harvest:/home/imml/git/research_2025/apple-harvest-eva/install/harvest_interfaces:/home/imml/git/research_2025/apple-harvest-eva/install/ur5e_custom_hardware:/home/imml/git/research_2025/apple-harvest-eva/install/harvest_vision:/opt/ros/humble LD_LIBRARY_PATH=/home/imml/git/research_2025/apple-harvest-eva/install/realsense2_camera_msgs/lib:/home/imml/git/research_2025/apple-harvest-eva/install/ur_robot_driver/lib:/home/imml/git/research_2025/apple-harvest-eva/install/ur_controllers/lib:/home/imml/git/research_2025/apple-harvest-eva/install/ur_dashboard_msgs/lib:/home/imml/git/research_2025/apple-harvest-eva/install/realsense2_camera/lib:/home/imml/git/research_2025/apple-harvest-eva/install/harvest_interfaces/lib:/usr/local/cuda-12.9/lib64:/opt/ros/humble/opt/rviz_ogre_vendor/lib:/opt/ros/humble/lib/x86_64-linux-gnu:/opt/ros/humble/lib PYTHONPATH=/home/imml/git/research_2025/apple-harvest-eva/install/realsense2_camera_msgs/local/lib/python3.10/dist-packages:${PYTHONPATH} /usr/bin/cmake --build /home/imml/git/research_2025/apple-harvest-eva/build/realsense2_camera -- -j16 -l16
[36.271s] Invoking command in '/home/imml/git/research_2025/apple-harvest-eva/build/realsense2_camera': AMENT_PREFIX_PATH=/home/imml/git/research_2025/apple-harvest-eva/install/realsense2_camera_msgs:${AMENT_PREFIX_PATH} CMAKE_PREFIX_PATH=/home/imml/git/research_2025/apple-harvest-eva/install/realsense2_camera_msgs:/home/imml/git/research_2025/apple-harvest-eva/install/ur:/home/imml/git/research_2025/apple-harvest-eva/install/ur_calibration:/home/imml/git/research_2025/apple-harvest-eva/install/ur_robot_driver:/home/imml/git/research_2025/apple-harvest-eva/install/ur_moveit_config:/home/imml/git/research_2025/apple-harvest-eva/install/ur_bringup:/home/imml/git/research_2025/apple-harvest-eva/install/ur_description:/home/imml/git/research_2025/apple-harvest-eva/install/ur_controllers:/home/imml/git/research_2025/apple-harvest-eva/install/ur_dashboard_msgs:/home/imml/git/research_2025/apple-harvest-eva/install/realsense2_description:/home/imml/git/research_2025/apple-harvest-eva/install/realsense2_camera:/home/imml/git/research_2025/apple-harvest-eva/install/harvest_control:/home/imml/git/research_2025/apple-harvest-eva/install/harvest:/home/imml/git/research_2025/apple-harvest-eva/install/harvest_interfaces:/home/imml/git/research_2025/apple-harvest-eva/install/ur5e_custom_hardware:/home/imml/git/research_2025/apple-harvest-eva/install/harvest_vision:/opt/ros/humble LD_LIBRARY_PATH=/home/imml/git/research_2025/apple-harvest-eva/install/realsense2_camera_msgs/lib:/home/imml/git/research_2025/apple-harvest-eva/install/ur_robot_driver/lib:/home/imml/git/research_2025/apple-harvest-eva/install/ur_controllers/lib:/home/imml/git/research_2025/apple-harvest-eva/install/ur_dashboard_msgs/lib:/home/imml/git/research_2025/apple-harvest-eva/install/realsense2_camera/lib:/home/imml/git/research_2025/apple-harvest-eva/install/harvest_interfaces/lib:/usr/local/cuda-12.9/lib64:/opt/ros/humble/opt/rviz_ogre_vendor/lib:/opt/ros/humble/lib/x86_64-linux-gnu:/opt/ros/humble/lib PYTHONPATH=/home/imml/git/research_2025/apple-harvest-eva/install/realsense2_camera_msgs/local/lib/python3.10/dist-packages:${PYTHONPATH} /usr/bin/cmake --install /home/imml/git/research_2025/apple-harvest-eva/build/realsense2_camera
[36.280s] -- Install configuration: "Release"
[36.280s] -- Execute custom install script
[36.281s] -- Symlinking: /home/imml/git/research_2025/apple-harvest-eva/install/realsense2_camera/lib/realsense2_camera/realsense2_camera_node
[36.291s] -- Symlinking: /home/imml/git/research_2025/apple-harvest-eva/install/realsense2_camera/lib/librealsense2_camera.so
[36.301s] -- Symlinking: /home/imml/git/research_2025/apple-harvest-eva/install/realsense2_camera/include/base_realsense_node.h
[36.311s] -- Symlinking: /home/imml/git/research_2025/apple-harvest-eva/install/realsense2_camera/include/constants.h
[36.321s] -- Symlinking: /home/imml/git/research_2025/apple-harvest-eva/install/realsense2_camera/include/dynamic_params.h
[36.331s] -- Symlinking: /home/imml/git/research_2025/apple-harvest-eva/install/realsense2_camera/include/gl_window.h
[36.341s] -- Symlinking: /home/imml/git/research_2025/apple-harvest-eva/install/realsense2_camera/include/image_publisher.h
[36.352s] -- Symlinking: /home/imml/git/research_2025/apple-harvest-eva/install/realsense2_camera/include/named_filter.h
[36.362s] -- Symlinking: /home/imml/git/research_2025/apple-harvest-eva/install/realsense2_camera/include/profile_manager.h
[36.372s] -- Symlinking: /home/imml/git/research_2025/apple-harvest-eva/install/realsense2_camera/include/realsense_node_factory.h
[36.382s] -- Symlinking: /home/imml/git/research_2025/apple-harvest-eva/install/realsense2_camera/include/ros_param_backend.h
[36.391s] -- Symlinking: /home/imml/git/research_2025/apple-harvest-eva/install/realsense2_camera/include/ros_sensor.h
[36.401s] -- Symlinking: /home/imml/git/research_2025/apple-harvest-eva/install/realsense2_camera/include/ros_utils.h
[36.411s] -- Symlinking: /home/imml/git/research_2025/apple-harvest-eva/install/realsense2_camera/include/sensor_params.h
[36.422s] -- Symlinking: /home/imml/git/research_2025/apple-harvest-eva/install/realsense2_camera/share/realsense2_camera/launch/default.rviz
[36.431s] -- Symlinking: /home/imml/git/research_2025/apple-harvest-eva/install/realsense2_camera/share/realsense2_camera/launch/rs_intra_process_demo_launch.py
[36.442s] -- Symlinking: /home/imml/git/research_2025/apple-harvest-eva/install/realsense2_camera/share/realsense2_camera/launch/rs_launch.py
[36.452s] -- Symlinking: /home/imml/git/research_2025/apple-harvest-eva/install/realsense2_camera/share/realsense2_camera/launch/rs_multi_camera_launch.py
[36.462s] -- Symlinking: /home/imml/git/research_2025/apple-harvest-eva/install/realsense2_camera/share/realsense2_camera/examples/align_depth/README.md
[36.472s] -- Symlinking: /home/imml/git/research_2025/apple-harvest-eva/install/realsense2_camera/share/realsense2_camera/examples/align_depth/rs_align_depth_launch.py
[36.482s] -- Symlinking: /home/imml/git/research_2025/apple-harvest-eva/install/realsense2_camera/share/realsense2_camera/examples/dual_camera/README.md
[36.492s] -- Symlinking: /home/imml/git/research_2025/apple-harvest-eva/install/realsense2_camera/share/realsense2_camera/examples/dual_camera/rs_dual_camera_launch.py
[36.502s] -- Symlinking: /home/imml/git/research_2025/apple-harvest-eva/install/realsense2_camera/share/realsense2_camera/examples/dual_camera/rviz/dual_camera_pointcloud.rviz
[36.513s] -- Symlinking: /home/imml/git/research_2025/apple-harvest-eva/install/realsense2_camera/share/realsense2_camera/examples/launch_from_rosbag/README.md
[36.523s] -- Symlinking: /home/imml/git/research_2025/apple-harvest-eva/install/realsense2_camera/share/realsense2_camera/examples/launch_from_rosbag/rs_launch_from_rosbag.py
[36.533s] -- Symlinking: /home/imml/git/research_2025/apple-harvest-eva/install/realsense2_camera/share/realsense2_camera/examples/launch_params_from_file/README.md
[36.544s] -- Symlinking: /home/imml/git/research_2025/apple-harvest-eva/install/realsense2_camera/share/realsense2_camera/examples/launch_params_from_file/config/config.yaml
[36.554s] -- Symlinking: /home/imml/git/research_2025/apple-harvest-eva/install/realsense2_camera/share/realsense2_camera/examples/launch_params_from_file/rs_launch_get_params_from_yaml.py
[36.565s] -- Symlinking: /home/imml/git/research_2025/apple-harvest-eva/install/realsense2_camera/share/realsense2_camera/examples/pointcloud/README.md
[36.575s] -- Symlinking: /home/imml/git/research_2025/apple-harvest-eva/install/realsense2_camera/share/realsense2_camera/examples/pointcloud/rs_d405_pointcloud_launch.py
[36.585s] -- Symlinking: /home/imml/git/research_2025/apple-harvest-eva/install/realsense2_camera/share/realsense2_camera/examples/pointcloud/rs_d455_pointcloud_launch.py
[36.595s] -- Symlinking: /home/imml/git/research_2025/apple-harvest-eva/install/realsense2_camera/share/realsense2_camera/examples/pointcloud/rs_pointcloud_launch.py
[36.606s] -- Symlinking: /home/imml/git/research_2025/apple-harvest-eva/install/realsense2_camera/share/realsense2_camera/examples/pointcloud/rviz/pointcloud.rviz
[36.620s] -- Symlinking: /home/imml/git/research_2025/apple-harvest-eva/install/realsense2_camera/share/realsense2_camera/examples/pointcloud/rviz/urdf_pointcloud.rviz
[36.631s] -- Symlinking: /home/imml/git/research_2025/apple-harvest-eva/install/realsense2_camera/share/realsense2_camera/environment/library_path.sh
[36.642s] -- Symlinking: /home/imml/git/research_2025/apple-harvest-eva/install/realsense2_camera/share/realsense2_camera/environment/library_path.dsv
[36.652s] -- Symlinking: /home/imml/git/research_2025/apple-harvest-eva/install/realsense2_camera/share/ament_index/resource_index/package_run_dependencies/realsense2_camera
[36.663s] -- Symlinking: /home/imml/git/research_2025/apple-harvest-eva/install/realsense2_camera/share/ament_index/resource_index/parent_prefix_path/realsense2_camera
[36.674s] -- Symlinking: /home/imml/git/research_2025/apple-harvest-eva/install/realsense2_camera/share/realsense2_camera/environment/ament_prefix_path.sh
[36.685s] -- Symlinking: /home/imml/git/research_2025/apple-harvest-eva/install/realsense2_camera/share/realsense2_camera/environment/ament_prefix_path.dsv
[36.695s] -- Symlinking: /home/imml/git/research_2025/apple-harvest-eva/install/realsense2_camera/share/realsense2_camera/environment/path.sh
[36.706s] -- Symlinking: /home/imml/git/research_2025/apple-harvest-eva/install/realsense2_camera/share/realsense2_camera/environment/path.dsv
[36.717s] -- Symlinking: /home/imml/git/research_2025/apple-harvest-eva/install/realsense2_camera/share/realsense2_camera/local_setup.bash
[36.728s] -- Symlinking: /home/imml/git/research_2025/apple-harvest-eva/install/realsense2_camera/share/realsense2_camera/local_setup.sh
[36.739s] -- Symlinking: /home/imml/git/research_2025/apple-harvest-eva/install/realsense2_camera/share/realsense2_camera/local_setup.zsh
[36.750s] -- Symlinking: /home/imml/git/research_2025/apple-harvest-eva/install/realsense2_camera/share/realsense2_camera/local_setup.dsv
[36.761s] -- Symlinking: /home/imml/git/research_2025/apple-harvest-eva/install/realsense2_camera/share/realsense2_camera/package.dsv
[36.772s] -- Symlinking: /home/imml/git/research_2025/apple-harvest-eva/install/realsense2_camera/share/ament_index/resource_index/packages/realsense2_camera
[36.783s] -- Symlinking: /home/imml/git/research_2025/apple-harvest-eva/install/realsense2_camera/share/ament_index/resource_index/rclcpp_components/realsense2_camera
[36.794s] -- Symlinking: /home/imml/git/research_2025/apple-harvest-eva/install/realsense2_camera/share/realsense2_camera/cmake/ament_cmake_export_include_directories-extras.cmake
[36.804s] -- Symlinking: /home/imml/git/research_2025/apple-harvest-eva/install/realsense2_camera/share/realsense2_camera/cmake/ament_cmake_export_libraries-extras.cmake
[36.815s] -- Symlinking: /home/imml/git/research_2025/apple-harvest-eva/install/realsense2_camera/share/realsense2_camera/cmake/ament_cmake_export_dependencies-extras.cmake
[36.825s] -- Symlinking: /home/imml/git/research_2025/apple-harvest-eva/install/realsense2_camera/share/realsense2_camera/cmake/realsense2_cameraConfig.cmake
[36.837s] -- Symlinking: /home/imml/git/research_2025/apple-harvest-eva/install/realsense2_camera/share/realsense2_camera/cmake/realsense2_cameraConfig-version.cmake
[36.847s] -- Symlinking: /home/imml/git/research_2025/apple-harvest-eva/install/realsense2_camera/share/realsense2_camera/package.xml
[36.860s] Invoked command in '/home/imml/git/research_2025/apple-harvest-eva/build/realsense2_camera' returned '0': AMENT_PREFIX_PATH=/home/imml/git/research_2025/apple-harvest-eva/install/realsense2_camera_msgs:${AMENT_PREFIX_PATH} CMAKE_PREFIX_PATH=/home/imml/git/research_2025/apple-harvest-eva/install/realsense2_camera_msgs:/home/imml/git/research_2025/apple-harvest-eva/install/ur:/home/imml/git/research_2025/apple-harvest-eva/install/ur_calibration:/home/imml/git/research_2025/apple-harvest-eva/install/ur_robot_driver:/home/imml/git/research_2025/apple-harvest-eva/install/ur_moveit_config:/home/imml/git/research_2025/apple-harvest-eva/install/ur_bringup:/home/imml/git/research_2025/apple-harvest-eva/install/ur_description:/home/imml/git/research_2025/apple-harvest-eva/install/ur_controllers:/home/imml/git/research_2025/apple-harvest-eva/install/ur_dashboard_msgs:/home/imml/git/research_2025/apple-harvest-eva/install/realsense2_description:/home/imml/git/research_2025/apple-harvest-eva/install/realsense2_camera:/home/imml/git/research_2025/apple-harvest-eva/install/harvest_control:/home/imml/git/research_2025/apple-harvest-eva/install/harvest:/home/imml/git/research_2025/apple-harvest-eva/install/harvest_interfaces:/home/imml/git/research_2025/apple-harvest-eva/install/ur5e_custom_hardware:/home/imml/git/research_2025/apple-harvest-eva/install/harvest_vision:/opt/ros/humble LD_LIBRARY_PATH=/home/imml/git/research_2025/apple-harvest-eva/install/realsense2_camera_msgs/lib:/home/imml/git/research_2025/apple-harvest-eva/install/ur_robot_driver/lib:/home/imml/git/research_2025/apple-harvest-eva/install/ur_controllers/lib:/home/imml/git/research_2025/apple-harvest-eva/install/ur_dashboard_msgs/lib:/home/imml/git/research_2025/apple-harvest-eva/install/realsense2_camera/lib:/home/imml/git/research_2025/apple-harvest-eva/install/harvest_interfaces/lib:/usr/local/cuda-12.9/lib64:/opt/ros/humble/opt/rviz_ogre_vendor/lib:/opt/ros/humble/lib/x86_64-linux-gnu:/opt/ros/humble/lib PYTHONPATH=/home/imml/git/research_2025/apple-harvest-eva/install/realsense2_camera_msgs/local/lib/python3.10/dist-packages:${PYTHONPATH} /usr/bin/cmake --install /home/imml/git/research_2025/apple-harvest-eva/build/realsense2_camera
