[0.646s] Invoking command in '/home/imml/git/research_2025/apple-harvest-eva/build/ur5e_custom_hardware': PYTHONPATH=/home/imml/git/research_2025/apple-harvest-eva/build/ur5e_custom_hardware/prefix_override:/usr/lib/python3/dist-packages/colcon_core/task/python/colcon_distutils_commands:/home/imml/git/research_2025/apple-harvest-eva/install/ur5e_custom_hardware/lib/python3.10/site-packages:${PYTHONPATH} /usr/bin/python3 -W ignore:setup.py install is deprecated -W ignore:easy_install command is deprecated setup.py develop --uninstall --editable --build-directory /home/imml/git/research_2025/apple-harvest-eva/build/ur5e_custom_hardware/build
[0.909s] running develop
[1.120s] Removing /home/imml/git/research_2025/apple-harvest-eva/install/ur5e_custom_hardware/lib/python3.10/site-packages/ur5e-custom-hardware.egg-link (link to .)
[1.165s] Invoked command in '/home/imml/git/research_2025/apple-harvest-eva/build/ur5e_custom_hardware' returned '0': PYTHONPATH=/home/imml/git/research_2025/apple-harvest-eva/build/ur5e_custom_hardware/prefix_override:/usr/lib/python3/dist-packages/colcon_core/task/python/colcon_distutils_commands:/home/imml/git/research_2025/apple-harvest-eva/install/ur5e_custom_hardware/lib/python3.10/site-packages:${PYTHONPATH} /usr/bin/python3 -W ignore:setup.py install is deprecated -W ignore:easy_install command is deprecated setup.py develop --uninstall --editable --build-directory /home/imml/git/research_2025/apple-harvest-eva/build/ur5e_custom_hardware/build
[1.167s] Invoking command in '/home/imml/git/research_2025/apple-harvest-eva/harvest_hardware/ur5e_custom_hardware': PYTHONPATH=/home/imml/git/research_2025/apple-harvest-eva/build/ur5e_custom_hardware/prefix_override:/usr/lib/python3/dist-packages/colcon_core/task/python/colcon_distutils_commands:/home/imml/git/research_2025/apple-harvest-eva/install/ur5e_custom_hardware/lib/python3.10/site-packages:${PYTHONPATH} /usr/bin/python3 -W ignore:setup.py install is deprecated -W ignore:easy_install command is deprecated setup.py egg_info --egg-base ../../build/ur5e_custom_hardware build --build-base /home/imml/git/research_2025/apple-harvest-eva/build/ur5e_custom_hardware/build install --record /home/imml/git/research_2025/apple-harvest-eva/build/ur5e_custom_hardware/install.log --single-version-externally-managed install_data --force
[1.450s] running egg_info
[1.452s] writing ../../build/ur5e_custom_hardware/ur5e_custom_hardware.egg-info/PKG-INFO
[1.452s] writing dependency_links to ../../build/ur5e_custom_hardware/ur5e_custom_hardware.egg-info/dependency_links.txt
[1.452s] writing entry points to ../../build/ur5e_custom_hardware/ur5e_custom_hardware.egg-info/entry_points.txt
[1.452s] writing requirements to ../../build/ur5e_custom_hardware/ur5e_custom_hardware.egg-info/requires.txt
[1.452s] writing top-level names to ../../build/ur5e_custom_hardware/ur5e_custom_hardware.egg-info/top_level.txt
[1.455s] reading manifest file '../../build/ur5e_custom_hardware/ur5e_custom_hardware.egg-info/SOURCES.txt'
[1.456s] writing manifest file '../../build/ur5e_custom_hardware/ur5e_custom_hardware.egg-info/SOURCES.txt'
[1.457s] running build
[1.457s] running build_py
[1.457s] creating /home/imml/git/research_2025/apple-harvest-eva/build/ur5e_custom_hardware/build
[1.457s] creating /home/imml/git/research_2025/apple-harvest-eva/build/ur5e_custom_hardware/build/lib
[1.457s] creating /home/imml/git/research_2025/apple-harvest-eva/build/ur5e_custom_hardware/build/lib/ur5e_custom_hardware
[1.457s] copying ur5e_custom_hardware/gripper_palm_camera.py -> /home/imml/git/research_2025/apple-harvest-eva/build/ur5e_custom_hardware/build/lib/ur5e_custom_hardware
[1.458s] copying ur5e_custom_hardware/__init__.py -> /home/imml/git/research_2025/apple-harvest-eva/build/ur5e_custom_hardware/build/lib/ur5e_custom_hardware
[1.458s] running install
[1.458s] running install_lib
[1.460s] creating /home/imml/git/research_2025/apple-harvest-eva/install/ur5e_custom_hardware/lib/python3.10/site-packages/ur5e_custom_hardware
[1.460s] copying /home/imml/git/research_2025/apple-harvest-eva/build/ur5e_custom_hardware/build/lib/ur5e_custom_hardware/gripper_palm_camera.py -> /home/imml/git/research_2025/apple-harvest-eva/install/ur5e_custom_hardware/lib/python3.10/site-packages/ur5e_custom_hardware
[1.460s] copying /home/imml/git/research_2025/apple-harvest-eva/build/ur5e_custom_hardware/build/lib/ur5e_custom_hardware/__init__.py -> /home/imml/git/research_2025/apple-harvest-eva/install/ur5e_custom_hardware/lib/python3.10/site-packages/ur5e_custom_hardware
[1.460s] byte-compiling /home/imml/git/research_2025/apple-harvest-eva/install/ur5e_custom_hardware/lib/python3.10/site-packages/ur5e_custom_hardware/gripper_palm_camera.py to gripper_palm_camera.cpython-310.pyc
[1.461s] byte-compiling /home/imml/git/research_2025/apple-harvest-eva/install/ur5e_custom_hardware/lib/python3.10/site-packages/ur5e_custom_hardware/__init__.py to __init__.cpython-310.pyc
[1.461s] running install_data
[1.461s] copying resource/ur5e_custom_hardware -> /home/imml/git/research_2025/apple-harvest-eva/install/ur5e_custom_hardware/share/ament_index/resource_index/packages
[1.462s] copying package.xml -> /home/imml/git/research_2025/apple-harvest-eva/install/ur5e_custom_hardware/share/ur5e_custom_hardware
[1.462s] copying urdf/gripper.urdf.xacro -> /home/imml/git/research_2025/apple-harvest-eva/install/ur5e_custom_hardware/share/ur5e_custom_hardware/urdf
[1.462s] copying urdf/ur_gripper.urdf.xacro -> /home/imml/git/research_2025/apple-harvest-eva/install/ur5e_custom_hardware/share/ur5e_custom_hardware/urdf
[1.462s] copying meshes/03_mk3_full_assembly.STL -> /home/imml/git/research_2025/apple-harvest-eva/install/ur5e_custom_hardware/share/ur5e_custom_hardware/meshes
[1.526s] copying meshes/03_mk3_full_assembly_coarse.STL -> /home/imml/git/research_2025/apple-harvest-eva/install/ur5e_custom_hardware/share/ur5e_custom_hardware/meshes
[1.545s] copying meshes/03_mk3_full_assembly_(simplified_for_RVIZ).STL -> /home/imml/git/research_2025/apple-harvest-eva/install/ur5e_custom_hardware/share/ur5e_custom_hardware/meshes
[1.557s] running install_egg_info
[1.559s] Copying ../../build/ur5e_custom_hardware/ur5e_custom_hardware.egg-info to /home/imml/git/research_2025/apple-harvest-eva/install/ur5e_custom_hardware/lib/python3.10/site-packages/ur5e_custom_hardware-0.0.0-py3.10.egg-info
[1.560s] running install_scripts
[1.587s] Installing gripper_palm_camera script to /home/imml/git/research_2025/apple-harvest-eva/install/ur5e_custom_hardware/lib/ur5e_custom_hardware
[1.588s] writing list of installed files to '/home/imml/git/research_2025/apple-harvest-eva/build/ur5e_custom_hardware/install.log'
[1.636s] Invoked command in '/home/imml/git/research_2025/apple-harvest-eva/harvest_hardware/ur5e_custom_hardware' returned '0': PYTHONPATH=/home/imml/git/research_2025/apple-harvest-eva/build/ur5e_custom_hardware/prefix_override:/usr/lib/python3/dist-packages/colcon_core/task/python/colcon_distutils_commands:/home/imml/git/research_2025/apple-harvest-eva/install/ur5e_custom_hardware/lib/python3.10/site-packages:${PYTHONPATH} /usr/bin/python3 -W ignore:setup.py install is deprecated -W ignore:easy_install command is deprecated setup.py egg_info --egg-base ../../build/ur5e_custom_hardware build --build-base /home/imml/git/research_2025/apple-harvest-eva/build/ur5e_custom_hardware/build install --record /home/imml/git/research_2025/apple-harvest-eva/build/ur5e_custom_hardware/install.log --single-version-externally-managed install_data --force
