[0.022s] Invoking command in '/home/imml/git/research_2025/apple-harvest-eva/build/ur_description': CMAKE_PREFIX_PATH=${CMAKE_PREFIX_PATH}:/home/imml/git/research_2025/apple-harvest-eva/install/ur5e_custom_hardware:/home/imml/git/research_2025/apple-harvest-eva/install/harvest_vision:/opt/ros/humble /usr/bin/cmake /home/imml/git/research_2025/apple-harvest-eva/harvest_hardware/Universal_Robots_ROS2_Description -DAMENT_CMAKE_SYMLINK_INSTALL=1 -DCMAKE_INSTALL_PREFIX=/home/imml/git/research_2025/apple-harvest-eva/install/ur_description
[0.032s] -- Found ament_cmake: 1.3.11 (/opt/ros/humble/share/ament_cmake/cmake)
[0.136s] -- Override CMake install command with custom implementation using symlinks instead of copying resources
[0.141s] -- Found ament_cmake_pytest: 1.3.11 (/opt/ros/humble/share/ament_cmake_pytest/cmake)
[2.495s] -- Configuring done
[2.498s] -- Generating done
[2.500s] -- Build files have been written to: /home/imml/git/research_2025/apple-harvest-eva/build/ur_description
[2.503s] Invoked command in '/home/imml/git/research_2025/apple-harvest-eva/build/ur_description' returned '0': CMAKE_PREFIX_PATH=${CMAKE_PREFIX_PATH}:/home/imml/git/research_2025/apple-harvest-eva/install/ur5e_custom_hardware:/home/imml/git/research_2025/apple-harvest-eva/install/harvest_vision:/opt/ros/humble /usr/bin/cmake /home/imml/git/research_2025/apple-harvest-eva/harvest_hardware/Universal_Robots_ROS2_Description -DAMENT_CMAKE_SYMLINK_INSTALL=1 -DCMAKE_INSTALL_PREFIX=/home/imml/git/research_2025/apple-harvest-eva/install/ur_description
[2.505s] Invoking command in '/home/imml/git/research_2025/apple-harvest-eva/build/ur_description': CMAKE_PREFIX_PATH=${CMAKE_PREFIX_PATH}:/home/imml/git/research_2025/apple-harvest-eva/install/ur5e_custom_hardware:/home/imml/git/research_2025/apple-harvest-eva/install/harvest_vision:/opt/ros/humble /usr/bin/cmake --build /home/imml/git/research_2025/apple-harvest-eva/build/ur_description -- -j16 -l16
[2.550s] Invoked command in '/home/imml/git/research_2025/apple-harvest-eva/build/ur_description' returned '0': CMAKE_PREFIX_PATH=${CMAKE_PREFIX_PATH}:/home/imml/git/research_2025/apple-harvest-eva/install/ur5e_custom_hardware:/home/imml/git/research_2025/apple-harvest-eva/install/harvest_vision:/opt/ros/humble /usr/bin/cmake --build /home/imml/git/research_2025/apple-harvest-eva/build/ur_description -- -j16 -l16
[2.553s] Invoking command in '/home/imml/git/research_2025/apple-harvest-eva/build/ur_description': CMAKE_PREFIX_PATH=${CMAKE_PREFIX_PATH}:/home/imml/git/research_2025/apple-harvest-eva/install/ur5e_custom_hardware:/home/imml/git/research_2025/apple-harvest-eva/install/harvest_vision:/opt/ros/humble /usr/bin/cmake --install /home/imml/git/research_2025/apple-harvest-eva/build/ur_description
[2.562s] -- Install configuration: ""
[2.562s] -- Execute custom install script
[2.562s] -- Up-to-date symlink: /home/imml/git/research_2025/apple-harvest-eva/install/ur_description/share/ur_description/config/initial_positions.yaml
[2.563s] -- Up-to-date symlink: /home/imml/git/research_2025/apple-harvest-eva/install/ur_description/share/ur_description/config/initial_positions_marcus.yaml
[2.563s] -- Up-to-date symlink: /home/imml/git/research_2025/apple-harvest-eva/install/ur_description/share/ur_description/config/ur10/default_kinematics.yaml
[2.563s] -- Up-to-date symlink: /home/imml/git/research_2025/apple-harvest-eva/install/ur_description/share/ur_description/config/ur10/joint_limits.yaml
[2.563s] -- Up-to-date symlink: /home/imml/git/research_2025/apple-harvest-eva/install/ur_description/share/ur_description/config/ur10/physical_parameters.yaml
[2.563s] -- Up-to-date symlink: /home/imml/git/research_2025/apple-harvest-eva/install/ur_description/share/ur_description/config/ur10/visual_parameters.yaml
[2.563s] -- Up-to-date symlink: /home/imml/git/research_2025/apple-harvest-eva/install/ur_description/share/ur_description/config/ur10e/default_kinematics.yaml
[2.563s] -- Up-to-date symlink: /home/imml/git/research_2025/apple-harvest-eva/install/ur_description/share/ur_description/config/ur10e/joint_limits.yaml
[2.564s] -- Up-to-date symlink: /home/imml/git/research_2025/apple-harvest-eva/install/ur_description/share/ur_description/config/ur10e/physical_parameters.yaml
[2.564s] -- Up-to-date symlink: /home/imml/git/research_2025/apple-harvest-eva/install/ur_description/share/ur_description/config/ur10e/visual_parameters.yaml
[2.564s] -- Up-to-date symlink: /home/imml/git/research_2025/apple-harvest-eva/install/ur_description/share/ur_description/config/ur16e/default_kinematics.yaml
[2.564s] -- Up-to-date symlink: /home/imml/git/research_2025/apple-harvest-eva/install/ur_description/share/ur_description/config/ur16e/joint_limits.yaml
[2.564s] -- Up-to-date symlink: /home/imml/git/research_2025/apple-harvest-eva/install/ur_description/share/ur_description/config/ur16e/physical_parameters.yaml
[2.564s] -- Up-to-date symlink: /home/imml/git/research_2025/apple-harvest-eva/install/ur_description/share/ur_description/config/ur16e/visual_parameters.yaml
[2.564s] -- Up-to-date symlink: /home/imml/git/research_2025/apple-harvest-eva/install/ur_description/share/ur_description/config/ur20/default_kinematics.yaml
[2.564s] -- Up-to-date symlink: /home/imml/git/research_2025/apple-harvest-eva/install/ur_description/share/ur_description/config/ur20/joint_limits.yaml
[2.565s] -- Up-to-date symlink: /home/imml/git/research_2025/apple-harvest-eva/install/ur_description/share/ur_description/config/ur20/physical_parameters.yaml
[2.565s] -- Up-to-date symlink: /home/imml/git/research_2025/apple-harvest-eva/install/ur_description/share/ur_description/config/ur20/visual_parameters.yaml
[2.565s] -- Up-to-date symlink: /home/imml/git/research_2025/apple-harvest-eva/install/ur_description/share/ur_description/config/ur3/default_kinematics.yaml
[2.565s] -- Up-to-date symlink: /home/imml/git/research_2025/apple-harvest-eva/install/ur_description/share/ur_description/config/ur3/joint_limits.yaml
[2.565s] -- Up-to-date symlink: /home/imml/git/research_2025/apple-harvest-eva/install/ur_description/share/ur_description/config/ur3/physical_parameters.yaml
[2.565s] -- Up-to-date symlink: /home/imml/git/research_2025/apple-harvest-eva/install/ur_description/share/ur_description/config/ur3/visual_parameters.yaml
[2.565s] -- Up-to-date symlink: /home/imml/git/research_2025/apple-harvest-eva/install/ur_description/share/ur_description/config/ur30/default_kinematics.yaml
[2.565s] -- Up-to-date symlink: /home/imml/git/research_2025/apple-harvest-eva/install/ur_description/share/ur_description/config/ur30/joint_limits.yaml
[2.565s] -- Up-to-date symlink: /home/imml/git/research_2025/apple-harvest-eva/install/ur_description/share/ur_description/config/ur30/physical_parameters.yaml
[2.566s] -- Up-to-date symlink: /home/imml/git/research_2025/apple-harvest-eva/install/ur_description/share/ur_description/config/ur30/visual_parameters.yaml
[2.566s] -- Up-to-date symlink: /home/imml/git/research_2025/apple-harvest-eva/install/ur_description/share/ur_description/config/ur3e/default_kinematics.yaml
[2.566s] -- Up-to-date symlink: /home/imml/git/research_2025/apple-harvest-eva/install/ur_description/share/ur_description/config/ur3e/joint_limits.yaml
[2.566s] -- Up-to-date symlink: /home/imml/git/research_2025/apple-harvest-eva/install/ur_description/share/ur_description/config/ur3e/physical_parameters.yaml
[2.566s] -- Up-to-date symlink: /home/imml/git/research_2025/apple-harvest-eva/install/ur_description/share/ur_description/config/ur3e/visual_parameters.yaml
[2.566s] -- Up-to-date symlink: /home/imml/git/research_2025/apple-harvest-eva/install/ur_description/share/ur_description/config/ur5/default_kinematics.yaml
[2.567s] -- Up-to-date symlink: /home/imml/git/research_2025/apple-harvest-eva/install/ur_description/share/ur_description/config/ur5/joint_limits.yaml
[2.567s] -- Up-to-date symlink: /home/imml/git/research_2025/apple-harvest-eva/install/ur_description/share/ur_description/config/ur5/physical_parameters.yaml
[2.567s] -- Up-to-date symlink: /home/imml/git/research_2025/apple-harvest-eva/install/ur_description/share/ur_description/config/ur5/visual_parameters.yaml
[2.567s] -- Up-to-date symlink: /home/imml/git/research_2025/apple-harvest-eva/install/ur_description/share/ur_description/config/ur5e/default_kinematics.yaml
[2.568s] -- Up-to-date symlink: /home/imml/git/research_2025/apple-harvest-eva/install/ur_description/share/ur_description/config/ur5e/joint_limits.yaml
[2.568s] -- Up-to-date symlink: /home/imml/git/research_2025/apple-harvest-eva/install/ur_description/share/ur_description/config/ur5e/physical_parameters.yaml
[2.568s] -- Up-to-date symlink: /home/imml/git/research_2025/apple-harvest-eva/install/ur_description/share/ur_description/config/ur5e/visual_parameters.yaml
[2.568s] -- Up-to-date symlink: /home/imml/git/research_2025/apple-harvest-eva/install/ur_description/share/ur_description/launch/view_ur.launch.py
[2.569s] -- Up-to-date symlink: /home/imml/git/research_2025/apple-harvest-eva/install/ur_description/share/ur_description/meshes/ur10/collision/base.stl
[2.569s] -- Up-to-date symlink: /home/imml/git/research_2025/apple-harvest-eva/install/ur_description/share/ur_description/meshes/ur10/collision/forearm.stl
[2.569s] -- Up-to-date symlink: /home/imml/git/research_2025/apple-harvest-eva/install/ur_description/share/ur_description/meshes/ur10/collision/shoulder.stl
[2.570s] -- Up-to-date symlink: /home/imml/git/research_2025/apple-harvest-eva/install/ur_description/share/ur_description/meshes/ur10/collision/upperarm.stl
[2.571s] -- Up-to-date symlink: /home/imml/git/research_2025/apple-harvest-eva/install/ur_description/share/ur_description/meshes/ur10/collision/wrist1.stl
[2.571s] -- Up-to-date symlink: /home/imml/git/research_2025/apple-harvest-eva/install/ur_description/share/ur_description/meshes/ur10/collision/wrist2.stl
[2.571s] -- Up-to-date symlink: /home/imml/git/research_2025/apple-harvest-eva/install/ur_description/share/ur_description/meshes/ur10/collision/wrist3.stl
[2.571s] -- Up-to-date symlink: /home/imml/git/research_2025/apple-harvest-eva/install/ur_description/share/ur_description/meshes/ur10/visual/base.dae
[2.571s] -- Up-to-date symlink: /home/imml/git/research_2025/apple-harvest-eva/install/ur_description/share/ur_description/meshes/ur10/visual/forearm.dae
[2.572s] -- Up-to-date symlink: /home/imml/git/research_2025/apple-harvest-eva/install/ur_description/share/ur_description/meshes/ur10/visual/shoulder.dae
[2.572s] -- Up-to-date symlink: /home/imml/git/research_2025/apple-harvest-eva/install/ur_description/share/ur_description/meshes/ur10/visual/upperarm.dae
[2.572s] -- Up-to-date symlink: /home/imml/git/research_2025/apple-harvest-eva/install/ur_description/share/ur_description/meshes/ur10/visual/wrist1.dae
[2.572s] -- Up-to-date symlink: /home/imml/git/research_2025/apple-harvest-eva/install/ur_description/share/ur_description/meshes/ur10/visual/wrist2.dae
[2.572s] -- Up-to-date symlink: /home/imml/git/research_2025/apple-harvest-eva/install/ur_description/share/ur_description/meshes/ur10/visual/wrist3.dae
[2.573s] -- Up-to-date symlink: /home/imml/git/research_2025/apple-harvest-eva/install/ur_description/share/ur_description/meshes/ur10e/collision/base.stl
[2.573s] -- Up-to-date symlink: /home/imml/git/research_2025/apple-harvest-eva/install/ur_description/share/ur_description/meshes/ur10e/collision/forearm.stl
[2.573s] -- Up-to-date symlink: /home/imml/git/research_2025/apple-harvest-eva/install/ur_description/share/ur_description/meshes/ur10e/collision/shoulder.stl
[2.573s] -- Up-to-date symlink: /home/imml/git/research_2025/apple-harvest-eva/install/ur_description/share/ur_description/meshes/ur10e/collision/upperarm.stl
[2.573s] -- Up-to-date symlink: /home/imml/git/research_2025/apple-harvest-eva/install/ur_description/share/ur_description/meshes/ur10e/collision/wrist1.stl
[2.573s] -- Up-to-date symlink: /home/imml/git/research_2025/apple-harvest-eva/install/ur_description/share/ur_description/meshes/ur10e/collision/wrist2.stl
[2.574s] -- Up-to-date symlink: /home/imml/git/research_2025/apple-harvest-eva/install/ur_description/share/ur_description/meshes/ur10e/collision/wrist3.stl
[2.574s] -- Up-to-date symlink: /home/imml/git/research_2025/apple-harvest-eva/install/ur_description/share/ur_description/meshes/ur10e/visual/base.dae
[2.575s] -- Up-to-date symlink: /home/imml/git/research_2025/apple-harvest-eva/install/ur_description/share/ur_description/meshes/ur10e/visual/forearm.dae
[2.575s] -- Up-to-date symlink: /home/imml/git/research_2025/apple-harvest-eva/install/ur_description/share/ur_description/meshes/ur10e/visual/shoulder.dae
[2.575s] -- Up-to-date symlink: /home/imml/git/research_2025/apple-harvest-eva/install/ur_description/share/ur_description/meshes/ur10e/visual/upperarm.dae
[2.575s] -- Up-to-date symlink: /home/imml/git/research_2025/apple-harvest-eva/install/ur_description/share/ur_description/meshes/ur10e/visual/wrist1.dae
[2.575s] -- Up-to-date symlink: /home/imml/git/research_2025/apple-harvest-eva/install/ur_description/share/ur_description/meshes/ur10e/visual/wrist2.dae
[2.575s] -- Up-to-date symlink: /home/imml/git/research_2025/apple-harvest-eva/install/ur_description/share/ur_description/meshes/ur10e/visual/wrist3.dae
[2.575s] -- Up-to-date symlink: /home/imml/git/research_2025/apple-harvest-eva/install/ur_description/share/ur_description/meshes/ur16e/collision/forearm.stl
[2.575s] -- Up-to-date symlink: /home/imml/git/research_2025/apple-harvest-eva/install/ur_description/share/ur_description/meshes/ur16e/collision/upperarm.stl
[2.576s] -- Up-to-date symlink: /home/imml/git/research_2025/apple-harvest-eva/install/ur_description/share/ur_description/meshes/ur16e/visual/forearm.dae
[2.576s] -- Up-to-date symlink: /home/imml/git/research_2025/apple-harvest-eva/install/ur_description/share/ur_description/meshes/ur16e/visual/upperarm.dae
[2.576s] -- Up-to-date symlink: /home/imml/git/research_2025/apple-harvest-eva/install/ur_description/share/ur_description/meshes/ur20/LICENSE.txt
[2.576s] -- Up-to-date symlink: /home/imml/git/research_2025/apple-harvest-eva/install/ur_description/share/ur_description/meshes/ur20/collision/base.stl
[2.576s] -- Up-to-date symlink: /home/imml/git/research_2025/apple-harvest-eva/install/ur_description/share/ur_description/meshes/ur20/collision/forearm.stl
[2.576s] -- Up-to-date symlink: /home/imml/git/research_2025/apple-harvest-eva/install/ur_description/share/ur_description/meshes/ur20/collision/shoulder.stl
[2.576s] -- Up-to-date symlink: /home/imml/git/research_2025/apple-harvest-eva/install/ur_description/share/ur_description/meshes/ur20/collision/upperarm.stl
[2.576s] -- Up-to-date symlink: /home/imml/git/research_2025/apple-harvest-eva/install/ur_description/share/ur_description/meshes/ur20/collision/wrist1.stl
[2.576s] -- Up-to-date symlink: /home/imml/git/research_2025/apple-harvest-eva/install/ur_description/share/ur_description/meshes/ur20/collision/wrist2.stl
[2.576s] -- Up-to-date symlink: /home/imml/git/research_2025/apple-harvest-eva/install/ur_description/share/ur_description/meshes/ur20/collision/wrist3.stl
[2.577s] -- Up-to-date symlink: /home/imml/git/research_2025/apple-harvest-eva/install/ur_description/share/ur_description/meshes/ur20/visual/UR20_DIFF_8bit_2K.png
[2.577s] -- Up-to-date symlink: /home/imml/git/research_2025/apple-harvest-eva/install/ur_description/share/ur_description/meshes/ur20/visual/base.dae
[2.577s] -- Up-to-date symlink: /home/imml/git/research_2025/apple-harvest-eva/install/ur_description/share/ur_description/meshes/ur20/visual/forearm.dae
[2.577s] -- Up-to-date symlink: /home/imml/git/research_2025/apple-harvest-eva/install/ur_description/share/ur_description/meshes/ur20/visual/shoulder.dae
[2.577s] -- Up-to-date symlink: /home/imml/git/research_2025/apple-harvest-eva/install/ur_description/share/ur_description/meshes/ur20/visual/upperarm.dae
[2.577s] -- Up-to-date symlink: /home/imml/git/research_2025/apple-harvest-eva/install/ur_description/share/ur_description/meshes/ur20/visual/wrist1.dae
[2.578s] -- Up-to-date symlink: /home/imml/git/research_2025/apple-harvest-eva/install/ur_description/share/ur_description/meshes/ur20/visual/wrist2.dae
[2.578s] -- Up-to-date symlink: /home/imml/git/research_2025/apple-harvest-eva/install/ur_description/share/ur_description/meshes/ur20/visual/wrist3.dae
[2.578s] -- Up-to-date symlink: /home/imml/git/research_2025/apple-harvest-eva/install/ur_description/share/ur_description/meshes/ur3/collision/base.stl
[2.578s] -- Up-to-date symlink: /home/imml/git/research_2025/apple-harvest-eva/install/ur_description/share/ur_description/meshes/ur3/collision/forearm.stl
[2.578s] -- Up-to-date symlink: /home/imml/git/research_2025/apple-harvest-eva/install/ur_description/share/ur_description/meshes/ur3/collision/shoulder.stl
[2.579s] -- Up-to-date symlink: /home/imml/git/research_2025/apple-harvest-eva/install/ur_description/share/ur_description/meshes/ur3/collision/upperarm.stl
[2.579s] -- Up-to-date symlink: /home/imml/git/research_2025/apple-harvest-eva/install/ur_description/share/ur_description/meshes/ur3/collision/wrist1.stl
[2.579s] -- Up-to-date symlink: /home/imml/git/research_2025/apple-harvest-eva/install/ur_description/share/ur_description/meshes/ur3/collision/wrist2.stl
[2.579s] -- Up-to-date symlink: /home/imml/git/research_2025/apple-harvest-eva/install/ur_description/share/ur_description/meshes/ur3/collision/wrist3.stl
[2.579s] -- Up-to-date symlink: /home/imml/git/research_2025/apple-harvest-eva/install/ur_description/share/ur_description/meshes/ur3/visual/base.dae
[2.579s] -- Up-to-date symlink: /home/imml/git/research_2025/apple-harvest-eva/install/ur_description/share/ur_description/meshes/ur3/visual/forearm.dae
[2.579s] -- Up-to-date symlink: /home/imml/git/research_2025/apple-harvest-eva/install/ur_description/share/ur_description/meshes/ur3/visual/shoulder.dae
[2.579s] -- Up-to-date symlink: /home/imml/git/research_2025/apple-harvest-eva/install/ur_description/share/ur_description/meshes/ur3/visual/upperarm.dae
[2.579s] -- Up-to-date symlink: /home/imml/git/research_2025/apple-harvest-eva/install/ur_description/share/ur_description/meshes/ur3/visual/wrist1.dae
[2.580s] -- Up-to-date symlink: /home/imml/git/research_2025/apple-harvest-eva/install/ur_description/share/ur_description/meshes/ur3/visual/wrist2.dae
[2.580s] -- Up-to-date symlink: /home/imml/git/research_2025/apple-harvest-eva/install/ur_description/share/ur_description/meshes/ur3/visual/wrist3.dae
[2.580s] -- Up-to-date symlink: /home/imml/git/research_2025/apple-harvest-eva/install/ur_description/share/ur_description/meshes/ur30/LICENSE.txt
[2.580s] -- Up-to-date symlink: /home/imml/git/research_2025/apple-harvest-eva/install/ur_description/share/ur_description/meshes/ur30/collision/forearm.stl
[2.580s] -- Up-to-date symlink: /home/imml/git/research_2025/apple-harvest-eva/install/ur_description/share/ur_description/meshes/ur30/collision/upperarm.stl
[2.581s] -- Up-to-date symlink: /home/imml/git/research_2025/apple-harvest-eva/install/ur_description/share/ur_description/meshes/ur30/visual/UR30_DIFF_8bit_2K.png
[2.581s] -- Up-to-date symlink: /home/imml/git/research_2025/apple-harvest-eva/install/ur_description/share/ur_description/meshes/ur30/visual/forearm.dae
[2.581s] -- Up-to-date symlink: /home/imml/git/research_2025/apple-harvest-eva/install/ur_description/share/ur_description/meshes/ur30/visual/upperarm.dae
[2.581s] -- Up-to-date symlink: /home/imml/git/research_2025/apple-harvest-eva/install/ur_description/share/ur_description/meshes/ur3e/collision/base.stl
[2.581s] -- Up-to-date symlink: /home/imml/git/research_2025/apple-harvest-eva/install/ur_description/share/ur_description/meshes/ur3e/collision/forearm.stl
[2.582s] -- Up-to-date symlink: /home/imml/git/research_2025/apple-harvest-eva/install/ur_description/share/ur_description/meshes/ur3e/collision/shoulder.stl
[2.582s] -- Up-to-date symlink: /home/imml/git/research_2025/apple-harvest-eva/install/ur_description/share/ur_description/meshes/ur3e/collision/upperarm.stl
[2.582s] -- Up-to-date symlink: /home/imml/git/research_2025/apple-harvest-eva/install/ur_description/share/ur_description/meshes/ur3e/collision/wrist1.stl
[2.582s] -- Up-to-date symlink: /home/imml/git/research_2025/apple-harvest-eva/install/ur_description/share/ur_description/meshes/ur3e/collision/wrist2.stl
[2.582s] -- Up-to-date symlink: /home/imml/git/research_2025/apple-harvest-eva/install/ur_description/share/ur_description/meshes/ur3e/collision/wrist3.stl
[2.582s] -- Up-to-date symlink: /home/imml/git/research_2025/apple-harvest-eva/install/ur_description/share/ur_description/meshes/ur3e/visual/base.dae
[2.582s] -- Up-to-date symlink: /home/imml/git/research_2025/apple-harvest-eva/install/ur_description/share/ur_description/meshes/ur3e/visual/forearm.dae
[2.582s] -- Up-to-date symlink: /home/imml/git/research_2025/apple-harvest-eva/install/ur_description/share/ur_description/meshes/ur3e/visual/shoulder.dae
[2.582s] -- Up-to-date symlink: /home/imml/git/research_2025/apple-harvest-eva/install/ur_description/share/ur_description/meshes/ur3e/visual/upperarm.dae
[2.582s] -- Up-to-date symlink: /home/imml/git/research_2025/apple-harvest-eva/install/ur_description/share/ur_description/meshes/ur3e/visual/wrist1.dae
[2.583s] -- Up-to-date symlink: /home/imml/git/research_2025/apple-harvest-eva/install/ur_description/share/ur_description/meshes/ur3e/visual/wrist2.dae
[2.583s] -- Up-to-date symlink: /home/imml/git/research_2025/apple-harvest-eva/install/ur_description/share/ur_description/meshes/ur3e/visual/wrist3.dae
[2.583s] -- Up-to-date symlink: /home/imml/git/research_2025/apple-harvest-eva/install/ur_description/share/ur_description/meshes/ur5/collision/base.stl
[2.583s] -- Up-to-date symlink: /home/imml/git/research_2025/apple-harvest-eva/install/ur_description/share/ur_description/meshes/ur5/collision/forearm.stl
[2.583s] -- Up-to-date symlink: /home/imml/git/research_2025/apple-harvest-eva/install/ur_description/share/ur_description/meshes/ur5/collision/shoulder.stl
[2.583s] -- Up-to-date symlink: /home/imml/git/research_2025/apple-harvest-eva/install/ur_description/share/ur_description/meshes/ur5/collision/upperarm.stl
[2.584s] -- Up-to-date symlink: /home/imml/git/research_2025/apple-harvest-eva/install/ur_description/share/ur_description/meshes/ur5/collision/wrist1.stl
[2.584s] -- Up-to-date symlink: /home/imml/git/research_2025/apple-harvest-eva/install/ur_description/share/ur_description/meshes/ur5/collision/wrist2.stl
[2.584s] -- Up-to-date symlink: /home/imml/git/research_2025/apple-harvest-eva/install/ur_description/share/ur_description/meshes/ur5/collision/wrist3.stl
[2.584s] -- Up-to-date symlink: /home/imml/git/research_2025/apple-harvest-eva/install/ur_description/share/ur_description/meshes/ur5/visual/base.dae
[2.584s] -- Up-to-date symlink: /home/imml/git/research_2025/apple-harvest-eva/install/ur_description/share/ur_description/meshes/ur5/visual/forearm.dae
[2.584s] -- Up-to-date symlink: /home/imml/git/research_2025/apple-harvest-eva/install/ur_description/share/ur_description/meshes/ur5/visual/shoulder.dae
[2.584s] -- Up-to-date symlink: /home/imml/git/research_2025/apple-harvest-eva/install/ur_description/share/ur_description/meshes/ur5/visual/upperarm.dae
[2.584s] -- Up-to-date symlink: /home/imml/git/research_2025/apple-harvest-eva/install/ur_description/share/ur_description/meshes/ur5/visual/wrist1.dae
[2.584s] -- Up-to-date symlink: /home/imml/git/research_2025/apple-harvest-eva/install/ur_description/share/ur_description/meshes/ur5/visual/wrist2.dae
[2.585s] -- Up-to-date symlink: /home/imml/git/research_2025/apple-harvest-eva/install/ur_description/share/ur_description/meshes/ur5/visual/wrist3.dae
[2.585s] -- Up-to-date symlink: /home/imml/git/research_2025/apple-harvest-eva/install/ur_description/share/ur_description/meshes/ur5e/collision/base.stl
[2.585s] -- Up-to-date symlink: /home/imml/git/research_2025/apple-harvest-eva/install/ur_description/share/ur_description/meshes/ur5e/collision/forearm.stl
[2.585s] -- Up-to-date symlink: /home/imml/git/research_2025/apple-harvest-eva/install/ur_description/share/ur_description/meshes/ur5e/collision/shoulder.stl
[2.585s] -- Up-to-date symlink: /home/imml/git/research_2025/apple-harvest-eva/install/ur_description/share/ur_description/meshes/ur5e/collision/upperarm.stl
[2.585s] -- Up-to-date symlink: /home/imml/git/research_2025/apple-harvest-eva/install/ur_description/share/ur_description/meshes/ur5e/collision/wrist1.stl
[2.585s] -- Up-to-date symlink: /home/imml/git/research_2025/apple-harvest-eva/install/ur_description/share/ur_description/meshes/ur5e/collision/wrist2.stl
[2.586s] -- Up-to-date symlink: /home/imml/git/research_2025/apple-harvest-eva/install/ur_description/share/ur_description/meshes/ur5e/collision/wrist3.stl
[2.586s] -- Up-to-date symlink: /home/imml/git/research_2025/apple-harvest-eva/install/ur_description/share/ur_description/meshes/ur5e/visual/base.dae
[2.586s] -- Up-to-date symlink: /home/imml/git/research_2025/apple-harvest-eva/install/ur_description/share/ur_description/meshes/ur5e/visual/forearm.dae
[2.586s] -- Up-to-date symlink: /home/imml/git/research_2025/apple-harvest-eva/install/ur_description/share/ur_description/meshes/ur5e/visual/shoulder.dae
[2.586s] -- Up-to-date symlink: /home/imml/git/research_2025/apple-harvest-eva/install/ur_description/share/ur_description/meshes/ur5e/visual/upperarm.dae
[2.586s] -- Up-to-date symlink: /home/imml/git/research_2025/apple-harvest-eva/install/ur_description/share/ur_description/meshes/ur5e/visual/wrist1.dae
[2.587s] -- Up-to-date symlink: /home/imml/git/research_2025/apple-harvest-eva/install/ur_description/share/ur_description/meshes/ur5e/visual/wrist2.dae
[2.588s] -- Up-to-date symlink: /home/imml/git/research_2025/apple-harvest-eva/install/ur_description/share/ur_description/meshes/ur5e/visual/wrist3.dae
[2.588s] -- Up-to-date symlink: /home/imml/git/research_2025/apple-harvest-eva/install/ur_description/share/ur_description/rviz/view_robot.rviz
[2.588s] -- Up-to-date symlink: /home/imml/git/research_2025/apple-harvest-eva/install/ur_description/share/ur_description/urdf/inc/ur_common.xacro
[2.588s] -- Up-to-date symlink: /home/imml/git/research_2025/apple-harvest-eva/install/ur_description/share/ur_description/urdf/inc/ur_transmissions.xacro
[2.588s] -- Up-to-date symlink: /home/imml/git/research_2025/apple-harvest-eva/install/ur_description/share/ur_description/urdf/ur.ros2_control.xacro
[2.588s] -- Up-to-date symlink: /home/imml/git/research_2025/apple-harvest-eva/install/ur_description/share/ur_description/urdf/ur.urdf.xacro
[2.588s] -- Up-to-date symlink: /home/imml/git/research_2025/apple-harvest-eva/install/ur_description/share/ur_description/urdf/ur_macro.xacro
[2.589s] -- Up-to-date symlink: /home/imml/git/research_2025/apple-harvest-eva/install/ur_description/share/ur_description/test/test_ur_urdf_xacro.py
[2.589s] -- Up-to-date symlink: /home/imml/git/research_2025/apple-harvest-eva/install/ur_description/share/ur_description/test/test_view_ur_launch.py
[2.589s] -- Up-to-date symlink: /home/imml/git/research_2025/apple-harvest-eva/install/ur_description/share/ament_index/resource_index/package_run_dependencies/ur_description
[2.589s] -- Up-to-date symlink: /home/imml/git/research_2025/apple-harvest-eva/install/ur_description/share/ament_index/resource_index/parent_prefix_path/ur_description
[2.589s] -- Up-to-date symlink: /home/imml/git/research_2025/apple-harvest-eva/install/ur_description/share/ur_description/environment/ament_prefix_path.sh
[2.589s] -- Up-to-date symlink: /home/imml/git/research_2025/apple-harvest-eva/install/ur_description/share/ur_description/environment/ament_prefix_path.dsv
[2.589s] -- Up-to-date symlink: /home/imml/git/research_2025/apple-harvest-eva/install/ur_description/share/ur_description/environment/path.sh
[2.589s] -- Up-to-date symlink: /home/imml/git/research_2025/apple-harvest-eva/install/ur_description/share/ur_description/environment/path.dsv
[2.589s] -- Up-to-date symlink: /home/imml/git/research_2025/apple-harvest-eva/install/ur_description/share/ur_description/local_setup.bash
[2.589s] -- Up-to-date symlink: /home/imml/git/research_2025/apple-harvest-eva/install/ur_description/share/ur_description/local_setup.sh
[2.590s] -- Up-to-date symlink: /home/imml/git/research_2025/apple-harvest-eva/install/ur_description/share/ur_description/local_setup.zsh
[2.590s] -- Up-to-date symlink: /home/imml/git/research_2025/apple-harvest-eva/install/ur_description/share/ur_description/local_setup.dsv
[2.590s] -- Symlinking: /home/imml/git/research_2025/apple-harvest-eva/install/ur_description/share/ur_description/package.dsv
[2.600s] -- Up-to-date symlink: /home/imml/git/research_2025/apple-harvest-eva/install/ur_description/share/ament_index/resource_index/packages/ur_description
[2.600s] -- Up-to-date symlink: /home/imml/git/research_2025/apple-harvest-eva/install/ur_description/share/ur_description/cmake/ur_descriptionConfig.cmake
[2.600s] -- Up-to-date symlink: /home/imml/git/research_2025/apple-harvest-eva/install/ur_description/share/ur_description/cmake/ur_descriptionConfig-version.cmake
[2.601s] -- Up-to-date symlink: /home/imml/git/research_2025/apple-harvest-eva/install/ur_description/share/ur_description/package.xml
[2.604s] Invoked command in '/home/imml/git/research_2025/apple-harvest-eva/build/ur_description' returned '0': CMAKE_PREFIX_PATH=${CMAKE_PREFIX_PATH}:/home/imml/git/research_2025/apple-harvest-eva/install/ur5e_custom_hardware:/home/imml/git/research_2025/apple-harvest-eva/install/harvest_vision:/opt/ros/humble /usr/bin/cmake --install /home/imml/git/research_2025/apple-harvest-eva/build/ur_description
