[0.013s] Invoking command in '/home/imml/git/research_2025/apple-harvest-eva/build/ur_robot_driver': CMAKE_PREFIX_PATH=/home/imml/git/research_2025/apple-harvest-eva/install/ur_controllers:/home/imml/git/research_2025/apple-harvest-eva/install/ur_description:/home/imml/git/research_2025/apple-harvest-eva/install/ur_dashboard_msgs:/home/imml/git/research_2025/apple-harvest-eva/install/ur:/home/imml/git/research_2025/apple-harvest-eva/install/ur_calibration:/home/imml/git/research_2025/apple-harvest-eva/install/ur_robot_driver:/home/imml/git/research_2025/apple-harvest-eva/install/ur_moveit_config:/home/imml/git/research_2025/apple-harvest-eva/install/ur_bringup:/home/imml/git/research_2025/apple-harvest-eva/install/realsense2_description:/home/imml/git/research_2025/apple-harvest-eva/install/realsense2_camera:/home/imml/git/research_2025/apple-harvest-eva/install/realsense2_camera_msgs:/home/imml/git/research_2025/apple-harvest-eva/install/harvest_control:/home/imml/git/research_2025/apple-harvest-eva/install/harvest:/home/imml/git/research_2025/apple-harvest-eva/install/harvest_interfaces:/home/imml/git/research_2025/apple-harvest-eva/install/ur5e_custom_hardware:/home/imml/git/research_2025/apple-harvest-eva/install/harvest_vision:/opt/ros/humble LD_LIBRARY_PATH=/home/imml/git/research_2025/apple-harvest-eva/install/ur_controllers/lib:/home/imml/git/research_2025/apple-harvest-eva/install/ur_dashboard_msgs/lib:/home/imml/git/research_2025/apple-harvest-eva/install/ur_robot_driver/lib:/home/imml/git/research_2025/apple-harvest-eva/install/realsense2_camera/lib:/home/imml/git/research_2025/apple-harvest-eva/install/realsense2_camera_msgs/lib:/home/imml/git/research_2025/apple-harvest-eva/install/harvest_interfaces/lib:/usr/local/cuda-12.9/lib64:/opt/ros/humble/opt/rviz_ogre_vendor/lib:/opt/ros/humble/lib/x86_64-linux-gnu:/opt/ros/humble/lib /usr/bin/cmake --build /home/imml/git/research_2025/apple-harvest-eva/build/ur_robot_driver -- -j16 -l16
[0.043s] [0mur_robot_driver: You did not request a specific build type: selecting 'RelWithDebInfo'.[0m
[0.044s] -- Found ament_cmake: 1.3.12 (/opt/ros/humble/share/ament_cmake/cmake)
[0.158s] -- Override CMake install command with custom implementation using symlinks instead of copying resources
[0.165s] -- Found controller_manager: 2.51.0 (/opt/ros/humble/share/controller_manager/cmake)
[0.189s] -- Found rosidl_generator_c: 3.1.7 (/opt/ros/humble/share/rosidl_generator_c/cmake)
[0.190s] -- Found rosidl_adapter: 3.1.7 (/opt/ros/humble/share/rosidl_adapter/cmake)
[0.195s] -- Found rosidl_generator_cpp: 3.1.7 (/opt/ros/humble/share/rosidl_generator_cpp/cmake)
[0.202s] -- Using all available rosidl_typesupport_c: rosidl_typesupport_fastrtps_c;rosidl_typesupport_introspection_c
[0.211s] -- Using all available rosidl_typesupport_cpp: rosidl_typesupport_fastrtps_cpp;rosidl_typesupport_introspection_cpp
[0.338s] -- Found rmw_implementation_cmake: 6.1.2 (/opt/ros/humble/share/rmw_implementation_cmake/cmake)
[0.339s] -- Found rmw_fastrtps_cpp: 6.2.8 (/opt/ros/humble/share/rmw_fastrtps_cpp/cmake)
[0.353s] -- Found TinyXML2 via Config file: TinyXML2_DIR-NOTFOUND
[0.361s] -- Found TinyXML2 via Config file: TinyXML2_DIR-NOTFOUND
[0.376s] -- Found TinyXML2 via Config file: TinyXML2_DIR-NOTFOUND
[0.383s] -- Found TinyXML2 via Config file: TinyXML2_DIR-NOTFOUND
[0.393s] -- Using RMW implementation 'rmw_fastrtps_cpp' as default
[0.453s] -- Found rclpy: 3.3.17 (/opt/ros/humble/share/rclpy/cmake)
[0.453s] -- Found std_srvs: 4.9.0 (/opt/ros/humble/share/std_srvs/cmake)
[0.459s] -- Found tf2_geometry_msgs: 0.25.15 (/opt/ros/humble/share/tf2_geometry_msgs/cmake)
[0.462s] -- Found eigen3_cmake_module: 0.1.1 (/opt/ros/humble/share/eigen3_cmake_module/cmake)
[0.463s] -- Ensuring Eigen3 include directory is part of orocos-kdl CMake target
[0.501s] -- Found ur_dashboard_msgs: 2.2.15 (/home/imml/git/research_2025/apple-harvest-eva/install/ur_dashboard_msgs/share/ur_dashboard_msgs/cmake)
[0.744s] -- Found ur_controllers: 2.2.15 (/home/imml/git/research_2025/apple-harvest-eva/install/ur_controllers/share/ur_controllers/cmake)
[0.807s] -- Found ur_description: 2.1.7 (/home/imml/git/research_2025/apple-harvest-eva/install/ur_description/share/ur_description/cmake)
[0.808s] -- Found launch_testing_ament_cmake: 1.0.10 (/opt/ros/humble/share/launch_testing_ament_cmake/cmake)
[0.808s] -- Found python_cmake_module: 0.10.0 (/opt/ros/humble/share/python_cmake_module/cmake)
[0.829s] -- Using PYTHON_EXECUTABLE: /usr/bin/python3
[0.829s] -- Using PYTHON_INCLUDE_DIRS: /usr/include/python3.10
[0.829s] -- Using PYTHON_LIBRARIES: /usr/lib/x86_64-linux-gnu/libpython3.10.so
[0.830s] -- Configuring done
[0.942s] -- Generating done
[0.957s] -- Build files have been written to: /home/imml/git/research_2025/apple-harvest-eva/build/ur_robot_driver
[0.987s] [35m[1mConsolidate compiler generated dependencies of target ur_ros2_control_node[0m
[0.988s] [35m[1mConsolidate compiler generated dependencies of target urscript_interface[0m
[0.988s] [35m[1mConsolidate compiler generated dependencies of target controller_stopper_node[0m
[0.988s] [35m[1mConsolidate compiler generated dependencies of target dashboard_client[0m
[0.989s] [35m[1mConsolidate compiler generated dependencies of target ur_robot_driver_plugin[0m
[1.005s] [  6%] Built target ament_cmake_python_symlink_ur_robot_driver
[1.005s] [  6%] [32mBuilding CXX object CMakeFiles/urscript_interface.dir/src/urscript_interface.cpp.o[0m
[1.007s] [ 13%] [32mBuilding CXX object CMakeFiles/controller_stopper_node.dir/src/controller_stopper.cpp.o[0m
[1.007s] [ 20%] [32mBuilding CXX object CMakeFiles/controller_stopper_node.dir/src/controller_stopper_node.cpp.o[0m
[1.007s] [ 26%] [32mBuilding CXX object CMakeFiles/dashboard_client.dir/src/dashboard_client_node.cpp.o[0m
[1.008s] [ 33%] [32mBuilding CXX object CMakeFiles/dashboard_client.dir/src/dashboard_client_ros.cpp.o[0m
[1.009s] [ 40%] [32mBuilding CXX object CMakeFiles/ur_ros2_control_node.dir/src/ur_ros2_control_node.cpp.o[0m
[1.009s] [ 46%] [32mBuilding CXX object CMakeFiles/dashboard_client.dir/src/urcl_log_handler.cpp.o[0m
[1.013s] [ 53%] [32mBuilding CXX object CMakeFiles/ur_robot_driver_plugin.dir/src/dashboard_client_ros.cpp.o[0m
[1.015s] [ 66%] [32mBuilding CXX object CMakeFiles/ur_robot_driver_plugin.dir/src/urcl_log_handler.cpp.o[0m
[1.015s] [ 66%] [32mBuilding CXX object CMakeFiles/ur_robot_driver_plugin.dir/src/hardware_interface.cpp.o[0m
[1.263s] running egg_info
[1.264s] writing ur_robot_driver.egg-info/PKG-INFO
[1.265s] writing dependency_links to ur_robot_driver.egg-info/dependency_links.txt
[1.265s] writing top-level names to ur_robot_driver.egg-info/top_level.txt
[1.268s] reading manifest file 'ur_robot_driver.egg-info/SOURCES.txt'
[1.268s] writing manifest file 'ur_robot_driver.egg-info/SOURCES.txt'
[1.304s] [ 66%] Built target ament_cmake_python_build_ur_robot_driver_egg
[1.439s] In file included from [01m[K/home/imml/git/research_2025/apple-harvest-eva/harvest_hardware/Universal_Robots_ROS2_Driver/ur_robot_driver/src/ur_ros2_control_node.cpp:44[m[K:
[1.439s] [01m[K/opt/ros/humble/include/realtime_tools/realtime_tools/thread_priority.hpp:39:2:[m[K [01;35m[Kwarning: [m[K#warning "This header include is deprecated. Please update your code to use 'realtime_helpers.hpp' header and link against 'realtime_tools' library." [[01;35m[K]8;;https://gcc.gnu.org/onlinedocs/gcc/Warning-Options.html#index-Wcpp-Wcpp]8;;[m[K]
[1.439s]    39 | #[01;35m[Kwarning[m[K \
[1.440s]       |  [01;35m[K^~~~~~~[m[K
[6.525s] [ 73%] [32m[1mLinking CXX executable ur_ros2_control_node[0m
[6.724s] [ 73%] Built target ur_ros2_control_node
[14.023s] [ 80%] [32m[1mLinking CXX executable urscript_interface[0m
[14.302s] [ 80%] Built target urscript_interface
[17.083s] [ 86%] [32m[1mLinking CXX executable controller_stopper_node[0m
[17.369s] [ 86%] Built target controller_stopper_node
[18.900s] [ 93%] [32m[1mLinking CXX executable dashboard_client[0m
[19.105s] [100%] [32m[1mLinking CXX shared library libur_robot_driver_plugin.so[0m
[19.205s] [100%] Built target dashboard_client
[19.422s] [100%] Built target ur_robot_driver_plugin
[19.432s] Invoked command in '/home/imml/git/research_2025/apple-harvest-eva/build/ur_robot_driver' returned '0': CMAKE_PREFIX_PATH=/home/imml/git/research_2025/apple-harvest-eva/install/ur_controllers:/home/imml/git/research_2025/apple-harvest-eva/install/ur_description:/home/imml/git/research_2025/apple-harvest-eva/install/ur_dashboard_msgs:/home/imml/git/research_2025/apple-harvest-eva/install/ur:/home/imml/git/research_2025/apple-harvest-eva/install/ur_calibration:/home/imml/git/research_2025/apple-harvest-eva/install/ur_robot_driver:/home/imml/git/research_2025/apple-harvest-eva/install/ur_moveit_config:/home/imml/git/research_2025/apple-harvest-eva/install/ur_bringup:/home/imml/git/research_2025/apple-harvest-eva/install/realsense2_description:/home/imml/git/research_2025/apple-harvest-eva/install/realsense2_camera:/home/imml/git/research_2025/apple-harvest-eva/install/realsense2_camera_msgs:/home/imml/git/research_2025/apple-harvest-eva/install/harvest_control:/home/imml/git/research_2025/apple-harvest-eva/install/harvest:/home/imml/git/research_2025/apple-harvest-eva/install/harvest_interfaces:/home/imml/git/research_2025/apple-harvest-eva/install/ur5e_custom_hardware:/home/imml/git/research_2025/apple-harvest-eva/install/harvest_vision:/opt/ros/humble LD_LIBRARY_PATH=/home/imml/git/research_2025/apple-harvest-eva/install/ur_controllers/lib:/home/imml/git/research_2025/apple-harvest-eva/install/ur_dashboard_msgs/lib:/home/imml/git/research_2025/apple-harvest-eva/install/ur_robot_driver/lib:/home/imml/git/research_2025/apple-harvest-eva/install/realsense2_camera/lib:/home/imml/git/research_2025/apple-harvest-eva/install/realsense2_camera_msgs/lib:/home/imml/git/research_2025/apple-harvest-eva/install/harvest_interfaces/lib:/usr/local/cuda-12.9/lib64:/opt/ros/humble/opt/rviz_ogre_vendor/lib:/opt/ros/humble/lib/x86_64-linux-gnu:/opt/ros/humble/lib /usr/bin/cmake --build /home/imml/git/research_2025/apple-harvest-eva/build/ur_robot_driver -- -j16 -l16
[19.434s] Invoking command in '/home/imml/git/research_2025/apple-harvest-eva/build/ur_robot_driver': CMAKE_PREFIX_PATH=/home/imml/git/research_2025/apple-harvest-eva/install/ur_controllers:/home/imml/git/research_2025/apple-harvest-eva/install/ur_description:/home/imml/git/research_2025/apple-harvest-eva/install/ur_dashboard_msgs:/home/imml/git/research_2025/apple-harvest-eva/install/ur:/home/imml/git/research_2025/apple-harvest-eva/install/ur_calibration:/home/imml/git/research_2025/apple-harvest-eva/install/ur_robot_driver:/home/imml/git/research_2025/apple-harvest-eva/install/ur_moveit_config:/home/imml/git/research_2025/apple-harvest-eva/install/ur_bringup:/home/imml/git/research_2025/apple-harvest-eva/install/realsense2_description:/home/imml/git/research_2025/apple-harvest-eva/install/realsense2_camera:/home/imml/git/research_2025/apple-harvest-eva/install/realsense2_camera_msgs:/home/imml/git/research_2025/apple-harvest-eva/install/harvest_control:/home/imml/git/research_2025/apple-harvest-eva/install/harvest:/home/imml/git/research_2025/apple-harvest-eva/install/harvest_interfaces:/home/imml/git/research_2025/apple-harvest-eva/install/ur5e_custom_hardware:/home/imml/git/research_2025/apple-harvest-eva/install/harvest_vision:/opt/ros/humble LD_LIBRARY_PATH=/home/imml/git/research_2025/apple-harvest-eva/install/ur_controllers/lib:/home/imml/git/research_2025/apple-harvest-eva/install/ur_dashboard_msgs/lib:/home/imml/git/research_2025/apple-harvest-eva/install/ur_robot_driver/lib:/home/imml/git/research_2025/apple-harvest-eva/install/realsense2_camera/lib:/home/imml/git/research_2025/apple-harvest-eva/install/realsense2_camera_msgs/lib:/home/imml/git/research_2025/apple-harvest-eva/install/harvest_interfaces/lib:/usr/local/cuda-12.9/lib64:/opt/ros/humble/opt/rviz_ogre_vendor/lib:/opt/ros/humble/lib/x86_64-linux-gnu:/opt/ros/humble/lib /usr/bin/cmake --install /home/imml/git/research_2025/apple-harvest-eva/build/ur_robot_driver
[19.440s] -- Install configuration: "RelWithDebInfo"
[19.440s] -- Execute custom install script
[19.441s] -- Up-to-date symlink: /home/imml/git/research_2025/apple-harvest-eva/install/ur_robot_driver/share/ur_robot_driver//hardware_interface_plugin.xml
[19.441s] -- Up-to-date symlink: /home/imml/git/research_2025/apple-harvest-eva/install/ur_robot_driver/lib/ur_robot_driver/dashboard_client
[19.441s] -- Up-to-date symlink: /home/imml/git/research_2025/apple-harvest-eva/install/ur_robot_driver/lib/ur_robot_driver/ur_ros2_control_node
[19.441s] -- Up-to-date symlink: /home/imml/git/research_2025/apple-harvest-eva/install/ur_robot_driver/lib/ur_robot_driver/controller_stopper_node
[19.441s] -- Up-to-date symlink: /home/imml/git/research_2025/apple-harvest-eva/install/ur_robot_driver/lib/ur_robot_driver/urscript_interface
[19.441s] -- Up-to-date symlink: /home/imml/git/research_2025/apple-harvest-eva/install/ur_robot_driver/lib/libur_robot_driver_plugin.so
[19.442s] -- Up-to-date symlink: /home/imml/git/research_2025/apple-harvest-eva/install/ur_robot_driver/include/ur_robot_driver/controller_stopper.hpp
[19.442s] -- Up-to-date symlink: /home/imml/git/research_2025/apple-harvest-eva/install/ur_robot_driver/include/ur_robot_driver/dashboard_client_ros.hpp
[19.442s] -- Up-to-date symlink: /home/imml/git/research_2025/apple-harvest-eva/install/ur_robot_driver/include/ur_robot_driver/hardware_interface.hpp
[19.442s] -- Up-to-date symlink: /home/imml/git/research_2025/apple-harvest-eva/install/ur_robot_driver/include/ur_robot_driver/urcl_log_handler.hpp
[19.443s] -- Up-to-date symlink: /home/imml/git/research_2025/apple-harvest-eva/install/ur_robot_driver/share/ur_robot_driver/environment/library_path.sh
[19.443s] -- Up-to-date symlink: /home/imml/git/research_2025/apple-harvest-eva/install/ur_robot_driver/share/ur_robot_driver/environment/library_path.dsv
[19.443s] -- Up-to-date symlink: /home/imml/git/research_2025/apple-harvest-eva/install/ur_robot_driver/include/ur_robot_driver/controller_stopper.hpp
[19.443s] -- Up-to-date symlink: /home/imml/git/research_2025/apple-harvest-eva/install/ur_robot_driver/include/ur_robot_driver/dashboard_client_ros.hpp
[19.443s] -- Up-to-date symlink: /home/imml/git/research_2025/apple-harvest-eva/install/ur_robot_driver/include/ur_robot_driver/hardware_interface.hpp
[19.443s] -- Up-to-date symlink: /home/imml/git/research_2025/apple-harvest-eva/install/ur_robot_driver/include/ur_robot_driver/urcl_log_handler.hpp
[19.443s] -- Up-to-date symlink: /home/imml/git/research_2025/apple-harvest-eva/install/ur_robot_driver/share/ur_robot_driver/environment/pythonpath.sh
[19.444s] -- Up-to-date symlink: /home/imml/git/research_2025/apple-harvest-eva/install/ur_robot_driver/share/ur_robot_driver/environment/pythonpath.dsv
[19.444s] -- Up-to-date symlink: /home/imml/git/research_2025/apple-harvest-eva/install/ur_robot_driver/local/lib/python3.10/dist-packages/ur_robot_driver-2.2.15-py3.10.egg-info/PKG-INFO
[19.444s] -- Up-to-date symlink: /home/imml/git/research_2025/apple-harvest-eva/install/ur_robot_driver/local/lib/python3.10/dist-packages/ur_robot_driver-2.2.15-py3.10.egg-info/SOURCES.txt
[19.444s] -- Up-to-date symlink: /home/imml/git/research_2025/apple-harvest-eva/install/ur_robot_driver/local/lib/python3.10/dist-packages/ur_robot_driver-2.2.15-py3.10.egg-info/dependency_links.txt
[19.444s] -- Up-to-date symlink: /home/imml/git/research_2025/apple-harvest-eva/install/ur_robot_driver/local/lib/python3.10/dist-packages/ur_robot_driver-2.2.15-py3.10.egg-info/top_level.txt
[19.445s] -- Up-to-date symlink: /home/imml/git/research_2025/apple-harvest-eva/install/ur_robot_driver/local/lib/python3.10/dist-packages/ur_robot_driver/__init__.py
[19.445s] -- Up-to-date symlink: /home/imml/git/research_2025/apple-harvest-eva/install/ur_robot_driver/lib/ur_robot_driver/tool_communication.py
[19.445s] -- Up-to-date symlink: /home/imml/git/research_2025/apple-harvest-eva/install/ur_robot_driver/bin/wait_dashboard_server.sh
[19.445s] -- Up-to-date symlink: /home/imml/git/research_2025/apple-harvest-eva/install/ur_robot_driver/lib/ur_robot_driver/start_ursim.sh
[19.446s] -- Up-to-date symlink: /home/imml/git/research_2025/apple-harvest-eva/install/ur_robot_driver/share/ur_robot_driver/config/test_goal_publishers_config.yaml
[19.446s] -- Up-to-date symlink: /home/imml/git/research_2025/apple-harvest-eva/install/ur_robot_driver/share/ur_robot_driver/config/test_velocity_goal_publishers_config.yaml
[19.446s] -- Up-to-date symlink: /home/imml/git/research_2025/apple-harvest-eva/install/ur_robot_driver/share/ur_robot_driver/config/ur10_update_rate.yaml
[19.446s] -- Up-to-date symlink: /home/imml/git/research_2025/apple-harvest-eva/install/ur_robot_driver/share/ur_robot_driver/config/ur10e_update_rate.yaml
[19.446s] -- Up-to-date symlink: /home/imml/git/research_2025/apple-harvest-eva/install/ur_robot_driver/share/ur_robot_driver/config/ur16e_update_rate.yaml
[19.446s] -- Up-to-date symlink: /home/imml/git/research_2025/apple-harvest-eva/install/ur_robot_driver/share/ur_robot_driver/config/ur20_update_rate.yaml
[19.447s] -- Up-to-date symlink: /home/imml/git/research_2025/apple-harvest-eva/install/ur_robot_driver/share/ur_robot_driver/config/ur30_update_rate.yaml
[19.447s] -- Up-to-date symlink: /home/imml/git/research_2025/apple-harvest-eva/install/ur_robot_driver/share/ur_robot_driver/config/ur3_update_rate.yaml
[19.447s] -- Up-to-date symlink: /home/imml/git/research_2025/apple-harvest-eva/install/ur_robot_driver/share/ur_robot_driver/config/ur3e_update_rate.yaml
[19.447s] -- Up-to-date symlink: /home/imml/git/research_2025/apple-harvest-eva/install/ur_robot_driver/share/ur_robot_driver/config/ur5_update_rate.yaml
[19.447s] -- Up-to-date symlink: /home/imml/git/research_2025/apple-harvest-eva/install/ur_robot_driver/share/ur_robot_driver/config/ur5e_update_rate.yaml
[19.447s] -- Up-to-date symlink: /home/imml/git/research_2025/apple-harvest-eva/install/ur_robot_driver/share/ur_robot_driver/config/ur_controllers.yaml
[19.448s] -- Up-to-date symlink: /home/imml/git/research_2025/apple-harvest-eva/install/ur_robot_driver/share/ur_robot_driver/launch/test_forward_velocity_controller.launch.py
[19.448s] -- Up-to-date symlink: /home/imml/git/research_2025/apple-harvest-eva/install/ur_robot_driver/share/ur_robot_driver/launch/test_joint_trajectory_controller.launch.py
[19.448s] -- Up-to-date symlink: /home/imml/git/research_2025/apple-harvest-eva/install/ur_robot_driver/share/ur_robot_driver/launch/test_scaled_joint_trajectory_controller.launch.py
[19.448s] -- Up-to-date symlink: /home/imml/git/research_2025/apple-harvest-eva/install/ur_robot_driver/share/ur_robot_driver/launch/ur10.launch.py
[19.448s] -- Up-to-date symlink: /home/imml/git/research_2025/apple-harvest-eva/install/ur_robot_driver/share/ur_robot_driver/launch/ur10e.launch.py
[19.449s] -- Up-to-date symlink: /home/imml/git/research_2025/apple-harvest-eva/install/ur_robot_driver/share/ur_robot_driver/launch/ur16e.launch.py
[19.449s] -- Up-to-date symlink: /home/imml/git/research_2025/apple-harvest-eva/install/ur_robot_driver/share/ur_robot_driver/launch/ur20.launch.py
[19.449s] -- Up-to-date symlink: /home/imml/git/research_2025/apple-harvest-eva/install/ur_robot_driver/share/ur_robot_driver/launch/ur3.launch.py
[19.449s] -- Up-to-date symlink: /home/imml/git/research_2025/apple-harvest-eva/install/ur_robot_driver/share/ur_robot_driver/launch/ur30.launch.py
[19.449s] -- Up-to-date symlink: /home/imml/git/research_2025/apple-harvest-eva/install/ur_robot_driver/share/ur_robot_driver/launch/ur3e.launch.py
[19.449s] -- Up-to-date symlink: /home/imml/git/research_2025/apple-harvest-eva/install/ur_robot_driver/share/ur_robot_driver/launch/ur5.launch.py
[19.449s] -- Up-to-date symlink: /home/imml/git/research_2025/apple-harvest-eva/install/ur_robot_driver/share/ur_robot_driver/launch/ur5e.launch.py
[19.449s] -- Up-to-date symlink: /home/imml/git/research_2025/apple-harvest-eva/install/ur_robot_driver/share/ur_robot_driver/launch/ur_control.launch.py
[19.450s] -- Up-to-date symlink: /home/imml/git/research_2025/apple-harvest-eva/install/ur_robot_driver/share/ur_robot_driver/launch/ur_control_custom_hw.launch.py
[19.450s] -- Up-to-date symlink: /home/imml/git/research_2025/apple-harvest-eva/install/ur_robot_driver/share/ur_robot_driver/launch/ur_dashboard_client.launch.py
[19.450s] -- Up-to-date symlink: /home/imml/git/research_2025/apple-harvest-eva/install/ur_robot_driver/share/ament_index/resource_index/package_run_dependencies/ur_robot_driver
[19.450s] -- Up-to-date symlink: /home/imml/git/research_2025/apple-harvest-eva/install/ur_robot_driver/share/ament_index/resource_index/parent_prefix_path/ur_robot_driver
[19.450s] -- Up-to-date symlink: /home/imml/git/research_2025/apple-harvest-eva/install/ur_robot_driver/share/ur_robot_driver/environment/ament_prefix_path.sh
[19.450s] -- Up-to-date symlink: /home/imml/git/research_2025/apple-harvest-eva/install/ur_robot_driver/share/ur_robot_driver/environment/ament_prefix_path.dsv
[19.450s] -- Up-to-date symlink: /home/imml/git/research_2025/apple-harvest-eva/install/ur_robot_driver/share/ur_robot_driver/environment/path.sh
[19.451s] -- Up-to-date symlink: /home/imml/git/research_2025/apple-harvest-eva/install/ur_robot_driver/share/ur_robot_driver/environment/path.dsv
[19.451s] -- Up-to-date symlink: /home/imml/git/research_2025/apple-harvest-eva/install/ur_robot_driver/share/ur_robot_driver/local_setup.bash
[19.451s] -- Up-to-date symlink: /home/imml/git/research_2025/apple-harvest-eva/install/ur_robot_driver/share/ur_robot_driver/local_setup.sh
[19.451s] -- Up-to-date symlink: /home/imml/git/research_2025/apple-harvest-eva/install/ur_robot_driver/share/ur_robot_driver/local_setup.zsh
[19.451s] -- Up-to-date symlink: /home/imml/git/research_2025/apple-harvest-eva/install/ur_robot_driver/share/ur_robot_driver/local_setup.dsv
[19.451s] -- Symlinking: /home/imml/git/research_2025/apple-harvest-eva/install/ur_robot_driver/share/ur_robot_driver/package.dsv
[19.460s] -- Up-to-date symlink: /home/imml/git/research_2025/apple-harvest-eva/install/ur_robot_driver/share/ament_index/resource_index/packages/ur_robot_driver
[19.460s] -- Up-to-date symlink: /home/imml/git/research_2025/apple-harvest-eva/install/ur_robot_driver/share/ament_index/resource_index/hardware_interface__pluginlib__plugin/ur_robot_driver
[19.460s] -- Up-to-date symlink: /home/imml/git/research_2025/apple-harvest-eva/install/ur_robot_driver/share/ur_robot_driver/cmake/ament_cmake_export_include_directories-extras.cmake
[19.461s] -- Up-to-date symlink: /home/imml/git/research_2025/apple-harvest-eva/install/ur_robot_driver/share/ur_robot_driver/cmake/ament_cmake_export_libraries-extras.cmake
[19.461s] -- Up-to-date symlink: /home/imml/git/research_2025/apple-harvest-eva/install/ur_robot_driver/share/ur_robot_driver/cmake/ament_cmake_export_dependencies-extras.cmake
[19.461s] -- Up-to-date symlink: /home/imml/git/research_2025/apple-harvest-eva/install/ur_robot_driver/share/ur_robot_driver/cmake/ur_robot_driverConfig.cmake
[19.461s] -- Up-to-date symlink: /home/imml/git/research_2025/apple-harvest-eva/install/ur_robot_driver/share/ur_robot_driver/cmake/ur_robot_driverConfig-version.cmake
[19.461s] -- Up-to-date symlink: /home/imml/git/research_2025/apple-harvest-eva/install/ur_robot_driver/share/ur_robot_driver/package.xml
[19.461s] -- Up-to-date: /home/imml/git/research_2025/apple-harvest-eva/install/ur_robot_driver/share/ur_robot_driver/resources
[19.461s] -- Up-to-date: /home/imml/git/research_2025/apple-harvest-eva/install/ur_robot_driver/share/ur_robot_driver/resources/externalcontrol-1.0.5.urcap
[19.462s] -- Up-to-date: /home/imml/git/research_2025/apple-harvest-eva/install/ur_robot_driver/share/ur_robot_driver/resources/rtde_input_recipe.txt
[19.462s] -- Up-to-date: /home/imml/git/research_2025/apple-harvest-eva/install/ur_robot_driver/share/ur_robot_driver/resources/rtde_output_recipe.txt
[19.462s] -- Up-to-date: /home/imml/git/research_2025/apple-harvest-eva/install/ur_robot_driver/share/ur_robot_driver/resources/ros_control.urscript
[19.462s] -- Up-to-date: /home/imml/git/research_2025/apple-harvest-eva/install/ur_robot_driver/share/ur_robot_driver/resources/rs485-1.0.urcap
[19.489s] Listing '/home/imml/git/research_2025/apple-harvest-eva/install/ur_robot_driver/local/lib/python3.10/dist-packages/ur_robot_driver'...
[19.495s] Invoked command in '/home/imml/git/research_2025/apple-harvest-eva/build/ur_robot_driver' returned '0': CMAKE_PREFIX_PATH=/home/imml/git/research_2025/apple-harvest-eva/install/ur_controllers:/home/imml/git/research_2025/apple-harvest-eva/install/ur_description:/home/imml/git/research_2025/apple-harvest-eva/install/ur_dashboard_msgs:/home/imml/git/research_2025/apple-harvest-eva/install/ur:/home/imml/git/research_2025/apple-harvest-eva/install/ur_calibration:/home/imml/git/research_2025/apple-harvest-eva/install/ur_robot_driver:/home/imml/git/research_2025/apple-harvest-eva/install/ur_moveit_config:/home/imml/git/research_2025/apple-harvest-eva/install/ur_bringup:/home/imml/git/research_2025/apple-harvest-eva/install/realsense2_description:/home/imml/git/research_2025/apple-harvest-eva/install/realsense2_camera:/home/imml/git/research_2025/apple-harvest-eva/install/realsense2_camera_msgs:/home/imml/git/research_2025/apple-harvest-eva/install/harvest_control:/home/imml/git/research_2025/apple-harvest-eva/install/harvest:/home/imml/git/research_2025/apple-harvest-eva/install/harvest_interfaces:/home/imml/git/research_2025/apple-harvest-eva/install/ur5e_custom_hardware:/home/imml/git/research_2025/apple-harvest-eva/install/harvest_vision:/opt/ros/humble LD_LIBRARY_PATH=/home/imml/git/research_2025/apple-harvest-eva/install/ur_controllers/lib:/home/imml/git/research_2025/apple-harvest-eva/install/ur_dashboard_msgs/lib:/home/imml/git/research_2025/apple-harvest-eva/install/ur_robot_driver/lib:/home/imml/git/research_2025/apple-harvest-eva/install/realsense2_camera/lib:/home/imml/git/research_2025/apple-harvest-eva/install/realsense2_camera_msgs/lib:/home/imml/git/research_2025/apple-harvest-eva/install/harvest_interfaces/lib:/usr/local/cuda-12.9/lib64:/opt/ros/humble/opt/rviz_ogre_vendor/lib:/opt/ros/humble/lib/x86_64-linux-gnu:/opt/ros/humble/lib /usr/bin/cmake --install /home/imml/git/research_2025/apple-harvest-eva/build/ur_robot_driver
