[0.016s] Invoking command in '/home/imml/git/research_2025/apple-harvest-eva/build/ur': CMAKE_PREFIX_PATH=/home/imml/git/research_2025/apple-harvest-eva/install/ur_calibration:/home/imml/git/research_2025/apple-harvest-eva/install/ur_robot_driver:/home/imml/git/research_2025/apple-harvest-eva/install/ur_moveit_config:/home/imml/git/research_2025/apple-harvest-eva/install/ur_controllers:/home/imml/git/research_2025/apple-harvest-eva/install/ur_description:/home/imml/git/research_2025/apple-harvest-eva/install/ur_dashboard_msgs:/home/imml/git/research_2025/apple-harvest-eva/install/ur:/home/imml/git/research_2025/apple-harvest-eva/install/ur_bringup:/home/imml/git/research_2025/apple-harvest-eva/install/realsense2_description:/home/imml/git/research_2025/apple-harvest-eva/install/realsense2_camera:/home/imml/git/research_2025/apple-harvest-eva/install/realsense2_camera_msgs:/home/imml/git/research_2025/apple-harvest-eva/install/harvest_control:/home/imml/git/research_2025/apple-harvest-eva/install/harvest:/home/imml/git/research_2025/apple-harvest-eva/install/harvest_interfaces:/home/imml/git/research_2025/apple-harvest-eva/install/ur5e_custom_hardware:/home/imml/git/research_2025/apple-harvest-eva/install/harvest_vision:/opt/ros/humble /usr/bin/cmake --build /home/imml/git/research_2025/apple-harvest-eva/build/ur -- -j16 -l16
[0.038s] -- Found ament_cmake: 1.3.12 (/opt/ros/humble/share/ament_cmake/cmake)
[0.134s] -- Override CMake install command with custom implementation using symlinks instead of copying resources
[0.140s] -- Found ament_lint_auto: 0.12.14 (/opt/ros/humble/share/ament_lint_auto/cmake)
[0.228s] -- Added test 'lint_cmake' to check CMake code style
[0.229s] -- Added test 'xmllint' to check XML markup files
[0.230s] -- Configuring done
[0.254s] -- Generating done
[0.256s] -- Build files have been written to: /home/imml/git/research_2025/apple-harvest-eva/build/ur
[0.276s] Invoked command in '/home/imml/git/research_2025/apple-harvest-eva/build/ur' returned '0': CMAKE_PREFIX_PATH=/home/imml/git/research_2025/apple-harvest-eva/install/ur_calibration:/home/imml/git/research_2025/apple-harvest-eva/install/ur_robot_driver:/home/imml/git/research_2025/apple-harvest-eva/install/ur_moveit_config:/home/imml/git/research_2025/apple-harvest-eva/install/ur_controllers:/home/imml/git/research_2025/apple-harvest-eva/install/ur_description:/home/imml/git/research_2025/apple-harvest-eva/install/ur_dashboard_msgs:/home/imml/git/research_2025/apple-harvest-eva/install/ur:/home/imml/git/research_2025/apple-harvest-eva/install/ur_bringup:/home/imml/git/research_2025/apple-harvest-eva/install/realsense2_description:/home/imml/git/research_2025/apple-harvest-eva/install/realsense2_camera:/home/imml/git/research_2025/apple-harvest-eva/install/realsense2_camera_msgs:/home/imml/git/research_2025/apple-harvest-eva/install/harvest_control:/home/imml/git/research_2025/apple-harvest-eva/install/harvest:/home/imml/git/research_2025/apple-harvest-eva/install/harvest_interfaces:/home/imml/git/research_2025/apple-harvest-eva/install/ur5e_custom_hardware:/home/imml/git/research_2025/apple-harvest-eva/install/harvest_vision:/opt/ros/humble /usr/bin/cmake --build /home/imml/git/research_2025/apple-harvest-eva/build/ur -- -j16 -l16
[0.277s] Invoking command in '/home/imml/git/research_2025/apple-harvest-eva/build/ur': CMAKE_PREFIX_PATH=/home/imml/git/research_2025/apple-harvest-eva/install/ur_calibration:/home/imml/git/research_2025/apple-harvest-eva/install/ur_robot_driver:/home/imml/git/research_2025/apple-harvest-eva/install/ur_moveit_config:/home/imml/git/research_2025/apple-harvest-eva/install/ur_controllers:/home/imml/git/research_2025/apple-harvest-eva/install/ur_description:/home/imml/git/research_2025/apple-harvest-eva/install/ur_dashboard_msgs:/home/imml/git/research_2025/apple-harvest-eva/install/ur:/home/imml/git/research_2025/apple-harvest-eva/install/ur_bringup:/home/imml/git/research_2025/apple-harvest-eva/install/realsense2_description:/home/imml/git/research_2025/apple-harvest-eva/install/realsense2_camera:/home/imml/git/research_2025/apple-harvest-eva/install/realsense2_camera_msgs:/home/imml/git/research_2025/apple-harvest-eva/install/harvest_control:/home/imml/git/research_2025/apple-harvest-eva/install/harvest:/home/imml/git/research_2025/apple-harvest-eva/install/harvest_interfaces:/home/imml/git/research_2025/apple-harvest-eva/install/ur5e_custom_hardware:/home/imml/git/research_2025/apple-harvest-eva/install/harvest_vision:/opt/ros/humble /usr/bin/cmake --install /home/imml/git/research_2025/apple-harvest-eva/build/ur
[0.283s] -- Install configuration: ""
[0.283s] -- Execute custom install script
[0.284s] -- Up-to-date symlink: /home/imml/git/research_2025/apple-harvest-eva/install/ur/share/ament_index/resource_index/package_run_dependencies/ur
[0.284s] -- Up-to-date symlink: /home/imml/git/research_2025/apple-harvest-eva/install/ur/share/ament_index/resource_index/parent_prefix_path/ur
[0.284s] -- Up-to-date symlink: /home/imml/git/research_2025/apple-harvest-eva/install/ur/share/ur/environment/ament_prefix_path.sh
[0.284s] -- Up-to-date symlink: /home/imml/git/research_2025/apple-harvest-eva/install/ur/share/ur/environment/ament_prefix_path.dsv
[0.284s] -- Up-to-date symlink: /home/imml/git/research_2025/apple-harvest-eva/install/ur/share/ur/environment/path.sh
[0.284s] -- Up-to-date symlink: /home/imml/git/research_2025/apple-harvest-eva/install/ur/share/ur/environment/path.dsv
[0.285s] -- Up-to-date symlink: /home/imml/git/research_2025/apple-harvest-eva/install/ur/share/ur/local_setup.bash
[0.285s] -- Up-to-date symlink: /home/imml/git/research_2025/apple-harvest-eva/install/ur/share/ur/local_setup.sh
[0.285s] -- Up-to-date symlink: /home/imml/git/research_2025/apple-harvest-eva/install/ur/share/ur/local_setup.zsh
[0.285s] -- Up-to-date symlink: /home/imml/git/research_2025/apple-harvest-eva/install/ur/share/ur/local_setup.dsv
[0.285s] -- Symlinking: /home/imml/git/research_2025/apple-harvest-eva/install/ur/share/ur/package.dsv
[0.293s] -- Up-to-date symlink: /home/imml/git/research_2025/apple-harvest-eva/install/ur/share/ament_index/resource_index/packages/ur
[0.293s] -- Up-to-date symlink: /home/imml/git/research_2025/apple-harvest-eva/install/ur/share/ur/cmake/urConfig.cmake
[0.293s] -- Up-to-date symlink: /home/imml/git/research_2025/apple-harvest-eva/install/ur/share/ur/cmake/urConfig-version.cmake
[0.293s] -- Up-to-date symlink: /home/imml/git/research_2025/apple-harvest-eva/install/ur/share/ur/package.xml
[0.295s] Invoked command in '/home/imml/git/research_2025/apple-harvest-eva/build/ur' returned '0': CMAKE_PREFIX_PATH=/home/imml/git/research_2025/apple-harvest-eva/install/ur_calibration:/home/imml/git/research_2025/apple-harvest-eva/install/ur_robot_driver:/home/imml/git/research_2025/apple-harvest-eva/install/ur_moveit_config:/home/imml/git/research_2025/apple-harvest-eva/install/ur_controllers:/home/imml/git/research_2025/apple-harvest-eva/install/ur_description:/home/imml/git/research_2025/apple-harvest-eva/install/ur_dashboard_msgs:/home/imml/git/research_2025/apple-harvest-eva/install/ur:/home/imml/git/research_2025/apple-harvest-eva/install/ur_bringup:/home/imml/git/research_2025/apple-harvest-eva/install/realsense2_description:/home/imml/git/research_2025/apple-harvest-eva/install/realsense2_camera:/home/imml/git/research_2025/apple-harvest-eva/install/realsense2_camera_msgs:/home/imml/git/research_2025/apple-harvest-eva/install/harvest_control:/home/imml/git/research_2025/apple-harvest-eva/install/harvest:/home/imml/git/research_2025/apple-harvest-eva/install/harvest_interfaces:/home/imml/git/research_2025/apple-harvest-eva/install/ur5e_custom_hardware:/home/imml/git/research_2025/apple-harvest-eva/install/harvest_vision:/opt/ros/humble /usr/bin/cmake --install /home/imml/git/research_2025/apple-harvest-eva/build/ur
