[0.821s] Invoking command in '/home/imml/git/research_2025/apple-harvest-eva/build/harvest_vision': CMAKE_PREFIX_PATH=/home/imml/git/research_2025/apple-harvest-eva/install/harvest_interfaces:/home/imml/git/research_2025/apple-harvest-eva/install/ur:/home/imml/git/research_2025/apple-harvest-eva/install/ur_calibration:/home/imml/git/research_2025/apple-harvest-eva/install/ur_robot_driver:/home/imml/git/research_2025/apple-harvest-eva/install/ur_moveit_config:/home/imml/git/research_2025/apple-harvest-eva/install/ur_bringup:/home/imml/git/research_2025/apple-harvest-eva/install/ur_description:/home/imml/git/research_2025/apple-harvest-eva/install/ur_controllers:/home/imml/git/research_2025/apple-harvest-eva/install/ur_dashboard_msgs:/home/imml/git/research_2025/apple-harvest-eva/install/realsense2_description:/home/imml/git/research_2025/apple-harvest-eva/install/realsense2_camera:/home/imml/git/research_2025/apple-harvest-eva/install/realsense2_camera_msgs:/home/imml/git/research_2025/apple-harvest-eva/install/harvest_control:/home/imml/git/research_2025/apple-harvest-eva/install/harvest LD_LIBRARY_PATH=/home/imml/git/research_2025/apple-harvest-eva/install/harvest_interfaces/lib:/home/imml/git/research_2025/apple-harvest-eva/install/ur_robot_driver/lib:/home/imml/git/research_2025/apple-harvest-eva/install/ur_controllers/lib:/home/imml/git/research_2025/apple-harvest-eva/install/ur_dashboard_msgs/lib:/home/imml/git/research_2025/apple-harvest-eva/install/realsense2_camera/lib:/home/imml/git/research_2025/apple-harvest-eva/install/realsense2_camera_msgs/lib:/usr/local/cuda-12.9/lib64:/opt/ros/humble/opt/rviz_ogre_vendor/lib:/opt/ros/humble/lib/x86_64-linux-gnu:/opt/ros/humble/lib PYTHONPATH=/home/imml/git/research_2025/apple-harvest-eva/build/harvest_vision/prefix_override:/usr/lib/python3/dist-packages/colcon_core/task/python/colcon_distutils_commands:/home/imml/git/research_2025/apple-harvest-eva/install/harvest_vision/lib/python3.10/site-packages:${PYTHONPATH} /usr/bin/python3 -W ignore:setup.py install is deprecated -W ignore:easy_install command is deprecated setup.py develop --editable --build-directory /home/imml/git/research_2025/apple-harvest-eva/build/harvest_vision/build --no-deps symlink_data --force
[1.119s] running develop
[1.377s] running egg_info
[1.378s] writing harvest_vision.egg-info/PKG-INFO
[1.378s] writing dependency_links to harvest_vision.egg-info/dependency_links.txt
[1.378s] writing entry points to harvest_vision.egg-info/entry_points.txt
[1.378s] writing requirements to harvest_vision.egg-info/requires.txt
[1.378s] writing top-level names to harvest_vision.egg-info/top_level.txt
[1.382s] reading manifest file 'harvest_vision.egg-info/SOURCES.txt'
[1.383s] writing manifest file 'harvest_vision.egg-info/SOURCES.txt'
[1.388s] running build_ext
[1.388s] Creating /home/imml/git/research_2025/apple-harvest-eva/install/harvest_vision/lib/python3.10/site-packages/harvest-vision.egg-link (link to .)
[1.388s] Installing apple_prediction script to /home/imml/git/research_2025/apple-harvest-eva/install/harvest_vision/lib/harvest_vision
[1.388s] Installing apple_prediction_presaved_images script to /home/imml/git/research_2025/apple-harvest-eva/install/harvest_vision/lib/harvest_vision
[1.388s] Installing voxelize_scan script to /home/imml/git/research_2025/apple-harvest-eva/install/harvest_vision/lib/harvest_vision
[1.388s] 
[1.388s] Installed /home/imml/git/research_2025/apple-harvest-eva/build/harvest_vision
[1.389s] running symlink_data
[1.389s] symbolically linking /home/imml/git/research_2025/apple-harvest-eva/build/harvest_vision/resource/harvest_vision -> /home/imml/git/research_2025/apple-harvest-eva/install/harvest_vision/share/ament_index/resource_index/packages
[1.389s] symbolically linking /home/imml/git/research_2025/apple-harvest-eva/build/harvest_vision/package.xml -> /home/imml/git/research_2025/apple-harvest-eva/install/harvest_vision/share/harvest_vision
[1.393s] symbolically linking /home/imml/git/research_2025/apple-harvest-eva/build/harvest_vision/yolo_networks/best-merged-apples-thlo-merged-wsu-v8s.pt -> /home/imml/git/research_2025/apple-harvest-eva/install/harvest_vision/share/harvest_vision/yolo_networks
[1.404s] symbolically linking /home/imml/git/research_2025/apple-harvest-eva/build/harvest_vision/yolo_networks/best-merged-apples-thlo-merged-wsu-v8m.pt -> /home/imml/git/research_2025/apple-harvest-eva/install/harvest_vision/share/harvest_vision/yolo_networks
[1.418s] symbolically linking /home/imml/git/research_2025/apple-harvest-eva/build/harvest_vision/yolo_networks/best-merged-apples-thlo-merged-wsu-v9c.pt -> /home/imml/git/research_2025/apple-harvest-eva/install/harvest_vision/share/harvest_vision/yolo_networks
[1.420s] symbolically linking /home/imml/git/research_2025/apple-harvest-eva/build/harvest_vision/yolo_networks/best-merged-apples-thlo-merged-wsu-v8n.pt -> /home/imml/git/research_2025/apple-harvest-eva/install/harvest_vision/share/harvest_vision/yolo_networks
[1.422s] symbolically linking /home/imml/git/research_2025/apple-harvest-eva/build/harvest_vision/yolo_networks/best_segmentation.pt -> /home/imml/git/research_2025/apple-harvest-eva/install/harvest_vision/share/harvest_vision/yolo_networks
[1.443s] symbolically linking /home/imml/git/research_2025/apple-harvest-eva/build/harvest_vision/yolo_networks/best-merged-apples-thlo-merged-wsu-v8l.pt -> /home/imml/git/research_2025/apple-harvest-eva/install/harvest_vision/share/harvest_vision/yolo_networks
[1.443s] symbolically linking /home/imml/git/research_2025/apple-harvest-eva/build/harvest_vision/data/prosser_a/depth_to_color.png -> /home/imml/git/research_2025/apple-harvest-eva/install/harvest_vision/share/harvest_vision/data/prosser_a
[1.446s] symbolically linking /home/imml/git/research_2025/apple-harvest-eva/build/harvest_vision/data/prosser_a/pointcloud.ply -> /home/imml/git/research_2025/apple-harvest-eva/install/harvest_vision/share/harvest_vision/data/prosser_a
[1.447s] symbolically linking /home/imml/git/research_2025/apple-harvest-eva/build/harvest_vision/data/prosser_a/color_raw.png -> /home/imml/git/research_2025/apple-harvest-eva/install/harvest_vision/share/harvest_vision/data/prosser_a
[1.448s] symbolically linking /home/imml/git/research_2025/apple-harvest-eva/build/harvest_vision/data/prosser_b/depth_to_color.png -> /home/imml/git/research_2025/apple-harvest-eva/install/harvest_vision/share/harvest_vision/data/prosser_b
[1.451s] symbolically linking /home/imml/git/research_2025/apple-harvest-eva/build/harvest_vision/data/prosser_b/pointcloud.ply -> /home/imml/git/research_2025/apple-harvest-eva/install/harvest_vision/share/harvest_vision/data/prosser_b
[1.452s] symbolically linking /home/imml/git/research_2025/apple-harvest-eva/build/harvest_vision/data/prosser_b/color_raw.png -> /home/imml/git/research_2025/apple-harvest-eva/install/harvest_vision/share/harvest_vision/data/prosser_b
[1.452s] symbolically linking /home/imml/git/research_2025/apple-harvest-eva/build/harvest_vision/data/prosser_c/depth_to_color.png -> /home/imml/git/research_2025/apple-harvest-eva/install/harvest_vision/share/harvest_vision/data/prosser_c
[1.455s] symbolically linking /home/imml/git/research_2025/apple-harvest-eva/build/harvest_vision/data/prosser_c/pointcloud.ply -> /home/imml/git/research_2025/apple-harvest-eva/install/harvest_vision/share/harvest_vision/data/prosser_c
[1.456s] symbolically linking /home/imml/git/research_2025/apple-harvest-eva/build/harvest_vision/data/prosser_c/color_raw.png -> /home/imml/git/research_2025/apple-harvest-eva/install/harvest_vision/share/harvest_vision/data/prosser_c
[1.457s] symbolically linking /home/imml/git/research_2025/apple-harvest-eva/build/harvest_vision/data/prosser_d/depth_to_color.png -> /home/imml/git/research_2025/apple-harvest-eva/install/harvest_vision/share/harvest_vision/data/prosser_d
[1.460s] symbolically linking /home/imml/git/research_2025/apple-harvest-eva/build/harvest_vision/data/prosser_d/pointcloud.ply -> /home/imml/git/research_2025/apple-harvest-eva/install/harvest_vision/share/harvest_vision/data/prosser_d
[1.461s] symbolically linking /home/imml/git/research_2025/apple-harvest-eva/build/harvest_vision/data/prosser_d/color_raw.png -> /home/imml/git/research_2025/apple-harvest-eva/install/harvest_vision/share/harvest_vision/data/prosser_d
[1.461s] symbolically linking /home/imml/git/research_2025/apple-harvest-eva/build/harvest_vision/data/prosser_e/depth_to_color.png -> /home/imml/git/research_2025/apple-harvest-eva/install/harvest_vision/share/harvest_vision/data/prosser_e
[1.465s] symbolically linking /home/imml/git/research_2025/apple-harvest-eva/build/harvest_vision/data/prosser_e/pointcloud.ply -> /home/imml/git/research_2025/apple-harvest-eva/install/harvest_vision/share/harvest_vision/data/prosser_e
[1.466s] symbolically linking /home/imml/git/research_2025/apple-harvest-eva/build/harvest_vision/data/prosser_e/color_raw.png -> /home/imml/git/research_2025/apple-harvest-eva/install/harvest_vision/share/harvest_vision/data/prosser_e
[1.466s] symbolically linking /home/imml/git/research_2025/apple-harvest-eva/build/harvest_vision/data/prosser_f/depth_to_color.png -> /home/imml/git/research_2025/apple-harvest-eva/install/harvest_vision/share/harvest_vision/data/prosser_f
[1.469s] symbolically linking /home/imml/git/research_2025/apple-harvest-eva/build/harvest_vision/data/prosser_f/pointcloud.ply -> /home/imml/git/research_2025/apple-harvest-eva/install/harvest_vision/share/harvest_vision/data/prosser_f
[1.471s] symbolically linking /home/imml/git/research_2025/apple-harvest-eva/build/harvest_vision/data/prosser_f/color_raw.png -> /home/imml/git/research_2025/apple-harvest-eva/install/harvest_vision/share/harvest_vision/data/prosser_f
[1.471s] symbolically linking /home/imml/git/research_2025/apple-harvest-eva/build/harvest_vision/data/prosser_g/depth_to_color.png -> /home/imml/git/research_2025/apple-harvest-eva/install/harvest_vision/share/harvest_vision/data/prosser_g
[1.475s] symbolically linking /home/imml/git/research_2025/apple-harvest-eva/build/harvest_vision/data/prosser_g/pointcloud.ply -> /home/imml/git/research_2025/apple-harvest-eva/install/harvest_vision/share/harvest_vision/data/prosser_g
[1.476s] symbolically linking /home/imml/git/research_2025/apple-harvest-eva/build/harvest_vision/data/prosser_g/color_raw.png -> /home/imml/git/research_2025/apple-harvest-eva/install/harvest_vision/share/harvest_vision/data/prosser_g
[1.476s] symbolically linking /home/imml/git/research_2025/apple-harvest-eva/build/harvest_vision/data/prosser_h/depth_to_color.png -> /home/imml/git/research_2025/apple-harvest-eva/install/harvest_vision/share/harvest_vision/data/prosser_h
[1.479s] symbolically linking /home/imml/git/research_2025/apple-harvest-eva/build/harvest_vision/data/prosser_h/pointcloud.ply -> /home/imml/git/research_2025/apple-harvest-eva/install/harvest_vision/share/harvest_vision/data/prosser_h
[1.481s] symbolically linking /home/imml/git/research_2025/apple-harvest-eva/build/harvest_vision/data/prosser_h/color_raw.png -> /home/imml/git/research_2025/apple-harvest-eva/install/harvest_vision/share/harvest_vision/data/prosser_h
[1.481s] symbolically linking /home/imml/git/research_2025/apple-harvest-eva/build/harvest_vision/data/prosser_i/depth_to_color.png -> /home/imml/git/research_2025/apple-harvest-eva/install/harvest_vision/share/harvest_vision/data/prosser_i
[1.484s] symbolically linking /home/imml/git/research_2025/apple-harvest-eva/build/harvest_vision/data/prosser_i/pointcloud.ply -> /home/imml/git/research_2025/apple-harvest-eva/install/harvest_vision/share/harvest_vision/data/prosser_i
[1.486s] symbolically linking /home/imml/git/research_2025/apple-harvest-eva/build/harvest_vision/data/prosser_i/color_raw.png -> /home/imml/git/research_2025/apple-harvest-eva/install/harvest_vision/share/harvest_vision/data/prosser_i
[1.486s] symbolically linking /home/imml/git/research_2025/apple-harvest-eva/build/harvest_vision/data/prosser_j/depth_to_color.png -> /home/imml/git/research_2025/apple-harvest-eva/install/harvest_vision/share/harvest_vision/data/prosser_j
[1.489s] symbolically linking /home/imml/git/research_2025/apple-harvest-eva/build/harvest_vision/data/prosser_j/pointcloud.ply -> /home/imml/git/research_2025/apple-harvest-eva/install/harvest_vision/share/harvest_vision/data/prosser_j
[1.491s] symbolically linking /home/imml/git/research_2025/apple-harvest-eva/build/harvest_vision/data/prosser_j/color_raw.png -> /home/imml/git/research_2025/apple-harvest-eva/install/harvest_vision/share/harvest_vision/data/prosser_j
[1.547s] Invoked command in '/home/imml/git/research_2025/apple-harvest-eva/build/harvest_vision' returned '0': CMAKE_PREFIX_PATH=/home/imml/git/research_2025/apple-harvest-eva/install/harvest_interfaces:/home/imml/git/research_2025/apple-harvest-eva/install/ur:/home/imml/git/research_2025/apple-harvest-eva/install/ur_calibration:/home/imml/git/research_2025/apple-harvest-eva/install/ur_robot_driver:/home/imml/git/research_2025/apple-harvest-eva/install/ur_moveit_config:/home/imml/git/research_2025/apple-harvest-eva/install/ur_bringup:/home/imml/git/research_2025/apple-harvest-eva/install/ur_description:/home/imml/git/research_2025/apple-harvest-eva/install/ur_controllers:/home/imml/git/research_2025/apple-harvest-eva/install/ur_dashboard_msgs:/home/imml/git/research_2025/apple-harvest-eva/install/realsense2_description:/home/imml/git/research_2025/apple-harvest-eva/install/realsense2_camera:/home/imml/git/research_2025/apple-harvest-eva/install/realsense2_camera_msgs:/home/imml/git/research_2025/apple-harvest-eva/install/harvest_control:/home/imml/git/research_2025/apple-harvest-eva/install/harvest LD_LIBRARY_PATH=/home/imml/git/research_2025/apple-harvest-eva/install/harvest_interfaces/lib:/home/imml/git/research_2025/apple-harvest-eva/install/ur_robot_driver/lib:/home/imml/git/research_2025/apple-harvest-eva/install/ur_controllers/lib:/home/imml/git/research_2025/apple-harvest-eva/install/ur_dashboard_msgs/lib:/home/imml/git/research_2025/apple-harvest-eva/install/realsense2_camera/lib:/home/imml/git/research_2025/apple-harvest-eva/install/realsense2_camera_msgs/lib:/usr/local/cuda-12.9/lib64:/opt/ros/humble/opt/rviz_ogre_vendor/lib:/opt/ros/humble/lib/x86_64-linux-gnu:/opt/ros/humble/lib PYTHONPATH=/home/imml/git/research_2025/apple-harvest-eva/build/harvest_vision/prefix_override:/usr/lib/python3/dist-packages/colcon_core/task/python/colcon_distutils_commands:/home/imml/git/research_2025/apple-harvest-eva/install/harvest_vision/lib/python3.10/site-packages:${PYTHONPATH} /usr/bin/python3 -W ignore:setup.py install is deprecated -W ignore:easy_install command is deprecated setup.py develop --editable --build-directory /home/imml/git/research_2025/apple-harvest-eva/build/harvest_vision/build --no-deps symlink_data --force
