[0.024s] Invoking command in '/home/imml/git/research_2025/apple-harvest-eva/build/harvest_interfaces': CMAKE_PREFIX_PATH=${CMAKE_PREFIX_PATH}:/home/imml/git/research_2025/apple-harvest-eva/install/ur5e_custom_hardware:/home/imml/git/research_2025/apple-harvest-eva/install/harvest_vision:/opt/ros/humble /usr/bin/cmake --build /home/imml/git/research_2025/apple-harvest-eva/build/harvest_interfaces -- -j16 -l16
[0.082s] [  0%] Built target harvest_interfaces__cpp
[0.082s] [ 12%] Built target harvest_interfaces__rosidl_generator_c
[0.092s] [ 12%] Built target ament_cmake_python_symlink_harvest_interfaces
[0.140s] [ 32%] Built target harvest_interfaces__rosidl_typesupport_cpp
[0.141s] [ 36%] Built target harvest_interfaces__rosidl_typesupport_fastrtps_cpp
[0.145s] [ 47%] Built target harvest_interfaces__rosidl_typesupport_introspection_cpp
[0.146s] [ 59%] Built target harvest_interfaces__rosidl_typesupport_c
[0.153s] [ 78%] Built target harvest_interfaces__rosidl_typesupport_introspection_c
[0.153s] [ 83%] Built target harvest_interfaces__rosidl_typesupport_fastrtps_c
[0.181s] [ 83%] Built target harvest_interfaces
[0.205s] [ 84%] Built target harvest_interfaces__py
[0.247s] [ 95%] Built target harvest_interfaces__rosidl_generator_py
[0.276s] [100%] Built target harvest_interfaces__rosidl_typesupport_c__pyext
[0.276s] [100%] Built target harvest_interfaces__rosidl_typesupport_introspection_c__pyext
[0.277s] [100%] Built target harvest_interfaces__rosidl_typesupport_fastrtps_c__pyext
[0.389s] running egg_info
[0.390s] writing harvest_interfaces.egg-info/PKG-INFO
[0.390s] writing dependency_links to harvest_interfaces.egg-info/dependency_links.txt
[0.391s] writing top-level names to harvest_interfaces.egg-info/top_level.txt
[0.393s] reading manifest file 'harvest_interfaces.egg-info/SOURCES.txt'
[0.393s] writing manifest file 'harvest_interfaces.egg-info/SOURCES.txt'
[0.441s] [100%] Built target ament_cmake_python_build_harvest_interfaces_egg
[0.459s] Invoked command in '/home/imml/git/research_2025/apple-harvest-eva/build/harvest_interfaces' returned '0': CMAKE_PREFIX_PATH=${CMAKE_PREFIX_PATH}:/home/imml/git/research_2025/apple-harvest-eva/install/ur5e_custom_hardware:/home/imml/git/research_2025/apple-harvest-eva/install/harvest_vision:/opt/ros/humble /usr/bin/cmake --build /home/imml/git/research_2025/apple-harvest-eva/build/harvest_interfaces -- -j16 -l16
[0.464s] Invoking command in '/home/imml/git/research_2025/apple-harvest-eva/build/harvest_interfaces': CMAKE_PREFIX_PATH=${CMAKE_PREFIX_PATH}:/home/imml/git/research_2025/apple-harvest-eva/install/ur5e_custom_hardware:/home/imml/git/research_2025/apple-harvest-eva/install/harvest_vision:/opt/ros/humble /usr/bin/cmake --install /home/imml/git/research_2025/apple-harvest-eva/build/harvest_interfaces
[0.471s] -- Install configuration: ""
[0.472s] -- Execute custom install script
[0.472s] -- Up-to-date symlink: /home/imml/git/research_2025/apple-harvest-eva/install/harvest_interfaces/share/ament_index/resource_index/rosidl_interfaces/harvest_interfaces
[0.473s] -- Up-to-date symlink: /home/imml/git/research_2025/apple-harvest-eva/install/harvest_interfaces/include/harvest_interfaces/harvest_interfaces/action/detail/event_detection__functions.h
[0.474s] -- Up-to-date symlink: /home/imml/git/research_2025/apple-harvest-eva/install/harvest_interfaces/include/harvest_interfaces/harvest_interfaces/action/detail/event_detection__struct.h
[0.475s] -- Up-to-date symlink: /home/imml/git/research_2025/apple-harvest-eva/install/harvest_interfaces/include/harvest_interfaces/harvest_interfaces/action/detail/event_detection__type_support.h
[0.475s] -- Up-to-date symlink: /home/imml/git/research_2025/apple-harvest-eva/install/harvest_interfaces/include/harvest_interfaces/harvest_interfaces/action/detail/send_trajectory__functions.h
[0.475s] -- Up-to-date symlink: /home/imml/git/research_2025/apple-harvest-eva/install/harvest_interfaces/include/harvest_interfaces/harvest_interfaces/action/detail/send_trajectory__struct.h
[0.475s] -- Up-to-date symlink: /home/imml/git/research_2025/apple-harvest-eva/install/harvest_interfaces/include/harvest_interfaces/harvest_interfaces/action/detail/send_trajectory__type_support.h
[0.476s] -- Up-to-date symlink: /home/imml/git/research_2025/apple-harvest-eva/install/harvest_interfaces/include/harvest_interfaces/harvest_interfaces/action/event_detection.h
[0.476s] -- Up-to-date symlink: /home/imml/git/research_2025/apple-harvest-eva/install/harvest_interfaces/include/harvest_interfaces/harvest_interfaces/action/send_trajectory.h
[0.476s] -- Up-to-date symlink: /home/imml/git/research_2025/apple-harvest-eva/install/harvest_interfaces/include/harvest_interfaces/harvest_interfaces/msg/rosidl_generator_c__visibility_control.h
[0.476s] -- Up-to-date symlink: /home/imml/git/research_2025/apple-harvest-eva/install/harvest_interfaces/include/harvest_interfaces/harvest_interfaces/srv/apple_prediction.h
[0.476s] -- Up-to-date symlink: /home/imml/git/research_2025/apple-harvest-eva/install/harvest_interfaces/include/harvest_interfaces/harvest_interfaces/srv/coordinate_to_trajectory.h
[0.477s] -- Up-to-date symlink: /home/imml/git/research_2025/apple-harvest-eva/install/harvest_interfaces/include/harvest_interfaces/harvest_interfaces/srv/detail/apple_prediction__functions.h
[0.477s] -- Up-to-date symlink: /home/imml/git/research_2025/apple-harvest-eva/install/harvest_interfaces/include/harvest_interfaces/harvest_interfaces/srv/detail/apple_prediction__struct.h
[0.478s] -- Up-to-date symlink: /home/imml/git/research_2025/apple-harvest-eva/install/harvest_interfaces/include/harvest_interfaces/harvest_interfaces/srv/detail/apple_prediction__type_support.h
[0.478s] -- Up-to-date symlink: /home/imml/git/research_2025/apple-harvest-eva/install/harvest_interfaces/include/harvest_interfaces/harvest_interfaces/srv/detail/coordinate_to_trajectory__functions.h
[0.478s] -- Up-to-date symlink: /home/imml/git/research_2025/apple-harvest-eva/install/harvest_interfaces/include/harvest_interfaces/harvest_interfaces/srv/detail/coordinate_to_trajectory__struct.h
[0.481s] -- Up-to-date symlink: /home/imml/git/research_2025/apple-harvest-eva/install/harvest_interfaces/include/harvest_interfaces/harvest_interfaces/srv/detail/coordinate_to_trajectory__type_support.h
[0.482s] -- Up-to-date symlink: /home/imml/git/research_2025/apple-harvest-eva/install/harvest_interfaces/include/harvest_interfaces/harvest_interfaces/srv/detail/get_gripper_pose__functions.h
[0.482s] -- Up-to-date symlink: /home/imml/git/research_2025/apple-harvest-eva/install/harvest_interfaces/include/harvest_interfaces/harvest_interfaces/srv/detail/get_gripper_pose__struct.h
[0.482s] -- Up-to-date symlink: /home/imml/git/research_2025/apple-harvest-eva/install/harvest_interfaces/include/harvest_interfaces/harvest_interfaces/srv/detail/get_gripper_pose__type_support.h
[0.482s] -- Up-to-date symlink: /home/imml/git/research_2025/apple-harvest-eva/install/harvest_interfaces/include/harvest_interfaces/harvest_interfaces/srv/detail/move_to_pose__functions.h
[0.482s] -- Up-to-date symlink: /home/imml/git/research_2025/apple-harvest-eva/install/harvest_interfaces/include/harvest_interfaces/harvest_interfaces/srv/detail/move_to_pose__struct.h
[0.483s] -- Up-to-date symlink: /home/imml/git/research_2025/apple-harvest-eva/install/harvest_interfaces/include/harvest_interfaces/harvest_interfaces/srv/detail/move_to_pose__type_support.h
[0.485s] -- Up-to-date symlink: /home/imml/git/research_2025/apple-harvest-eva/install/harvest_interfaces/include/harvest_interfaces/harvest_interfaces/srv/detail/record_topics__functions.h
[0.485s] -- Up-to-date symlink: /home/imml/git/research_2025/apple-harvest-eva/install/harvest_interfaces/include/harvest_interfaces/harvest_interfaces/srv/detail/record_topics__struct.h
[0.485s] -- Up-to-date symlink: /home/imml/git/research_2025/apple-harvest-eva/install/harvest_interfaces/include/harvest_interfaces/harvest_interfaces/srv/detail/record_topics__type_support.h
[0.485s] -- Up-to-date symlink: /home/imml/git/research_2025/apple-harvest-eva/install/harvest_interfaces/include/harvest_interfaces/harvest_interfaces/srv/detail/send_trajectory__functions.h
[0.485s] -- Up-to-date symlink: /home/imml/git/research_2025/apple-harvest-eva/install/harvest_interfaces/include/harvest_interfaces/harvest_interfaces/srv/detail/send_trajectory__struct.h
[0.485s] -- Up-to-date symlink: /home/imml/git/research_2025/apple-harvest-eva/install/harvest_interfaces/include/harvest_interfaces/harvest_interfaces/srv/detail/send_trajectory__type_support.h
[0.485s] -- Up-to-date symlink: /home/imml/git/research_2025/apple-harvest-eva/install/harvest_interfaces/include/harvest_interfaces/harvest_interfaces/srv/detail/set_value__functions.h
[0.486s] -- Up-to-date symlink: /home/imml/git/research_2025/apple-harvest-eva/install/harvest_interfaces/include/harvest_interfaces/harvest_interfaces/srv/detail/set_value__struct.h
[0.486s] -- Up-to-date symlink: /home/imml/git/research_2025/apple-harvest-eva/install/harvest_interfaces/include/harvest_interfaces/harvest_interfaces/srv/detail/set_value__type_support.h
[0.487s] -- Up-to-date symlink: /home/imml/git/research_2025/apple-harvest-eva/install/harvest_interfaces/include/harvest_interfaces/harvest_interfaces/srv/detail/trajectory_between_points__functions.h
[0.487s] -- Up-to-date symlink: /home/imml/git/research_2025/apple-harvest-eva/install/harvest_interfaces/include/harvest_interfaces/harvest_interfaces/srv/detail/trajectory_between_points__struct.h
[0.487s] -- Up-to-date symlink: /home/imml/git/research_2025/apple-harvest-eva/install/harvest_interfaces/include/harvest_interfaces/harvest_interfaces/srv/detail/trajectory_between_points__type_support.h
[0.487s] -- Up-to-date symlink: /home/imml/git/research_2025/apple-harvest-eva/install/harvest_interfaces/include/harvest_interfaces/harvest_interfaces/srv/detail/voxel_grid__functions.h
[0.488s] -- Up-to-date symlink: /home/imml/git/research_2025/apple-harvest-eva/install/harvest_interfaces/include/harvest_interfaces/harvest_interfaces/srv/detail/voxel_grid__struct.h
[0.488s] -- Up-to-date symlink: /home/imml/git/research_2025/apple-harvest-eva/install/harvest_interfaces/include/harvest_interfaces/harvest_interfaces/srv/detail/voxel_grid__type_support.h
[0.488s] -- Up-to-date symlink: /home/imml/git/research_2025/apple-harvest-eva/install/harvest_interfaces/include/harvest_interfaces/harvest_interfaces/srv/detail/voxel_mask__functions.h
[0.489s] -- Up-to-date symlink: /home/imml/git/research_2025/apple-harvest-eva/install/harvest_interfaces/include/harvest_interfaces/harvest_interfaces/srv/detail/voxel_mask__struct.h
[0.489s] -- Up-to-date symlink: /home/imml/git/research_2025/apple-harvest-eva/install/harvest_interfaces/include/harvest_interfaces/harvest_interfaces/srv/detail/voxel_mask__type_support.h
[0.490s] -- Up-to-date symlink: /home/imml/git/research_2025/apple-harvest-eva/install/harvest_interfaces/include/harvest_interfaces/harvest_interfaces/srv/get_gripper_pose.h
[0.490s] -- Up-to-date symlink: /home/imml/git/research_2025/apple-harvest-eva/install/harvest_interfaces/include/harvest_interfaces/harvest_interfaces/srv/move_to_pose.h
[0.490s] -- Up-to-date symlink: /home/imml/git/research_2025/apple-harvest-eva/install/harvest_interfaces/include/harvest_interfaces/harvest_interfaces/srv/record_topics.h
[0.490s] -- Up-to-date symlink: /home/imml/git/research_2025/apple-harvest-eva/install/harvest_interfaces/include/harvest_interfaces/harvest_interfaces/srv/send_trajectory.h
[0.490s] -- Up-to-date symlink: /home/imml/git/research_2025/apple-harvest-eva/install/harvest_interfaces/include/harvest_interfaces/harvest_interfaces/srv/set_value.h
[0.491s] -- Up-to-date symlink: /home/imml/git/research_2025/apple-harvest-eva/install/harvest_interfaces/include/harvest_interfaces/harvest_interfaces/srv/trajectory_between_points.h
[0.491s] -- Up-to-date symlink: /home/imml/git/research_2025/apple-harvest-eva/install/harvest_interfaces/include/harvest_interfaces/harvest_interfaces/srv/voxel_grid.h
[0.491s] -- Up-to-date symlink: /home/imml/git/research_2025/apple-harvest-eva/install/harvest_interfaces/include/harvest_interfaces/harvest_interfaces/srv/voxel_mask.h
[0.491s] -- Up-to-date symlink: /home/imml/git/research_2025/apple-harvest-eva/install/harvest_interfaces/share/harvest_interfaces/environment/library_path.sh
[0.492s] -- Up-to-date symlink: /home/imml/git/research_2025/apple-harvest-eva/install/harvest_interfaces/share/harvest_interfaces/environment/library_path.dsv
[0.493s] -- Up-to-date symlink: /home/imml/git/research_2025/apple-harvest-eva/install/harvest_interfaces/include/harvest_interfaces/harvest_interfaces/action/detail/event_detection__rosidl_typesupport_fastrtps_c.h
[0.493s] -- Up-to-date symlink: /home/imml/git/research_2025/apple-harvest-eva/install/harvest_interfaces/include/harvest_interfaces/harvest_interfaces/action/detail/send_trajectory__rosidl_typesupport_fastrtps_c.h
[0.493s] -- Up-to-date symlink: /home/imml/git/research_2025/apple-harvest-eva/install/harvest_interfaces/include/harvest_interfaces/harvest_interfaces/msg/rosidl_typesupport_fastrtps_c__visibility_control.h
[0.494s] -- Up-to-date symlink: /home/imml/git/research_2025/apple-harvest-eva/install/harvest_interfaces/include/harvest_interfaces/harvest_interfaces/srv/detail/apple_prediction__rosidl_typesupport_fastrtps_c.h
[0.494s] -- Up-to-date symlink: /home/imml/git/research_2025/apple-harvest-eva/install/harvest_interfaces/include/harvest_interfaces/harvest_interfaces/srv/detail/coordinate_to_trajectory__rosidl_typesupport_fastrtps_c.h
[0.494s] -- Up-to-date symlink: /home/imml/git/research_2025/apple-harvest-eva/install/harvest_interfaces/include/harvest_interfaces/harvest_interfaces/srv/detail/get_gripper_pose__rosidl_typesupport_fastrtps_c.h
[0.494s] -- Up-to-date symlink: /home/imml/git/research_2025/apple-harvest-eva/install/harvest_interfaces/include/harvest_interfaces/harvest_interfaces/srv/detail/move_to_pose__rosidl_typesupport_fastrtps_c.h
[0.494s] -- Up-to-date symlink: /home/imml/git/research_2025/apple-harvest-eva/install/harvest_interfaces/include/harvest_interfaces/harvest_interfaces/srv/detail/record_topics__rosidl_typesupport_fastrtps_c.h
[0.494s] -- Up-to-date symlink: /home/imml/git/research_2025/apple-harvest-eva/install/harvest_interfaces/include/harvest_interfaces/harvest_interfaces/srv/detail/send_trajectory__rosidl_typesupport_fastrtps_c.h
[0.496s] -- Up-to-date symlink: /home/imml/git/research_2025/apple-harvest-eva/install/harvest_interfaces/include/harvest_interfaces/harvest_interfaces/srv/detail/set_value__rosidl_typesupport_fastrtps_c.h
[0.496s] -- Up-to-date symlink: /home/imml/git/research_2025/apple-harvest-eva/install/harvest_interfaces/include/harvest_interfaces/harvest_interfaces/srv/detail/trajectory_between_points__rosidl_typesupport_fastrtps_c.h
[0.496s] -- Up-to-date symlink: /home/imml/git/research_2025/apple-harvest-eva/install/harvest_interfaces/include/harvest_interfaces/harvest_interfaces/srv/detail/voxel_grid__rosidl_typesupport_fastrtps_c.h
[0.496s] -- Up-to-date symlink: /home/imml/git/research_2025/apple-harvest-eva/install/harvest_interfaces/include/harvest_interfaces/harvest_interfaces/srv/detail/voxel_mask__rosidl_typesupport_fastrtps_c.h
[0.498s] -- Up-to-date symlink: /home/imml/git/research_2025/apple-harvest-eva/install/harvest_interfaces/include/harvest_interfaces/harvest_interfaces/action/detail/event_detection__rosidl_typesupport_introspection_c.h
[0.498s] -- Up-to-date symlink: /home/imml/git/research_2025/apple-harvest-eva/install/harvest_interfaces/include/harvest_interfaces/harvest_interfaces/action/detail/send_trajectory__rosidl_typesupport_introspection_c.h
[0.499s] -- Up-to-date symlink: /home/imml/git/research_2025/apple-harvest-eva/install/harvest_interfaces/include/harvest_interfaces/harvest_interfaces/msg/rosidl_typesupport_introspection_c__visibility_control.h
[0.499s] -- Up-to-date symlink: /home/imml/git/research_2025/apple-harvest-eva/install/harvest_interfaces/include/harvest_interfaces/harvest_interfaces/srv/detail/apple_prediction__rosidl_typesupport_introspection_c.h
[0.499s] -- Up-to-date symlink: /home/imml/git/research_2025/apple-harvest-eva/install/harvest_interfaces/include/harvest_interfaces/harvest_interfaces/srv/detail/coordinate_to_trajectory__rosidl_typesupport_introspection_c.h
[0.499s] -- Up-to-date symlink: /home/imml/git/research_2025/apple-harvest-eva/install/harvest_interfaces/include/harvest_interfaces/harvest_interfaces/srv/detail/get_gripper_pose__rosidl_typesupport_introspection_c.h
[0.500s] -- Up-to-date symlink: /home/imml/git/research_2025/apple-harvest-eva/install/harvest_interfaces/include/harvest_interfaces/harvest_interfaces/srv/detail/move_to_pose__rosidl_typesupport_introspection_c.h
[0.500s] -- Up-to-date symlink: /home/imml/git/research_2025/apple-harvest-eva/install/harvest_interfaces/include/harvest_interfaces/harvest_interfaces/srv/detail/record_topics__rosidl_typesupport_introspection_c.h
[0.500s] -- Up-to-date symlink: /home/imml/git/research_2025/apple-harvest-eva/install/harvest_interfaces/include/harvest_interfaces/harvest_interfaces/srv/detail/send_trajectory__rosidl_typesupport_introspection_c.h
[0.500s] -- Up-to-date symlink: /home/imml/git/research_2025/apple-harvest-eva/install/harvest_interfaces/include/harvest_interfaces/harvest_interfaces/srv/detail/set_value__rosidl_typesupport_introspection_c.h
[0.501s] -- Up-to-date symlink: /home/imml/git/research_2025/apple-harvest-eva/install/harvest_interfaces/include/harvest_interfaces/harvest_interfaces/srv/detail/trajectory_between_points__rosidl_typesupport_introspection_c.h
[0.501s] -- Up-to-date symlink: /home/imml/git/research_2025/apple-harvest-eva/install/harvest_interfaces/include/harvest_interfaces/harvest_interfaces/srv/detail/voxel_grid__rosidl_typesupport_introspection_c.h
[0.502s] -- Up-to-date symlink: /home/imml/git/research_2025/apple-harvest-eva/install/harvest_interfaces/include/harvest_interfaces/harvest_interfaces/srv/detail/voxel_mask__rosidl_typesupport_introspection_c.h
[0.503s] -- Up-to-date symlink: /home/imml/git/research_2025/apple-harvest-eva/install/harvest_interfaces/include/harvest_interfaces/harvest_interfaces/action/detail/event_detection__builder.hpp
[0.503s] -- Up-to-date symlink: /home/imml/git/research_2025/apple-harvest-eva/install/harvest_interfaces/include/harvest_interfaces/harvest_interfaces/action/detail/event_detection__struct.hpp
[0.505s] -- Up-to-date symlink: /home/imml/git/research_2025/apple-harvest-eva/install/harvest_interfaces/include/harvest_interfaces/harvest_interfaces/action/detail/event_detection__traits.hpp
[0.505s] -- Up-to-date symlink: /home/imml/git/research_2025/apple-harvest-eva/install/harvest_interfaces/include/harvest_interfaces/harvest_interfaces/action/detail/event_detection__type_support.hpp
[0.505s] -- Up-to-date symlink: /home/imml/git/research_2025/apple-harvest-eva/install/harvest_interfaces/include/harvest_interfaces/harvest_interfaces/action/detail/send_trajectory__builder.hpp
[0.505s] -- Up-to-date symlink: /home/imml/git/research_2025/apple-harvest-eva/install/harvest_interfaces/include/harvest_interfaces/harvest_interfaces/action/detail/send_trajectory__struct.hpp
[0.505s] -- Up-to-date symlink: /home/imml/git/research_2025/apple-harvest-eva/install/harvest_interfaces/include/harvest_interfaces/harvest_interfaces/action/detail/send_trajectory__traits.hpp
[0.505s] -- Up-to-date symlink: /home/imml/git/research_2025/apple-harvest-eva/install/harvest_interfaces/include/harvest_interfaces/harvest_interfaces/action/detail/send_trajectory__type_support.hpp
[0.506s] -- Up-to-date symlink: /home/imml/git/research_2025/apple-harvest-eva/install/harvest_interfaces/include/harvest_interfaces/harvest_interfaces/action/event_detection.hpp
[0.506s] -- Up-to-date symlink: /home/imml/git/research_2025/apple-harvest-eva/install/harvest_interfaces/include/harvest_interfaces/harvest_interfaces/action/send_trajectory.hpp
[0.506s] -- Up-to-date symlink: /home/imml/git/research_2025/apple-harvest-eva/install/harvest_interfaces/include/harvest_interfaces/harvest_interfaces/msg/rosidl_generator_cpp__visibility_control.hpp
[0.506s] -- Up-to-date symlink: /home/imml/git/research_2025/apple-harvest-eva/install/harvest_interfaces/include/harvest_interfaces/harvest_interfaces/srv/apple_prediction.hpp
[0.507s] -- Up-to-date symlink: /home/imml/git/research_2025/apple-harvest-eva/install/harvest_interfaces/include/harvest_interfaces/harvest_interfaces/srv/coordinate_to_trajectory.hpp
[0.507s] -- Up-to-date symlink: /home/imml/git/research_2025/apple-harvest-eva/install/harvest_interfaces/include/harvest_interfaces/harvest_interfaces/srv/detail/apple_prediction__builder.hpp
[0.507s] -- Up-to-date symlink: /home/imml/git/research_2025/apple-harvest-eva/install/harvest_interfaces/include/harvest_interfaces/harvest_interfaces/srv/detail/apple_prediction__struct.hpp
[0.507s] -- Up-to-date symlink: /home/imml/git/research_2025/apple-harvest-eva/install/harvest_interfaces/include/harvest_interfaces/harvest_interfaces/srv/detail/apple_prediction__traits.hpp
[0.507s] -- Up-to-date symlink: /home/imml/git/research_2025/apple-harvest-eva/install/harvest_interfaces/include/harvest_interfaces/harvest_interfaces/srv/detail/apple_prediction__type_support.hpp
[0.508s] -- Up-to-date symlink: /home/imml/git/research_2025/apple-harvest-eva/install/harvest_interfaces/include/harvest_interfaces/harvest_interfaces/srv/detail/coordinate_to_trajectory__builder.hpp
[0.508s] -- Up-to-date symlink: /home/imml/git/research_2025/apple-harvest-eva/install/harvest_interfaces/include/harvest_interfaces/harvest_interfaces/srv/detail/coordinate_to_trajectory__struct.hpp
[0.508s] -- Up-to-date symlink: /home/imml/git/research_2025/apple-harvest-eva/install/harvest_interfaces/include/harvest_interfaces/harvest_interfaces/srv/detail/coordinate_to_trajectory__traits.hpp
[0.508s] -- Up-to-date symlink: /home/imml/git/research_2025/apple-harvest-eva/install/harvest_interfaces/include/harvest_interfaces/harvest_interfaces/srv/detail/coordinate_to_trajectory__type_support.hpp
[0.509s] -- Up-to-date symlink: /home/imml/git/research_2025/apple-harvest-eva/install/harvest_interfaces/include/harvest_interfaces/harvest_interfaces/srv/detail/get_gripper_pose__builder.hpp
[0.509s] -- Up-to-date symlink: /home/imml/git/research_2025/apple-harvest-eva/install/harvest_interfaces/include/harvest_interfaces/harvest_interfaces/srv/detail/get_gripper_pose__struct.hpp
[0.509s] -- Up-to-date symlink: /home/imml/git/research_2025/apple-harvest-eva/install/harvest_interfaces/include/harvest_interfaces/harvest_interfaces/srv/detail/get_gripper_pose__traits.hpp
[0.509s] -- Up-to-date symlink: /home/imml/git/research_2025/apple-harvest-eva/install/harvest_interfaces/include/harvest_interfaces/harvest_interfaces/srv/detail/get_gripper_pose__type_support.hpp
[0.509s] -- Up-to-date symlink: /home/imml/git/research_2025/apple-harvest-eva/install/harvest_interfaces/include/harvest_interfaces/harvest_interfaces/srv/detail/move_to_pose__builder.hpp
[0.509s] -- Up-to-date symlink: /home/imml/git/research_2025/apple-harvest-eva/install/harvest_interfaces/include/harvest_interfaces/harvest_interfaces/srv/detail/move_to_pose__struct.hpp
[0.510s] -- Up-to-date symlink: /home/imml/git/research_2025/apple-harvest-eva/install/harvest_interfaces/include/harvest_interfaces/harvest_interfaces/srv/detail/move_to_pose__traits.hpp
[0.510s] -- Up-to-date symlink: /home/imml/git/research_2025/apple-harvest-eva/install/harvest_interfaces/include/harvest_interfaces/harvest_interfaces/srv/detail/move_to_pose__type_support.hpp
[0.510s] -- Up-to-date symlink: /home/imml/git/research_2025/apple-harvest-eva/install/harvest_interfaces/include/harvest_interfaces/harvest_interfaces/srv/detail/record_topics__builder.hpp
[0.512s] -- Up-to-date symlink: /home/imml/git/research_2025/apple-harvest-eva/install/harvest_interfaces/include/harvest_interfaces/harvest_interfaces/srv/detail/record_topics__struct.hpp
[0.512s] -- Up-to-date symlink: /home/imml/git/research_2025/apple-harvest-eva/install/harvest_interfaces/include/harvest_interfaces/harvest_interfaces/srv/detail/record_topics__traits.hpp
[0.512s] -- Up-to-date symlink: /home/imml/git/research_2025/apple-harvest-eva/install/harvest_interfaces/include/harvest_interfaces/harvest_interfaces/srv/detail/record_topics__type_support.hpp
[0.512s] -- Up-to-date symlink: /home/imml/git/research_2025/apple-harvest-eva/install/harvest_interfaces/include/harvest_interfaces/harvest_interfaces/srv/detail/send_trajectory__builder.hpp
[0.512s] -- Up-to-date symlink: /home/imml/git/research_2025/apple-harvest-eva/install/harvest_interfaces/include/harvest_interfaces/harvest_interfaces/srv/detail/send_trajectory__struct.hpp
[0.512s] -- Up-to-date symlink: /home/imml/git/research_2025/apple-harvest-eva/install/harvest_interfaces/include/harvest_interfaces/harvest_interfaces/srv/detail/send_trajectory__traits.hpp
[0.512s] -- Up-to-date symlink: /home/imml/git/research_2025/apple-harvest-eva/install/harvest_interfaces/include/harvest_interfaces/harvest_interfaces/srv/detail/send_trajectory__type_support.hpp
[0.512s] -- Up-to-date symlink: /home/imml/git/research_2025/apple-harvest-eva/install/harvest_interfaces/include/harvest_interfaces/harvest_interfaces/srv/detail/set_value__builder.hpp
[0.514s] -- Up-to-date symlink: /home/imml/git/research_2025/apple-harvest-eva/install/harvest_interfaces/include/harvest_interfaces/harvest_interfaces/srv/detail/set_value__struct.hpp
[0.514s] -- Up-to-date symlink: /home/imml/git/research_2025/apple-harvest-eva/install/harvest_interfaces/include/harvest_interfaces/harvest_interfaces/srv/detail/set_value__traits.hpp
[0.514s] -- Up-to-date symlink: /home/imml/git/research_2025/apple-harvest-eva/install/harvest_interfaces/include/harvest_interfaces/harvest_interfaces/srv/detail/set_value__type_support.hpp
[0.514s] -- Up-to-date symlink: /home/imml/git/research_2025/apple-harvest-eva/install/harvest_interfaces/include/harvest_interfaces/harvest_interfaces/srv/detail/trajectory_between_points__builder.hpp
[0.514s] -- Up-to-date symlink: /home/imml/git/research_2025/apple-harvest-eva/install/harvest_interfaces/include/harvest_interfaces/harvest_interfaces/srv/detail/trajectory_between_points__struct.hpp
[0.514s] -- Up-to-date symlink: /home/imml/git/research_2025/apple-harvest-eva/install/harvest_interfaces/include/harvest_interfaces/harvest_interfaces/srv/detail/trajectory_between_points__traits.hpp
[0.515s] -- Up-to-date symlink: /home/imml/git/research_2025/apple-harvest-eva/install/harvest_interfaces/include/harvest_interfaces/harvest_interfaces/srv/detail/trajectory_between_points__type_support.hpp
[0.515s] -- Up-to-date symlink: /home/imml/git/research_2025/apple-harvest-eva/install/harvest_interfaces/include/harvest_interfaces/harvest_interfaces/srv/detail/voxel_grid__builder.hpp
[0.515s] -- Up-to-date symlink: /home/imml/git/research_2025/apple-harvest-eva/install/harvest_interfaces/include/harvest_interfaces/harvest_interfaces/srv/detail/voxel_grid__struct.hpp
[0.515s] -- Up-to-date symlink: /home/imml/git/research_2025/apple-harvest-eva/install/harvest_interfaces/include/harvest_interfaces/harvest_interfaces/srv/detail/voxel_grid__traits.hpp
[0.515s] -- Up-to-date symlink: /home/imml/git/research_2025/apple-harvest-eva/install/harvest_interfaces/include/harvest_interfaces/harvest_interfaces/srv/detail/voxel_grid__type_support.hpp
[0.515s] -- Up-to-date symlink: /home/imml/git/research_2025/apple-harvest-eva/install/harvest_interfaces/include/harvest_interfaces/harvest_interfaces/srv/detail/voxel_mask__builder.hpp
[0.516s] -- Up-to-date symlink: /home/imml/git/research_2025/apple-harvest-eva/install/harvest_interfaces/include/harvest_interfaces/harvest_interfaces/srv/detail/voxel_mask__struct.hpp
[0.516s] -- Up-to-date symlink: /home/imml/git/research_2025/apple-harvest-eva/install/harvest_interfaces/include/harvest_interfaces/harvest_interfaces/srv/detail/voxel_mask__traits.hpp
[0.516s] -- Up-to-date symlink: /home/imml/git/research_2025/apple-harvest-eva/install/harvest_interfaces/include/harvest_interfaces/harvest_interfaces/srv/detail/voxel_mask__type_support.hpp
[0.516s] -- Up-to-date symlink: /home/imml/git/research_2025/apple-harvest-eva/install/harvest_interfaces/include/harvest_interfaces/harvest_interfaces/srv/get_gripper_pose.hpp
[0.516s] -- Up-to-date symlink: /home/imml/git/research_2025/apple-harvest-eva/install/harvest_interfaces/include/harvest_interfaces/harvest_interfaces/srv/move_to_pose.hpp
[0.516s] -- Up-to-date symlink: /home/imml/git/research_2025/apple-harvest-eva/install/harvest_interfaces/include/harvest_interfaces/harvest_interfaces/srv/record_topics.hpp
[0.516s] -- Up-to-date symlink: /home/imml/git/research_2025/apple-harvest-eva/install/harvest_interfaces/include/harvest_interfaces/harvest_interfaces/srv/send_trajectory.hpp
[0.516s] -- Up-to-date symlink: /home/imml/git/research_2025/apple-harvest-eva/install/harvest_interfaces/include/harvest_interfaces/harvest_interfaces/srv/set_value.hpp
[0.517s] -- Up-to-date symlink: /home/imml/git/research_2025/apple-harvest-eva/install/harvest_interfaces/include/harvest_interfaces/harvest_interfaces/srv/trajectory_between_points.hpp
[0.517s] -- Up-to-date symlink: /home/imml/git/research_2025/apple-harvest-eva/install/harvest_interfaces/include/harvest_interfaces/harvest_interfaces/srv/voxel_grid.hpp
[0.517s] -- Up-to-date symlink: /home/imml/git/research_2025/apple-harvest-eva/install/harvest_interfaces/include/harvest_interfaces/harvest_interfaces/srv/voxel_mask.hpp
[0.518s] -- Up-to-date symlink: /home/imml/git/research_2025/apple-harvest-eva/install/harvest_interfaces/include/harvest_interfaces/harvest_interfaces/action/detail/event_detection__rosidl_typesupport_fastrtps_cpp.hpp
[0.518s] -- Up-to-date symlink: /home/imml/git/research_2025/apple-harvest-eva/install/harvest_interfaces/include/harvest_interfaces/harvest_interfaces/action/detail/send_trajectory__rosidl_typesupport_fastrtps_cpp.hpp
[0.518s] -- Up-to-date symlink: /home/imml/git/research_2025/apple-harvest-eva/install/harvest_interfaces/include/harvest_interfaces/harvest_interfaces/msg/rosidl_typesupport_fastrtps_cpp__visibility_control.h
[0.518s] -- Up-to-date symlink: /home/imml/git/research_2025/apple-harvest-eva/install/harvest_interfaces/include/harvest_interfaces/harvest_interfaces/srv/detail/apple_prediction__rosidl_typesupport_fastrtps_cpp.hpp
[0.518s] -- Up-to-date symlink: /home/imml/git/research_2025/apple-harvest-eva/install/harvest_interfaces/include/harvest_interfaces/harvest_interfaces/srv/detail/coordinate_to_trajectory__rosidl_typesupport_fastrtps_cpp.hpp
[0.518s] -- Up-to-date symlink: /home/imml/git/research_2025/apple-harvest-eva/install/harvest_interfaces/include/harvest_interfaces/harvest_interfaces/srv/detail/get_gripper_pose__rosidl_typesupport_fastrtps_cpp.hpp
[0.518s] -- Up-to-date symlink: /home/imml/git/research_2025/apple-harvest-eva/install/harvest_interfaces/include/harvest_interfaces/harvest_interfaces/srv/detail/move_to_pose__rosidl_typesupport_fastrtps_cpp.hpp
[0.518s] -- Up-to-date symlink: /home/imml/git/research_2025/apple-harvest-eva/install/harvest_interfaces/include/harvest_interfaces/harvest_interfaces/srv/detail/record_topics__rosidl_typesupport_fastrtps_cpp.hpp
[0.519s] -- Up-to-date symlink: /home/imml/git/research_2025/apple-harvest-eva/install/harvest_interfaces/include/harvest_interfaces/harvest_interfaces/srv/detail/send_trajectory__rosidl_typesupport_fastrtps_cpp.hpp
[0.519s] -- Up-to-date symlink: /home/imml/git/research_2025/apple-harvest-eva/install/harvest_interfaces/include/harvest_interfaces/harvest_interfaces/srv/detail/set_value__rosidl_typesupport_fastrtps_cpp.hpp
[0.519s] -- Up-to-date symlink: /home/imml/git/research_2025/apple-harvest-eva/install/harvest_interfaces/include/harvest_interfaces/harvest_interfaces/srv/detail/trajectory_between_points__rosidl_typesupport_fastrtps_cpp.hpp
[0.519s] -- Up-to-date symlink: /home/imml/git/research_2025/apple-harvest-eva/install/harvest_interfaces/include/harvest_interfaces/harvest_interfaces/srv/detail/voxel_grid__rosidl_typesupport_fastrtps_cpp.hpp
[0.519s] -- Up-to-date symlink: /home/imml/git/research_2025/apple-harvest-eva/install/harvest_interfaces/include/harvest_interfaces/harvest_interfaces/srv/detail/voxel_mask__rosidl_typesupport_fastrtps_cpp.hpp
[0.519s] -- Up-to-date symlink: /home/imml/git/research_2025/apple-harvest-eva/install/harvest_interfaces/include/harvest_interfaces/harvest_interfaces/action/detail/event_detection__rosidl_typesupport_introspection_cpp.hpp
[0.520s] -- Up-to-date symlink: /home/imml/git/research_2025/apple-harvest-eva/install/harvest_interfaces/include/harvest_interfaces/harvest_interfaces/action/detail/send_trajectory__rosidl_typesupport_introspection_cpp.hpp
[0.520s] -- Up-to-date symlink: /home/imml/git/research_2025/apple-harvest-eva/install/harvest_interfaces/include/harvest_interfaces/harvest_interfaces/srv/detail/apple_prediction__rosidl_typesupport_introspection_cpp.hpp
[0.520s] -- Up-to-date symlink: /home/imml/git/research_2025/apple-harvest-eva/install/harvest_interfaces/include/harvest_interfaces/harvest_interfaces/srv/detail/coordinate_to_trajectory__rosidl_typesupport_introspection_cpp.hpp
[0.520s] -- Up-to-date symlink: /home/imml/git/research_2025/apple-harvest-eva/install/harvest_interfaces/include/harvest_interfaces/harvest_interfaces/srv/detail/get_gripper_pose__rosidl_typesupport_introspection_cpp.hpp
[0.520s] -- Up-to-date symlink: /home/imml/git/research_2025/apple-harvest-eva/install/harvest_interfaces/include/harvest_interfaces/harvest_interfaces/srv/detail/move_to_pose__rosidl_typesupport_introspection_cpp.hpp
[0.520s] -- Up-to-date symlink: /home/imml/git/research_2025/apple-harvest-eva/install/harvest_interfaces/include/harvest_interfaces/harvest_interfaces/srv/detail/record_topics__rosidl_typesupport_introspection_cpp.hpp
[0.520s] -- Up-to-date symlink: /home/imml/git/research_2025/apple-harvest-eva/install/harvest_interfaces/include/harvest_interfaces/harvest_interfaces/srv/detail/send_trajectory__rosidl_typesupport_introspection_cpp.hpp
[0.520s] -- Up-to-date symlink: /home/imml/git/research_2025/apple-harvest-eva/install/harvest_interfaces/include/harvest_interfaces/harvest_interfaces/srv/detail/set_value__rosidl_typesupport_introspection_cpp.hpp
[0.520s] -- Up-to-date symlink: /home/imml/git/research_2025/apple-harvest-eva/install/harvest_interfaces/include/harvest_interfaces/harvest_interfaces/srv/detail/trajectory_between_points__rosidl_typesupport_introspection_cpp.hpp
[0.520s] -- Up-to-date symlink: /home/imml/git/research_2025/apple-harvest-eva/install/harvest_interfaces/include/harvest_interfaces/harvest_interfaces/srv/detail/voxel_grid__rosidl_typesupport_introspection_cpp.hpp
[0.520s] -- Up-to-date symlink: /home/imml/git/research_2025/apple-harvest-eva/install/harvest_interfaces/include/harvest_interfaces/harvest_interfaces/srv/detail/voxel_mask__rosidl_typesupport_introspection_cpp.hpp
[0.521s] -- Up-to-date symlink: /home/imml/git/research_2025/apple-harvest-eva/install/harvest_interfaces/share/harvest_interfaces/environment/pythonpath.sh
[0.521s] -- Up-to-date symlink: /home/imml/git/research_2025/apple-harvest-eva/install/harvest_interfaces/share/harvest_interfaces/environment/pythonpath.dsv
[0.521s] -- Up-to-date symlink: /home/imml/git/research_2025/apple-harvest-eva/install/harvest_interfaces/local/lib/python3.10/dist-packages/harvest_interfaces-0.0.0-py3.10.egg-info/PKG-INFO
[0.521s] -- Up-to-date symlink: /home/imml/git/research_2025/apple-harvest-eva/install/harvest_interfaces/local/lib/python3.10/dist-packages/harvest_interfaces-0.0.0-py3.10.egg-info/SOURCES.txt
[0.521s] -- Up-to-date symlink: /home/imml/git/research_2025/apple-harvest-eva/install/harvest_interfaces/local/lib/python3.10/dist-packages/harvest_interfaces-0.0.0-py3.10.egg-info/dependency_links.txt
[0.521s] -- Up-to-date symlink: /home/imml/git/research_2025/apple-harvest-eva/install/harvest_interfaces/local/lib/python3.10/dist-packages/harvest_interfaces-0.0.0-py3.10.egg-info/top_level.txt
[0.522s] -- Up-to-date symlink: /home/imml/git/research_2025/apple-harvest-eva/install/harvest_interfaces/local/lib/python3.10/dist-packages/harvest_interfaces/__init__.py
[0.522s] -- Up-to-date symlink: /home/imml/git/research_2025/apple-harvest-eva/install/harvest_interfaces/local/lib/python3.10/dist-packages/harvest_interfaces/_harvest_interfaces_s.ep.rosidl_typesupport_c.c
[0.522s] -- Up-to-date symlink: /home/imml/git/research_2025/apple-harvest-eva/install/harvest_interfaces/local/lib/python3.10/dist-packages/harvest_interfaces/_harvest_interfaces_s.ep.rosidl_typesupport_fastrtps_c.c
[0.522s] -- Up-to-date symlink: /home/imml/git/research_2025/apple-harvest-eva/install/harvest_interfaces/local/lib/python3.10/dist-packages/harvest_interfaces/_harvest_interfaces_s.ep.rosidl_typesupport_introspection_c.c
[0.522s] -- Up-to-date symlink: /home/imml/git/research_2025/apple-harvest-eva/install/harvest_interfaces/local/lib/python3.10/dist-packages/harvest_interfaces/action/__init__.py
[0.522s] -- Up-to-date symlink: /home/imml/git/research_2025/apple-harvest-eva/install/harvest_interfaces/local/lib/python3.10/dist-packages/harvest_interfaces/action/_event_detection.py
[0.522s] -- Up-to-date symlink: /home/imml/git/research_2025/apple-harvest-eva/install/harvest_interfaces/local/lib/python3.10/dist-packages/harvest_interfaces/action/_event_detection_s.c
[0.522s] -- Up-to-date symlink: /home/imml/git/research_2025/apple-harvest-eva/install/harvest_interfaces/local/lib/python3.10/dist-packages/harvest_interfaces/action/_send_trajectory.py
[0.522s] -- Up-to-date symlink: /home/imml/git/research_2025/apple-harvest-eva/install/harvest_interfaces/local/lib/python3.10/dist-packages/harvest_interfaces/action/_send_trajectory_s.c
[0.522s] -- Up-to-date symlink: /home/imml/git/research_2025/apple-harvest-eva/install/harvest_interfaces/local/lib/python3.10/dist-packages/harvest_interfaces/harvest_interfaces_s__rosidl_typesupport_c.cpython-310-x86_64-linux-gnu.so
[0.522s] -- Up-to-date symlink: /home/imml/git/research_2025/apple-harvest-eva/install/harvest_interfaces/local/lib/python3.10/dist-packages/harvest_interfaces/harvest_interfaces_s__rosidl_typesupport_fastrtps_c.cpython-310-x86_64-linux-gnu.so
[0.523s] -- Up-to-date symlink: /home/imml/git/research_2025/apple-harvest-eva/install/harvest_interfaces/local/lib/python3.10/dist-packages/harvest_interfaces/harvest_interfaces_s__rosidl_typesupport_introspection_c.cpython-310-x86_64-linux-gnu.so
[0.523s] -- Up-to-date symlink: /home/imml/git/research_2025/apple-harvest-eva/install/harvest_interfaces/local/lib/python3.10/dist-packages/harvest_interfaces/libharvest_interfaces__rosidl_generator_py.so
[0.523s] -- Up-to-date symlink: /home/imml/git/research_2025/apple-harvest-eva/install/harvest_interfaces/local/lib/python3.10/dist-packages/harvest_interfaces/srv/__init__.py
[0.523s] -- Up-to-date symlink: /home/imml/git/research_2025/apple-harvest-eva/install/harvest_interfaces/local/lib/python3.10/dist-packages/harvest_interfaces/srv/_apple_prediction.py
[0.523s] -- Up-to-date symlink: /home/imml/git/research_2025/apple-harvest-eva/install/harvest_interfaces/local/lib/python3.10/dist-packages/harvest_interfaces/srv/_apple_prediction_s.c
[0.523s] -- Up-to-date symlink: /home/imml/git/research_2025/apple-harvest-eva/install/harvest_interfaces/local/lib/python3.10/dist-packages/harvest_interfaces/srv/_coordinate_to_trajectory.py
[0.523s] -- Up-to-date symlink: /home/imml/git/research_2025/apple-harvest-eva/install/harvest_interfaces/local/lib/python3.10/dist-packages/harvest_interfaces/srv/_coordinate_to_trajectory_s.c
[0.523s] -- Up-to-date symlink: /home/imml/git/research_2025/apple-harvest-eva/install/harvest_interfaces/local/lib/python3.10/dist-packages/harvest_interfaces/srv/_get_gripper_pose.py
[0.523s] -- Up-to-date symlink: /home/imml/git/research_2025/apple-harvest-eva/install/harvest_interfaces/local/lib/python3.10/dist-packages/harvest_interfaces/srv/_get_gripper_pose_s.c
[0.523s] -- Up-to-date symlink: /home/imml/git/research_2025/apple-harvest-eva/install/harvest_interfaces/local/lib/python3.10/dist-packages/harvest_interfaces/srv/_move_to_pose.py
[0.523s] -- Up-to-date symlink: /home/imml/git/research_2025/apple-harvest-eva/install/harvest_interfaces/local/lib/python3.10/dist-packages/harvest_interfaces/srv/_move_to_pose_s.c
[0.523s] -- Up-to-date symlink: /home/imml/git/research_2025/apple-harvest-eva/install/harvest_interfaces/local/lib/python3.10/dist-packages/harvest_interfaces/srv/_record_topics.py
[0.524s] -- Up-to-date symlink: /home/imml/git/research_2025/apple-harvest-eva/install/harvest_interfaces/local/lib/python3.10/dist-packages/harvest_interfaces/srv/_record_topics_s.c
[0.524s] -- Up-to-date symlink: /home/imml/git/research_2025/apple-harvest-eva/install/harvest_interfaces/local/lib/python3.10/dist-packages/harvest_interfaces/srv/_send_trajectory.py
[0.524s] -- Up-to-date symlink: /home/imml/git/research_2025/apple-harvest-eva/install/harvest_interfaces/local/lib/python3.10/dist-packages/harvest_interfaces/srv/_send_trajectory_s.c
[0.524s] -- Up-to-date symlink: /home/imml/git/research_2025/apple-harvest-eva/install/harvest_interfaces/local/lib/python3.10/dist-packages/harvest_interfaces/srv/_set_value.py
[0.524s] -- Up-to-date symlink: /home/imml/git/research_2025/apple-harvest-eva/install/harvest_interfaces/local/lib/python3.10/dist-packages/harvest_interfaces/srv/_set_value_s.c
[0.524s] -- Up-to-date symlink: /home/imml/git/research_2025/apple-harvest-eva/install/harvest_interfaces/local/lib/python3.10/dist-packages/harvest_interfaces/srv/_trajectory_between_points.py
[0.524s] -- Up-to-date symlink: /home/imml/git/research_2025/apple-harvest-eva/install/harvest_interfaces/local/lib/python3.10/dist-packages/harvest_interfaces/srv/_trajectory_between_points_s.c
[0.524s] -- Up-to-date symlink: /home/imml/git/research_2025/apple-harvest-eva/install/harvest_interfaces/local/lib/python3.10/dist-packages/harvest_interfaces/srv/_voxel_grid.py
[0.524s] -- Up-to-date symlink: /home/imml/git/research_2025/apple-harvest-eva/install/harvest_interfaces/local/lib/python3.10/dist-packages/harvest_interfaces/srv/_voxel_grid_s.c
[0.524s] -- Up-to-date symlink: /home/imml/git/research_2025/apple-harvest-eva/install/harvest_interfaces/local/lib/python3.10/dist-packages/harvest_interfaces/srv/_voxel_mask.py
[0.524s] -- Up-to-date symlink: /home/imml/git/research_2025/apple-harvest-eva/install/harvest_interfaces/local/lib/python3.10/dist-packages/harvest_interfaces/srv/_voxel_mask_s.c
[0.525s] -- Up-to-date symlink: /home/imml/git/research_2025/apple-harvest-eva/install/harvest_interfaces/local/lib/python3.10/dist-packages/harvest_interfaces/harvest_interfaces_s__rosidl_typesupport_fastrtps_c.cpython-310-x86_64-linux-gnu.so
[0.525s] -- Up-to-date symlink: /home/imml/git/research_2025/apple-harvest-eva/install/harvest_interfaces/local/lib/python3.10/dist-packages/harvest_interfaces/harvest_interfaces_s__rosidl_typesupport_introspection_c.cpython-310-x86_64-linux-gnu.so
[0.525s] -- Up-to-date symlink: /home/imml/git/research_2025/apple-harvest-eva/install/harvest_interfaces/local/lib/python3.10/dist-packages/harvest_interfaces/harvest_interfaces_s__rosidl_typesupport_c.cpython-310-x86_64-linux-gnu.so
[0.525s] -- Up-to-date symlink: /home/imml/git/research_2025/apple-harvest-eva/install/harvest_interfaces/share/harvest_interfaces/action/EventDetection.idl
[0.525s] -- Up-to-date symlink: /home/imml/git/research_2025/apple-harvest-eva/install/harvest_interfaces/share/harvest_interfaces/action/SendTrajectory.idl
[0.525s] -- Up-to-date symlink: /home/imml/git/research_2025/apple-harvest-eva/install/harvest_interfaces/share/harvest_interfaces/srv/ApplePrediction.idl
[0.525s] -- Up-to-date symlink: /home/imml/git/research_2025/apple-harvest-eva/install/harvest_interfaces/share/harvest_interfaces/srv/SendTrajectory.idl
[0.525s] -- Up-to-date symlink: /home/imml/git/research_2025/apple-harvest-eva/install/harvest_interfaces/share/harvest_interfaces/srv/CoordinateToTrajectory.idl
[0.525s] -- Up-to-date symlink: /home/imml/git/research_2025/apple-harvest-eva/install/harvest_interfaces/share/harvest_interfaces/srv/VoxelMask.idl
[0.525s] -- Up-to-date symlink: /home/imml/git/research_2025/apple-harvest-eva/install/harvest_interfaces/share/harvest_interfaces/srv/MoveToPose.idl
[0.525s] -- Up-to-date symlink: /home/imml/git/research_2025/apple-harvest-eva/install/harvest_interfaces/share/harvest_interfaces/srv/TrajectoryBetweenPoints.idl
[0.526s] -- Up-to-date symlink: /home/imml/git/research_2025/apple-harvest-eva/install/harvest_interfaces/share/harvest_interfaces/srv/SetValue.idl
[0.526s] -- Up-to-date symlink: /home/imml/git/research_2025/apple-harvest-eva/install/harvest_interfaces/share/harvest_interfaces/srv/RecordTopics.idl
[0.526s] -- Up-to-date symlink: /home/imml/git/research_2025/apple-harvest-eva/install/harvest_interfaces/share/harvest_interfaces/srv/GetGripperPose.idl
[0.526s] -- Up-to-date symlink: /home/imml/git/research_2025/apple-harvest-eva/install/harvest_interfaces/share/harvest_interfaces/srv/VoxelGrid.idl
[0.526s] -- Up-to-date symlink: /home/imml/git/research_2025/apple-harvest-eva/install/harvest_interfaces/share/harvest_interfaces/action/EventDetection.action
[0.526s] -- Up-to-date symlink: /home/imml/git/research_2025/apple-harvest-eva/install/harvest_interfaces/share/harvest_interfaces/action/SendTrajectory.action
[0.526s] -- Up-to-date symlink: /home/imml/git/research_2025/apple-harvest-eva/install/harvest_interfaces/share/harvest_interfaces/srv/ApplePrediction.srv
[0.526s] -- Up-to-date symlink: /home/imml/git/research_2025/apple-harvest-eva/install/harvest_interfaces/share/harvest_interfaces/srv/ApplePrediction_Request.msg
[0.526s] -- Up-to-date symlink: /home/imml/git/research_2025/apple-harvest-eva/install/harvest_interfaces/share/harvest_interfaces/srv/ApplePrediction_Response.msg
[0.526s] -- Up-to-date symlink: /home/imml/git/research_2025/apple-harvest-eva/install/harvest_interfaces/share/harvest_interfaces/srv/SendTrajectory.srv
[0.527s] -- Up-to-date symlink: /home/imml/git/research_2025/apple-harvest-eva/install/harvest_interfaces/share/harvest_interfaces/srv/SendTrajectory_Request.msg
[0.527s] -- Up-to-date symlink: /home/imml/git/research_2025/apple-harvest-eva/install/harvest_interfaces/share/harvest_interfaces/srv/SendTrajectory_Response.msg
[0.527s] -- Up-to-date symlink: /home/imml/git/research_2025/apple-harvest-eva/install/harvest_interfaces/share/harvest_interfaces/srv/CoordinateToTrajectory.srv
[0.527s] -- Up-to-date symlink: /home/imml/git/research_2025/apple-harvest-eva/install/harvest_interfaces/share/harvest_interfaces/srv/CoordinateToTrajectory_Request.msg
[0.527s] -- Up-to-date symlink: /home/imml/git/research_2025/apple-harvest-eva/install/harvest_interfaces/share/harvest_interfaces/srv/CoordinateToTrajectory_Response.msg
[0.527s] -- Up-to-date symlink: /home/imml/git/research_2025/apple-harvest-eva/install/harvest_interfaces/share/harvest_interfaces/srv/VoxelMask.srv
[0.527s] -- Up-to-date symlink: /home/imml/git/research_2025/apple-harvest-eva/install/harvest_interfaces/share/harvest_interfaces/srv/VoxelMask_Request.msg
[0.527s] -- Up-to-date symlink: /home/imml/git/research_2025/apple-harvest-eva/install/harvest_interfaces/share/harvest_interfaces/srv/VoxelMask_Response.msg
[0.527s] -- Up-to-date symlink: /home/imml/git/research_2025/apple-harvest-eva/install/harvest_interfaces/share/harvest_interfaces/srv/MoveToPose.srv
[0.528s] -- Up-to-date symlink: /home/imml/git/research_2025/apple-harvest-eva/install/harvest_interfaces/share/harvest_interfaces/srv/MoveToPose_Request.msg
[0.528s] -- Up-to-date symlink: /home/imml/git/research_2025/apple-harvest-eva/install/harvest_interfaces/share/harvest_interfaces/srv/MoveToPose_Response.msg
[0.528s] -- Up-to-date symlink: /home/imml/git/research_2025/apple-harvest-eva/install/harvest_interfaces/share/harvest_interfaces/srv/TrajectoryBetweenPoints.srv
[0.528s] -- Up-to-date symlink: /home/imml/git/research_2025/apple-harvest-eva/install/harvest_interfaces/share/harvest_interfaces/srv/TrajectoryBetweenPoints_Request.msg
[0.528s] -- Up-to-date symlink: /home/imml/git/research_2025/apple-harvest-eva/install/harvest_interfaces/share/harvest_interfaces/srv/TrajectoryBetweenPoints_Response.msg
[0.528s] -- Up-to-date symlink: /home/imml/git/research_2025/apple-harvest-eva/install/harvest_interfaces/share/harvest_interfaces/srv/SetValue.srv
[0.528s] -- Up-to-date symlink: /home/imml/git/research_2025/apple-harvest-eva/install/harvest_interfaces/share/harvest_interfaces/srv/SetValue_Request.msg
[0.528s] -- Up-to-date symlink: /home/imml/git/research_2025/apple-harvest-eva/install/harvest_interfaces/share/harvest_interfaces/srv/SetValue_Response.msg
[0.528s] -- Up-to-date symlink: /home/imml/git/research_2025/apple-harvest-eva/install/harvest_interfaces/share/harvest_interfaces/srv/RecordTopics.srv
[0.528s] -- Up-to-date symlink: /home/imml/git/research_2025/apple-harvest-eva/install/harvest_interfaces/share/harvest_interfaces/srv/RecordTopics_Request.msg
[0.529s] -- Up-to-date symlink: /home/imml/git/research_2025/apple-harvest-eva/install/harvest_interfaces/share/harvest_interfaces/srv/RecordTopics_Response.msg
[0.529s] -- Up-to-date symlink: /home/imml/git/research_2025/apple-harvest-eva/install/harvest_interfaces/share/harvest_interfaces/srv/GetGripperPose.srv
[0.529s] -- Up-to-date symlink: /home/imml/git/research_2025/apple-harvest-eva/install/harvest_interfaces/share/harvest_interfaces/srv/GetGripperPose_Request.msg
[0.529s] -- Up-to-date symlink: /home/imml/git/research_2025/apple-harvest-eva/install/harvest_interfaces/share/harvest_interfaces/srv/GetGripperPose_Response.msg
[0.529s] -- Up-to-date symlink: /home/imml/git/research_2025/apple-harvest-eva/install/harvest_interfaces/share/harvest_interfaces/srv/VoxelGrid.srv
[0.529s] -- Up-to-date symlink: /home/imml/git/research_2025/apple-harvest-eva/install/harvest_interfaces/share/harvest_interfaces/srv/VoxelGrid_Request.msg
[0.529s] -- Up-to-date symlink: /home/imml/git/research_2025/apple-harvest-eva/install/harvest_interfaces/share/harvest_interfaces/srv/VoxelGrid_Response.msg
[0.529s] -- Up-to-date symlink: /home/imml/git/research_2025/apple-harvest-eva/install/harvest_interfaces/share/ament_index/resource_index/package_run_dependencies/harvest_interfaces
[0.529s] -- Up-to-date symlink: /home/imml/git/research_2025/apple-harvest-eva/install/harvest_interfaces/share/ament_index/resource_index/parent_prefix_path/harvest_interfaces
[0.530s] -- Up-to-date symlink: /home/imml/git/research_2025/apple-harvest-eva/install/harvest_interfaces/share/harvest_interfaces/environment/ament_prefix_path.sh
[0.530s] -- Up-to-date symlink: /home/imml/git/research_2025/apple-harvest-eva/install/harvest_interfaces/share/harvest_interfaces/environment/ament_prefix_path.dsv
[0.530s] -- Up-to-date symlink: /home/imml/git/research_2025/apple-harvest-eva/install/harvest_interfaces/share/harvest_interfaces/environment/path.sh
[0.530s] -- Up-to-date symlink: /home/imml/git/research_2025/apple-harvest-eva/install/harvest_interfaces/share/harvest_interfaces/environment/path.dsv
[0.530s] -- Up-to-date symlink: /home/imml/git/research_2025/apple-harvest-eva/install/harvest_interfaces/share/harvest_interfaces/local_setup.bash
[0.530s] -- Up-to-date symlink: /home/imml/git/research_2025/apple-harvest-eva/install/harvest_interfaces/share/harvest_interfaces/local_setup.sh
[0.530s] -- Up-to-date symlink: /home/imml/git/research_2025/apple-harvest-eva/install/harvest_interfaces/share/harvest_interfaces/local_setup.zsh
[0.530s] -- Up-to-date symlink: /home/imml/git/research_2025/apple-harvest-eva/install/harvest_interfaces/share/harvest_interfaces/local_setup.dsv
[0.530s] -- Symlinking: /home/imml/git/research_2025/apple-harvest-eva/install/harvest_interfaces/share/harvest_interfaces/package.dsv
[0.531s] -- Up-to-date symlink: /home/imml/git/research_2025/apple-harvest-eva/install/harvest_interfaces/share/ament_index/resource_index/packages/harvest_interfaces
[0.531s] -- Up-to-date symlink: /home/imml/git/research_2025/apple-harvest-eva/install/harvest_interfaces/share/harvest_interfaces/cmake/rosidl_cmake-extras.cmake
[0.531s] -- Up-to-date symlink: /home/imml/git/research_2025/apple-harvest-eva/install/harvest_interfaces/share/harvest_interfaces/cmake/ament_cmake_export_dependencies-extras.cmake
[0.531s] -- Up-to-date symlink: /home/imml/git/research_2025/apple-harvest-eva/install/harvest_interfaces/share/harvest_interfaces/cmake/ament_cmake_export_include_directories-extras.cmake
[0.531s] -- Up-to-date symlink: /home/imml/git/research_2025/apple-harvest-eva/install/harvest_interfaces/share/harvest_interfaces/cmake/ament_cmake_export_libraries-extras.cmake
[0.531s] -- Up-to-date symlink: /home/imml/git/research_2025/apple-harvest-eva/install/harvest_interfaces/share/harvest_interfaces/cmake/ament_cmake_export_targets-extras.cmake
[0.531s] -- Up-to-date symlink: /home/imml/git/research_2025/apple-harvest-eva/install/harvest_interfaces/share/harvest_interfaces/cmake/rosidl_cmake_export_typesupport_targets-extras.cmake
[0.531s] -- Up-to-date symlink: /home/imml/git/research_2025/apple-harvest-eva/install/harvest_interfaces/share/harvest_interfaces/cmake/rosidl_cmake_export_typesupport_libraries-extras.cmake
[0.531s] -- Up-to-date symlink: /home/imml/git/research_2025/apple-harvest-eva/install/harvest_interfaces/share/harvest_interfaces/cmake/harvest_interfacesConfig.cmake
[0.531s] -- Up-to-date symlink: /home/imml/git/research_2025/apple-harvest-eva/install/harvest_interfaces/share/harvest_interfaces/cmake/harvest_interfacesConfig-version.cmake
[0.532s] -- Up-to-date symlink: /home/imml/git/research_2025/apple-harvest-eva/install/harvest_interfaces/share/harvest_interfaces/package.xml
[0.532s] -- Up-to-date: /home/imml/git/research_2025/apple-harvest-eva/install/harvest_interfaces/lib/libharvest_interfaces__rosidl_generator_c.so
[0.532s] -- Up-to-date: /home/imml/git/research_2025/apple-harvest-eva/install/harvest_interfaces/lib/libharvest_interfaces__rosidl_typesupport_fastrtps_c.so
[0.532s] -- Up-to-date: /home/imml/git/research_2025/apple-harvest-eva/install/harvest_interfaces/lib/libharvest_interfaces__rosidl_typesupport_introspection_c.so
[0.532s] -- Up-to-date: /home/imml/git/research_2025/apple-harvest-eva/install/harvest_interfaces/lib/libharvest_interfaces__rosidl_typesupport_c.so
[0.532s] -- Up-to-date: /home/imml/git/research_2025/apple-harvest-eva/install/harvest_interfaces/lib/libharvest_interfaces__rosidl_typesupport_fastrtps_cpp.so
[0.532s] -- Up-to-date: /home/imml/git/research_2025/apple-harvest-eva/install/harvest_interfaces/lib/libharvest_interfaces__rosidl_typesupport_introspection_cpp.so
[0.532s] -- Up-to-date: /home/imml/git/research_2025/apple-harvest-eva/install/harvest_interfaces/lib/libharvest_interfaces__rosidl_typesupport_cpp.so
[0.567s] Listing '/home/imml/git/research_2025/apple-harvest-eva/install/harvest_interfaces/local/lib/python3.10/dist-packages/harvest_interfaces'...
[0.567s] Listing '/home/imml/git/research_2025/apple-harvest-eva/install/harvest_interfaces/local/lib/python3.10/dist-packages/harvest_interfaces/action'...
[0.567s] Listing '/home/imml/git/research_2025/apple-harvest-eva/install/harvest_interfaces/local/lib/python3.10/dist-packages/harvest_interfaces/srv'...
[0.571s] -- Up-to-date: /home/imml/git/research_2025/apple-harvest-eva/install/harvest_interfaces/lib/libharvest_interfaces__rosidl_generator_py.so
[0.572s] -- Up-to-date: /home/imml/git/research_2025/apple-harvest-eva/install/harvest_interfaces/share/harvest_interfaces/cmake/export_harvest_interfaces__rosidl_generator_cExport.cmake
[0.572s] -- Up-to-date: /home/imml/git/research_2025/apple-harvest-eva/install/harvest_interfaces/share/harvest_interfaces/cmake/export_harvest_interfaces__rosidl_generator_cExport-noconfig.cmake
[0.573s] -- Up-to-date: /home/imml/git/research_2025/apple-harvest-eva/install/harvest_interfaces/share/harvest_interfaces/cmake/export_harvest_interfaces__rosidl_typesupport_fastrtps_cExport.cmake
[0.574s] -- Up-to-date: /home/imml/git/research_2025/apple-harvest-eva/install/harvest_interfaces/share/harvest_interfaces/cmake/export_harvest_interfaces__rosidl_typesupport_fastrtps_cExport-noconfig.cmake
[0.574s] -- Up-to-date: /home/imml/git/research_2025/apple-harvest-eva/install/harvest_interfaces/share/harvest_interfaces/cmake/harvest_interfaces__rosidl_typesupport_introspection_cExport.cmake
[0.574s] -- Up-to-date: /home/imml/git/research_2025/apple-harvest-eva/install/harvest_interfaces/share/harvest_interfaces/cmake/harvest_interfaces__rosidl_typesupport_introspection_cExport-noconfig.cmake
[0.574s] -- Up-to-date: /home/imml/git/research_2025/apple-harvest-eva/install/harvest_interfaces/share/harvest_interfaces/cmake/harvest_interfaces__rosidl_typesupport_cExport.cmake
[0.574s] -- Up-to-date: /home/imml/git/research_2025/apple-harvest-eva/install/harvest_interfaces/share/harvest_interfaces/cmake/harvest_interfaces__rosidl_typesupport_cExport-noconfig.cmake
[0.574s] -- Up-to-date: /home/imml/git/research_2025/apple-harvest-eva/install/harvest_interfaces/share/harvest_interfaces/cmake/export_harvest_interfaces__rosidl_generator_cppExport.cmake
[0.574s] -- Up-to-date: /home/imml/git/research_2025/apple-harvest-eva/install/harvest_interfaces/share/harvest_interfaces/cmake/export_harvest_interfaces__rosidl_typesupport_fastrtps_cppExport.cmake
[0.574s] -- Up-to-date: /home/imml/git/research_2025/apple-harvest-eva/install/harvest_interfaces/share/harvest_interfaces/cmake/export_harvest_interfaces__rosidl_typesupport_fastrtps_cppExport-noconfig.cmake
[0.574s] -- Up-to-date: /home/imml/git/research_2025/apple-harvest-eva/install/harvest_interfaces/share/harvest_interfaces/cmake/harvest_interfaces__rosidl_typesupport_introspection_cppExport.cmake
[0.575s] -- Up-to-date: /home/imml/git/research_2025/apple-harvest-eva/install/harvest_interfaces/share/harvest_interfaces/cmake/harvest_interfaces__rosidl_typesupport_introspection_cppExport-noconfig.cmake
[0.575s] -- Up-to-date: /home/imml/git/research_2025/apple-harvest-eva/install/harvest_interfaces/share/harvest_interfaces/cmake/harvest_interfaces__rosidl_typesupport_cppExport.cmake
[0.575s] -- Up-to-date: /home/imml/git/research_2025/apple-harvest-eva/install/harvest_interfaces/share/harvest_interfaces/cmake/harvest_interfaces__rosidl_typesupport_cppExport-noconfig.cmake
[0.575s] -- Up-to-date: /home/imml/git/research_2025/apple-harvest-eva/install/harvest_interfaces/share/harvest_interfaces/cmake/export_harvest_interfaces__rosidl_generator_pyExport.cmake
[0.575s] -- Up-to-date: /home/imml/git/research_2025/apple-harvest-eva/install/harvest_interfaces/share/harvest_interfaces/cmake/export_harvest_interfaces__rosidl_generator_pyExport-noconfig.cmake
[0.615s] Invoked command in '/home/imml/git/research_2025/apple-harvest-eva/build/harvest_interfaces' returned '0': CMAKE_PREFIX_PATH=${CMAKE_PREFIX_PATH}:/home/imml/git/research_2025/apple-harvest-eva/install/ur5e_custom_hardware:/home/imml/git/research_2025/apple-harvest-eva/install/harvest_vision:/opt/ros/humble /usr/bin/cmake --install /home/imml/git/research_2025/apple-harvest-eva/build/harvest_interfaces
