[0.018s] Invoking command in '/home/imml/git/research_2025/apple-harvest-refactor/build/ur_description': CMAKE_PREFIX_PATH=${CMAKE_PREFIX_PATH}:/home/imml/git/research_2025/apple-harvest-refactor/install/ur5e_custom_hardware:/home/imml/git/research_2025/apple-harvest-refactor/install/harvest_vision:/opt/ros/humble /usr/bin/cmake /home/imml/git/research_2025/apple-harvest-refactor/harvest_hardware/Universal_Robots_ROS2_Description -DAMENT_CMAKE_SYMLINK_INSTALL=1 -DCMAKE_INSTALL_PREFIX=/home/imml/git/research_2025/apple-harvest-refactor/install/ur_description
[0.064s] -- The C compiler identification is GNU 11.4.0
[0.124s] -- The CXX compiler identification is GNU 11.4.0
[0.130s] -- Detecting C compiler ABI info
[0.188s] -- Detecting C compiler ABI info - done
[0.193s] -- Check for working C compiler: /usr/bin/cc - skipped
[0.194s] -- Detecting C compile features
[0.194s] -- Detecting C compile features - done
[0.196s] -- Detecting CXX compiler ABI info
[0.266s] -- Detecting CXX compiler ABI info - done
[0.275s] -- Check for working CXX compiler: /usr/bin/c++ - skipped
[0.275s] -- Detecting CXX compile features
[0.277s] -- Detecting CXX compile features - done
[0.279s] -- Found ament_cmake: 1.3.11 (/opt/ros/humble/share/ament_cmake/cmake)
[0.406s] -- Found Python3: /usr/bin/python3 (found version "3.10.12") found components: Interpreter 
[0.464s] -- Override CMake install command with custom implementation using symlinks instead of copying resources
[0.490s] -- Found ament_cmake_pytest: 1.3.11 (/opt/ros/humble/share/ament_cmake_pytest/cmake)
[3.066s] -- Configuring done
[3.073s] -- Generating done
[3.080s] -- Build files have been written to: /home/imml/git/research_2025/apple-harvest-refactor/build/ur_description
[3.108s] Invoked command in '/home/imml/git/research_2025/apple-harvest-refactor/build/ur_description' returned '0': CMAKE_PREFIX_PATH=${CMAKE_PREFIX_PATH}:/home/imml/git/research_2025/apple-harvest-refactor/install/ur5e_custom_hardware:/home/imml/git/research_2025/apple-harvest-refactor/install/harvest_vision:/opt/ros/humble /usr/bin/cmake /home/imml/git/research_2025/apple-harvest-refactor/harvest_hardware/Universal_Robots_ROS2_Description -DAMENT_CMAKE_SYMLINK_INSTALL=1 -DCMAKE_INSTALL_PREFIX=/home/imml/git/research_2025/apple-harvest-refactor/install/ur_description
[3.108s] Invoking command in '/home/imml/git/research_2025/apple-harvest-refactor/build/ur_description': CMAKE_PREFIX_PATH=${CMAKE_PREFIX_PATH}:/home/imml/git/research_2025/apple-harvest-refactor/install/ur5e_custom_hardware:/home/imml/git/research_2025/apple-harvest-refactor/install/harvest_vision:/opt/ros/humble /usr/bin/cmake --build /home/imml/git/research_2025/apple-harvest-refactor/build/ur_description -- -j16 -l16
[3.224s] Invoked command in '/home/imml/git/research_2025/apple-harvest-refactor/build/ur_description' returned '0': CMAKE_PREFIX_PATH=${CMAKE_PREFIX_PATH}:/home/imml/git/research_2025/apple-harvest-refactor/install/ur5e_custom_hardware:/home/imml/git/research_2025/apple-harvest-refactor/install/harvest_vision:/opt/ros/humble /usr/bin/cmake --build /home/imml/git/research_2025/apple-harvest-refactor/build/ur_description -- -j16 -l16
[3.261s] Invoking command in '/home/imml/git/research_2025/apple-harvest-refactor/build/ur_description': CMAKE_PREFIX_PATH=${CMAKE_PREFIX_PATH}:/home/imml/git/research_2025/apple-harvest-refactor/install/ur5e_custom_hardware:/home/imml/git/research_2025/apple-harvest-refactor/install/harvest_vision:/opt/ros/humble /usr/bin/cmake --install /home/imml/git/research_2025/apple-harvest-refactor/build/ur_description
[3.288s] -- Install configuration: ""
[3.289s] -- Execute custom install script
[3.294s] -- Symlinking: /home/imml/git/research_2025/apple-harvest-refactor/install/ur_description/share/ur_description/config/initial_positions.yaml
[3.318s] -- Symlinking: /home/imml/git/research_2025/apple-harvest-refactor/install/ur_description/share/ur_description/config/initial_positions_marcus.yaml
[3.347s] -- Symlinking: /home/imml/git/research_2025/apple-harvest-refactor/install/ur_description/share/ur_description/config/ur10/default_kinematics.yaml
[3.368s] -- Symlinking: /home/imml/git/research_2025/apple-harvest-refactor/install/ur_description/share/ur_description/config/ur10/joint_limits.yaml
[3.393s] -- Symlinking: /home/imml/git/research_2025/apple-harvest-refactor/install/ur_description/share/ur_description/config/ur10/physical_parameters.yaml
[3.424s] -- Symlinking: /home/imml/git/research_2025/apple-harvest-refactor/install/ur_description/share/ur_description/config/ur10/visual_parameters.yaml
[3.452s] -- Symlinking: /home/imml/git/research_2025/apple-harvest-refactor/install/ur_description/share/ur_description/config/ur10e/default_kinematics.yaml
[3.478s] -- Symlinking: /home/imml/git/research_2025/apple-harvest-refactor/install/ur_description/share/ur_description/config/ur10e/joint_limits.yaml
[3.510s] -- Symlinking: /home/imml/git/research_2025/apple-harvest-refactor/install/ur_description/share/ur_description/config/ur10e/physical_parameters.yaml
[3.537s] -- Symlinking: /home/imml/git/research_2025/apple-harvest-refactor/install/ur_description/share/ur_description/config/ur10e/visual_parameters.yaml
[3.580s] -- Symlinking: /home/imml/git/research_2025/apple-harvest-refactor/install/ur_description/share/ur_description/config/ur16e/default_kinematics.yaml
[3.621s] -- Symlinking: /home/imml/git/research_2025/apple-harvest-refactor/install/ur_description/share/ur_description/config/ur16e/joint_limits.yaml
[3.655s] -- Symlinking: /home/imml/git/research_2025/apple-harvest-refactor/install/ur_description/share/ur_description/config/ur16e/physical_parameters.yaml
[3.681s] -- Symlinking: /home/imml/git/research_2025/apple-harvest-refactor/install/ur_description/share/ur_description/config/ur16e/visual_parameters.yaml
[3.715s] -- Symlinking: /home/imml/git/research_2025/apple-harvest-refactor/install/ur_description/share/ur_description/config/ur20/default_kinematics.yaml
[3.741s] -- Symlinking: /home/imml/git/research_2025/apple-harvest-refactor/install/ur_description/share/ur_description/config/ur20/joint_limits.yaml
[3.765s] -- Symlinking: /home/imml/git/research_2025/apple-harvest-refactor/install/ur_description/share/ur_description/config/ur20/physical_parameters.yaml
[3.781s] -- Symlinking: /home/imml/git/research_2025/apple-harvest-refactor/install/ur_description/share/ur_description/config/ur20/visual_parameters.yaml
[3.806s] -- Symlinking: /home/imml/git/research_2025/apple-harvest-refactor/install/ur_description/share/ur_description/config/ur3/default_kinematics.yaml
[3.830s] -- Symlinking: /home/imml/git/research_2025/apple-harvest-refactor/install/ur_description/share/ur_description/config/ur3/joint_limits.yaml
[3.864s] -- Symlinking: /home/imml/git/research_2025/apple-harvest-refactor/install/ur_description/share/ur_description/config/ur3/physical_parameters.yaml
[3.907s] -- Symlinking: /home/imml/git/research_2025/apple-harvest-refactor/install/ur_description/share/ur_description/config/ur3/visual_parameters.yaml
[3.955s] -- Symlinking: /home/imml/git/research_2025/apple-harvest-refactor/install/ur_description/share/ur_description/config/ur30/default_kinematics.yaml
[3.986s] -- Symlinking: /home/imml/git/research_2025/apple-harvest-refactor/install/ur_description/share/ur_description/config/ur30/joint_limits.yaml
[4.012s] -- Symlinking: /home/imml/git/research_2025/apple-harvest-refactor/install/ur_description/share/ur_description/config/ur30/physical_parameters.yaml
[4.038s] -- Symlinking: /home/imml/git/research_2025/apple-harvest-refactor/install/ur_description/share/ur_description/config/ur30/visual_parameters.yaml
[4.055s] -- Symlinking: /home/imml/git/research_2025/apple-harvest-refactor/install/ur_description/share/ur_description/config/ur3e/default_kinematics.yaml
[4.072s] -- Symlinking: /home/imml/git/research_2025/apple-harvest-refactor/install/ur_description/share/ur_description/config/ur3e/joint_limits.yaml
[4.086s] -- Symlinking: /home/imml/git/research_2025/apple-harvest-refactor/install/ur_description/share/ur_description/config/ur3e/physical_parameters.yaml
[4.104s] -- Symlinking: /home/imml/git/research_2025/apple-harvest-refactor/install/ur_description/share/ur_description/config/ur3e/visual_parameters.yaml
[4.115s] -- Symlinking: /home/imml/git/research_2025/apple-harvest-refactor/install/ur_description/share/ur_description/config/ur5/default_kinematics.yaml
[4.130s] -- Symlinking: /home/imml/git/research_2025/apple-harvest-refactor/install/ur_description/share/ur_description/config/ur5/joint_limits.yaml
[4.152s] -- Symlinking: /home/imml/git/research_2025/apple-harvest-refactor/install/ur_description/share/ur_description/config/ur5/physical_parameters.yaml
[4.168s] -- Symlinking: /home/imml/git/research_2025/apple-harvest-refactor/install/ur_description/share/ur_description/config/ur5/visual_parameters.yaml
[4.190s] -- Symlinking: /home/imml/git/research_2025/apple-harvest-refactor/install/ur_description/share/ur_description/config/ur5e/default_kinematics.yaml
[4.206s] -- Symlinking: /home/imml/git/research_2025/apple-harvest-refactor/install/ur_description/share/ur_description/config/ur5e/joint_limits.yaml
[4.221s] -- Symlinking: /home/imml/git/research_2025/apple-harvest-refactor/install/ur_description/share/ur_description/config/ur5e/physical_parameters.yaml
[4.235s] -- Symlinking: /home/imml/git/research_2025/apple-harvest-refactor/install/ur_description/share/ur_description/config/ur5e/visual_parameters.yaml
[4.248s] -- Symlinking: /home/imml/git/research_2025/apple-harvest-refactor/install/ur_description/share/ur_description/launch/view_ur.launch.py
[4.262s] -- Symlinking: /home/imml/git/research_2025/apple-harvest-refactor/install/ur_description/share/ur_description/meshes/ur10/collision/base.stl
[4.276s] -- Symlinking: /home/imml/git/research_2025/apple-harvest-refactor/install/ur_description/share/ur_description/meshes/ur10/collision/forearm.stl
[4.287s] -- Symlinking: /home/imml/git/research_2025/apple-harvest-refactor/install/ur_description/share/ur_description/meshes/ur10/collision/shoulder.stl
[4.301s] -- Symlinking: /home/imml/git/research_2025/apple-harvest-refactor/install/ur_description/share/ur_description/meshes/ur10/collision/upperarm.stl
[4.316s] -- Symlinking: /home/imml/git/research_2025/apple-harvest-refactor/install/ur_description/share/ur_description/meshes/ur10/collision/wrist1.stl
[4.331s] -- Symlinking: /home/imml/git/research_2025/apple-harvest-refactor/install/ur_description/share/ur_description/meshes/ur10/collision/wrist2.stl
[4.347s] -- Symlinking: /home/imml/git/research_2025/apple-harvest-refactor/install/ur_description/share/ur_description/meshes/ur10/collision/wrist3.stl
[4.362s] -- Symlinking: /home/imml/git/research_2025/apple-harvest-refactor/install/ur_description/share/ur_description/meshes/ur10/visual/base.dae
[4.376s] -- Symlinking: /home/imml/git/research_2025/apple-harvest-refactor/install/ur_description/share/ur_description/meshes/ur10/visual/forearm.dae
[4.389s] -- Symlinking: /home/imml/git/research_2025/apple-harvest-refactor/install/ur_description/share/ur_description/meshes/ur10/visual/shoulder.dae
[4.398s] -- Symlinking: /home/imml/git/research_2025/apple-harvest-refactor/install/ur_description/share/ur_description/meshes/ur10/visual/upperarm.dae
[4.408s] -- Symlinking: /home/imml/git/research_2025/apple-harvest-refactor/install/ur_description/share/ur_description/meshes/ur10/visual/wrist1.dae
[4.418s] -- Symlinking: /home/imml/git/research_2025/apple-harvest-refactor/install/ur_description/share/ur_description/meshes/ur10/visual/wrist2.dae
[4.431s] -- Symlinking: /home/imml/git/research_2025/apple-harvest-refactor/install/ur_description/share/ur_description/meshes/ur10/visual/wrist3.dae
[4.444s] -- Symlinking: /home/imml/git/research_2025/apple-harvest-refactor/install/ur_description/share/ur_description/meshes/ur10e/collision/base.stl
[4.459s] -- Symlinking: /home/imml/git/research_2025/apple-harvest-refactor/install/ur_description/share/ur_description/meshes/ur10e/collision/forearm.stl
[4.476s] -- Symlinking: /home/imml/git/research_2025/apple-harvest-refactor/install/ur_description/share/ur_description/meshes/ur10e/collision/shoulder.stl
[4.488s] -- Symlinking: /home/imml/git/research_2025/apple-harvest-refactor/install/ur_description/share/ur_description/meshes/ur10e/collision/upperarm.stl
[4.501s] -- Symlinking: /home/imml/git/research_2025/apple-harvest-refactor/install/ur_description/share/ur_description/meshes/ur10e/collision/wrist1.stl
[4.517s] -- Symlinking: /home/imml/git/research_2025/apple-harvest-refactor/install/ur_description/share/ur_description/meshes/ur10e/collision/wrist2.stl
[4.529s] -- Symlinking: /home/imml/git/research_2025/apple-harvest-refactor/install/ur_description/share/ur_description/meshes/ur10e/collision/wrist3.stl
[4.543s] -- Symlinking: /home/imml/git/research_2025/apple-harvest-refactor/install/ur_description/share/ur_description/meshes/ur10e/visual/base.dae
[4.558s] -- Symlinking: /home/imml/git/research_2025/apple-harvest-refactor/install/ur_description/share/ur_description/meshes/ur10e/visual/forearm.dae
[4.567s] -- Symlinking: /home/imml/git/research_2025/apple-harvest-refactor/install/ur_description/share/ur_description/meshes/ur10e/visual/shoulder.dae
[4.578s] -- Symlinking: /home/imml/git/research_2025/apple-harvest-refactor/install/ur_description/share/ur_description/meshes/ur10e/visual/upperarm.dae
[4.588s] -- Symlinking: /home/imml/git/research_2025/apple-harvest-refactor/install/ur_description/share/ur_description/meshes/ur10e/visual/wrist1.dae
[4.597s] -- Symlinking: /home/imml/git/research_2025/apple-harvest-refactor/install/ur_description/share/ur_description/meshes/ur10e/visual/wrist2.dae
[4.613s] -- Symlinking: /home/imml/git/research_2025/apple-harvest-refactor/install/ur_description/share/ur_description/meshes/ur10e/visual/wrist3.dae
[4.629s] -- Symlinking: /home/imml/git/research_2025/apple-harvest-refactor/install/ur_description/share/ur_description/meshes/ur16e/collision/forearm.stl
[4.669s] -- Symlinking: /home/imml/git/research_2025/apple-harvest-refactor/install/ur_description/share/ur_description/meshes/ur16e/collision/upperarm.stl
[4.692s] -- Symlinking: /home/imml/git/research_2025/apple-harvest-refactor/install/ur_description/share/ur_description/meshes/ur16e/visual/forearm.dae
[4.715s] -- Symlinking: /home/imml/git/research_2025/apple-harvest-refactor/install/ur_description/share/ur_description/meshes/ur16e/visual/upperarm.dae
[4.731s] -- Symlinking: /home/imml/git/research_2025/apple-harvest-refactor/install/ur_description/share/ur_description/meshes/ur20/LICENSE.txt
[4.746s] -- Symlinking: /home/imml/git/research_2025/apple-harvest-refactor/install/ur_description/share/ur_description/meshes/ur20/collision/base.stl
[4.760s] -- Symlinking: /home/imml/git/research_2025/apple-harvest-refactor/install/ur_description/share/ur_description/meshes/ur20/collision/forearm.stl
[4.770s] -- Symlinking: /home/imml/git/research_2025/apple-harvest-refactor/install/ur_description/share/ur_description/meshes/ur20/collision/shoulder.stl
[4.780s] -- Symlinking: /home/imml/git/research_2025/apple-harvest-refactor/install/ur_description/share/ur_description/meshes/ur20/collision/upperarm.stl
[4.790s] -- Symlinking: /home/imml/git/research_2025/apple-harvest-refactor/install/ur_description/share/ur_description/meshes/ur20/collision/wrist1.stl
[4.800s] -- Symlinking: /home/imml/git/research_2025/apple-harvest-refactor/install/ur_description/share/ur_description/meshes/ur20/collision/wrist2.stl
[4.813s] -- Symlinking: /home/imml/git/research_2025/apple-harvest-refactor/install/ur_description/share/ur_description/meshes/ur20/collision/wrist3.stl
[4.826s] -- Symlinking: /home/imml/git/research_2025/apple-harvest-refactor/install/ur_description/share/ur_description/meshes/ur20/visual/UR20_DIFF_8bit_2K.png
[4.839s] -- Symlinking: /home/imml/git/research_2025/apple-harvest-refactor/install/ur_description/share/ur_description/meshes/ur20/visual/base.dae
[4.852s] -- Symlinking: /home/imml/git/research_2025/apple-harvest-refactor/install/ur_description/share/ur_description/meshes/ur20/visual/forearm.dae
[4.864s] -- Symlinking: /home/imml/git/research_2025/apple-harvest-refactor/install/ur_description/share/ur_description/meshes/ur20/visual/shoulder.dae
[4.876s] -- Symlinking: /home/imml/git/research_2025/apple-harvest-refactor/install/ur_description/share/ur_description/meshes/ur20/visual/upperarm.dae
[4.887s] -- Symlinking: /home/imml/git/research_2025/apple-harvest-refactor/install/ur_description/share/ur_description/meshes/ur20/visual/wrist1.dae
[4.901s] -- Symlinking: /home/imml/git/research_2025/apple-harvest-refactor/install/ur_description/share/ur_description/meshes/ur20/visual/wrist2.dae
[4.914s] -- Symlinking: /home/imml/git/research_2025/apple-harvest-refactor/install/ur_description/share/ur_description/meshes/ur20/visual/wrist3.dae
[4.928s] -- Symlinking: /home/imml/git/research_2025/apple-harvest-refactor/install/ur_description/share/ur_description/meshes/ur3/collision/base.stl
[4.942s] -- Symlinking: /home/imml/git/research_2025/apple-harvest-refactor/install/ur_description/share/ur_description/meshes/ur3/collision/forearm.stl
[4.957s] -- Symlinking: /home/imml/git/research_2025/apple-harvest-refactor/install/ur_description/share/ur_description/meshes/ur3/collision/shoulder.stl
[4.972s] -- Symlinking: /home/imml/git/research_2025/apple-harvest-refactor/install/ur_description/share/ur_description/meshes/ur3/collision/upperarm.stl
[4.997s] -- Symlinking: /home/imml/git/research_2025/apple-harvest-refactor/install/ur_description/share/ur_description/meshes/ur3/collision/wrist1.stl
[5.025s] -- Symlinking: /home/imml/git/research_2025/apple-harvest-refactor/install/ur_description/share/ur_description/meshes/ur3/collision/wrist2.stl
[5.042s] -- Symlinking: /home/imml/git/research_2025/apple-harvest-refactor/install/ur_description/share/ur_description/meshes/ur3/collision/wrist3.stl
[5.071s] -- Symlinking: /home/imml/git/research_2025/apple-harvest-refactor/install/ur_description/share/ur_description/meshes/ur3/visual/base.dae
[5.114s] -- Symlinking: /home/imml/git/research_2025/apple-harvest-refactor/install/ur_description/share/ur_description/meshes/ur3/visual/forearm.dae
[5.121s] -- Symlinking: /home/imml/git/research_2025/apple-harvest-refactor/install/ur_description/share/ur_description/meshes/ur3/visual/shoulder.dae
[5.141s] -- Symlinking: /home/imml/git/research_2025/apple-harvest-refactor/install/ur_description/share/ur_description/meshes/ur3/visual/upperarm.dae
[5.157s] -- Symlinking: /home/imml/git/research_2025/apple-harvest-refactor/install/ur_description/share/ur_description/meshes/ur3/visual/wrist1.dae
[5.184s] -- Symlinking: /home/imml/git/research_2025/apple-harvest-refactor/install/ur_description/share/ur_description/meshes/ur3/visual/wrist2.dae
[5.219s] -- Symlinking: /home/imml/git/research_2025/apple-harvest-refactor/install/ur_description/share/ur_description/meshes/ur3/visual/wrist3.dae
[5.244s] -- Symlinking: /home/imml/git/research_2025/apple-harvest-refactor/install/ur_description/share/ur_description/meshes/ur30/LICENSE.txt
[5.273s] -- Symlinking: /home/imml/git/research_2025/apple-harvest-refactor/install/ur_description/share/ur_description/meshes/ur30/collision/forearm.stl
[5.301s] -- Symlinking: /home/imml/git/research_2025/apple-harvest-refactor/install/ur_description/share/ur_description/meshes/ur30/collision/upperarm.stl
[5.327s] -- Symlinking: /home/imml/git/research_2025/apple-harvest-refactor/install/ur_description/share/ur_description/meshes/ur30/visual/UR30_DIFF_8bit_2K.png
[5.360s] -- Symlinking: /home/imml/git/research_2025/apple-harvest-refactor/install/ur_description/share/ur_description/meshes/ur30/visual/forearm.dae
[5.388s] -- Symlinking: /home/imml/git/research_2025/apple-harvest-refactor/install/ur_description/share/ur_description/meshes/ur30/visual/upperarm.dae
[5.415s] -- Symlinking: /home/imml/git/research_2025/apple-harvest-refactor/install/ur_description/share/ur_description/meshes/ur3e/collision/base.stl
[5.443s] -- Symlinking: /home/imml/git/research_2025/apple-harvest-refactor/install/ur_description/share/ur_description/meshes/ur3e/collision/forearm.stl
[5.472s] -- Symlinking: /home/imml/git/research_2025/apple-harvest-refactor/install/ur_description/share/ur_description/meshes/ur3e/collision/shoulder.stl
[5.503s] -- Symlinking: /home/imml/git/research_2025/apple-harvest-refactor/install/ur_description/share/ur_description/meshes/ur3e/collision/upperarm.stl
[5.535s] -- Symlinking: /home/imml/git/research_2025/apple-harvest-refactor/install/ur_description/share/ur_description/meshes/ur3e/collision/wrist1.stl
[5.567s] -- Symlinking: /home/imml/git/research_2025/apple-harvest-refactor/install/ur_description/share/ur_description/meshes/ur3e/collision/wrist2.stl
[5.596s] -- Symlinking: /home/imml/git/research_2025/apple-harvest-refactor/install/ur_description/share/ur_description/meshes/ur3e/collision/wrist3.stl
[5.624s] -- Symlinking: /home/imml/git/research_2025/apple-harvest-refactor/install/ur_description/share/ur_description/meshes/ur3e/visual/base.dae
[5.657s] -- Symlinking: /home/imml/git/research_2025/apple-harvest-refactor/install/ur_description/share/ur_description/meshes/ur3e/visual/forearm.dae
[5.683s] -- Symlinking: /home/imml/git/research_2025/apple-harvest-refactor/install/ur_description/share/ur_description/meshes/ur3e/visual/shoulder.dae
[5.718s] -- Symlinking: /home/imml/git/research_2025/apple-harvest-refactor/install/ur_description/share/ur_description/meshes/ur3e/visual/upperarm.dae
[5.757s] -- Symlinking: /home/imml/git/research_2025/apple-harvest-refactor/install/ur_description/share/ur_description/meshes/ur3e/visual/wrist1.dae
[5.775s] -- Symlinking: /home/imml/git/research_2025/apple-harvest-refactor/install/ur_description/share/ur_description/meshes/ur3e/visual/wrist2.dae
[5.806s] -- Symlinking: /home/imml/git/research_2025/apple-harvest-refactor/install/ur_description/share/ur_description/meshes/ur3e/visual/wrist3.dae
[5.824s] -- Symlinking: /home/imml/git/research_2025/apple-harvest-refactor/install/ur_description/share/ur_description/meshes/ur5/collision/base.stl
[5.842s] -- Symlinking: /home/imml/git/research_2025/apple-harvest-refactor/install/ur_description/share/ur_description/meshes/ur5/collision/forearm.stl
[5.871s] -- Symlinking: /home/imml/git/research_2025/apple-harvest-refactor/install/ur_description/share/ur_description/meshes/ur5/collision/shoulder.stl
[5.899s] -- Symlinking: /home/imml/git/research_2025/apple-harvest-refactor/install/ur_description/share/ur_description/meshes/ur5/collision/upperarm.stl
[5.929s] -- Symlinking: /home/imml/git/research_2025/apple-harvest-refactor/install/ur_description/share/ur_description/meshes/ur5/collision/wrist1.stl
[5.957s] -- Symlinking: /home/imml/git/research_2025/apple-harvest-refactor/install/ur_description/share/ur_description/meshes/ur5/collision/wrist2.stl
[5.978s] -- Symlinking: /home/imml/git/research_2025/apple-harvest-refactor/install/ur_description/share/ur_description/meshes/ur5/collision/wrist3.stl
[5.997s] -- Symlinking: /home/imml/git/research_2025/apple-harvest-refactor/install/ur_description/share/ur_description/meshes/ur5/visual/base.dae
[6.022s] -- Symlinking: /home/imml/git/research_2025/apple-harvest-refactor/install/ur_description/share/ur_description/meshes/ur5/visual/forearm.dae
[6.054s] -- Symlinking: /home/imml/git/research_2025/apple-harvest-refactor/install/ur_description/share/ur_description/meshes/ur5/visual/shoulder.dae
[6.082s] -- Symlinking: /home/imml/git/research_2025/apple-harvest-refactor/install/ur_description/share/ur_description/meshes/ur5/visual/upperarm.dae
[6.114s] -- Symlinking: /home/imml/git/research_2025/apple-harvest-refactor/install/ur_description/share/ur_description/meshes/ur5/visual/wrist1.dae
[6.148s] -- Symlinking: /home/imml/git/research_2025/apple-harvest-refactor/install/ur_description/share/ur_description/meshes/ur5/visual/wrist2.dae
[6.187s] -- Symlinking: /home/imml/git/research_2025/apple-harvest-refactor/install/ur_description/share/ur_description/meshes/ur5/visual/wrist3.dae
[6.220s] -- Symlinking: /home/imml/git/research_2025/apple-harvest-refactor/install/ur_description/share/ur_description/meshes/ur5e/collision/base.stl
[6.249s] -- Symlinking: /home/imml/git/research_2025/apple-harvest-refactor/install/ur_description/share/ur_description/meshes/ur5e/collision/forearm.stl
[6.279s] -- Symlinking: /home/imml/git/research_2025/apple-harvest-refactor/install/ur_description/share/ur_description/meshes/ur5e/collision/shoulder.stl
[6.316s] -- Symlinking: /home/imml/git/research_2025/apple-harvest-refactor/install/ur_description/share/ur_description/meshes/ur5e/collision/upperarm.stl
[6.329s] -- Symlinking: /home/imml/git/research_2025/apple-harvest-refactor/install/ur_description/share/ur_description/meshes/ur5e/collision/wrist1.stl
[6.348s] -- Symlinking: /home/imml/git/research_2025/apple-harvest-refactor/install/ur_description/share/ur_description/meshes/ur5e/collision/wrist2.stl
[6.379s] -- Symlinking: /home/imml/git/research_2025/apple-harvest-refactor/install/ur_description/share/ur_description/meshes/ur5e/collision/wrist3.stl
[6.404s] -- Symlinking: /home/imml/git/research_2025/apple-harvest-refactor/install/ur_description/share/ur_description/meshes/ur5e/visual/base.dae
[6.435s] -- Symlinking: /home/imml/git/research_2025/apple-harvest-refactor/install/ur_description/share/ur_description/meshes/ur5e/visual/forearm.dae
[6.453s] -- Symlinking: /home/imml/git/research_2025/apple-harvest-refactor/install/ur_description/share/ur_description/meshes/ur5e/visual/shoulder.dae
[6.476s] -- Symlinking: /home/imml/git/research_2025/apple-harvest-refactor/install/ur_description/share/ur_description/meshes/ur5e/visual/upperarm.dae
[6.505s] -- Symlinking: /home/imml/git/research_2025/apple-harvest-refactor/install/ur_description/share/ur_description/meshes/ur5e/visual/wrist1.dae
[6.536s] -- Symlinking: /home/imml/git/research_2025/apple-harvest-refactor/install/ur_description/share/ur_description/meshes/ur5e/visual/wrist2.dae
[6.567s] -- Symlinking: /home/imml/git/research_2025/apple-harvest-refactor/install/ur_description/share/ur_description/meshes/ur5e/visual/wrist3.dae
[6.585s] -- Symlinking: /home/imml/git/research_2025/apple-harvest-refactor/install/ur_description/share/ur_description/rviz/view_robot.rviz
[6.606s] -- Symlinking: /home/imml/git/research_2025/apple-harvest-refactor/install/ur_description/share/ur_description/urdf/inc/ur_common.xacro
[6.620s] -- Symlinking: /home/imml/git/research_2025/apple-harvest-refactor/install/ur_description/share/ur_description/urdf/inc/ur_transmissions.xacro
[6.640s] -- Symlinking: /home/imml/git/research_2025/apple-harvest-refactor/install/ur_description/share/ur_description/urdf/ur.ros2_control.xacro
[6.677s] -- Symlinking: /home/imml/git/research_2025/apple-harvest-refactor/install/ur_description/share/ur_description/urdf/ur.urdf.xacro
[6.708s] -- Symlinking: /home/imml/git/research_2025/apple-harvest-refactor/install/ur_description/share/ur_description/urdf/ur_macro.xacro
[6.751s] -- Symlinking: /home/imml/git/research_2025/apple-harvest-refactor/install/ur_description/share/ur_description/test/test_ur_urdf_xacro.py
[6.786s] -- Symlinking: /home/imml/git/research_2025/apple-harvest-refactor/install/ur_description/share/ur_description/test/test_view_ur_launch.py
[6.826s] -- Symlinking: /home/imml/git/research_2025/apple-harvest-refactor/install/ur_description/share/ament_index/resource_index/package_run_dependencies/ur_description
[6.856s] -- Symlinking: /home/imml/git/research_2025/apple-harvest-refactor/install/ur_description/share/ament_index/resource_index/parent_prefix_path/ur_description
[6.889s] -- Symlinking: /home/imml/git/research_2025/apple-harvest-refactor/install/ur_description/share/ur_description/environment/ament_prefix_path.sh
[6.924s] -- Symlinking: /home/imml/git/research_2025/apple-harvest-refactor/install/ur_description/share/ur_description/environment/ament_prefix_path.dsv
[6.947s] -- Symlinking: /home/imml/git/research_2025/apple-harvest-refactor/install/ur_description/share/ur_description/environment/path.sh
[6.981s] -- Symlinking: /home/imml/git/research_2025/apple-harvest-refactor/install/ur_description/share/ur_description/environment/path.dsv
[7.014s] -- Symlinking: /home/imml/git/research_2025/apple-harvest-refactor/install/ur_description/share/ur_description/local_setup.bash
[7.041s] -- Symlinking: /home/imml/git/research_2025/apple-harvest-refactor/install/ur_description/share/ur_description/local_setup.sh
[7.069s] -- Symlinking: /home/imml/git/research_2025/apple-harvest-refactor/install/ur_description/share/ur_description/local_setup.zsh
[7.113s] -- Symlinking: /home/imml/git/research_2025/apple-harvest-refactor/install/ur_description/share/ur_description/local_setup.dsv
[7.142s] -- Symlinking: /home/imml/git/research_2025/apple-harvest-refactor/install/ur_description/share/ur_description/package.dsv
[7.174s] -- Symlinking: /home/imml/git/research_2025/apple-harvest-refactor/install/ur_description/share/ament_index/resource_index/packages/ur_description
[7.205s] -- Symlinking: /home/imml/git/research_2025/apple-harvest-refactor/install/ur_description/share/ur_description/cmake/ur_descriptionConfig.cmake
[7.217s] -- Symlinking: /home/imml/git/research_2025/apple-harvest-refactor/install/ur_description/share/ur_description/cmake/ur_descriptionConfig-version.cmake
[7.257s] -- Symlinking: /home/imml/git/research_2025/apple-harvest-refactor/install/ur_description/share/ur_description/package.xml
[7.303s] Invoked command in '/home/imml/git/research_2025/apple-harvest-refactor/build/ur_description' returned '0': CMAKE_PREFIX_PATH=${CMAKE_PREFIX_PATH}:/home/imml/git/research_2025/apple-harvest-refactor/install/ur5e_custom_hardware:/home/imml/git/research_2025/apple-harvest-refactor/install/harvest_vision:/opt/ros/humble /usr/bin/cmake --install /home/imml/git/research_2025/apple-harvest-refactor/build/ur_description
