[0.019s] Invoking command in '/home/imml/git/research_2025/apple-harvest-refactor/build/ur_robot_driver': AMENT_PREFIX_PATH=/home/imml/git/research_2025/apple-harvest-refactor/install/ur_controllers:${AMENT_PREFIX_PATH} CMAKE_PREFIX_PATH=/home/imml/git/research_2025/apple-harvest-refactor/install/ur_controllers:/home/imml/git/research_2025/apple-harvest-refactor/install/ur_description:/home/imml/git/research_2025/apple-harvest-refactor/install/ur_dashboard_msgs:/home/imml/git/research_2025/apple-harvest-refactor/install/ur_moveit_config:/home/imml/git/research_2025/apple-harvest-refactor/install/realsense2_description:/home/imml/git/research_2025/apple-harvest-refactor/install/realsense2_camera:/home/imml/git/research_2025/apple-harvest-refactor/install/realsense2_camera_msgs:/home/imml/git/research_2025/apple-harvest-refactor/install/harvest_control:/home/imml/git/research_2025/apple-harvest-refactor/install/harvest:/home/imml/git/research_2025/apple-harvest-refactor/install/harvest_interfaces:/home/imml/git/research_2025/apple-harvest-refactor/install/ur5e_custom_hardware:/home/imml/git/research_2025/apple-harvest-refactor/install/harvest_vision:/opt/ros/humble LD_LIBRARY_PATH=/home/imml/git/research_2025/apple-harvest-refactor/install/ur_controllers/lib:${LD_LIBRARY_PATH} /usr/bin/cmake /home/imml/git/research_2025/apple-harvest-refactor/harvest_hardware/Universal_Robots_ROS2_Driver/ur_robot_driver -DAMENT_CMAKE_SYMLINK_INSTALL=1 -DCMAKE_INSTALL_PREFIX=/home/imml/git/research_2025/apple-harvest-refactor/install/ur_robot_driver
[0.106s] -- The C compiler identification is GNU 11.4.0
[0.210s] -- The CXX compiler identification is GNU 11.4.0
[0.222s] -- Detecting C compiler ABI info
[0.349s] -- Detecting C compiler ABI info - done
[0.361s] -- Check for working C compiler: /usr/bin/cc - skipped
[0.361s] -- Detecting C compile features
[0.361s] -- Detecting C compile features - done
[0.366s] -- Detecting CXX compiler ABI info
[0.512s] -- Detecting CXX compiler ABI info - done
[0.524s] -- Check for working CXX compiler: /usr/bin/c++ - skipped
[0.525s] -- Detecting CXX compile features
[0.525s] -- Detecting CXX compile features - done
[0.531s] [0mur_robot_driver: You did not request a specific build type: selecting 'RelWithDebInfo'.[0m
[0.537s] -- Found ament_cmake: 1.3.11 (/opt/ros/humble/share/ament_cmake/cmake)
[0.830s] -- Found Python3: /usr/bin/python3 (found version "3.10.12") found components: Interpreter 
[0.957s] -- Override CMake install command with custom implementation using symlinks instead of copying resources
[1.035s] -- Found controller_manager: 2.51.0 (/opt/ros/humble/share/controller_manager/cmake)
[1.146s] -- Found rosidl_generator_c: 3.1.6 (/opt/ros/humble/share/rosidl_generator_c/cmake)
[1.157s] -- Found rosidl_adapter: 3.1.6 (/opt/ros/humble/share/rosidl_adapter/cmake)
[1.172s] -- Found rosidl_generator_cpp: 3.1.6 (/opt/ros/humble/share/rosidl_generator_cpp/cmake)
[1.195s] -- Using all available rosidl_typesupport_c: rosidl_typesupport_fastrtps_c;rosidl_typesupport_introspection_c
[1.225s] -- Using all available rosidl_typesupport_cpp: rosidl_typesupport_fastrtps_cpp;rosidl_typesupport_introspection_cpp
[1.586s] -- Found rmw_implementation_cmake: 6.1.2 (/opt/ros/humble/share/rmw_implementation_cmake/cmake)
[1.593s] -- Found rmw_fastrtps_cpp: 6.2.7 (/opt/ros/humble/share/rmw_fastrtps_cpp/cmake)
[1.647s] -- Found TinyXML2 via Config file: TinyXML2_DIR-NOTFOUND
[1.750s] -- Found OpenSSL: /usr/lib/x86_64-linux-gnu/libcrypto.so (found version "3.0.2")  
[1.754s] -- Found TinyXML2 via Config file: TinyXML2_DIR-NOTFOUND
[1.786s] -- Found FastRTPS: /opt/ros/humble/include  
[1.791s] -- Found TinyXML2 via Config file: TinyXML2_DIR-NOTFOUND
[1.807s] -- Found TinyXML2 via Config file: TinyXML2_DIR-NOTFOUND
[1.829s] -- Using RMW implementation 'rmw_fastrtps_cpp' as default
[1.851s] -- Looking for pthread.h
[2.058s] -- Looking for pthread.h - found
[2.059s] -- Performing Test CMAKE_HAVE_LIBC_PTHREAD
[2.266s] -- Performing Test CMAKE_HAVE_LIBC_PTHREAD - Success
[2.268s] -- Found Threads: TRUE  
[2.430s] -- Found rclpy: 3.3.16 (/opt/ros/humble/share/rclpy/cmake)
[2.436s] -- Found std_srvs: 4.9.0 (/opt/ros/humble/share/std_srvs/cmake)
[2.455s] -- Found tf2_geometry_msgs: 0.25.13 (/opt/ros/humble/share/tf2_geometry_msgs/cmake)
[2.491s] -- Found eigen3_cmake_module: 0.1.1 (/opt/ros/humble/share/eigen3_cmake_module/cmake)
[2.493s] -- Found Eigen3: TRUE (found version "3.4.0") 
[2.493s] -- Ensuring Eigen3 include directory is part of orocos-kdl CMake target
[2.595s] -- Found ur_dashboard_msgs: 2.2.15 (/home/imml/git/research_2025/apple-harvest-refactor/install/ur_dashboard_msgs/share/ur_dashboard_msgs/cmake)
[3.092s] -- Found ur_controllers: 2.2.15 (/home/imml/git/research_2025/apple-harvest-refactor/install/ur_controllers/share/ur_controllers/cmake)
[3.211s] -- Found ur_description: 2.1.7 (/home/imml/git/research_2025/apple-harvest-refactor/install/ur_description/share/ur_description/cmake)
[3.214s] -- Found launch_testing_ament_cmake: 1.0.9 (/opt/ros/humble/share/launch_testing_ament_cmake/cmake)
[3.217s] -- Found python_cmake_module: 0.10.0 (/opt/ros/humble/share/python_cmake_module/cmake)
[3.243s] -- Found PythonInterp: /usr/bin/python3 (found suitable version "3.10.12", minimum required is "3.6") 
[3.252s] -- Found PythonLibs: /usr/lib/x86_64-linux-gnu/libpython3.10.so (found suitable version "3.10.12", minimum required is "3.5") 
[3.253s] -- Using PYTHON_EXECUTABLE: /usr/bin/python3
[3.253s] -- Using PYTHON_INCLUDE_DIRS: /usr/include/python3.10
[3.253s] -- Using PYTHON_LIBRARIES: /usr/lib/x86_64-linux-gnu/libpython3.10.so
[3.279s] -- Found PythonExtra: .so  
[3.280s] -- Configuring done
[3.432s] -- Generating done
[3.457s] -- Build files have been written to: /home/imml/git/research_2025/apple-harvest-refactor/build/ur_robot_driver
[3.479s] Invoked command in '/home/imml/git/research_2025/apple-harvest-refactor/build/ur_robot_driver' returned '0': AMENT_PREFIX_PATH=/home/imml/git/research_2025/apple-harvest-refactor/install/ur_controllers:${AMENT_PREFIX_PATH} CMAKE_PREFIX_PATH=/home/imml/git/research_2025/apple-harvest-refactor/install/ur_controllers:/home/imml/git/research_2025/apple-harvest-refactor/install/ur_description:/home/imml/git/research_2025/apple-harvest-refactor/install/ur_dashboard_msgs:/home/imml/git/research_2025/apple-harvest-refactor/install/ur_moveit_config:/home/imml/git/research_2025/apple-harvest-refactor/install/realsense2_description:/home/imml/git/research_2025/apple-harvest-refactor/install/realsense2_camera:/home/imml/git/research_2025/apple-harvest-refactor/install/realsense2_camera_msgs:/home/imml/git/research_2025/apple-harvest-refactor/install/harvest_control:/home/imml/git/research_2025/apple-harvest-refactor/install/harvest:/home/imml/git/research_2025/apple-harvest-refactor/install/harvest_interfaces:/home/imml/git/research_2025/apple-harvest-refactor/install/ur5e_custom_hardware:/home/imml/git/research_2025/apple-harvest-refactor/install/harvest_vision:/opt/ros/humble LD_LIBRARY_PATH=/home/imml/git/research_2025/apple-harvest-refactor/install/ur_controllers/lib:${LD_LIBRARY_PATH} /usr/bin/cmake /home/imml/git/research_2025/apple-harvest-refactor/harvest_hardware/Universal_Robots_ROS2_Driver/ur_robot_driver -DAMENT_CMAKE_SYMLINK_INSTALL=1 -DCMAKE_INSTALL_PREFIX=/home/imml/git/research_2025/apple-harvest-refactor/install/ur_robot_driver
[3.482s] Invoking command in '/home/imml/git/research_2025/apple-harvest-refactor/build/ur_robot_driver': AMENT_PREFIX_PATH=/home/imml/git/research_2025/apple-harvest-refactor/install/ur_controllers:${AMENT_PREFIX_PATH} CMAKE_PREFIX_PATH=/home/imml/git/research_2025/apple-harvest-refactor/install/ur_controllers:/home/imml/git/research_2025/apple-harvest-refactor/install/ur_description:/home/imml/git/research_2025/apple-harvest-refactor/install/ur_dashboard_msgs:/home/imml/git/research_2025/apple-harvest-refactor/install/ur_moveit_config:/home/imml/git/research_2025/apple-harvest-refactor/install/realsense2_description:/home/imml/git/research_2025/apple-harvest-refactor/install/realsense2_camera:/home/imml/git/research_2025/apple-harvest-refactor/install/realsense2_camera_msgs:/home/imml/git/research_2025/apple-harvest-refactor/install/harvest_control:/home/imml/git/research_2025/apple-harvest-refactor/install/harvest:/home/imml/git/research_2025/apple-harvest-refactor/install/harvest_interfaces:/home/imml/git/research_2025/apple-harvest-refactor/install/ur5e_custom_hardware:/home/imml/git/research_2025/apple-harvest-refactor/install/harvest_vision:/opt/ros/humble LD_LIBRARY_PATH=/home/imml/git/research_2025/apple-harvest-refactor/install/ur_controllers/lib:${LD_LIBRARY_PATH} /usr/bin/cmake --build /home/imml/git/research_2025/apple-harvest-refactor/build/ur_robot_driver -- -j16 -l16
[3.557s] [  6%] [32mBuilding CXX object CMakeFiles/dashboard_client.dir/src/dashboard_client_node.cpp.o[0m
[3.557s] [ 20%] [32mBuilding CXX object CMakeFiles/controller_stopper_node.dir/src/controller_stopper_node.cpp.o[0m
[3.558s] [ 20%] [32mBuilding CXX object CMakeFiles/ur_robot_driver_plugin.dir/src/dashboard_client_ros.cpp.o[0m
[3.558s] [ 26%] [32mBuilding CXX object CMakeFiles/ur_robot_driver_plugin.dir/src/hardware_interface.cpp.o[0m
[3.558s] [ 33%] [32mBuilding CXX object CMakeFiles/urscript_interface.dir/src/urscript_interface.cpp.o[0m
[3.561s] [ 40%] [32mBuilding CXX object CMakeFiles/controller_stopper_node.dir/src/controller_stopper.cpp.o[0m
[3.561s] [ 46%] [32mBuilding CXX object CMakeFiles/ur_ros2_control_node.dir/src/ur_ros2_control_node.cpp.o[0m
[3.567s] [ 53%] [32mBuilding CXX object CMakeFiles/dashboard_client.dir/src/dashboard_client_ros.cpp.o[0m
[3.567s] [ 60%] [32mBuilding CXX object CMakeFiles/dashboard_client.dir/src/urcl_log_handler.cpp.o[0m
[3.567s] [ 66%] [32mBuilding CXX object CMakeFiles/ur_robot_driver_plugin.dir/src/urcl_log_handler.cpp.o[0m
[3.582s] [ 66%] Built target ament_cmake_python_symlink_ur_robot_driver
[4.101s] In file included from [01m[K/home/imml/git/research_2025/apple-harvest-refactor/harvest_hardware/Universal_Robots_ROS2_Driver/ur_robot_driver/src/ur_ros2_control_node.cpp:44[m[K:
[4.101s] [01m[K/opt/ros/humble/include/realtime_tools/realtime_tools/thread_priority.hpp:39:2:[m[K [01;35m[Kwarning: [m[K#warning "This header include is deprecated. Please update your code to use 'realtime_helpers.hpp' header and link against 'realtime_tools' library." [[01;35m[K]8;;https://gcc.gnu.org/onlinedocs/gcc/Warning-Options.html#index-Wcpp-Wcpp]8;;[m[K]
[4.101s]    39 | #[01;35m[Kwarning[m[K \
[4.101s]       |  [01;35m[K^~~~~~~[m[K
[4.886s] running egg_info
[4.887s] creating ur_robot_driver.egg-info
[4.888s] writing ur_robot_driver.egg-info/PKG-INFO
[4.888s] writing dependency_links to ur_robot_driver.egg-info/dependency_links.txt
[4.891s] writing top-level names to ur_robot_driver.egg-info/top_level.txt
[4.891s] writing manifest file 'ur_robot_driver.egg-info/SOURCES.txt'
[4.906s] reading manifest file 'ur_robot_driver.egg-info/SOURCES.txt'
[4.908s] writing manifest file 'ur_robot_driver.egg-info/SOURCES.txt'
[5.041s] [ 66%] Built target ament_cmake_python_build_ur_robot_driver_egg
[11.455s] [ 73%] [32m[1mLinking CXX executable ur_ros2_control_node[0m
[11.648s] [ 73%] Built target ur_ros2_control_node
[19.146s] [ 80%] [32m[1mLinking CXX executable urscript_interface[0m
[19.442s] [ 80%] Built target urscript_interface
[21.397s] [ 86%] [32m[1mLinking CXX executable controller_stopper_node[0m
[21.719s] [ 86%] Built target controller_stopper_node
[23.647s] [ 93%] [32m[1mLinking CXX executable dashboard_client[0m
[23.854s] [100%] [32m[1mLinking CXX shared library libur_robot_driver_plugin.so[0m
[23.945s] [100%] Built target dashboard_client
[24.171s] [100%] Built target ur_robot_driver_plugin
[24.181s] Invoked command in '/home/imml/git/research_2025/apple-harvest-refactor/build/ur_robot_driver' returned '0': AMENT_PREFIX_PATH=/home/imml/git/research_2025/apple-harvest-refactor/install/ur_controllers:${AMENT_PREFIX_PATH} CMAKE_PREFIX_PATH=/home/imml/git/research_2025/apple-harvest-refactor/install/ur_controllers:/home/imml/git/research_2025/apple-harvest-refactor/install/ur_description:/home/imml/git/research_2025/apple-harvest-refactor/install/ur_dashboard_msgs:/home/imml/git/research_2025/apple-harvest-refactor/install/ur_moveit_config:/home/imml/git/research_2025/apple-harvest-refactor/install/realsense2_description:/home/imml/git/research_2025/apple-harvest-refactor/install/realsense2_camera:/home/imml/git/research_2025/apple-harvest-refactor/install/realsense2_camera_msgs:/home/imml/git/research_2025/apple-harvest-refactor/install/harvest_control:/home/imml/git/research_2025/apple-harvest-refactor/install/harvest:/home/imml/git/research_2025/apple-harvest-refactor/install/harvest_interfaces:/home/imml/git/research_2025/apple-harvest-refactor/install/ur5e_custom_hardware:/home/imml/git/research_2025/apple-harvest-refactor/install/harvest_vision:/opt/ros/humble LD_LIBRARY_PATH=/home/imml/git/research_2025/apple-harvest-refactor/install/ur_controllers/lib:${LD_LIBRARY_PATH} /usr/bin/cmake --build /home/imml/git/research_2025/apple-harvest-refactor/build/ur_robot_driver -- -j16 -l16
[24.183s] Invoking command in '/home/imml/git/research_2025/apple-harvest-refactor/build/ur_robot_driver': AMENT_PREFIX_PATH=/home/imml/git/research_2025/apple-harvest-refactor/install/ur_controllers:${AMENT_PREFIX_PATH} CMAKE_PREFIX_PATH=/home/imml/git/research_2025/apple-harvest-refactor/install/ur_controllers:/home/imml/git/research_2025/apple-harvest-refactor/install/ur_description:/home/imml/git/research_2025/apple-harvest-refactor/install/ur_dashboard_msgs:/home/imml/git/research_2025/apple-harvest-refactor/install/ur_moveit_config:/home/imml/git/research_2025/apple-harvest-refactor/install/realsense2_description:/home/imml/git/research_2025/apple-harvest-refactor/install/realsense2_camera:/home/imml/git/research_2025/apple-harvest-refactor/install/realsense2_camera_msgs:/home/imml/git/research_2025/apple-harvest-refactor/install/harvest_control:/home/imml/git/research_2025/apple-harvest-refactor/install/harvest:/home/imml/git/research_2025/apple-harvest-refactor/install/harvest_interfaces:/home/imml/git/research_2025/apple-harvest-refactor/install/ur5e_custom_hardware:/home/imml/git/research_2025/apple-harvest-refactor/install/harvest_vision:/opt/ros/humble LD_LIBRARY_PATH=/home/imml/git/research_2025/apple-harvest-refactor/install/ur_controllers/lib:${LD_LIBRARY_PATH} /usr/bin/cmake --install /home/imml/git/research_2025/apple-harvest-refactor/build/ur_robot_driver
[24.189s] -- Install configuration: "RelWithDebInfo"
[24.189s] -- Execute custom install script
[24.190s] -- Symlinking: /home/imml/git/research_2025/apple-harvest-refactor/install/ur_robot_driver/share/ur_robot_driver//hardware_interface_plugin.xml
[24.198s] -- Symlinking: /home/imml/git/research_2025/apple-harvest-refactor/install/ur_robot_driver/lib/ur_robot_driver/dashboard_client
[24.207s] -- Symlinking: /home/imml/git/research_2025/apple-harvest-refactor/install/ur_robot_driver/lib/ur_robot_driver/ur_ros2_control_node
[24.214s] -- Symlinking: /home/imml/git/research_2025/apple-harvest-refactor/install/ur_robot_driver/lib/ur_robot_driver/controller_stopper_node
[24.222s] -- Symlinking: /home/imml/git/research_2025/apple-harvest-refactor/install/ur_robot_driver/lib/ur_robot_driver/urscript_interface
[24.229s] -- Symlinking: /home/imml/git/research_2025/apple-harvest-refactor/install/ur_robot_driver/lib/libur_robot_driver_plugin.so
[24.238s] -- Symlinking: /home/imml/git/research_2025/apple-harvest-refactor/install/ur_robot_driver/include/ur_robot_driver/controller_stopper.hpp
[24.245s] -- Symlinking: /home/imml/git/research_2025/apple-harvest-refactor/install/ur_robot_driver/include/ur_robot_driver/dashboard_client_ros.hpp
[24.253s] -- Symlinking: /home/imml/git/research_2025/apple-harvest-refactor/install/ur_robot_driver/include/ur_robot_driver/hardware_interface.hpp
[24.260s] -- Symlinking: /home/imml/git/research_2025/apple-harvest-refactor/install/ur_robot_driver/include/ur_robot_driver/urcl_log_handler.hpp
[24.268s] -- Symlinking: /home/imml/git/research_2025/apple-harvest-refactor/install/ur_robot_driver/share/ur_robot_driver/environment/library_path.sh
[24.275s] -- Symlinking: /home/imml/git/research_2025/apple-harvest-refactor/install/ur_robot_driver/share/ur_robot_driver/environment/library_path.dsv
[24.283s] -- Up-to-date symlink: /home/imml/git/research_2025/apple-harvest-refactor/install/ur_robot_driver/include/ur_robot_driver/controller_stopper.hpp
[24.283s] -- Up-to-date symlink: /home/imml/git/research_2025/apple-harvest-refactor/install/ur_robot_driver/include/ur_robot_driver/dashboard_client_ros.hpp
[24.284s] -- Up-to-date symlink: /home/imml/git/research_2025/apple-harvest-refactor/install/ur_robot_driver/include/ur_robot_driver/hardware_interface.hpp
[24.284s] -- Up-to-date symlink: /home/imml/git/research_2025/apple-harvest-refactor/install/ur_robot_driver/include/ur_robot_driver/urcl_log_handler.hpp
[24.284s] -- Symlinking: /home/imml/git/research_2025/apple-harvest-refactor/install/ur_robot_driver/share/ur_robot_driver/environment/pythonpath.sh
[24.291s] -- Symlinking: /home/imml/git/research_2025/apple-harvest-refactor/install/ur_robot_driver/share/ur_robot_driver/environment/pythonpath.dsv
[24.300s] -- Symlinking: /home/imml/git/research_2025/apple-harvest-refactor/install/ur_robot_driver/local/lib/python3.10/dist-packages/ur_robot_driver-2.2.15-py3.10.egg-info/PKG-INFO
[24.308s] -- Symlinking: /home/imml/git/research_2025/apple-harvest-refactor/install/ur_robot_driver/local/lib/python3.10/dist-packages/ur_robot_driver-2.2.15-py3.10.egg-info/SOURCES.txt
[24.315s] -- Symlinking: /home/imml/git/research_2025/apple-harvest-refactor/install/ur_robot_driver/local/lib/python3.10/dist-packages/ur_robot_driver-2.2.15-py3.10.egg-info/dependency_links.txt
[24.323s] -- Symlinking: /home/imml/git/research_2025/apple-harvest-refactor/install/ur_robot_driver/local/lib/python3.10/dist-packages/ur_robot_driver-2.2.15-py3.10.egg-info/top_level.txt
[24.331s] -- Symlinking: /home/imml/git/research_2025/apple-harvest-refactor/install/ur_robot_driver/local/lib/python3.10/dist-packages/ur_robot_driver/__init__.py
[24.338s] -- Symlinking: /home/imml/git/research_2025/apple-harvest-refactor/install/ur_robot_driver/lib/ur_robot_driver/tool_communication.py
[24.346s] -- Symlinking: /home/imml/git/research_2025/apple-harvest-refactor/install/ur_robot_driver/bin/wait_dashboard_server.sh
[24.353s] -- Symlinking: /home/imml/git/research_2025/apple-harvest-refactor/install/ur_robot_driver/lib/ur_robot_driver/start_ursim.sh
[24.367s] -- Symlinking: /home/imml/git/research_2025/apple-harvest-refactor/install/ur_robot_driver/share/ur_robot_driver/config/test_goal_publishers_config.yaml
[24.375s] -- Symlinking: /home/imml/git/research_2025/apple-harvest-refactor/install/ur_robot_driver/share/ur_robot_driver/config/test_velocity_goal_publishers_config.yaml
[24.382s] -- Symlinking: /home/imml/git/research_2025/apple-harvest-refactor/install/ur_robot_driver/share/ur_robot_driver/config/ur10_update_rate.yaml
[24.390s] -- Symlinking: /home/imml/git/research_2025/apple-harvest-refactor/install/ur_robot_driver/share/ur_robot_driver/config/ur10e_update_rate.yaml
[24.399s] -- Symlinking: /home/imml/git/research_2025/apple-harvest-refactor/install/ur_robot_driver/share/ur_robot_driver/config/ur16e_update_rate.yaml
[24.407s] -- Symlinking: /home/imml/git/research_2025/apple-harvest-refactor/install/ur_robot_driver/share/ur_robot_driver/config/ur20_update_rate.yaml
[24.414s] -- Symlinking: /home/imml/git/research_2025/apple-harvest-refactor/install/ur_robot_driver/share/ur_robot_driver/config/ur30_update_rate.yaml
[24.422s] -- Symlinking: /home/imml/git/research_2025/apple-harvest-refactor/install/ur_robot_driver/share/ur_robot_driver/config/ur3_update_rate.yaml
[24.430s] -- Symlinking: /home/imml/git/research_2025/apple-harvest-refactor/install/ur_robot_driver/share/ur_robot_driver/config/ur3e_update_rate.yaml
[24.437s] -- Symlinking: /home/imml/git/research_2025/apple-harvest-refactor/install/ur_robot_driver/share/ur_robot_driver/config/ur5_update_rate.yaml
[24.445s] -- Symlinking: /home/imml/git/research_2025/apple-harvest-refactor/install/ur_robot_driver/share/ur_robot_driver/config/ur5e_update_rate.yaml
[24.453s] -- Symlinking: /home/imml/git/research_2025/apple-harvest-refactor/install/ur_robot_driver/share/ur_robot_driver/config/ur_controllers.yaml
[24.461s] -- Symlinking: /home/imml/git/research_2025/apple-harvest-refactor/install/ur_robot_driver/share/ur_robot_driver/launch/test_forward_velocity_controller.launch.py
[24.469s] -- Symlinking: /home/imml/git/research_2025/apple-harvest-refactor/install/ur_robot_driver/share/ur_robot_driver/launch/test_joint_trajectory_controller.launch.py
[24.476s] -- Symlinking: /home/imml/git/research_2025/apple-harvest-refactor/install/ur_robot_driver/share/ur_robot_driver/launch/test_scaled_joint_trajectory_controller.launch.py
[24.484s] -- Symlinking: /home/imml/git/research_2025/apple-harvest-refactor/install/ur_robot_driver/share/ur_robot_driver/launch/ur10.launch.py
[24.491s] -- Symlinking: /home/imml/git/research_2025/apple-harvest-refactor/install/ur_robot_driver/share/ur_robot_driver/launch/ur10e.launch.py
[24.499s] -- Symlinking: /home/imml/git/research_2025/apple-harvest-refactor/install/ur_robot_driver/share/ur_robot_driver/launch/ur16e.launch.py
[24.507s] -- Symlinking: /home/imml/git/research_2025/apple-harvest-refactor/install/ur_robot_driver/share/ur_robot_driver/launch/ur20.launch.py
[24.515s] -- Symlinking: /home/imml/git/research_2025/apple-harvest-refactor/install/ur_robot_driver/share/ur_robot_driver/launch/ur3.launch.py
[24.523s] -- Symlinking: /home/imml/git/research_2025/apple-harvest-refactor/install/ur_robot_driver/share/ur_robot_driver/launch/ur30.launch.py
[24.531s] -- Symlinking: /home/imml/git/research_2025/apple-harvest-refactor/install/ur_robot_driver/share/ur_robot_driver/launch/ur3e.launch.py
[24.538s] -- Symlinking: /home/imml/git/research_2025/apple-harvest-refactor/install/ur_robot_driver/share/ur_robot_driver/launch/ur5.launch.py
[24.546s] -- Symlinking: /home/imml/git/research_2025/apple-harvest-refactor/install/ur_robot_driver/share/ur_robot_driver/launch/ur5e.launch.py
[24.553s] -- Symlinking: /home/imml/git/research_2025/apple-harvest-refactor/install/ur_robot_driver/share/ur_robot_driver/launch/ur_control.launch.py
[24.561s] -- Symlinking: /home/imml/git/research_2025/apple-harvest-refactor/install/ur_robot_driver/share/ur_robot_driver/launch/ur_control_custom_hw.launch.py
[24.569s] -- Symlinking: /home/imml/git/research_2025/apple-harvest-refactor/install/ur_robot_driver/share/ur_robot_driver/launch/ur_dashboard_client.launch.py
[24.577s] -- Symlinking: /home/imml/git/research_2025/apple-harvest-refactor/install/ur_robot_driver/share/ament_index/resource_index/package_run_dependencies/ur_robot_driver
[24.585s] -- Symlinking: /home/imml/git/research_2025/apple-harvest-refactor/install/ur_robot_driver/share/ament_index/resource_index/parent_prefix_path/ur_robot_driver
[24.593s] -- Symlinking: /home/imml/git/research_2025/apple-harvest-refactor/install/ur_robot_driver/share/ur_robot_driver/environment/ament_prefix_path.sh
[24.602s] -- Symlinking: /home/imml/git/research_2025/apple-harvest-refactor/install/ur_robot_driver/share/ur_robot_driver/environment/ament_prefix_path.dsv
[24.610s] -- Symlinking: /home/imml/git/research_2025/apple-harvest-refactor/install/ur_robot_driver/share/ur_robot_driver/environment/path.sh
[24.618s] -- Symlinking: /home/imml/git/research_2025/apple-harvest-refactor/install/ur_robot_driver/share/ur_robot_driver/environment/path.dsv
[24.626s] -- Symlinking: /home/imml/git/research_2025/apple-harvest-refactor/install/ur_robot_driver/share/ur_robot_driver/local_setup.bash
[24.633s] -- Symlinking: /home/imml/git/research_2025/apple-harvest-refactor/install/ur_robot_driver/share/ur_robot_driver/local_setup.sh
[24.641s] -- Symlinking: /home/imml/git/research_2025/apple-harvest-refactor/install/ur_robot_driver/share/ur_robot_driver/local_setup.zsh
[24.648s] -- Symlinking: /home/imml/git/research_2025/apple-harvest-refactor/install/ur_robot_driver/share/ur_robot_driver/local_setup.dsv
[24.656s] -- Symlinking: /home/imml/git/research_2025/apple-harvest-refactor/install/ur_robot_driver/share/ur_robot_driver/package.dsv
[24.663s] -- Symlinking: /home/imml/git/research_2025/apple-harvest-refactor/install/ur_robot_driver/share/ament_index/resource_index/packages/ur_robot_driver
[24.671s] -- Symlinking: /home/imml/git/research_2025/apple-harvest-refactor/install/ur_robot_driver/share/ament_index/resource_index/hardware_interface__pluginlib__plugin/ur_robot_driver
[24.678s] -- Symlinking: /home/imml/git/research_2025/apple-harvest-refactor/install/ur_robot_driver/share/ur_robot_driver/cmake/ament_cmake_export_include_directories-extras.cmake
[24.686s] -- Symlinking: /home/imml/git/research_2025/apple-harvest-refactor/install/ur_robot_driver/share/ur_robot_driver/cmake/ament_cmake_export_libraries-extras.cmake
[24.694s] -- Symlinking: /home/imml/git/research_2025/apple-harvest-refactor/install/ur_robot_driver/share/ur_robot_driver/cmake/ament_cmake_export_dependencies-extras.cmake
[24.702s] -- Symlinking: /home/imml/git/research_2025/apple-harvest-refactor/install/ur_robot_driver/share/ur_robot_driver/cmake/ur_robot_driverConfig.cmake
[24.710s] -- Symlinking: /home/imml/git/research_2025/apple-harvest-refactor/install/ur_robot_driver/share/ur_robot_driver/cmake/ur_robot_driverConfig-version.cmake
[24.718s] -- Symlinking: /home/imml/git/research_2025/apple-harvest-refactor/install/ur_robot_driver/share/ur_robot_driver/package.xml
[24.726s] -- Installing: /home/imml/git/research_2025/apple-harvest-refactor/install/ur_robot_driver/share/ur_robot_driver/resources
[24.732s] -- Installing: /home/imml/git/research_2025/apple-harvest-refactor/install/ur_robot_driver/share/ur_robot_driver/resources/externalcontrol-1.0.5.urcap
[24.733s] -- Installing: /home/imml/git/research_2025/apple-harvest-refactor/install/ur_robot_driver/share/ur_robot_driver/resources/rtde_input_recipe.txt
[24.733s] -- Installing: /home/imml/git/research_2025/apple-harvest-refactor/install/ur_robot_driver/share/ur_robot_driver/resources/rtde_output_recipe.txt
[24.733s] -- Installing: /home/imml/git/research_2025/apple-harvest-refactor/install/ur_robot_driver/share/ur_robot_driver/resources/ros_control.urscript
[24.733s] -- Installing: /home/imml/git/research_2025/apple-harvest-refactor/install/ur_robot_driver/share/ur_robot_driver/resources/rs485-1.0.urcap
[24.762s] Listing '/home/imml/git/research_2025/apple-harvest-refactor/install/ur_robot_driver/local/lib/python3.10/dist-packages/ur_robot_driver'...
[24.762s] Compiling '/home/imml/git/research_2025/apple-harvest-refactor/install/ur_robot_driver/local/lib/python3.10/dist-packages/ur_robot_driver/__init__.py'...
[24.768s] Invoked command in '/home/imml/git/research_2025/apple-harvest-refactor/build/ur_robot_driver' returned '0': AMENT_PREFIX_PATH=/home/imml/git/research_2025/apple-harvest-refactor/install/ur_controllers:${AMENT_PREFIX_PATH} CMAKE_PREFIX_PATH=/home/imml/git/research_2025/apple-harvest-refactor/install/ur_controllers:/home/imml/git/research_2025/apple-harvest-refactor/install/ur_description:/home/imml/git/research_2025/apple-harvest-refactor/install/ur_dashboard_msgs:/home/imml/git/research_2025/apple-harvest-refactor/install/ur_moveit_config:/home/imml/git/research_2025/apple-harvest-refactor/install/realsense2_description:/home/imml/git/research_2025/apple-harvest-refactor/install/realsense2_camera:/home/imml/git/research_2025/apple-harvest-refactor/install/realsense2_camera_msgs:/home/imml/git/research_2025/apple-harvest-refactor/install/harvest_control:/home/imml/git/research_2025/apple-harvest-refactor/install/harvest:/home/imml/git/research_2025/apple-harvest-refactor/install/harvest_interfaces:/home/imml/git/research_2025/apple-harvest-refactor/install/ur5e_custom_hardware:/home/imml/git/research_2025/apple-harvest-refactor/install/harvest_vision:/opt/ros/humble LD_LIBRARY_PATH=/home/imml/git/research_2025/apple-harvest-refactor/install/ur_controllers/lib:${LD_LIBRARY_PATH} /usr/bin/cmake --install /home/imml/git/research_2025/apple-harvest-refactor/build/ur_robot_driver
