[0.050s] Invoking command in '/home/imml/git/research_2025/apple-harvest-eva/build/ur_moveit_config': AMENT_PREFIX_PATH=/home/imml/git/research_2025/apple-harvest-eva/install/ur_description:${AMENT_PREFIX_PATH} CMAKE_PREFIX_PATH=/home/imml/git/research_2025/apple-harvest-eva/install/ur_description:/home/imml/git/research_2025/apple-harvest-eva/install/ur:/home/imml/git/research_2025/apple-harvest-eva/install/ur_calibration:/home/imml/git/research_2025/apple-harvest-eva/install/ur_robot_driver:/home/imml/git/research_2025/apple-harvest-eva/install/ur_moveit_config:/home/imml/git/research_2025/apple-harvest-eva/install/ur_bringup:/home/imml/git/research_2025/apple-harvest-eva/install/ur_controllers:/home/imml/git/research_2025/apple-harvest-eva/install/ur_dashboard_msgs:/home/imml/git/research_2025/apple-harvest-eva/install/realsense2_description:/home/imml/git/research_2025/apple-harvest-eva/install/realsense2_camera:/home/imml/git/research_2025/apple-harvest-eva/install/realsense2_camera_msgs:/home/imml/git/research_2025/apple-harvest-eva/install/harvest_control:/home/imml/git/research_2025/apple-harvest-eva/install/harvest:/home/imml/git/research_2025/apple-harvest-eva/install/harvest_interfaces:/home/imml/git/research_2025/apple-harvest-eva/install/ur5e_custom_hardware:/home/imml/git/research_2025/apple-harvest-eva/install/harvest_vision:/opt/ros/humble /usr/bin/cmake /home/imml/git/research_2025/apple-harvest-eva/harvest_hardware/Universal_Robots_ROS2_Driver/ur_moveit_config -DAMENT_CMAKE_SYMLINK_INSTALL=1 -DCMAKE_INSTALL_PREFIX=/home/imml/git/research_2025/apple-harvest-eva/install/ur_moveit_config
[0.297s] -- The C compiler identification is GNU 11.4.0
[0.629s] -- The CXX compiler identification is GNU 11.4.0
[0.677s] -- Detecting C compiler ABI info
[1.022s] -- Detecting C compiler ABI info - done
[1.049s] -- Check for working C compiler: /usr/bin/cc - skipped
[1.050s] -- Detecting C compile features
[1.056s] -- Detecting C compile features - done
[1.067s] -- Detecting CXX compiler ABI info
[1.353s] -- Detecting CXX compiler ABI info - done
[1.368s] -- Check for working CXX compiler: /usr/bin/c++ - skipped
[1.369s] -- Detecting CXX compile features
[1.369s] -- Detecting CXX compile features - done
[1.379s] -- Found ament_cmake: 1.3.11 (/opt/ros/humble/share/ament_cmake/cmake)
[1.828s] -- Found Python3: /usr/bin/python3 (found version "3.10.12") found components: Interpreter 
[1.999s] -- Override CMake install command with custom implementation using symlinks instead of copying resources
[2.561s] -- Configuring done
[2.575s] -- Generating done
[2.580s] -- Build files have been written to: /home/imml/git/research_2025/apple-harvest-eva/build/ur_moveit_config
[2.593s] Invoked command in '/home/imml/git/research_2025/apple-harvest-eva/build/ur_moveit_config' returned '0': AMENT_PREFIX_PATH=/home/imml/git/research_2025/apple-harvest-eva/install/ur_description:${AMENT_PREFIX_PATH} CMAKE_PREFIX_PATH=/home/imml/git/research_2025/apple-harvest-eva/install/ur_description:/home/imml/git/research_2025/apple-harvest-eva/install/ur:/home/imml/git/research_2025/apple-harvest-eva/install/ur_calibration:/home/imml/git/research_2025/apple-harvest-eva/install/ur_robot_driver:/home/imml/git/research_2025/apple-harvest-eva/install/ur_moveit_config:/home/imml/git/research_2025/apple-harvest-eva/install/ur_bringup:/home/imml/git/research_2025/apple-harvest-eva/install/ur_controllers:/home/imml/git/research_2025/apple-harvest-eva/install/ur_dashboard_msgs:/home/imml/git/research_2025/apple-harvest-eva/install/realsense2_description:/home/imml/git/research_2025/apple-harvest-eva/install/realsense2_camera:/home/imml/git/research_2025/apple-harvest-eva/install/realsense2_camera_msgs:/home/imml/git/research_2025/apple-harvest-eva/install/harvest_control:/home/imml/git/research_2025/apple-harvest-eva/install/harvest:/home/imml/git/research_2025/apple-harvest-eva/install/harvest_interfaces:/home/imml/git/research_2025/apple-harvest-eva/install/ur5e_custom_hardware:/home/imml/git/research_2025/apple-harvest-eva/install/harvest_vision:/opt/ros/humble /usr/bin/cmake /home/imml/git/research_2025/apple-harvest-eva/harvest_hardware/Universal_Robots_ROS2_Driver/ur_moveit_config -DAMENT_CMAKE_SYMLINK_INSTALL=1 -DCMAKE_INSTALL_PREFIX=/home/imml/git/research_2025/apple-harvest-eva/install/ur_moveit_config
[2.599s] Invoking command in '/home/imml/git/research_2025/apple-harvest-eva/build/ur_moveit_config': AMENT_PREFIX_PATH=/home/imml/git/research_2025/apple-harvest-eva/install/ur_description:${AMENT_PREFIX_PATH} CMAKE_PREFIX_PATH=/home/imml/git/research_2025/apple-harvest-eva/install/ur_description:/home/imml/git/research_2025/apple-harvest-eva/install/ur:/home/imml/git/research_2025/apple-harvest-eva/install/ur_calibration:/home/imml/git/research_2025/apple-harvest-eva/install/ur_robot_driver:/home/imml/git/research_2025/apple-harvest-eva/install/ur_moveit_config:/home/imml/git/research_2025/apple-harvest-eva/install/ur_bringup:/home/imml/git/research_2025/apple-harvest-eva/install/ur_controllers:/home/imml/git/research_2025/apple-harvest-eva/install/ur_dashboard_msgs:/home/imml/git/research_2025/apple-harvest-eva/install/realsense2_description:/home/imml/git/research_2025/apple-harvest-eva/install/realsense2_camera:/home/imml/git/research_2025/apple-harvest-eva/install/realsense2_camera_msgs:/home/imml/git/research_2025/apple-harvest-eva/install/harvest_control:/home/imml/git/research_2025/apple-harvest-eva/install/harvest:/home/imml/git/research_2025/apple-harvest-eva/install/harvest_interfaces:/home/imml/git/research_2025/apple-harvest-eva/install/ur5e_custom_hardware:/home/imml/git/research_2025/apple-harvest-eva/install/harvest_vision:/opt/ros/humble /usr/bin/cmake --build /home/imml/git/research_2025/apple-harvest-eva/build/ur_moveit_config -- -j16 -l16
[2.719s] Built target ament_cmake_python_symlink_ur_moveit_config
[3.016s] running egg_info
[3.017s] creating ur_moveit_config.egg-info
[3.017s] writing ur_moveit_config.egg-info/PKG-INFO
[3.017s] writing dependency_links to ur_moveit_config.egg-info/dependency_links.txt
[3.017s] writing top-level names to ur_moveit_config.egg-info/top_level.txt
[3.018s] writing manifest file 'ur_moveit_config.egg-info/SOURCES.txt'
[3.019s] reading manifest file 'ur_moveit_config.egg-info/SOURCES.txt'
[3.020s] writing manifest file 'ur_moveit_config.egg-info/SOURCES.txt'
[3.051s] Built target ament_cmake_python_build_ur_moveit_config_egg
[3.061s] Invoked command in '/home/imml/git/research_2025/apple-harvest-eva/build/ur_moveit_config' returned '0': AMENT_PREFIX_PATH=/home/imml/git/research_2025/apple-harvest-eva/install/ur_description:${AMENT_PREFIX_PATH} CMAKE_PREFIX_PATH=/home/imml/git/research_2025/apple-harvest-eva/install/ur_description:/home/imml/git/research_2025/apple-harvest-eva/install/ur:/home/imml/git/research_2025/apple-harvest-eva/install/ur_calibration:/home/imml/git/research_2025/apple-harvest-eva/install/ur_robot_driver:/home/imml/git/research_2025/apple-harvest-eva/install/ur_moveit_config:/home/imml/git/research_2025/apple-harvest-eva/install/ur_bringup:/home/imml/git/research_2025/apple-harvest-eva/install/ur_controllers:/home/imml/git/research_2025/apple-harvest-eva/install/ur_dashboard_msgs:/home/imml/git/research_2025/apple-harvest-eva/install/realsense2_description:/home/imml/git/research_2025/apple-harvest-eva/install/realsense2_camera:/home/imml/git/research_2025/apple-harvest-eva/install/realsense2_camera_msgs:/home/imml/git/research_2025/apple-harvest-eva/install/harvest_control:/home/imml/git/research_2025/apple-harvest-eva/install/harvest:/home/imml/git/research_2025/apple-harvest-eva/install/harvest_interfaces:/home/imml/git/research_2025/apple-harvest-eva/install/ur5e_custom_hardware:/home/imml/git/research_2025/apple-harvest-eva/install/harvest_vision:/opt/ros/humble /usr/bin/cmake --build /home/imml/git/research_2025/apple-harvest-eva/build/ur_moveit_config -- -j16 -l16
[3.063s] Invoking command in '/home/imml/git/research_2025/apple-harvest-eva/build/ur_moveit_config': AMENT_PREFIX_PATH=/home/imml/git/research_2025/apple-harvest-eva/install/ur_description:${AMENT_PREFIX_PATH} CMAKE_PREFIX_PATH=/home/imml/git/research_2025/apple-harvest-eva/install/ur_description:/home/imml/git/research_2025/apple-harvest-eva/install/ur:/home/imml/git/research_2025/apple-harvest-eva/install/ur_calibration:/home/imml/git/research_2025/apple-harvest-eva/install/ur_robot_driver:/home/imml/git/research_2025/apple-harvest-eva/install/ur_moveit_config:/home/imml/git/research_2025/apple-harvest-eva/install/ur_bringup:/home/imml/git/research_2025/apple-harvest-eva/install/ur_controllers:/home/imml/git/research_2025/apple-harvest-eva/install/ur_dashboard_msgs:/home/imml/git/research_2025/apple-harvest-eva/install/realsense2_description:/home/imml/git/research_2025/apple-harvest-eva/install/realsense2_camera:/home/imml/git/research_2025/apple-harvest-eva/install/realsense2_camera_msgs:/home/imml/git/research_2025/apple-harvest-eva/install/harvest_control:/home/imml/git/research_2025/apple-harvest-eva/install/harvest:/home/imml/git/research_2025/apple-harvest-eva/install/harvest_interfaces:/home/imml/git/research_2025/apple-harvest-eva/install/ur5e_custom_hardware:/home/imml/git/research_2025/apple-harvest-eva/install/harvest_vision:/opt/ros/humble /usr/bin/cmake --install /home/imml/git/research_2025/apple-harvest-eva/build/ur_moveit_config
[3.070s] -- Install configuration: ""
[3.070s] -- Execute custom install script
[3.071s] -- Symlinking: /home/imml/git/research_2025/apple-harvest-eva/install/ur_moveit_config/share/ur_moveit_config/config/controllers.yaml
[3.080s] -- Symlinking: /home/imml/git/research_2025/apple-harvest-eva/install/ur_moveit_config/share/ur_moveit_config/config/joint_limits.yaml
[3.089s] -- Symlinking: /home/imml/git/research_2025/apple-harvest-eva/install/ur_moveit_config/share/ur_moveit_config/config/kinematics.yaml
[3.097s] -- Symlinking: /home/imml/git/research_2025/apple-harvest-eva/install/ur_moveit_config/share/ur_moveit_config/config/ompl_planning.yaml
[3.106s] -- Symlinking: /home/imml/git/research_2025/apple-harvest-eva/install/ur_moveit_config/share/ur_moveit_config/config/ur_servo.yaml
[3.115s] -- Symlinking: /home/imml/git/research_2025/apple-harvest-eva/install/ur_moveit_config/share/ur_moveit_config/launch/ur_moveit.launch.py
[3.123s] -- Symlinking: /home/imml/git/research_2025/apple-harvest-eva/install/ur_moveit_config/share/ur_moveit_config/launch/ur_moveit_custom_hw.launch.py
[3.133s] -- Symlinking: /home/imml/git/research_2025/apple-harvest-eva/install/ur_moveit_config/share/ur_moveit_config/rviz/view_robot.rviz
[3.141s] -- Symlinking: /home/imml/git/research_2025/apple-harvest-eva/install/ur_moveit_config/share/ur_moveit_config/srdf/ur.srdf.xacro
[3.150s] -- Symlinking: /home/imml/git/research_2025/apple-harvest-eva/install/ur_moveit_config/share/ur_moveit_config/srdf/ur_macro.srdf.xacro
[3.159s] -- Symlinking: /home/imml/git/research_2025/apple-harvest-eva/install/ur_moveit_config/share/ur_moveit_config/environment/pythonpath.sh
[3.168s] -- Symlinking: /home/imml/git/research_2025/apple-harvest-eva/install/ur_moveit_config/share/ur_moveit_config/environment/pythonpath.dsv
[3.177s] -- Symlinking: /home/imml/git/research_2025/apple-harvest-eva/install/ur_moveit_config/local/lib/python3.10/dist-packages/ur_moveit_config-2.2.15-py3.10.egg-info/PKG-INFO
[3.186s] -- Symlinking: /home/imml/git/research_2025/apple-harvest-eva/install/ur_moveit_config/local/lib/python3.10/dist-packages/ur_moveit_config-2.2.15-py3.10.egg-info/SOURCES.txt
[3.194s] -- Symlinking: /home/imml/git/research_2025/apple-harvest-eva/install/ur_moveit_config/local/lib/python3.10/dist-packages/ur_moveit_config-2.2.15-py3.10.egg-info/dependency_links.txt
[3.203s] -- Symlinking: /home/imml/git/research_2025/apple-harvest-eva/install/ur_moveit_config/local/lib/python3.10/dist-packages/ur_moveit_config-2.2.15-py3.10.egg-info/top_level.txt
[3.212s] -- Symlinking: /home/imml/git/research_2025/apple-harvest-eva/install/ur_moveit_config/local/lib/python3.10/dist-packages/ur_moveit_config/__init__.py
[3.222s] -- Symlinking: /home/imml/git/research_2025/apple-harvest-eva/install/ur_moveit_config/local/lib/python3.10/dist-packages/ur_moveit_config/launch_common.py
[3.231s] -- Symlinking: /home/imml/git/research_2025/apple-harvest-eva/install/ur_moveit_config/local/lib/python3.10/dist-packages/launch_common.py
[3.241s] -- Symlinking: /home/imml/git/research_2025/apple-harvest-eva/install/ur_moveit_config/share/ament_index/resource_index/package_run_dependencies/ur_moveit_config
[3.251s] -- Symlinking: /home/imml/git/research_2025/apple-harvest-eva/install/ur_moveit_config/share/ament_index/resource_index/parent_prefix_path/ur_moveit_config
[3.260s] -- Symlinking: /home/imml/git/research_2025/apple-harvest-eva/install/ur_moveit_config/share/ur_moveit_config/environment/ament_prefix_path.sh
[3.269s] -- Symlinking: /home/imml/git/research_2025/apple-harvest-eva/install/ur_moveit_config/share/ur_moveit_config/environment/ament_prefix_path.dsv
[3.279s] -- Symlinking: /home/imml/git/research_2025/apple-harvest-eva/install/ur_moveit_config/share/ur_moveit_config/environment/path.sh
[3.289s] -- Symlinking: /home/imml/git/research_2025/apple-harvest-eva/install/ur_moveit_config/share/ur_moveit_config/environment/path.dsv
[3.299s] -- Symlinking: /home/imml/git/research_2025/apple-harvest-eva/install/ur_moveit_config/share/ur_moveit_config/local_setup.bash
[3.310s] -- Symlinking: /home/imml/git/research_2025/apple-harvest-eva/install/ur_moveit_config/share/ur_moveit_config/local_setup.sh
[3.320s] -- Symlinking: /home/imml/git/research_2025/apple-harvest-eva/install/ur_moveit_config/share/ur_moveit_config/local_setup.zsh
[3.330s] -- Symlinking: /home/imml/git/research_2025/apple-harvest-eva/install/ur_moveit_config/share/ur_moveit_config/local_setup.dsv
[3.340s] -- Symlinking: /home/imml/git/research_2025/apple-harvest-eva/install/ur_moveit_config/share/ur_moveit_config/package.dsv
[3.350s] -- Symlinking: /home/imml/git/research_2025/apple-harvest-eva/install/ur_moveit_config/share/ament_index/resource_index/packages/ur_moveit_config
[3.361s] -- Symlinking: /home/imml/git/research_2025/apple-harvest-eva/install/ur_moveit_config/share/ur_moveit_config/cmake/ur_moveit_configConfig.cmake
[3.371s] -- Symlinking: /home/imml/git/research_2025/apple-harvest-eva/install/ur_moveit_config/share/ur_moveit_config/cmake/ur_moveit_configConfig-version.cmake
[3.380s] -- Symlinking: /home/imml/git/research_2025/apple-harvest-eva/install/ur_moveit_config/share/ur_moveit_config/package.xml
[3.416s] Listing '/home/imml/git/research_2025/apple-harvest-eva/install/ur_moveit_config/local/lib/python3.10/dist-packages/ur_moveit_config'...
[3.417s] Compiling '/home/imml/git/research_2025/apple-harvest-eva/install/ur_moveit_config/local/lib/python3.10/dist-packages/ur_moveit_config/__init__.py'...
[3.417s] Compiling '/home/imml/git/research_2025/apple-harvest-eva/install/ur_moveit_config/local/lib/python3.10/dist-packages/ur_moveit_config/launch_common.py'...
[3.451s] Compiling '/home/imml/git/research_2025/apple-harvest-eva/install/ur_moveit_config/local/lib/python3.10/dist-packages/launch_common.py'...
[3.459s] Invoked command in '/home/imml/git/research_2025/apple-harvest-eva/build/ur_moveit_config' returned '0': AMENT_PREFIX_PATH=/home/imml/git/research_2025/apple-harvest-eva/install/ur_description:${AMENT_PREFIX_PATH} CMAKE_PREFIX_PATH=/home/imml/git/research_2025/apple-harvest-eva/install/ur_description:/home/imml/git/research_2025/apple-harvest-eva/install/ur:/home/imml/git/research_2025/apple-harvest-eva/install/ur_calibration:/home/imml/git/research_2025/apple-harvest-eva/install/ur_robot_driver:/home/imml/git/research_2025/apple-harvest-eva/install/ur_moveit_config:/home/imml/git/research_2025/apple-harvest-eva/install/ur_bringup:/home/imml/git/research_2025/apple-harvest-eva/install/ur_controllers:/home/imml/git/research_2025/apple-harvest-eva/install/ur_dashboard_msgs:/home/imml/git/research_2025/apple-harvest-eva/install/realsense2_description:/home/imml/git/research_2025/apple-harvest-eva/install/realsense2_camera:/home/imml/git/research_2025/apple-harvest-eva/install/realsense2_camera_msgs:/home/imml/git/research_2025/apple-harvest-eva/install/harvest_control:/home/imml/git/research_2025/apple-harvest-eva/install/harvest:/home/imml/git/research_2025/apple-harvest-eva/install/harvest_interfaces:/home/imml/git/research_2025/apple-harvest-eva/install/ur5e_custom_hardware:/home/imml/git/research_2025/apple-harvest-eva/install/harvest_vision:/opt/ros/humble /usr/bin/cmake --install /home/imml/git/research_2025/apple-harvest-eva/build/ur_moveit_config
