[0.024s] Invoking command in '/home/imml/git/research_2025/apple-harvest-refactor/build/ur_controllers': CMAKE_PREFIX_PATH=/home/imml/git/research_2025/apple-harvest-refactor/install/ur_dashboard_msgs:/home/imml/git/research_2025/apple-harvest-refactor/install/ur_moveit_config:/home/imml/git/research_2025/apple-harvest-refactor/install/ur_description:/home/imml/git/research_2025/apple-harvest-refactor/install/realsense2_description:/home/imml/git/research_2025/apple-harvest-refactor/install/realsense2_camera:/home/imml/git/research_2025/apple-harvest-refactor/install/realsense2_camera_msgs:/home/imml/git/research_2025/apple-harvest-refactor/install/harvest_control:/home/imml/git/research_2025/apple-harvest-refactor/install/harvest:/home/imml/git/research_2025/apple-harvest-refactor/install/harvest_interfaces:/home/imml/git/research_2025/apple-harvest-refactor/install/ur5e_custom_hardware:/home/imml/git/research_2025/apple-harvest-refactor/install/harvest_vision:/opt/ros/humble /usr/bin/cmake --build /home/imml/git/research_2025/apple-harvest-refactor/build/ur_controllers -- -j16 -l16
[0.075s] [ 20%] Built target speed_scaling_state_broadcaster_parameters
[0.076s] [ 60%] Built target gpio_controller_parameters
[0.076s] [ 60%] Built target scaled_joint_trajectory_controller_parameters
[0.093s] [35m[1mConsolidate compiler generated dependencies of target ur_controllers[0m
[0.116s] [100%] Built target ur_controllers
[0.292s] Invoked command in '/home/imml/git/research_2025/apple-harvest-refactor/build/ur_controllers' returned '0': CMAKE_PREFIX_PATH=/home/imml/git/research_2025/apple-harvest-refactor/install/ur_dashboard_msgs:/home/imml/git/research_2025/apple-harvest-refactor/install/ur_moveit_config:/home/imml/git/research_2025/apple-harvest-refactor/install/ur_description:/home/imml/git/research_2025/apple-harvest-refactor/install/realsense2_description:/home/imml/git/research_2025/apple-harvest-refactor/install/realsense2_camera:/home/imml/git/research_2025/apple-harvest-refactor/install/realsense2_camera_msgs:/home/imml/git/research_2025/apple-harvest-refactor/install/harvest_control:/home/imml/git/research_2025/apple-harvest-refactor/install/harvest:/home/imml/git/research_2025/apple-harvest-refactor/install/harvest_interfaces:/home/imml/git/research_2025/apple-harvest-refactor/install/ur5e_custom_hardware:/home/imml/git/research_2025/apple-harvest-refactor/install/harvest_vision:/opt/ros/humble /usr/bin/cmake --build /home/imml/git/research_2025/apple-harvest-refactor/build/ur_controllers -- -j16 -l16
[0.293s] Invoking command in '/home/imml/git/research_2025/apple-harvest-refactor/build/ur_controllers': CMAKE_PREFIX_PATH=/home/imml/git/research_2025/apple-harvest-refactor/install/ur_dashboard_msgs:/home/imml/git/research_2025/apple-harvest-refactor/install/ur_moveit_config:/home/imml/git/research_2025/apple-harvest-refactor/install/ur_description:/home/imml/git/research_2025/apple-harvest-refactor/install/realsense2_description:/home/imml/git/research_2025/apple-harvest-refactor/install/realsense2_camera:/home/imml/git/research_2025/apple-harvest-refactor/install/realsense2_camera_msgs:/home/imml/git/research_2025/apple-harvest-refactor/install/harvest_control:/home/imml/git/research_2025/apple-harvest-refactor/install/harvest:/home/imml/git/research_2025/apple-harvest-refactor/install/harvest_interfaces:/home/imml/git/research_2025/apple-harvest-refactor/install/ur5e_custom_hardware:/home/imml/git/research_2025/apple-harvest-refactor/install/harvest_vision:/opt/ros/humble /usr/bin/cmake --install /home/imml/git/research_2025/apple-harvest-refactor/build/ur_controllers
[0.298s] -- Install configuration: ""
[0.298s] -- Execute custom install script
[0.299s] -- Up-to-date symlink: /home/imml/git/research_2025/apple-harvest-refactor/install/ur_controllers/include/ur_controllers/gpio_controller_parameters.hpp
[0.299s] -- Up-to-date symlink: /home/imml/git/research_2025/apple-harvest-refactor/install/ur_controllers/include/ur_controllers/scaled_joint_trajectory_controller_parameters.hpp
[0.300s] -- Up-to-date symlink: /home/imml/git/research_2025/apple-harvest-refactor/install/ur_controllers/include/ur_controllers/speed_scaling_state_broadcaster_parameters.hpp
[0.300s] -- Up-to-date symlink: /home/imml/git/research_2025/apple-harvest-refactor/install/ur_controllers/include/ur_controllers/gpio_controller_parameters.hpp
[0.300s] -- Up-to-date symlink: /home/imml/git/research_2025/apple-harvest-refactor/install/ur_controllers/include/ur_controllers/scaled_joint_trajectory_controller_parameters.hpp
[0.300s] -- Up-to-date symlink: /home/imml/git/research_2025/apple-harvest-refactor/install/ur_controllers/include/ur_controllers/speed_scaling_state_broadcaster_parameters.hpp
[0.301s] -- Up-to-date symlink: /home/imml/git/research_2025/apple-harvest-refactor/install/ur_controllers/include/ur_controllers/gpio_controller_parameters.hpp
[0.301s] -- Up-to-date symlink: /home/imml/git/research_2025/apple-harvest-refactor/install/ur_controllers/include/ur_controllers/scaled_joint_trajectory_controller_parameters.hpp
[0.301s] -- Up-to-date symlink: /home/imml/git/research_2025/apple-harvest-refactor/install/ur_controllers/include/ur_controllers/speed_scaling_state_broadcaster_parameters.hpp
[0.302s] -- Up-to-date symlink: /home/imml/git/research_2025/apple-harvest-refactor/install/ur_controllers/share/ur_controllers//controller_plugins.xml
[0.303s] -- Up-to-date symlink: /home/imml/git/research_2025/apple-harvest-refactor/install/ur_controllers/lib/libur_controllers.so
[0.303s] -- Up-to-date symlink: /home/imml/git/research_2025/apple-harvest-refactor/install/ur_controllers/include/ur_controllers/gpio_controller.hpp
[0.303s] -- Up-to-date symlink: /home/imml/git/research_2025/apple-harvest-refactor/install/ur_controllers/include/ur_controllers/scaled_joint_trajectory_controller.hpp
[0.303s] -- Up-to-date symlink: /home/imml/git/research_2025/apple-harvest-refactor/install/ur_controllers/include/ur_controllers/speed_scaling_state_broadcaster.hpp
[0.303s] -- Up-to-date symlink: /home/imml/git/research_2025/apple-harvest-refactor/install/ur_controllers/share/ur_controllers/controller_plugins.xml
[0.303s] -- Up-to-date symlink: /home/imml/git/research_2025/apple-harvest-refactor/install/ur_controllers/share/ur_controllers/environment/library_path.sh
[0.303s] -- Up-to-date symlink: /home/imml/git/research_2025/apple-harvest-refactor/install/ur_controllers/share/ur_controllers/environment/library_path.dsv
[0.303s] -- Up-to-date symlink: /home/imml/git/research_2025/apple-harvest-refactor/install/ur_controllers/share/ament_index/resource_index/package_run_dependencies/ur_controllers
[0.304s] -- Up-to-date symlink: /home/imml/git/research_2025/apple-harvest-refactor/install/ur_controllers/share/ament_index/resource_index/parent_prefix_path/ur_controllers
[0.304s] -- Up-to-date symlink: /home/imml/git/research_2025/apple-harvest-refactor/install/ur_controllers/share/ur_controllers/environment/ament_prefix_path.sh
[0.304s] -- Up-to-date symlink: /home/imml/git/research_2025/apple-harvest-refactor/install/ur_controllers/share/ur_controllers/environment/ament_prefix_path.dsv
[0.304s] -- Up-to-date symlink: /home/imml/git/research_2025/apple-harvest-refactor/install/ur_controllers/share/ur_controllers/environment/path.sh
[0.304s] -- Up-to-date symlink: /home/imml/git/research_2025/apple-harvest-refactor/install/ur_controllers/share/ur_controllers/environment/path.dsv
[0.305s] -- Up-to-date symlink: /home/imml/git/research_2025/apple-harvest-refactor/install/ur_controllers/share/ur_controllers/local_setup.bash
[0.305s] -- Up-to-date symlink: /home/imml/git/research_2025/apple-harvest-refactor/install/ur_controllers/share/ur_controllers/local_setup.sh
[0.305s] -- Up-to-date symlink: /home/imml/git/research_2025/apple-harvest-refactor/install/ur_controllers/share/ur_controllers/local_setup.zsh
[0.305s] -- Up-to-date symlink: /home/imml/git/research_2025/apple-harvest-refactor/install/ur_controllers/share/ur_controllers/local_setup.dsv
[0.305s] -- Symlinking: /home/imml/git/research_2025/apple-harvest-refactor/install/ur_controllers/share/ur_controllers/package.dsv
[0.313s] -- Up-to-date symlink: /home/imml/git/research_2025/apple-harvest-refactor/install/ur_controllers/share/ament_index/resource_index/packages/ur_controllers
[0.314s] -- Up-to-date symlink: /home/imml/git/research_2025/apple-harvest-refactor/install/ur_controllers/share/ament_index/resource_index/controller_interface__pluginlib__plugin/ur_controllers
[0.314s] -- Up-to-date symlink: /home/imml/git/research_2025/apple-harvest-refactor/install/ur_controllers/share/ur_controllers/cmake/ament_cmake_export_dependencies-extras.cmake
[0.314s] -- Up-to-date symlink: /home/imml/git/research_2025/apple-harvest-refactor/install/ur_controllers/share/ur_controllers/cmake/ament_cmake_export_include_directories-extras.cmake
[0.314s] -- Up-to-date symlink: /home/imml/git/research_2025/apple-harvest-refactor/install/ur_controllers/share/ur_controllers/cmake/ament_cmake_export_libraries-extras.cmake
[0.314s] -- Up-to-date symlink: /home/imml/git/research_2025/apple-harvest-refactor/install/ur_controllers/share/ur_controllers/cmake/ur_controllersConfig.cmake
[0.314s] -- Up-to-date symlink: /home/imml/git/research_2025/apple-harvest-refactor/install/ur_controllers/share/ur_controllers/cmake/ur_controllersConfig-version.cmake
[0.315s] -- Up-to-date symlink: /home/imml/git/research_2025/apple-harvest-refactor/install/ur_controllers/share/ur_controllers/package.xml
[0.316s] Invoked command in '/home/imml/git/research_2025/apple-harvest-refactor/build/ur_controllers' returned '0': CMAKE_PREFIX_PATH=/home/imml/git/research_2025/apple-harvest-refactor/install/ur_dashboard_msgs:/home/imml/git/research_2025/apple-harvest-refactor/install/ur_moveit_config:/home/imml/git/research_2025/apple-harvest-refactor/install/ur_description:/home/imml/git/research_2025/apple-harvest-refactor/install/realsense2_description:/home/imml/git/research_2025/apple-harvest-refactor/install/realsense2_camera:/home/imml/git/research_2025/apple-harvest-refactor/install/realsense2_camera_msgs:/home/imml/git/research_2025/apple-harvest-refactor/install/harvest_control:/home/imml/git/research_2025/apple-harvest-refactor/install/harvest:/home/imml/git/research_2025/apple-harvest-refactor/install/harvest_interfaces:/home/imml/git/research_2025/apple-harvest-refactor/install/ur5e_custom_hardware:/home/imml/git/research_2025/apple-harvest-refactor/install/harvest_vision:/opt/ros/humble /usr/bin/cmake --install /home/imml/git/research_2025/apple-harvest-refactor/build/ur_controllers
