[0.279s] Invoking command in '/home/imml/git/research_2025/apple-harvest-refactor/build/ur_controllers': CMAKE_PREFIX_PATH=/home/imml/git/research_2025/apple-harvest-refactor/install/ur_dashboard_msgs:/home/imml/git/research_2025/apple-harvest-refactor/install/ur_moveit_config:/home/imml/git/research_2025/apple-harvest-refactor/install/ur_description:/home/imml/git/research_2025/apple-harvest-refactor/install/realsense2_description:/home/imml/git/research_2025/apple-harvest-refactor/install/realsense2_camera:/home/imml/git/research_2025/apple-harvest-refactor/install/realsense2_camera_msgs:/home/imml/git/research_2025/apple-harvest-refactor/install/harvest_control:/home/imml/git/research_2025/apple-harvest-refactor/install/harvest:/home/imml/git/research_2025/apple-harvest-refactor/install/harvest_interfaces:/home/imml/git/research_2025/apple-harvest-refactor/install/ur5e_custom_hardware:/home/imml/git/research_2025/apple-harvest-refactor/install/harvest_vision:/opt/ros/humble /usr/bin/cmake --build /home/imml/git/research_2025/apple-harvest-refactor/build/ur_controllers -- -j16 -l16
[0.342s] [ 40%] Built target gpio_controller_parameters
[0.343s] [ 40%] Built target scaled_joint_trajectory_controller_parameters
[0.344s] [ 60%] Built target speed_scaling_state_broadcaster_parameters
[0.362s] [35m[1mConsolidate compiler generated dependencies of target ur_controllers[0m
[0.392s] [ 70%] [32mBuilding CXX object CMakeFiles/ur_controllers.dir/src/speed_scaling_state_broadcaster.cpp.o[0m
[0.393s] [ 80%] [32mBuilding CXX object CMakeFiles/ur_controllers.dir/src/scaled_joint_trajectory_controller.cpp.o[0m
[0.393s] [ 90%] [32mBuilding CXX object CMakeFiles/ur_controllers.dir/src/gpio_controller.cpp.o[0m
[7.679s] [100%] [32m[1mLinking CXX shared library libur_controllers.so[0m
[8.196s] [100%] Built target ur_controllers
[8.207s] Invoked command in '/home/imml/git/research_2025/apple-harvest-refactor/build/ur_controllers' returned '0': CMAKE_PREFIX_PATH=/home/imml/git/research_2025/apple-harvest-refactor/install/ur_dashboard_msgs:/home/imml/git/research_2025/apple-harvest-refactor/install/ur_moveit_config:/home/imml/git/research_2025/apple-harvest-refactor/install/ur_description:/home/imml/git/research_2025/apple-harvest-refactor/install/realsense2_description:/home/imml/git/research_2025/apple-harvest-refactor/install/realsense2_camera:/home/imml/git/research_2025/apple-harvest-refactor/install/realsense2_camera_msgs:/home/imml/git/research_2025/apple-harvest-refactor/install/harvest_control:/home/imml/git/research_2025/apple-harvest-refactor/install/harvest:/home/imml/git/research_2025/apple-harvest-refactor/install/harvest_interfaces:/home/imml/git/research_2025/apple-harvest-refactor/install/ur5e_custom_hardware:/home/imml/git/research_2025/apple-harvest-refactor/install/harvest_vision:/opt/ros/humble /usr/bin/cmake --build /home/imml/git/research_2025/apple-harvest-refactor/build/ur_controllers -- -j16 -l16
[8.208s] Invoking command in '/home/imml/git/research_2025/apple-harvest-refactor/build/ur_controllers': CMAKE_PREFIX_PATH=/home/imml/git/research_2025/apple-harvest-refactor/install/ur_dashboard_msgs:/home/imml/git/research_2025/apple-harvest-refactor/install/ur_moveit_config:/home/imml/git/research_2025/apple-harvest-refactor/install/ur_description:/home/imml/git/research_2025/apple-harvest-refactor/install/realsense2_description:/home/imml/git/research_2025/apple-harvest-refactor/install/realsense2_camera:/home/imml/git/research_2025/apple-harvest-refactor/install/realsense2_camera_msgs:/home/imml/git/research_2025/apple-harvest-refactor/install/harvest_control:/home/imml/git/research_2025/apple-harvest-refactor/install/harvest:/home/imml/git/research_2025/apple-harvest-refactor/install/harvest_interfaces:/home/imml/git/research_2025/apple-harvest-refactor/install/ur5e_custom_hardware:/home/imml/git/research_2025/apple-harvest-refactor/install/harvest_vision:/opt/ros/humble /usr/bin/cmake --install /home/imml/git/research_2025/apple-harvest-refactor/build/ur_controllers
[8.215s] -- Install configuration: ""
[8.216s] -- Execute custom install script
[8.216s] -- Up-to-date symlink: /home/imml/git/research_2025/apple-harvest-refactor/install/ur_controllers/include/ur_controllers/gpio_controller_parameters.hpp
[8.216s] -- Up-to-date symlink: /home/imml/git/research_2025/apple-harvest-refactor/install/ur_controllers/include/ur_controllers/scaled_joint_trajectory_controller_parameters.hpp
[8.216s] -- Up-to-date symlink: /home/imml/git/research_2025/apple-harvest-refactor/install/ur_controllers/include/ur_controllers/speed_scaling_state_broadcaster_parameters.hpp
[8.217s] -- Up-to-date symlink: /home/imml/git/research_2025/apple-harvest-refactor/install/ur_controllers/include/ur_controllers/gpio_controller_parameters.hpp
[8.217s] -- Up-to-date symlink: /home/imml/git/research_2025/apple-harvest-refactor/install/ur_controllers/include/ur_controllers/scaled_joint_trajectory_controller_parameters.hpp
[8.217s] -- Up-to-date symlink: /home/imml/git/research_2025/apple-harvest-refactor/install/ur_controllers/include/ur_controllers/speed_scaling_state_broadcaster_parameters.hpp
[8.217s] -- Up-to-date symlink: /home/imml/git/research_2025/apple-harvest-refactor/install/ur_controllers/include/ur_controllers/gpio_controller_parameters.hpp
[8.217s] -- Up-to-date symlink: /home/imml/git/research_2025/apple-harvest-refactor/install/ur_controllers/include/ur_controllers/scaled_joint_trajectory_controller_parameters.hpp
[8.217s] -- Up-to-date symlink: /home/imml/git/research_2025/apple-harvest-refactor/install/ur_controllers/include/ur_controllers/speed_scaling_state_broadcaster_parameters.hpp
[8.217s] -- Up-to-date symlink: /home/imml/git/research_2025/apple-harvest-refactor/install/ur_controllers/share/ur_controllers//controller_plugins.xml
[8.218s] -- Up-to-date symlink: /home/imml/git/research_2025/apple-harvest-refactor/install/ur_controllers/lib/libur_controllers.so
[8.218s] -- Up-to-date symlink: /home/imml/git/research_2025/apple-harvest-refactor/install/ur_controllers/include/ur_controllers/gpio_controller.hpp
[8.218s] -- Up-to-date symlink: /home/imml/git/research_2025/apple-harvest-refactor/install/ur_controllers/include/ur_controllers/scaled_joint_trajectory_controller.hpp
[8.218s] -- Up-to-date symlink: /home/imml/git/research_2025/apple-harvest-refactor/install/ur_controllers/include/ur_controllers/speed_scaling_state_broadcaster.hpp
[8.218s] -- Up-to-date symlink: /home/imml/git/research_2025/apple-harvest-refactor/install/ur_controllers/share/ur_controllers/controller_plugins.xml
[8.218s] -- Up-to-date symlink: /home/imml/git/research_2025/apple-harvest-refactor/install/ur_controllers/share/ur_controllers/environment/library_path.sh
[8.218s] -- Up-to-date symlink: /home/imml/git/research_2025/apple-harvest-refactor/install/ur_controllers/share/ur_controllers/environment/library_path.dsv
[8.219s] -- Up-to-date symlink: /home/imml/git/research_2025/apple-harvest-refactor/install/ur_controllers/share/ament_index/resource_index/package_run_dependencies/ur_controllers
[8.219s] -- Up-to-date symlink: /home/imml/git/research_2025/apple-harvest-refactor/install/ur_controllers/share/ament_index/resource_index/parent_prefix_path/ur_controllers
[8.219s] -- Up-to-date symlink: /home/imml/git/research_2025/apple-harvest-refactor/install/ur_controllers/share/ur_controllers/environment/ament_prefix_path.sh
[8.219s] -- Up-to-date symlink: /home/imml/git/research_2025/apple-harvest-refactor/install/ur_controllers/share/ur_controllers/environment/ament_prefix_path.dsv
[8.219s] -- Up-to-date symlink: /home/imml/git/research_2025/apple-harvest-refactor/install/ur_controllers/share/ur_controllers/environment/path.sh
[8.219s] -- Up-to-date symlink: /home/imml/git/research_2025/apple-harvest-refactor/install/ur_controllers/share/ur_controllers/environment/path.dsv
[8.219s] -- Up-to-date symlink: /home/imml/git/research_2025/apple-harvest-refactor/install/ur_controllers/share/ur_controllers/local_setup.bash
[8.220s] -- Up-to-date symlink: /home/imml/git/research_2025/apple-harvest-refactor/install/ur_controllers/share/ur_controllers/local_setup.sh
[8.220s] -- Up-to-date symlink: /home/imml/git/research_2025/apple-harvest-refactor/install/ur_controllers/share/ur_controllers/local_setup.zsh
[8.220s] -- Up-to-date symlink: /home/imml/git/research_2025/apple-harvest-refactor/install/ur_controllers/share/ur_controllers/local_setup.dsv
[8.220s] -- Symlinking: /home/imml/git/research_2025/apple-harvest-refactor/install/ur_controllers/share/ur_controllers/package.dsv
[8.228s] -- Up-to-date symlink: /home/imml/git/research_2025/apple-harvest-refactor/install/ur_controllers/share/ament_index/resource_index/packages/ur_controllers
[8.229s] -- Up-to-date symlink: /home/imml/git/research_2025/apple-harvest-refactor/install/ur_controllers/share/ament_index/resource_index/controller_interface__pluginlib__plugin/ur_controllers
[8.229s] -- Up-to-date symlink: /home/imml/git/research_2025/apple-harvest-refactor/install/ur_controllers/share/ur_controllers/cmake/ament_cmake_export_dependencies-extras.cmake
[8.229s] -- Up-to-date symlink: /home/imml/git/research_2025/apple-harvest-refactor/install/ur_controllers/share/ur_controllers/cmake/ament_cmake_export_include_directories-extras.cmake
[8.229s] -- Up-to-date symlink: /home/imml/git/research_2025/apple-harvest-refactor/install/ur_controllers/share/ur_controllers/cmake/ament_cmake_export_libraries-extras.cmake
[8.229s] -- Up-to-date symlink: /home/imml/git/research_2025/apple-harvest-refactor/install/ur_controllers/share/ur_controllers/cmake/ur_controllersConfig.cmake
[8.229s] -- Up-to-date symlink: /home/imml/git/research_2025/apple-harvest-refactor/install/ur_controllers/share/ur_controllers/cmake/ur_controllersConfig-version.cmake
[8.229s] -- Up-to-date symlink: /home/imml/git/research_2025/apple-harvest-refactor/install/ur_controllers/share/ur_controllers/package.xml
[8.232s] Invoked command in '/home/imml/git/research_2025/apple-harvest-refactor/build/ur_controllers' returned '0': CMAKE_PREFIX_PATH=/home/imml/git/research_2025/apple-harvest-refactor/install/ur_dashboard_msgs:/home/imml/git/research_2025/apple-harvest-refactor/install/ur_moveit_config:/home/imml/git/research_2025/apple-harvest-refactor/install/ur_description:/home/imml/git/research_2025/apple-harvest-refactor/install/realsense2_description:/home/imml/git/research_2025/apple-harvest-refactor/install/realsense2_camera:/home/imml/git/research_2025/apple-harvest-refactor/install/realsense2_camera_msgs:/home/imml/git/research_2025/apple-harvest-refactor/install/harvest_control:/home/imml/git/research_2025/apple-harvest-refactor/install/harvest:/home/imml/git/research_2025/apple-harvest-refactor/install/harvest_interfaces:/home/imml/git/research_2025/apple-harvest-refactor/install/ur5e_custom_hardware:/home/imml/git/research_2025/apple-harvest-refactor/install/harvest_vision:/opt/ros/humble /usr/bin/cmake --install /home/imml/git/research_2025/apple-harvest-refactor/build/ur_controllers
