[0.022s] Invoking command in '/home/imml/git/research_2025/apple-harvest-eva/build/ur_robot_driver': CMAKE_PREFIX_PATH=/home/imml/git/research_2025/apple-harvest-eva/install/ur_controllers:/home/imml/git/research_2025/apple-harvest-eva/install/ur_description:/home/imml/git/research_2025/apple-harvest-eva/install/ur_dashboard_msgs:/home/imml/git/research_2025/apple-harvest-eva/install/ur:/home/imml/git/research_2025/apple-harvest-eva/install/ur_calibration:/home/imml/git/research_2025/apple-harvest-eva/install/ur_robot_driver:/home/imml/git/research_2025/apple-harvest-eva/install/ur_moveit_config:/home/imml/git/research_2025/apple-harvest-eva/install/ur_bringup:/home/imml/git/research_2025/apple-harvest-eva/install/realsense2_description:/home/imml/git/research_2025/apple-harvest-eva/install/realsense2_camera:/home/imml/git/research_2025/apple-harvest-eva/install/realsense2_camera_msgs:/home/imml/git/research_2025/apple-harvest-eva/install/harvest_control:/home/imml/git/research_2025/apple-harvest-eva/install/harvest:/home/imml/git/research_2025/apple-harvest-eva/install/harvest_interfaces:/home/imml/git/research_2025/apple-harvest-eva/install/ur5e_custom_hardware:/home/imml/git/research_2025/apple-harvest-eva/install/harvest_vision:/opt/ros/humble LD_LIBRARY_PATH=/home/imml/git/research_2025/apple-harvest-eva/install/ur_controllers/lib:/home/imml/git/research_2025/apple-harvest-eva/install/ur_dashboard_msgs/lib:/home/imml/git/research_2025/apple-harvest-eva/install/ur_robot_driver/lib:/home/imml/git/research_2025/apple-harvest-eva/install/realsense2_camera/lib:/home/imml/git/research_2025/apple-harvest-eva/install/realsense2_camera_msgs/lib:/home/imml/git/research_2025/apple-harvest-eva/install/harvest_interfaces/lib:/usr/local/cuda-12.9/lib64:/opt/ros/humble/opt/rviz_ogre_vendor/lib:/opt/ros/humble/lib/x86_64-linux-gnu:/opt/ros/humble/lib /usr/bin/cmake /home/imml/git/research_2025/apple-harvest-eva/harvest_hardware/Universal_Robots_ROS2_Driver/ur_robot_driver -DAMENT_CMAKE_SYMLINK_INSTALL=1 -DCMAKE_INSTALL_PREFIX=/home/imml/git/research_2025/apple-harvest-eva/install/ur_robot_driver
[0.035s] [0mur_robot_driver: You did not request a specific build type: selecting 'RelWithDebInfo'.[0m
[0.035s] -- Found ament_cmake: 1.3.11 (/opt/ros/humble/share/ament_cmake/cmake)
[0.172s] -- Override CMake install command with custom implementation using symlinks instead of copying resources
[0.181s] -- Found controller_manager: 2.51.0 (/opt/ros/humble/share/controller_manager/cmake)
[0.223s] -- Found rosidl_generator_c: 3.1.6 (/opt/ros/humble/share/rosidl_generator_c/cmake)
[0.226s] -- Found rosidl_adapter: 3.1.6 (/opt/ros/humble/share/rosidl_adapter/cmake)
[0.234s] -- Found rosidl_generator_cpp: 3.1.6 (/opt/ros/humble/share/rosidl_generator_cpp/cmake)
[0.248s] -- Using all available rosidl_typesupport_c: rosidl_typesupport_fastrtps_c;rosidl_typesupport_introspection_c
[0.266s] -- Using all available rosidl_typesupport_cpp: rosidl_typesupport_fastrtps_cpp;rosidl_typesupport_introspection_cpp
[0.462s] -- Found rmw_implementation_cmake: 6.1.2 (/opt/ros/humble/share/rmw_implementation_cmake/cmake)
[0.464s] -- Found rmw_fastrtps_cpp: 6.2.7 (/opt/ros/humble/share/rmw_fastrtps_cpp/cmake)
[0.483s] -- Found TinyXML2 via Config file: TinyXML2_DIR-NOTFOUND
[0.494s] -- Found TinyXML2 via Config file: TinyXML2_DIR-NOTFOUND
[0.512s] -- Found TinyXML2 via Config file: TinyXML2_DIR-NOTFOUND
[0.521s] -- Found TinyXML2 via Config file: TinyXML2_DIR-NOTFOUND
[0.537s] -- Using RMW implementation 'rmw_fastrtps_cpp' as default
[0.614s] -- Found rclpy: 3.3.16 (/opt/ros/humble/share/rclpy/cmake)
[0.614s] -- Found std_srvs: 4.9.0 (/opt/ros/humble/share/std_srvs/cmake)
[0.623s] -- Found tf2_geometry_msgs: 0.25.13 (/opt/ros/humble/share/tf2_geometry_msgs/cmake)
[0.626s] -- Found eigen3_cmake_module: 0.1.1 (/opt/ros/humble/share/eigen3_cmake_module/cmake)
[0.627s] -- Ensuring Eigen3 include directory is part of orocos-kdl CMake target
[0.676s] -- Found ur_dashboard_msgs: 2.2.15 (/home/imml/git/research_2025/apple-harvest-eva/install/ur_dashboard_msgs/share/ur_dashboard_msgs/cmake)
[1.013s] -- Found ur_controllers: 2.2.15 (/home/imml/git/research_2025/apple-harvest-eva/install/ur_controllers/share/ur_controllers/cmake)
[1.092s] -- Found ur_description: 2.1.7 (/home/imml/git/research_2025/apple-harvest-eva/install/ur_description/share/ur_description/cmake)
[1.092s] -- Found launch_testing_ament_cmake: 1.0.9 (/opt/ros/humble/share/launch_testing_ament_cmake/cmake)
[1.093s] -- Found python_cmake_module: 0.10.0 (/opt/ros/humble/share/python_cmake_module/cmake)
[1.115s] -- Using PYTHON_EXECUTABLE: /usr/bin/python3
[1.115s] -- Using PYTHON_INCLUDE_DIRS: /usr/include/python3.10
[1.115s] -- Using PYTHON_LIBRARIES: /usr/lib/x86_64-linux-gnu/libpython3.10.so
[1.116s] -- Configuring done
[1.232s] -- Generating done
[1.248s] -- Build files have been written to: /home/imml/git/research_2025/apple-harvest-eva/build/ur_robot_driver
[1.260s] Invoked command in '/home/imml/git/research_2025/apple-harvest-eva/build/ur_robot_driver' returned '0': CMAKE_PREFIX_PATH=/home/imml/git/research_2025/apple-harvest-eva/install/ur_controllers:/home/imml/git/research_2025/apple-harvest-eva/install/ur_description:/home/imml/git/research_2025/apple-harvest-eva/install/ur_dashboard_msgs:/home/imml/git/research_2025/apple-harvest-eva/install/ur:/home/imml/git/research_2025/apple-harvest-eva/install/ur_calibration:/home/imml/git/research_2025/apple-harvest-eva/install/ur_robot_driver:/home/imml/git/research_2025/apple-harvest-eva/install/ur_moveit_config:/home/imml/git/research_2025/apple-harvest-eva/install/ur_bringup:/home/imml/git/research_2025/apple-harvest-eva/install/realsense2_description:/home/imml/git/research_2025/apple-harvest-eva/install/realsense2_camera:/home/imml/git/research_2025/apple-harvest-eva/install/realsense2_camera_msgs:/home/imml/git/research_2025/apple-harvest-eva/install/harvest_control:/home/imml/git/research_2025/apple-harvest-eva/install/harvest:/home/imml/git/research_2025/apple-harvest-eva/install/harvest_interfaces:/home/imml/git/research_2025/apple-harvest-eva/install/ur5e_custom_hardware:/home/imml/git/research_2025/apple-harvest-eva/install/harvest_vision:/opt/ros/humble LD_LIBRARY_PATH=/home/imml/git/research_2025/apple-harvest-eva/install/ur_controllers/lib:/home/imml/git/research_2025/apple-harvest-eva/install/ur_dashboard_msgs/lib:/home/imml/git/research_2025/apple-harvest-eva/install/ur_robot_driver/lib:/home/imml/git/research_2025/apple-harvest-eva/install/realsense2_camera/lib:/home/imml/git/research_2025/apple-harvest-eva/install/realsense2_camera_msgs/lib:/home/imml/git/research_2025/apple-harvest-eva/install/harvest_interfaces/lib:/usr/local/cuda-12.9/lib64:/opt/ros/humble/opt/rviz_ogre_vendor/lib:/opt/ros/humble/lib/x86_64-linux-gnu:/opt/ros/humble/lib /usr/bin/cmake /home/imml/git/research_2025/apple-harvest-eva/harvest_hardware/Universal_Robots_ROS2_Driver/ur_robot_driver -DAMENT_CMAKE_SYMLINK_INSTALL=1 -DCMAKE_INSTALL_PREFIX=/home/imml/git/research_2025/apple-harvest-eva/install/ur_robot_driver
[1.261s] Invoking command in '/home/imml/git/research_2025/apple-harvest-eva/build/ur_robot_driver': CMAKE_PREFIX_PATH=/home/imml/git/research_2025/apple-harvest-eva/install/ur_controllers:/home/imml/git/research_2025/apple-harvest-eva/install/ur_description:/home/imml/git/research_2025/apple-harvest-eva/install/ur_dashboard_msgs:/home/imml/git/research_2025/apple-harvest-eva/install/ur:/home/imml/git/research_2025/apple-harvest-eva/install/ur_calibration:/home/imml/git/research_2025/apple-harvest-eva/install/ur_robot_driver:/home/imml/git/research_2025/apple-harvest-eva/install/ur_moveit_config:/home/imml/git/research_2025/apple-harvest-eva/install/ur_bringup:/home/imml/git/research_2025/apple-harvest-eva/install/realsense2_description:/home/imml/git/research_2025/apple-harvest-eva/install/realsense2_camera:/home/imml/git/research_2025/apple-harvest-eva/install/realsense2_camera_msgs:/home/imml/git/research_2025/apple-harvest-eva/install/harvest_control:/home/imml/git/research_2025/apple-harvest-eva/install/harvest:/home/imml/git/research_2025/apple-harvest-eva/install/harvest_interfaces:/home/imml/git/research_2025/apple-harvest-eva/install/ur5e_custom_hardware:/home/imml/git/research_2025/apple-harvest-eva/install/harvest_vision:/opt/ros/humble LD_LIBRARY_PATH=/home/imml/git/research_2025/apple-harvest-eva/install/ur_controllers/lib:/home/imml/git/research_2025/apple-harvest-eva/install/ur_dashboard_msgs/lib:/home/imml/git/research_2025/apple-harvest-eva/install/ur_robot_driver/lib:/home/imml/git/research_2025/apple-harvest-eva/install/realsense2_camera/lib:/home/imml/git/research_2025/apple-harvest-eva/install/realsense2_camera_msgs/lib:/home/imml/git/research_2025/apple-harvest-eva/install/harvest_interfaces/lib:/usr/local/cuda-12.9/lib64:/opt/ros/humble/opt/rviz_ogre_vendor/lib:/opt/ros/humble/lib/x86_64-linux-gnu:/opt/ros/humble/lib /usr/bin/cmake --build /home/imml/git/research_2025/apple-harvest-eva/build/ur_robot_driver -- -j16 -l16
[1.307s] [35m[1mConsolidate compiler generated dependencies of target urscript_interface[0m
[1.308s] [35m[1mConsolidate compiler generated dependencies of target controller_stopper_node[0m
[1.308s] [35m[1mConsolidate compiler generated dependencies of target dashboard_client[0m
[1.309s] [35m[1mConsolidate compiler generated dependencies of target ur_ros2_control_node[0m
[1.309s] [35m[1mConsolidate compiler generated dependencies of target ur_robot_driver_plugin[0m
[1.328s] [  0%] Built target ament_cmake_python_symlink_ur_robot_driver
[1.328s] [ 13%] Built target urscript_interface
[1.329s] [ 33%] Built target controller_stopper_node
[1.335s] [ 66%] Built target ur_ros2_control_node
[1.335s] [ 80%] Built target ur_robot_driver_plugin
[1.335s] [100%] Built target dashboard_client
[1.561s] running egg_info
[1.562s] writing ur_robot_driver.egg-info/PKG-INFO
[1.562s] writing dependency_links to ur_robot_driver.egg-info/dependency_links.txt
[1.562s] writing top-level names to ur_robot_driver.egg-info/top_level.txt
[1.564s] reading manifest file 'ur_robot_driver.egg-info/SOURCES.txt'
[1.564s] writing manifest file 'ur_robot_driver.egg-info/SOURCES.txt'
[1.592s] [100%] Built target ament_cmake_python_build_ur_robot_driver_egg
[1.604s] Invoked command in '/home/imml/git/research_2025/apple-harvest-eva/build/ur_robot_driver' returned '0': CMAKE_PREFIX_PATH=/home/imml/git/research_2025/apple-harvest-eva/install/ur_controllers:/home/imml/git/research_2025/apple-harvest-eva/install/ur_description:/home/imml/git/research_2025/apple-harvest-eva/install/ur_dashboard_msgs:/home/imml/git/research_2025/apple-harvest-eva/install/ur:/home/imml/git/research_2025/apple-harvest-eva/install/ur_calibration:/home/imml/git/research_2025/apple-harvest-eva/install/ur_robot_driver:/home/imml/git/research_2025/apple-harvest-eva/install/ur_moveit_config:/home/imml/git/research_2025/apple-harvest-eva/install/ur_bringup:/home/imml/git/research_2025/apple-harvest-eva/install/realsense2_description:/home/imml/git/research_2025/apple-harvest-eva/install/realsense2_camera:/home/imml/git/research_2025/apple-harvest-eva/install/realsense2_camera_msgs:/home/imml/git/research_2025/apple-harvest-eva/install/harvest_control:/home/imml/git/research_2025/apple-harvest-eva/install/harvest:/home/imml/git/research_2025/apple-harvest-eva/install/harvest_interfaces:/home/imml/git/research_2025/apple-harvest-eva/install/ur5e_custom_hardware:/home/imml/git/research_2025/apple-harvest-eva/install/harvest_vision:/opt/ros/humble LD_LIBRARY_PATH=/home/imml/git/research_2025/apple-harvest-eva/install/ur_controllers/lib:/home/imml/git/research_2025/apple-harvest-eva/install/ur_dashboard_msgs/lib:/home/imml/git/research_2025/apple-harvest-eva/install/ur_robot_driver/lib:/home/imml/git/research_2025/apple-harvest-eva/install/realsense2_camera/lib:/home/imml/git/research_2025/apple-harvest-eva/install/realsense2_camera_msgs/lib:/home/imml/git/research_2025/apple-harvest-eva/install/harvest_interfaces/lib:/usr/local/cuda-12.9/lib64:/opt/ros/humble/opt/rviz_ogre_vendor/lib:/opt/ros/humble/lib/x86_64-linux-gnu:/opt/ros/humble/lib /usr/bin/cmake --build /home/imml/git/research_2025/apple-harvest-eva/build/ur_robot_driver -- -j16 -l16
[1.605s] Invoking command in '/home/imml/git/research_2025/apple-harvest-eva/build/ur_robot_driver': CMAKE_PREFIX_PATH=/home/imml/git/research_2025/apple-harvest-eva/install/ur_controllers:/home/imml/git/research_2025/apple-harvest-eva/install/ur_description:/home/imml/git/research_2025/apple-harvest-eva/install/ur_dashboard_msgs:/home/imml/git/research_2025/apple-harvest-eva/install/ur:/home/imml/git/research_2025/apple-harvest-eva/install/ur_calibration:/home/imml/git/research_2025/apple-harvest-eva/install/ur_robot_driver:/home/imml/git/research_2025/apple-harvest-eva/install/ur_moveit_config:/home/imml/git/research_2025/apple-harvest-eva/install/ur_bringup:/home/imml/git/research_2025/apple-harvest-eva/install/realsense2_description:/home/imml/git/research_2025/apple-harvest-eva/install/realsense2_camera:/home/imml/git/research_2025/apple-harvest-eva/install/realsense2_camera_msgs:/home/imml/git/research_2025/apple-harvest-eva/install/harvest_control:/home/imml/git/research_2025/apple-harvest-eva/install/harvest:/home/imml/git/research_2025/apple-harvest-eva/install/harvest_interfaces:/home/imml/git/research_2025/apple-harvest-eva/install/ur5e_custom_hardware:/home/imml/git/research_2025/apple-harvest-eva/install/harvest_vision:/opt/ros/humble LD_LIBRARY_PATH=/home/imml/git/research_2025/apple-harvest-eva/install/ur_controllers/lib:/home/imml/git/research_2025/apple-harvest-eva/install/ur_dashboard_msgs/lib:/home/imml/git/research_2025/apple-harvest-eva/install/ur_robot_driver/lib:/home/imml/git/research_2025/apple-harvest-eva/install/realsense2_camera/lib:/home/imml/git/research_2025/apple-harvest-eva/install/realsense2_camera_msgs/lib:/home/imml/git/research_2025/apple-harvest-eva/install/harvest_interfaces/lib:/usr/local/cuda-12.9/lib64:/opt/ros/humble/opt/rviz_ogre_vendor/lib:/opt/ros/humble/lib/x86_64-linux-gnu:/opt/ros/humble/lib /usr/bin/cmake --install /home/imml/git/research_2025/apple-harvest-eva/build/ur_robot_driver
[1.612s] -- Install configuration: "RelWithDebInfo"
[1.612s] -- Execute custom install script
[1.613s] -- Up-to-date symlink: /home/imml/git/research_2025/apple-harvest-eva/install/ur_robot_driver/share/ur_robot_driver//hardware_interface_plugin.xml
[1.613s] -- Up-to-date symlink: /home/imml/git/research_2025/apple-harvest-eva/install/ur_robot_driver/lib/ur_robot_driver/dashboard_client
[1.613s] -- Up-to-date symlink: /home/imml/git/research_2025/apple-harvest-eva/install/ur_robot_driver/lib/ur_robot_driver/ur_ros2_control_node
[1.613s] -- Up-to-date symlink: /home/imml/git/research_2025/apple-harvest-eva/install/ur_robot_driver/lib/ur_robot_driver/controller_stopper_node
[1.613s] -- Up-to-date symlink: /home/imml/git/research_2025/apple-harvest-eva/install/ur_robot_driver/lib/ur_robot_driver/urscript_interface
[1.613s] -- Up-to-date symlink: /home/imml/git/research_2025/apple-harvest-eva/install/ur_robot_driver/lib/libur_robot_driver_plugin.so
[1.614s] -- Up-to-date symlink: /home/imml/git/research_2025/apple-harvest-eva/install/ur_robot_driver/include/ur_robot_driver/controller_stopper.hpp
[1.614s] -- Up-to-date symlink: /home/imml/git/research_2025/apple-harvest-eva/install/ur_robot_driver/include/ur_robot_driver/dashboard_client_ros.hpp
[1.614s] -- Up-to-date symlink: /home/imml/git/research_2025/apple-harvest-eva/install/ur_robot_driver/include/ur_robot_driver/hardware_interface.hpp
[1.614s] -- Up-to-date symlink: /home/imml/git/research_2025/apple-harvest-eva/install/ur_robot_driver/include/ur_robot_driver/urcl_log_handler.hpp
[1.614s] -- Up-to-date symlink: /home/imml/git/research_2025/apple-harvest-eva/install/ur_robot_driver/share/ur_robot_driver/environment/library_path.sh
[1.614s] -- Up-to-date symlink: /home/imml/git/research_2025/apple-harvest-eva/install/ur_robot_driver/share/ur_robot_driver/environment/library_path.dsv
[1.614s] -- Up-to-date symlink: /home/imml/git/research_2025/apple-harvest-eva/install/ur_robot_driver/include/ur_robot_driver/controller_stopper.hpp
[1.615s] -- Up-to-date symlink: /home/imml/git/research_2025/apple-harvest-eva/install/ur_robot_driver/include/ur_robot_driver/dashboard_client_ros.hpp
[1.615s] -- Up-to-date symlink: /home/imml/git/research_2025/apple-harvest-eva/install/ur_robot_driver/include/ur_robot_driver/hardware_interface.hpp
[1.615s] -- Up-to-date symlink: /home/imml/git/research_2025/apple-harvest-eva/install/ur_robot_driver/include/ur_robot_driver/urcl_log_handler.hpp
[1.615s] -- Up-to-date symlink: /home/imml/git/research_2025/apple-harvest-eva/install/ur_robot_driver/share/ur_robot_driver/environment/pythonpath.sh
[1.615s] -- Up-to-date symlink: /home/imml/git/research_2025/apple-harvest-eva/install/ur_robot_driver/share/ur_robot_driver/environment/pythonpath.dsv
[1.615s] -- Up-to-date symlink: /home/imml/git/research_2025/apple-harvest-eva/install/ur_robot_driver/local/lib/python3.10/dist-packages/ur_robot_driver-2.2.15-py3.10.egg-info/PKG-INFO
[1.615s] -- Up-to-date symlink: /home/imml/git/research_2025/apple-harvest-eva/install/ur_robot_driver/local/lib/python3.10/dist-packages/ur_robot_driver-2.2.15-py3.10.egg-info/SOURCES.txt
[1.615s] -- Up-to-date symlink: /home/imml/git/research_2025/apple-harvest-eva/install/ur_robot_driver/local/lib/python3.10/dist-packages/ur_robot_driver-2.2.15-py3.10.egg-info/dependency_links.txt
[1.616s] -- Up-to-date symlink: /home/imml/git/research_2025/apple-harvest-eva/install/ur_robot_driver/local/lib/python3.10/dist-packages/ur_robot_driver-2.2.15-py3.10.egg-info/top_level.txt
[1.616s] -- Up-to-date symlink: /home/imml/git/research_2025/apple-harvest-eva/install/ur_robot_driver/local/lib/python3.10/dist-packages/ur_robot_driver/__init__.py
[1.616s] -- Up-to-date symlink: /home/imml/git/research_2025/apple-harvest-eva/install/ur_robot_driver/lib/ur_robot_driver/tool_communication.py
[1.616s] -- Up-to-date symlink: /home/imml/git/research_2025/apple-harvest-eva/install/ur_robot_driver/bin/wait_dashboard_server.sh
[1.616s] -- Up-to-date symlink: /home/imml/git/research_2025/apple-harvest-eva/install/ur_robot_driver/lib/ur_robot_driver/start_ursim.sh
[1.616s] -- Up-to-date symlink: /home/imml/git/research_2025/apple-harvest-eva/install/ur_robot_driver/share/ur_robot_driver/config/test_goal_publishers_config.yaml
[1.617s] -- Up-to-date symlink: /home/imml/git/research_2025/apple-harvest-eva/install/ur_robot_driver/share/ur_robot_driver/config/test_velocity_goal_publishers_config.yaml
[1.617s] -- Up-to-date symlink: /home/imml/git/research_2025/apple-harvest-eva/install/ur_robot_driver/share/ur_robot_driver/config/ur10_update_rate.yaml
[1.617s] -- Up-to-date symlink: /home/imml/git/research_2025/apple-harvest-eva/install/ur_robot_driver/share/ur_robot_driver/config/ur10e_update_rate.yaml
[1.617s] -- Up-to-date symlink: /home/imml/git/research_2025/apple-harvest-eva/install/ur_robot_driver/share/ur_robot_driver/config/ur16e_update_rate.yaml
[1.617s] -- Up-to-date symlink: /home/imml/git/research_2025/apple-harvest-eva/install/ur_robot_driver/share/ur_robot_driver/config/ur20_update_rate.yaml
[1.617s] -- Up-to-date symlink: /home/imml/git/research_2025/apple-harvest-eva/install/ur_robot_driver/share/ur_robot_driver/config/ur30_update_rate.yaml
[1.617s] -- Up-to-date symlink: /home/imml/git/research_2025/apple-harvest-eva/install/ur_robot_driver/share/ur_robot_driver/config/ur3_update_rate.yaml
[1.617s] -- Up-to-date symlink: /home/imml/git/research_2025/apple-harvest-eva/install/ur_robot_driver/share/ur_robot_driver/config/ur3e_update_rate.yaml
[1.617s] -- Up-to-date symlink: /home/imml/git/research_2025/apple-harvest-eva/install/ur_robot_driver/share/ur_robot_driver/config/ur5_update_rate.yaml
[1.617s] -- Up-to-date symlink: /home/imml/git/research_2025/apple-harvest-eva/install/ur_robot_driver/share/ur_robot_driver/config/ur5e_update_rate.yaml
[1.617s] -- Up-to-date symlink: /home/imml/git/research_2025/apple-harvest-eva/install/ur_robot_driver/share/ur_robot_driver/config/ur_controllers.yaml
[1.618s] -- Up-to-date symlink: /home/imml/git/research_2025/apple-harvest-eva/install/ur_robot_driver/share/ur_robot_driver/launch/test_forward_velocity_controller.launch.py
[1.618s] -- Up-to-date symlink: /home/imml/git/research_2025/apple-harvest-eva/install/ur_robot_driver/share/ur_robot_driver/launch/test_joint_trajectory_controller.launch.py
[1.618s] -- Up-to-date symlink: /home/imml/git/research_2025/apple-harvest-eva/install/ur_robot_driver/share/ur_robot_driver/launch/test_scaled_joint_trajectory_controller.launch.py
[1.618s] -- Up-to-date symlink: /home/imml/git/research_2025/apple-harvest-eva/install/ur_robot_driver/share/ur_robot_driver/launch/ur10.launch.py
[1.618s] -- Up-to-date symlink: /home/imml/git/research_2025/apple-harvest-eva/install/ur_robot_driver/share/ur_robot_driver/launch/ur10e.launch.py
[1.618s] -- Up-to-date symlink: /home/imml/git/research_2025/apple-harvest-eva/install/ur_robot_driver/share/ur_robot_driver/launch/ur16e.launch.py
[1.618s] -- Up-to-date symlink: /home/imml/git/research_2025/apple-harvest-eva/install/ur_robot_driver/share/ur_robot_driver/launch/ur20.launch.py
[1.618s] -- Up-to-date symlink: /home/imml/git/research_2025/apple-harvest-eva/install/ur_robot_driver/share/ur_robot_driver/launch/ur3.launch.py
[1.619s] -- Up-to-date symlink: /home/imml/git/research_2025/apple-harvest-eva/install/ur_robot_driver/share/ur_robot_driver/launch/ur30.launch.py
[1.619s] -- Up-to-date symlink: /home/imml/git/research_2025/apple-harvest-eva/install/ur_robot_driver/share/ur_robot_driver/launch/ur3e.launch.py
[1.619s] -- Up-to-date symlink: /home/imml/git/research_2025/apple-harvest-eva/install/ur_robot_driver/share/ur_robot_driver/launch/ur5.launch.py
[1.619s] -- Up-to-date symlink: /home/imml/git/research_2025/apple-harvest-eva/install/ur_robot_driver/share/ur_robot_driver/launch/ur5e.launch.py
[1.619s] -- Up-to-date symlink: /home/imml/git/research_2025/apple-harvest-eva/install/ur_robot_driver/share/ur_robot_driver/launch/ur_control.launch.py
[1.619s] -- Up-to-date symlink: /home/imml/git/research_2025/apple-harvest-eva/install/ur_robot_driver/share/ur_robot_driver/launch/ur_control_custom_hw.launch.py
[1.619s] -- Up-to-date symlink: /home/imml/git/research_2025/apple-harvest-eva/install/ur_robot_driver/share/ur_robot_driver/launch/ur_dashboard_client.launch.py
[1.619s] -- Up-to-date symlink: /home/imml/git/research_2025/apple-harvest-eva/install/ur_robot_driver/share/ament_index/resource_index/package_run_dependencies/ur_robot_driver
[1.619s] -- Up-to-date symlink: /home/imml/git/research_2025/apple-harvest-eva/install/ur_robot_driver/share/ament_index/resource_index/parent_prefix_path/ur_robot_driver
[1.619s] -- Up-to-date symlink: /home/imml/git/research_2025/apple-harvest-eva/install/ur_robot_driver/share/ur_robot_driver/environment/ament_prefix_path.sh
[1.620s] -- Up-to-date symlink: /home/imml/git/research_2025/apple-harvest-eva/install/ur_robot_driver/share/ur_robot_driver/environment/ament_prefix_path.dsv
[1.620s] -- Up-to-date symlink: /home/imml/git/research_2025/apple-harvest-eva/install/ur_robot_driver/share/ur_robot_driver/environment/path.sh
[1.620s] -- Up-to-date symlink: /home/imml/git/research_2025/apple-harvest-eva/install/ur_robot_driver/share/ur_robot_driver/environment/path.dsv
[1.620s] -- Up-to-date symlink: /home/imml/git/research_2025/apple-harvest-eva/install/ur_robot_driver/share/ur_robot_driver/local_setup.bash
[1.620s] -- Up-to-date symlink: /home/imml/git/research_2025/apple-harvest-eva/install/ur_robot_driver/share/ur_robot_driver/local_setup.sh
[1.620s] -- Up-to-date symlink: /home/imml/git/research_2025/apple-harvest-eva/install/ur_robot_driver/share/ur_robot_driver/local_setup.zsh
[1.620s] -- Up-to-date symlink: /home/imml/git/research_2025/apple-harvest-eva/install/ur_robot_driver/share/ur_robot_driver/local_setup.dsv
[1.620s] -- Symlinking: /home/imml/git/research_2025/apple-harvest-eva/install/ur_robot_driver/share/ur_robot_driver/package.dsv
[1.630s] -- Up-to-date symlink: /home/imml/git/research_2025/apple-harvest-eva/install/ur_robot_driver/share/ament_index/resource_index/packages/ur_robot_driver
[1.630s] -- Up-to-date symlink: /home/imml/git/research_2025/apple-harvest-eva/install/ur_robot_driver/share/ament_index/resource_index/hardware_interface__pluginlib__plugin/ur_robot_driver
[1.630s] -- Up-to-date symlink: /home/imml/git/research_2025/apple-harvest-eva/install/ur_robot_driver/share/ur_robot_driver/cmake/ament_cmake_export_include_directories-extras.cmake
[1.630s] -- Up-to-date symlink: /home/imml/git/research_2025/apple-harvest-eva/install/ur_robot_driver/share/ur_robot_driver/cmake/ament_cmake_export_libraries-extras.cmake
[1.630s] -- Up-to-date symlink: /home/imml/git/research_2025/apple-harvest-eva/install/ur_robot_driver/share/ur_robot_driver/cmake/ament_cmake_export_dependencies-extras.cmake
[1.630s] -- Up-to-date symlink: /home/imml/git/research_2025/apple-harvest-eva/install/ur_robot_driver/share/ur_robot_driver/cmake/ur_robot_driverConfig.cmake
[1.630s] -- Up-to-date symlink: /home/imml/git/research_2025/apple-harvest-eva/install/ur_robot_driver/share/ur_robot_driver/cmake/ur_robot_driverConfig-version.cmake
[1.630s] -- Up-to-date symlink: /home/imml/git/research_2025/apple-harvest-eva/install/ur_robot_driver/share/ur_robot_driver/package.xml
[1.631s] -- Up-to-date: /home/imml/git/research_2025/apple-harvest-eva/install/ur_robot_driver/share/ur_robot_driver/resources
[1.631s] -- Up-to-date: /home/imml/git/research_2025/apple-harvest-eva/install/ur_robot_driver/share/ur_robot_driver/resources/externalcontrol-1.0.5.urcap
[1.631s] -- Up-to-date: /home/imml/git/research_2025/apple-harvest-eva/install/ur_robot_driver/share/ur_robot_driver/resources/rtde_input_recipe.txt
[1.631s] -- Up-to-date: /home/imml/git/research_2025/apple-harvest-eva/install/ur_robot_driver/share/ur_robot_driver/resources/rtde_output_recipe.txt
[1.631s] -- Up-to-date: /home/imml/git/research_2025/apple-harvest-eva/install/ur_robot_driver/share/ur_robot_driver/resources/ros_control.urscript
[1.631s] -- Up-to-date: /home/imml/git/research_2025/apple-harvest-eva/install/ur_robot_driver/share/ur_robot_driver/resources/rs485-1.0.urcap
[1.660s] Listing '/home/imml/git/research_2025/apple-harvest-eva/install/ur_robot_driver/local/lib/python3.10/dist-packages/ur_robot_driver'...
[1.665s] Invoked command in '/home/imml/git/research_2025/apple-harvest-eva/build/ur_robot_driver' returned '0': CMAKE_PREFIX_PATH=/home/imml/git/research_2025/apple-harvest-eva/install/ur_controllers:/home/imml/git/research_2025/apple-harvest-eva/install/ur_description:/home/imml/git/research_2025/apple-harvest-eva/install/ur_dashboard_msgs:/home/imml/git/research_2025/apple-harvest-eva/install/ur:/home/imml/git/research_2025/apple-harvest-eva/install/ur_calibration:/home/imml/git/research_2025/apple-harvest-eva/install/ur_robot_driver:/home/imml/git/research_2025/apple-harvest-eva/install/ur_moveit_config:/home/imml/git/research_2025/apple-harvest-eva/install/ur_bringup:/home/imml/git/research_2025/apple-harvest-eva/install/realsense2_description:/home/imml/git/research_2025/apple-harvest-eva/install/realsense2_camera:/home/imml/git/research_2025/apple-harvest-eva/install/realsense2_camera_msgs:/home/imml/git/research_2025/apple-harvest-eva/install/harvest_control:/home/imml/git/research_2025/apple-harvest-eva/install/harvest:/home/imml/git/research_2025/apple-harvest-eva/install/harvest_interfaces:/home/imml/git/research_2025/apple-harvest-eva/install/ur5e_custom_hardware:/home/imml/git/research_2025/apple-harvest-eva/install/harvest_vision:/opt/ros/humble LD_LIBRARY_PATH=/home/imml/git/research_2025/apple-harvest-eva/install/ur_controllers/lib:/home/imml/git/research_2025/apple-harvest-eva/install/ur_dashboard_msgs/lib:/home/imml/git/research_2025/apple-harvest-eva/install/ur_robot_driver/lib:/home/imml/git/research_2025/apple-harvest-eva/install/realsense2_camera/lib:/home/imml/git/research_2025/apple-harvest-eva/install/realsense2_camera_msgs/lib:/home/imml/git/research_2025/apple-harvest-eva/install/harvest_interfaces/lib:/usr/local/cuda-12.9/lib64:/opt/ros/humble/opt/rviz_ogre_vendor/lib:/opt/ros/humble/lib/x86_64-linux-gnu:/opt/ros/humble/lib /usr/bin/cmake --install /home/imml/git/research_2025/apple-harvest-eva/build/ur_robot_driver
