[0.014s] Invoking command in '/home/imml/git/research_2025/apple-harvest-eva/build/realsense2_description': AMENT_PREFIX_PATH=/home/imml/git/research_2025/apple-harvest-eva/install/realsense2_camera_msgs:${AMENT_PREFIX_PATH} CMAKE_PREFIX_PATH=/home/imml/git/research_2025/apple-harvest-eva/install/realsense2_camera_msgs:/opt/ros/humble LD_LIBRARY_PATH=/home/imml/git/research_2025/apple-harvest-eva/install/realsense2_camera_msgs/lib:${LD_LIBRARY_PATH} PYTHONPATH=/home/imml/git/research_2025/apple-harvest-eva/install/realsense2_camera_msgs/local/lib/python3.10/dist-packages:${PYTHONPATH} /usr/bin/cmake /home/imml/git/research_2025/apple-harvest-eva/harvest_hardware/realsense-ros/realsense2_description -DAMENT_CMAKE_SYMLINK_INSTALL=1 -DCMAKE_INSTALL_PREFIX=/home/imml/git/research_2025/apple-harvest-eva/install/realsense2_description
[0.031s] -- Found ament_cmake: 1.3.11 (/opt/ros/humble/share/ament_cmake/cmake)
[0.196s] -- Override CMake install command with custom implementation using symlinks instead of copying resources
[0.329s] -- Configuring done
[0.334s] -- Generating done
[0.337s] -- Build files have been written to: /home/imml/git/research_2025/apple-harvest-eva/build/realsense2_description
[0.343s] Invoked command in '/home/imml/git/research_2025/apple-harvest-eva/build/realsense2_description' returned '0': AMENT_PREFIX_PATH=/home/imml/git/research_2025/apple-harvest-eva/install/realsense2_camera_msgs:${AMENT_PREFIX_PATH} CMAKE_PREFIX_PATH=/home/imml/git/research_2025/apple-harvest-eva/install/realsense2_camera_msgs:/opt/ros/humble LD_LIBRARY_PATH=/home/imml/git/research_2025/apple-harvest-eva/install/realsense2_camera_msgs/lib:${LD_LIBRARY_PATH} PYTHONPATH=/home/imml/git/research_2025/apple-harvest-eva/install/realsense2_camera_msgs/local/lib/python3.10/dist-packages:${PYTHONPATH} /usr/bin/cmake /home/imml/git/research_2025/apple-harvest-eva/harvest_hardware/realsense-ros/realsense2_description -DAMENT_CMAKE_SYMLINK_INSTALL=1 -DCMAKE_INSTALL_PREFIX=/home/imml/git/research_2025/apple-harvest-eva/install/realsense2_description
[0.345s] Invoking command in '/home/imml/git/research_2025/apple-harvest-eva/build/realsense2_description': AMENT_PREFIX_PATH=/home/imml/git/research_2025/apple-harvest-eva/install/realsense2_camera_msgs:${AMENT_PREFIX_PATH} CMAKE_PREFIX_PATH=/home/imml/git/research_2025/apple-harvest-eva/install/realsense2_camera_msgs:/opt/ros/humble LD_LIBRARY_PATH=/home/imml/git/research_2025/apple-harvest-eva/install/realsense2_camera_msgs/lib:${LD_LIBRARY_PATH} PYTHONPATH=/home/imml/git/research_2025/apple-harvest-eva/install/realsense2_camera_msgs/local/lib/python3.10/dist-packages:${PYTHONPATH} /usr/bin/cmake --build /home/imml/git/research_2025/apple-harvest-eva/build/realsense2_description -- -j16 -l16
[0.393s] Invoked command in '/home/imml/git/research_2025/apple-harvest-eva/build/realsense2_description' returned '0': AMENT_PREFIX_PATH=/home/imml/git/research_2025/apple-harvest-eva/install/realsense2_camera_msgs:${AMENT_PREFIX_PATH} CMAKE_PREFIX_PATH=/home/imml/git/research_2025/apple-harvest-eva/install/realsense2_camera_msgs:/opt/ros/humble LD_LIBRARY_PATH=/home/imml/git/research_2025/apple-harvest-eva/install/realsense2_camera_msgs/lib:${LD_LIBRARY_PATH} PYTHONPATH=/home/imml/git/research_2025/apple-harvest-eva/install/realsense2_camera_msgs/local/lib/python3.10/dist-packages:${PYTHONPATH} /usr/bin/cmake --build /home/imml/git/research_2025/apple-harvest-eva/build/realsense2_description -- -j16 -l16
[0.395s] Invoking command in '/home/imml/git/research_2025/apple-harvest-eva/build/realsense2_description': AMENT_PREFIX_PATH=/home/imml/git/research_2025/apple-harvest-eva/install/realsense2_camera_msgs:${AMENT_PREFIX_PATH} CMAKE_PREFIX_PATH=/home/imml/git/research_2025/apple-harvest-eva/install/realsense2_camera_msgs:/opt/ros/humble LD_LIBRARY_PATH=/home/imml/git/research_2025/apple-harvest-eva/install/realsense2_camera_msgs/lib:${LD_LIBRARY_PATH} PYTHONPATH=/home/imml/git/research_2025/apple-harvest-eva/install/realsense2_camera_msgs/local/lib/python3.10/dist-packages:${PYTHONPATH} /usr/bin/cmake --install /home/imml/git/research_2025/apple-harvest-eva/build/realsense2_description
[0.404s] -- Install configuration: ""
[0.404s] -- Execute custom install script
[0.405s] -- Up-to-date symlink: /home/imml/git/research_2025/apple-harvest-eva/install/realsense2_description/share/realsense2_description/launch/launch_utils.py
[0.405s] -- Up-to-date symlink: /home/imml/git/research_2025/apple-harvest-eva/install/realsense2_description/share/realsense2_description/launch/view_model.launch.py
[0.405s] -- Up-to-date symlink: /home/imml/git/research_2025/apple-harvest-eva/install/realsense2_description/share/realsense2_description/meshes/d405.stl
[0.406s] -- Up-to-date symlink: /home/imml/git/research_2025/apple-harvest-eva/install/realsense2_description/share/realsense2_description/meshes/d415.stl
[0.406s] -- Up-to-date symlink: /home/imml/git/research_2025/apple-harvest-eva/install/realsense2_description/share/realsense2_description/meshes/d435.dae
[0.406s] -- Up-to-date symlink: /home/imml/git/research_2025/apple-harvest-eva/install/realsense2_description/share/realsense2_description/meshes/d455.stl
[0.406s] -- Up-to-date symlink: /home/imml/git/research_2025/apple-harvest-eva/install/realsense2_description/share/realsense2_description/meshes/l515.dae
[0.407s] -- Up-to-date symlink: /home/imml/git/research_2025/apple-harvest-eva/install/realsense2_description/share/realsense2_description/meshes/plug.stl
[0.407s] -- Up-to-date symlink: /home/imml/git/research_2025/apple-harvest-eva/install/realsense2_description/share/realsense2_description/meshes/plug_collision.stl
[0.407s] -- Up-to-date symlink: /home/imml/git/research_2025/apple-harvest-eva/install/realsense2_description/share/realsense2_description/rviz/urdf.rviz
[0.407s] -- Up-to-date symlink: /home/imml/git/research_2025/apple-harvest-eva/install/realsense2_description/share/realsense2_description/urdf/_d405.urdf.xacro
[0.407s] -- Up-to-date symlink: /home/imml/git/research_2025/apple-harvest-eva/install/realsense2_description/share/realsense2_description/urdf/_d415.urdf.xacro
[0.408s] -- Up-to-date symlink: /home/imml/git/research_2025/apple-harvest-eva/install/realsense2_description/share/realsense2_description/urdf/_d435.urdf.xacro
[0.408s] -- Up-to-date symlink: /home/imml/git/research_2025/apple-harvest-eva/install/realsense2_description/share/realsense2_description/urdf/_d435i.urdf.xacro
[0.408s] -- Up-to-date symlink: /home/imml/git/research_2025/apple-harvest-eva/install/realsense2_description/share/realsense2_description/urdf/_d435i_imu_modules.urdf.xacro
[0.408s] -- Up-to-date symlink: /home/imml/git/research_2025/apple-harvest-eva/install/realsense2_description/share/realsense2_description/urdf/_d455.urdf.xacro
[0.408s] -- Up-to-date symlink: /home/imml/git/research_2025/apple-harvest-eva/install/realsense2_description/share/realsense2_description/urdf/_materials.urdf.xacro
[0.409s] -- Up-to-date symlink: /home/imml/git/research_2025/apple-harvest-eva/install/realsense2_description/share/realsense2_description/urdf/_r410.urdf.xacro
[0.409s] -- Up-to-date symlink: /home/imml/git/research_2025/apple-harvest-eva/install/realsense2_description/share/realsense2_description/urdf/_r430.urdf.xacro
[0.409s] -- Up-to-date symlink: /home/imml/git/research_2025/apple-harvest-eva/install/realsense2_description/share/realsense2_description/urdf/_usb_plug.urdf.xacro
[0.409s] -- Up-to-date symlink: /home/imml/git/research_2025/apple-harvest-eva/install/realsense2_description/share/realsense2_description/urdf/test_d405_camera.urdf.xacro
[0.409s] -- Up-to-date symlink: /home/imml/git/research_2025/apple-harvest-eva/install/realsense2_description/share/realsense2_description/urdf/test_d415_camera.urdf.xacro
[0.409s] -- Up-to-date symlink: /home/imml/git/research_2025/apple-harvest-eva/install/realsense2_description/share/realsense2_description/urdf/test_d435_camera.urdf.xacro
[0.409s] -- Up-to-date symlink: /home/imml/git/research_2025/apple-harvest-eva/install/realsense2_description/share/realsense2_description/urdf/test_d435_multiple_cameras.urdf.xacro
[0.409s] -- Up-to-date symlink: /home/imml/git/research_2025/apple-harvest-eva/install/realsense2_description/share/realsense2_description/urdf/test_d435i_camera.urdf.xacro
[0.409s] -- Up-to-date symlink: /home/imml/git/research_2025/apple-harvest-eva/install/realsense2_description/share/realsense2_description/urdf/test_d455_camera.urdf.xacro
[0.409s] -- Up-to-date symlink: /home/imml/git/research_2025/apple-harvest-eva/install/realsense2_description/share/realsense2_description/urdf/test_r410_camera.urdf.xacro
[0.410s] -- Up-to-date symlink: /home/imml/git/research_2025/apple-harvest-eva/install/realsense2_description/share/realsense2_description/urdf/test_r430_camera.urdf.xacro
[0.410s] -- Up-to-date symlink: /home/imml/git/research_2025/apple-harvest-eva/install/realsense2_description/share/ament_index/resource_index/package_run_dependencies/realsense2_description
[0.410s] -- Up-to-date symlink: /home/imml/git/research_2025/apple-harvest-eva/install/realsense2_description/share/ament_index/resource_index/parent_prefix_path/realsense2_description
[0.410s] -- Up-to-date symlink: /home/imml/git/research_2025/apple-harvest-eva/install/realsense2_description/share/realsense2_description/environment/ament_prefix_path.sh
[0.410s] -- Up-to-date symlink: /home/imml/git/research_2025/apple-harvest-eva/install/realsense2_description/share/realsense2_description/environment/ament_prefix_path.dsv
[0.411s] -- Up-to-date symlink: /home/imml/git/research_2025/apple-harvest-eva/install/realsense2_description/share/realsense2_description/environment/path.sh
[0.411s] -- Up-to-date symlink: /home/imml/git/research_2025/apple-harvest-eva/install/realsense2_description/share/realsense2_description/environment/path.dsv
[0.411s] -- Up-to-date symlink: /home/imml/git/research_2025/apple-harvest-eva/install/realsense2_description/share/realsense2_description/local_setup.bash
[0.411s] -- Up-to-date symlink: /home/imml/git/research_2025/apple-harvest-eva/install/realsense2_description/share/realsense2_description/local_setup.sh
[0.411s] -- Up-to-date symlink: /home/imml/git/research_2025/apple-harvest-eva/install/realsense2_description/share/realsense2_description/local_setup.zsh
[0.411s] -- Up-to-date symlink: /home/imml/git/research_2025/apple-harvest-eva/install/realsense2_description/share/realsense2_description/local_setup.dsv
[0.411s] -- Symlinking: /home/imml/git/research_2025/apple-harvest-eva/install/realsense2_description/share/realsense2_description/package.dsv
[0.424s] -- Up-to-date symlink: /home/imml/git/research_2025/apple-harvest-eva/install/realsense2_description/share/ament_index/resource_index/packages/realsense2_description
[0.424s] -- Up-to-date symlink: /home/imml/git/research_2025/apple-harvest-eva/install/realsense2_description/share/realsense2_description/cmake/realsense2_descriptionConfig.cmake
[0.424s] -- Up-to-date symlink: /home/imml/git/research_2025/apple-harvest-eva/install/realsense2_description/share/realsense2_description/cmake/realsense2_descriptionConfig-version.cmake
[0.424s] -- Up-to-date symlink: /home/imml/git/research_2025/apple-harvest-eva/install/realsense2_description/share/realsense2_description/package.xml
[0.427s] Invoked command in '/home/imml/git/research_2025/apple-harvest-eva/build/realsense2_description' returned '0': AMENT_PREFIX_PATH=/home/imml/git/research_2025/apple-harvest-eva/install/realsense2_camera_msgs:${AMENT_PREFIX_PATH} CMAKE_PREFIX_PATH=/home/imml/git/research_2025/apple-harvest-eva/install/realsense2_camera_msgs:/opt/ros/humble LD_LIBRARY_PATH=/home/imml/git/research_2025/apple-harvest-eva/install/realsense2_camera_msgs/lib:${LD_LIBRARY_PATH} PYTHONPATH=/home/imml/git/research_2025/apple-harvest-eva/install/realsense2_camera_msgs/local/lib/python3.10/dist-packages:${PYTHONPATH} /usr/bin/cmake --install /home/imml/git/research_2025/apple-harvest-eva/build/realsense2_description
