[0.009s] Invoking command in '/home/imml/git/research_2025/apple-harvest-refactor/build/realsense2_description': CMAKE_PREFIX_PATH=/home/imml/git/research_2025/apple-harvest-refactor/install/realsense2_camera_msgs:/home/imml/git/research_2025/apple-harvest-refactor/install/ur_moveit_config:/home/imml/git/research_2025/apple-harvest-refactor/install/ur_description:/home/imml/git/research_2025/apple-harvest-refactor/install/ur_dashboard_msgs:/home/imml/git/research_2025/apple-harvest-refactor/install/realsense2_description:/home/imml/git/research_2025/apple-harvest-refactor/install/realsense2_camera:/home/imml/git/research_2025/apple-harvest-refactor/install/harvest_control:/home/imml/git/research_2025/apple-harvest-refactor/install/harvest:/home/imml/git/research_2025/apple-harvest-refactor/install/harvest_interfaces:/home/imml/git/research_2025/apple-harvest-refactor/install/ur5e_custom_hardware:/home/imml/git/research_2025/apple-harvest-refactor/install/harvest_vision:/opt/ros/humble LD_LIBRARY_PATH=/home/imml/git/research_2025/apple-harvest-refactor/install/realsense2_camera_msgs/lib:/home/imml/git/research_2025/apple-harvest-refactor/install/ur_dashboard_msgs/lib:/home/imml/git/research_2025/apple-harvest-refactor/install/realsense2_camera/lib:/home/imml/git/research_2025/apple-harvest-refactor/install/harvest_interfaces/lib:/usr/local/cuda-12.9/lib64:/opt/ros/humble/opt/rviz_ogre_vendor/lib:/opt/ros/humble/lib/x86_64-linux-gnu:/opt/ros/humble/lib /usr/bin/cmake /home/imml/git/research_2025/apple-harvest-refactor/harvest_hardware/realsense-ros/realsense2_description -DAMENT_CMAKE_SYMLINK_INSTALL=1 -DCMAKE_INSTALL_PREFIX=/home/imml/git/research_2025/apple-harvest-refactor/install/realsense2_description
[0.057s] -- The C compiler identification is GNU 11.4.0
[0.109s] -- The CXX compiler identification is GNU 11.4.0
[0.115s] -- Detecting C compiler ABI info
[0.178s] -- Detecting C compiler ABI info - done
[0.184s] -- Check for working C compiler: /usr/bin/cc - skipped
[0.185s] -- Detecting C compile features
[0.185s] -- Detecting C compile features - done
[0.187s] -- Detecting CXX compiler ABI info
[0.260s] -- Detecting CXX compiler ABI info - done
[0.266s] -- Check for working CXX compiler: /usr/bin/c++ - skipped
[0.266s] -- Detecting CXX compile features
[0.267s] -- Detecting CXX compile features - done
[0.269s] -- Found ament_cmake: 1.3.11 (/opt/ros/humble/share/ament_cmake/cmake)
[0.408s] -- Found Python3: /usr/bin/python3 (found version "3.10.12") found components: Interpreter 
[0.463s] -- Override CMake install command with custom implementation using symlinks instead of copying resources
[0.564s] -- Configuring done
[0.567s] -- Generating done
[0.568s] -- Build files have been written to: /home/imml/git/research_2025/apple-harvest-refactor/build/realsense2_description
[0.572s] Invoked command in '/home/imml/git/research_2025/apple-harvest-refactor/build/realsense2_description' returned '0': CMAKE_PREFIX_PATH=/home/imml/git/research_2025/apple-harvest-refactor/install/realsense2_camera_msgs:/home/imml/git/research_2025/apple-harvest-refactor/install/ur_moveit_config:/home/imml/git/research_2025/apple-harvest-refactor/install/ur_description:/home/imml/git/research_2025/apple-harvest-refactor/install/ur_dashboard_msgs:/home/imml/git/research_2025/apple-harvest-refactor/install/realsense2_description:/home/imml/git/research_2025/apple-harvest-refactor/install/realsense2_camera:/home/imml/git/research_2025/apple-harvest-refactor/install/harvest_control:/home/imml/git/research_2025/apple-harvest-refactor/install/harvest:/home/imml/git/research_2025/apple-harvest-refactor/install/harvest_interfaces:/home/imml/git/research_2025/apple-harvest-refactor/install/ur5e_custom_hardware:/home/imml/git/research_2025/apple-harvest-refactor/install/harvest_vision:/opt/ros/humble LD_LIBRARY_PATH=/home/imml/git/research_2025/apple-harvest-refactor/install/realsense2_camera_msgs/lib:/home/imml/git/research_2025/apple-harvest-refactor/install/ur_dashboard_msgs/lib:/home/imml/git/research_2025/apple-harvest-refactor/install/realsense2_camera/lib:/home/imml/git/research_2025/apple-harvest-refactor/install/harvest_interfaces/lib:/usr/local/cuda-12.9/lib64:/opt/ros/humble/opt/rviz_ogre_vendor/lib:/opt/ros/humble/lib/x86_64-linux-gnu:/opt/ros/humble/lib /usr/bin/cmake /home/imml/git/research_2025/apple-harvest-refactor/harvest_hardware/realsense-ros/realsense2_description -DAMENT_CMAKE_SYMLINK_INSTALL=1 -DCMAKE_INSTALL_PREFIX=/home/imml/git/research_2025/apple-harvest-refactor/install/realsense2_description
[0.574s] Invoking command in '/home/imml/git/research_2025/apple-harvest-refactor/build/realsense2_description': CMAKE_PREFIX_PATH=/home/imml/git/research_2025/apple-harvest-refactor/install/realsense2_camera_msgs:/home/imml/git/research_2025/apple-harvest-refactor/install/ur_moveit_config:/home/imml/git/research_2025/apple-harvest-refactor/install/ur_description:/home/imml/git/research_2025/apple-harvest-refactor/install/ur_dashboard_msgs:/home/imml/git/research_2025/apple-harvest-refactor/install/realsense2_description:/home/imml/git/research_2025/apple-harvest-refactor/install/realsense2_camera:/home/imml/git/research_2025/apple-harvest-refactor/install/harvest_control:/home/imml/git/research_2025/apple-harvest-refactor/install/harvest:/home/imml/git/research_2025/apple-harvest-refactor/install/harvest_interfaces:/home/imml/git/research_2025/apple-harvest-refactor/install/ur5e_custom_hardware:/home/imml/git/research_2025/apple-harvest-refactor/install/harvest_vision:/opt/ros/humble LD_LIBRARY_PATH=/home/imml/git/research_2025/apple-harvest-refactor/install/realsense2_camera_msgs/lib:/home/imml/git/research_2025/apple-harvest-refactor/install/ur_dashboard_msgs/lib:/home/imml/git/research_2025/apple-harvest-refactor/install/realsense2_camera/lib:/home/imml/git/research_2025/apple-harvest-refactor/install/harvest_interfaces/lib:/usr/local/cuda-12.9/lib64:/opt/ros/humble/opt/rviz_ogre_vendor/lib:/opt/ros/humble/lib/x86_64-linux-gnu:/opt/ros/humble/lib /usr/bin/cmake --build /home/imml/git/research_2025/apple-harvest-refactor/build/realsense2_description -- -j16 -l16
[0.609s] Invoked command in '/home/imml/git/research_2025/apple-harvest-refactor/build/realsense2_description' returned '0': CMAKE_PREFIX_PATH=/home/imml/git/research_2025/apple-harvest-refactor/install/realsense2_camera_msgs:/home/imml/git/research_2025/apple-harvest-refactor/install/ur_moveit_config:/home/imml/git/research_2025/apple-harvest-refactor/install/ur_description:/home/imml/git/research_2025/apple-harvest-refactor/install/ur_dashboard_msgs:/home/imml/git/research_2025/apple-harvest-refactor/install/realsense2_description:/home/imml/git/research_2025/apple-harvest-refactor/install/realsense2_camera:/home/imml/git/research_2025/apple-harvest-refactor/install/harvest_control:/home/imml/git/research_2025/apple-harvest-refactor/install/harvest:/home/imml/git/research_2025/apple-harvest-refactor/install/harvest_interfaces:/home/imml/git/research_2025/apple-harvest-refactor/install/ur5e_custom_hardware:/home/imml/git/research_2025/apple-harvest-refactor/install/harvest_vision:/opt/ros/humble LD_LIBRARY_PATH=/home/imml/git/research_2025/apple-harvest-refactor/install/realsense2_camera_msgs/lib:/home/imml/git/research_2025/apple-harvest-refactor/install/ur_dashboard_msgs/lib:/home/imml/git/research_2025/apple-harvest-refactor/install/realsense2_camera/lib:/home/imml/git/research_2025/apple-harvest-refactor/install/harvest_interfaces/lib:/usr/local/cuda-12.9/lib64:/opt/ros/humble/opt/rviz_ogre_vendor/lib:/opt/ros/humble/lib/x86_64-linux-gnu:/opt/ros/humble/lib /usr/bin/cmake --build /home/imml/git/research_2025/apple-harvest-refactor/build/realsense2_description -- -j16 -l16
[0.611s] Invoking command in '/home/imml/git/research_2025/apple-harvest-refactor/build/realsense2_description': CMAKE_PREFIX_PATH=/home/imml/git/research_2025/apple-harvest-refactor/install/realsense2_camera_msgs:/home/imml/git/research_2025/apple-harvest-refactor/install/ur_moveit_config:/home/imml/git/research_2025/apple-harvest-refactor/install/ur_description:/home/imml/git/research_2025/apple-harvest-refactor/install/ur_dashboard_msgs:/home/imml/git/research_2025/apple-harvest-refactor/install/realsense2_description:/home/imml/git/research_2025/apple-harvest-refactor/install/realsense2_camera:/home/imml/git/research_2025/apple-harvest-refactor/install/harvest_control:/home/imml/git/research_2025/apple-harvest-refactor/install/harvest:/home/imml/git/research_2025/apple-harvest-refactor/install/harvest_interfaces:/home/imml/git/research_2025/apple-harvest-refactor/install/ur5e_custom_hardware:/home/imml/git/research_2025/apple-harvest-refactor/install/harvest_vision:/opt/ros/humble LD_LIBRARY_PATH=/home/imml/git/research_2025/apple-harvest-refactor/install/realsense2_camera_msgs/lib:/home/imml/git/research_2025/apple-harvest-refactor/install/ur_dashboard_msgs/lib:/home/imml/git/research_2025/apple-harvest-refactor/install/realsense2_camera/lib:/home/imml/git/research_2025/apple-harvest-refactor/install/harvest_interfaces/lib:/usr/local/cuda-12.9/lib64:/opt/ros/humble/opt/rviz_ogre_vendor/lib:/opt/ros/humble/lib/x86_64-linux-gnu:/opt/ros/humble/lib /usr/bin/cmake --install /home/imml/git/research_2025/apple-harvest-refactor/build/realsense2_description
[0.617s] -- Install configuration: ""
[0.618s] -- Execute custom install script
[0.618s] -- Symlinking: /home/imml/git/research_2025/apple-harvest-refactor/install/realsense2_description/share/realsense2_description/launch/launch_utils.py
[0.626s] -- Symlinking: /home/imml/git/research_2025/apple-harvest-refactor/install/realsense2_description/share/realsense2_description/launch/view_model.launch.py
[0.634s] -- Symlinking: /home/imml/git/research_2025/apple-harvest-refactor/install/realsense2_description/share/realsense2_description/meshes/d405.stl
[0.643s] -- Symlinking: /home/imml/git/research_2025/apple-harvest-refactor/install/realsense2_description/share/realsense2_description/meshes/d415.stl
[0.651s] -- Symlinking: /home/imml/git/research_2025/apple-harvest-refactor/install/realsense2_description/share/realsense2_description/meshes/d435.dae
[0.659s] -- Symlinking: /home/imml/git/research_2025/apple-harvest-refactor/install/realsense2_description/share/realsense2_description/meshes/d455.stl
[0.667s] -- Symlinking: /home/imml/git/research_2025/apple-harvest-refactor/install/realsense2_description/share/realsense2_description/meshes/l515.dae
[0.675s] -- Symlinking: /home/imml/git/research_2025/apple-harvest-refactor/install/realsense2_description/share/realsense2_description/meshes/plug.stl
[0.683s] -- Symlinking: /home/imml/git/research_2025/apple-harvest-refactor/install/realsense2_description/share/realsense2_description/meshes/plug_collision.stl
[0.692s] -- Symlinking: /home/imml/git/research_2025/apple-harvest-refactor/install/realsense2_description/share/realsense2_description/rviz/urdf.rviz
[0.701s] -- Symlinking: /home/imml/git/research_2025/apple-harvest-refactor/install/realsense2_description/share/realsense2_description/urdf/_d405.urdf.xacro
[0.709s] -- Symlinking: /home/imml/git/research_2025/apple-harvest-refactor/install/realsense2_description/share/realsense2_description/urdf/_d415.urdf.xacro
[0.717s] -- Symlinking: /home/imml/git/research_2025/apple-harvest-refactor/install/realsense2_description/share/realsense2_description/urdf/_d435.urdf.xacro
[0.725s] -- Symlinking: /home/imml/git/research_2025/apple-harvest-refactor/install/realsense2_description/share/realsense2_description/urdf/_d435i.urdf.xacro
[0.733s] -- Symlinking: /home/imml/git/research_2025/apple-harvest-refactor/install/realsense2_description/share/realsense2_description/urdf/_d435i_imu_modules.urdf.xacro
[0.741s] -- Symlinking: /home/imml/git/research_2025/apple-harvest-refactor/install/realsense2_description/share/realsense2_description/urdf/_d455.urdf.xacro
[0.750s] -- Symlinking: /home/imml/git/research_2025/apple-harvest-refactor/install/realsense2_description/share/realsense2_description/urdf/_materials.urdf.xacro
[0.758s] -- Symlinking: /home/imml/git/research_2025/apple-harvest-refactor/install/realsense2_description/share/realsense2_description/urdf/_r410.urdf.xacro
[0.766s] -- Symlinking: /home/imml/git/research_2025/apple-harvest-refactor/install/realsense2_description/share/realsense2_description/urdf/_r430.urdf.xacro
[0.774s] -- Symlinking: /home/imml/git/research_2025/apple-harvest-refactor/install/realsense2_description/share/realsense2_description/urdf/_usb_plug.urdf.xacro
[0.782s] -- Symlinking: /home/imml/git/research_2025/apple-harvest-refactor/install/realsense2_description/share/realsense2_description/urdf/test_d405_camera.urdf.xacro
[0.790s] -- Symlinking: /home/imml/git/research_2025/apple-harvest-refactor/install/realsense2_description/share/realsense2_description/urdf/test_d415_camera.urdf.xacro
[0.798s] -- Symlinking: /home/imml/git/research_2025/apple-harvest-refactor/install/realsense2_description/share/realsense2_description/urdf/test_d435_camera.urdf.xacro
[0.806s] -- Symlinking: /home/imml/git/research_2025/apple-harvest-refactor/install/realsense2_description/share/realsense2_description/urdf/test_d435_multiple_cameras.urdf.xacro
[0.813s] -- Symlinking: /home/imml/git/research_2025/apple-harvest-refactor/install/realsense2_description/share/realsense2_description/urdf/test_d435i_camera.urdf.xacro
[0.821s] -- Symlinking: /home/imml/git/research_2025/apple-harvest-refactor/install/realsense2_description/share/realsense2_description/urdf/test_d455_camera.urdf.xacro
[0.828s] -- Symlinking: /home/imml/git/research_2025/apple-harvest-refactor/install/realsense2_description/share/realsense2_description/urdf/test_r410_camera.urdf.xacro
[0.835s] -- Symlinking: /home/imml/git/research_2025/apple-harvest-refactor/install/realsense2_description/share/realsense2_description/urdf/test_r430_camera.urdf.xacro
[0.843s] -- Symlinking: /home/imml/git/research_2025/apple-harvest-refactor/install/realsense2_description/share/ament_index/resource_index/package_run_dependencies/realsense2_description
[0.851s] -- Symlinking: /home/imml/git/research_2025/apple-harvest-refactor/install/realsense2_description/share/ament_index/resource_index/parent_prefix_path/realsense2_description
[0.858s] -- Symlinking: /home/imml/git/research_2025/apple-harvest-refactor/install/realsense2_description/share/realsense2_description/environment/ament_prefix_path.sh
[0.866s] -- Symlinking: /home/imml/git/research_2025/apple-harvest-refactor/install/realsense2_description/share/realsense2_description/environment/ament_prefix_path.dsv
[0.874s] -- Symlinking: /home/imml/git/research_2025/apple-harvest-refactor/install/realsense2_description/share/realsense2_description/environment/path.sh
[0.881s] -- Symlinking: /home/imml/git/research_2025/apple-harvest-refactor/install/realsense2_description/share/realsense2_description/environment/path.dsv
[0.888s] -- Symlinking: /home/imml/git/research_2025/apple-harvest-refactor/install/realsense2_description/share/realsense2_description/local_setup.bash
[0.896s] -- Symlinking: /home/imml/git/research_2025/apple-harvest-refactor/install/realsense2_description/share/realsense2_description/local_setup.sh
[0.904s] -- Symlinking: /home/imml/git/research_2025/apple-harvest-refactor/install/realsense2_description/share/realsense2_description/local_setup.zsh
[0.912s] -- Symlinking: /home/imml/git/research_2025/apple-harvest-refactor/install/realsense2_description/share/realsense2_description/local_setup.dsv
[0.920s] -- Symlinking: /home/imml/git/research_2025/apple-harvest-refactor/install/realsense2_description/share/realsense2_description/package.dsv
[0.928s] -- Symlinking: /home/imml/git/research_2025/apple-harvest-refactor/install/realsense2_description/share/ament_index/resource_index/packages/realsense2_description
[0.936s] -- Symlinking: /home/imml/git/research_2025/apple-harvest-refactor/install/realsense2_description/share/realsense2_description/cmake/realsense2_descriptionConfig.cmake
[0.944s] -- Symlinking: /home/imml/git/research_2025/apple-harvest-refactor/install/realsense2_description/share/realsense2_description/cmake/realsense2_descriptionConfig-version.cmake
[0.951s] -- Symlinking: /home/imml/git/research_2025/apple-harvest-refactor/install/realsense2_description/share/realsense2_description/package.xml
[0.961s] Invoked command in '/home/imml/git/research_2025/apple-harvest-refactor/build/realsense2_description' returned '0': CMAKE_PREFIX_PATH=/home/imml/git/research_2025/apple-harvest-refactor/install/realsense2_camera_msgs:/home/imml/git/research_2025/apple-harvest-refactor/install/ur_moveit_config:/home/imml/git/research_2025/apple-harvest-refactor/install/ur_description:/home/imml/git/research_2025/apple-harvest-refactor/install/ur_dashboard_msgs:/home/imml/git/research_2025/apple-harvest-refactor/install/realsense2_description:/home/imml/git/research_2025/apple-harvest-refactor/install/realsense2_camera:/home/imml/git/research_2025/apple-harvest-refactor/install/harvest_control:/home/imml/git/research_2025/apple-harvest-refactor/install/harvest:/home/imml/git/research_2025/apple-harvest-refactor/install/harvest_interfaces:/home/imml/git/research_2025/apple-harvest-refactor/install/ur5e_custom_hardware:/home/imml/git/research_2025/apple-harvest-refactor/install/harvest_vision:/opt/ros/humble LD_LIBRARY_PATH=/home/imml/git/research_2025/apple-harvest-refactor/install/realsense2_camera_msgs/lib:/home/imml/git/research_2025/apple-harvest-refactor/install/ur_dashboard_msgs/lib:/home/imml/git/research_2025/apple-harvest-refactor/install/realsense2_camera/lib:/home/imml/git/research_2025/apple-harvest-refactor/install/harvest_interfaces/lib:/usr/local/cuda-12.9/lib64:/opt/ros/humble/opt/rviz_ogre_vendor/lib:/opt/ros/humble/lib/x86_64-linux-gnu:/opt/ros/humble/lib /usr/bin/cmake --install /home/imml/git/research_2025/apple-harvest-refactor/build/realsense2_description
