[0.016s] Invoking command in '/home/imml/git/research_2025/apple-harvest-refactor/build/harvest_interfaces': CMAKE_PREFIX_PATH=${CMAKE_PREFIX_PATH}:/home/imml/git/research_2025/apple-harvest-refactor/install/ur5e_custom_hardware:/home/imml/git/research_2025/apple-harvest-refactor/install/harvest_vision:/opt/ros/humble /usr/bin/cmake /home/imml/git/research_2025/apple-harvest-refactor/harvest_interfaces -DAMENT_CMAKE_SYMLINK_INSTALL=1 -DCMAKE_INSTALL_PREFIX=/home/imml/git/research_2025/apple-harvest-refactor/install/harvest_interfaces
[0.068s] -- The C compiler identification is GNU 11.4.0
[0.123s] -- The CXX compiler identification is GNU 11.4.0
[0.129s] -- Detecting C compiler ABI info
[0.187s] -- Detecting C compiler ABI info - done
[0.192s] -- Check for working C compiler: /usr/bin/cc - skipped
[0.192s] -- Detecting C compile features
[0.193s] -- Detecting C compile features - done
[0.195s] -- Detecting CXX compiler ABI info
[0.265s] -- Detecting CXX compiler ABI info - done
[0.274s] -- Check for working CXX compiler: /usr/bin/c++ - skipped
[0.274s] -- Detecting CXX compile features
[0.275s] -- Detecting CXX compile features - done
[0.277s] -- Found ament_cmake: 1.3.11 (/opt/ros/humble/share/ament_cmake/cmake)
[0.405s] -- Found Python3: /usr/bin/python3 (found version "3.10.12") found components: Interpreter 
[0.462s] -- Override CMake install command with custom implementation using symlinks instead of copying resources
[0.491s] -- Found rosidl_default_generators: 1.2.0 (/opt/ros/humble/share/rosidl_default_generators/cmake)
[0.494s] -- Using all available rosidl_typesupport_c: rosidl_typesupport_fastrtps_c;rosidl_typesupport_introspection_c
[0.500s] -- Found rosidl_adapter: 3.1.6 (/opt/ros/humble/share/rosidl_adapter/cmake)
[0.535s] -- Using all available rosidl_typesupport_cpp: rosidl_typesupport_fastrtps_cpp;rosidl_typesupport_introspection_cpp
[0.564s] -- Found std_msgs: 4.9.0 (/opt/ros/humble/share/std_msgs/cmake)
[0.587s] -- Found std_srvs: 4.9.0 (/opt/ros/humble/share/std_srvs/cmake)
[0.593s] -- Found tf2_ros: 0.25.13 (/opt/ros/humble/share/tf2_ros/cmake)
[0.657s] -- Found rmw_implementation_cmake: 6.1.2 (/opt/ros/humble/share/rmw_implementation_cmake/cmake)
[0.661s] -- Found rmw_fastrtps_cpp: 6.2.7 (/opt/ros/humble/share/rmw_fastrtps_cpp/cmake)
[0.758s] -- Found OpenSSL: /usr/lib/x86_64-linux-gnu/libcrypto.so (found version "3.0.2")  
[0.787s] -- Found FastRTPS: /opt/ros/humble/include  
[0.831s] -- Using RMW implementation 'rmw_fastrtps_cpp' as default
[0.840s] -- Looking for pthread.h
[0.912s] -- Looking for pthread.h - found
[0.912s] -- Performing Test CMAKE_HAVE_LIBC_PTHREAD
[0.986s] -- Performing Test CMAKE_HAVE_LIBC_PTHREAD - Success
[0.987s] -- Found Threads: TRUE  
[1.455s] -- Found ament_cmake_ros: 0.10.0 (/opt/ros/humble/share/ament_cmake_ros/cmake)
[1.693s] -- Using all available rosidl_typesupport_c: rosidl_typesupport_fastrtps_c;rosidl_typesupport_introspection_c
[2.013s] -- Using all available rosidl_typesupport_cpp: rosidl_typesupport_fastrtps_cpp;rosidl_typesupport_introspection_cpp
[2.036s] -- Found PythonInterp: /usr/bin/python3 (found suitable version "3.10.12", minimum required is "3.6") 
[2.038s] -- Found python_cmake_module: 0.10.0 (/opt/ros/humble/share/python_cmake_module/cmake)
[2.063s] -- Found PythonLibs: /usr/lib/x86_64-linux-gnu/libpython3.10.so (found suitable version "3.10.12", minimum required is "3.5") 
[2.063s] -- Using PYTHON_EXECUTABLE: /usr/bin/python3
[2.063s] -- Using PYTHON_INCLUDE_DIRS: /usr/include/python3.10
[2.063s] -- Using PYTHON_LIBRARIES: /usr/lib/x86_64-linux-gnu/libpython3.10.so
[2.085s] -- Found PythonExtra: .so  
[2.163s] -- Found ament_lint_auto: 0.12.12 (/opt/ros/humble/share/ament_lint_auto/cmake)
[2.188s] -- Added test 'lint_cmake' to check CMake code style
[2.193s] -- Added test 'xmllint' to check XML markup files
[2.196s] -- Configuring done
[2.273s] -- Generating done
[2.290s] -- Build files have been written to: /home/imml/git/research_2025/apple-harvest-refactor/build/harvest_interfaces
[2.309s] Invoked command in '/home/imml/git/research_2025/apple-harvest-refactor/build/harvest_interfaces' returned '0': CMAKE_PREFIX_PATH=${CMAKE_PREFIX_PATH}:/home/imml/git/research_2025/apple-harvest-refactor/install/ur5e_custom_hardware:/home/imml/git/research_2025/apple-harvest-refactor/install/harvest_vision:/opt/ros/humble /usr/bin/cmake /home/imml/git/research_2025/apple-harvest-refactor/harvest_interfaces -DAMENT_CMAKE_SYMLINK_INSTALL=1 -DCMAKE_INSTALL_PREFIX=/home/imml/git/research_2025/apple-harvest-refactor/install/harvest_interfaces
[2.312s] Invoking command in '/home/imml/git/research_2025/apple-harvest-refactor/build/harvest_interfaces': CMAKE_PREFIX_PATH=${CMAKE_PREFIX_PATH}:/home/imml/git/research_2025/apple-harvest-refactor/install/ur5e_custom_hardware:/home/imml/git/research_2025/apple-harvest-refactor/install/harvest_vision:/opt/ros/humble /usr/bin/cmake --build /home/imml/git/research_2025/apple-harvest-refactor/build/harvest_interfaces -- -j16 -l16
[2.377s] [  1%] [34m[1mGenerating C code for ROS interfaces[0m
[2.392s] [  1%] [34m[1mGenerating C++ code for ROS interfaces[0m
[2.406s] [  1%] Built target ament_cmake_python_symlink_harvest_interfaces
[2.814s] running egg_info
[2.815s] creating harvest_interfaces.egg-info
[2.819s] writing harvest_interfaces.egg-info/PKG-INFO
[2.819s] writing dependency_links to harvest_interfaces.egg-info/dependency_links.txt
[2.820s] writing top-level names to harvest_interfaces.egg-info/top_level.txt
[2.820s] writing manifest file 'harvest_interfaces.egg-info/SOURCES.txt'
[2.826s] reading manifest file 'harvest_interfaces.egg-info/SOURCES.txt'
[2.826s] writing manifest file 'harvest_interfaces.egg-info/SOURCES.txt'
[2.932s] [  1%] Built target ament_cmake_python_build_harvest_interfaces_egg
[4.609s] [  2%] [32mBuilding C object CMakeFiles/harvest_interfaces__rosidl_generator_c.dir/rosidl_generator_c/harvest_interfaces/action/detail/send_trajectory__functions.c.o[0m
[4.609s] [  2%] [32mBuilding C object CMakeFiles/harvest_interfaces__rosidl_generator_c.dir/rosidl_generator_c/harvest_interfaces/srv/detail/send_trajectory__functions.c.o[0m
[4.609s] [  3%] [32mBuilding C object CMakeFiles/harvest_interfaces__rosidl_generator_c.dir/rosidl_generator_c/harvest_interfaces/srv/detail/voxel_mask__functions.c.o[0m
[4.609s] [  4%] [32mBuilding C object CMakeFiles/harvest_interfaces__rosidl_generator_c.dir/rosidl_generator_c/harvest_interfaces/srv/detail/apple_prediction__functions.c.o[0m
[4.609s] [  5%] [32mBuilding C object CMakeFiles/harvest_interfaces__rosidl_generator_c.dir/rosidl_generator_c/harvest_interfaces/srv/detail/coordinate_to_trajectory__functions.c.o[0m
[4.614s] [  6%] [32mBuilding C object CMakeFiles/harvest_interfaces__rosidl_generator_c.dir/rosidl_generator_c/harvest_interfaces/action/detail/event_detection__functions.c.o[0m
[4.615s] [  7%] [32mBuilding C object CMakeFiles/harvest_interfaces__rosidl_generator_c.dir/rosidl_generator_c/harvest_interfaces/srv/detail/move_to_pose__functions.c.o[0m
[4.624s] [  8%] [32mBuilding C object CMakeFiles/harvest_interfaces__rosidl_generator_c.dir/rosidl_generator_c/harvest_interfaces/srv/detail/set_value__functions.c.o[0m
[4.624s] [  8%] [32mBuilding C object CMakeFiles/harvest_interfaces__rosidl_generator_c.dir/rosidl_generator_c/harvest_interfaces/srv/detail/record_topics__functions.c.o[0m
[4.626s] [  9%] [32mBuilding C object CMakeFiles/harvest_interfaces__rosidl_generator_c.dir/rosidl_generator_c/harvest_interfaces/srv/detail/trajectory_between_points__functions.c.o[0m
[4.660s] [ 10%] [32mBuilding C object CMakeFiles/harvest_interfaces__rosidl_generator_c.dir/rosidl_generator_c/harvest_interfaces/srv/detail/voxel_grid__functions.c.o[0m
[4.666s] [ 11%] [32mBuilding C object CMakeFiles/harvest_interfaces__rosidl_generator_c.dir/rosidl_generator_c/harvest_interfaces/srv/detail/get_gripper_pose__functions.c.o[0m
[4.826s] [ 12%] [32m[1mLinking C shared library libharvest_interfaces__rosidl_generator_c.so[0m
[4.885s] [ 12%] Built target harvest_interfaces__rosidl_generator_c
[4.899s] [ 13%] [34m[1mGenerating C type support for eProsima Fast-RTPS[0m
[4.900s] [ 14%] [34m[1mGenerating C introspection for ROS interfaces[0m
[4.900s] [ 15%] [34m[1mGenerating C type support dispatch for ROS interfaces[0m
[5.138s] [ 15%] Built target harvest_interfaces__cpp
[5.170s] [ 16%] [34m[1mGenerating C++ type support dispatch for ROS interfaces[0m
[5.183s] [ 17%] [34m[1mGenerating C++ introspection for ROS interfaces[0m
[5.184s] [ 17%] [34m[1mGenerating C++ type support for eProsima Fast-RTPS[0m
[7.016s] [ 18%] [32mBuilding CXX object CMakeFiles/harvest_interfaces__rosidl_typesupport_c.dir/rosidl_typesupport_c/harvest_interfaces/action/event_detection__type_support.cpp.o[0m
[7.017s] [ 18%] [32mBuilding CXX object CMakeFiles/harvest_interfaces__rosidl_typesupport_c.dir/rosidl_typesupport_c/harvest_interfaces/action/send_trajectory__type_support.cpp.o[0m
[7.019s] [ 19%] [32mBuilding CXX object CMakeFiles/harvest_interfaces__rosidl_typesupport_c.dir/rosidl_typesupport_c/harvest_interfaces/srv/apple_prediction__type_support.cpp.o[0m
[7.026s] [ 20%] [32mBuilding CXX object CMakeFiles/harvest_interfaces__rosidl_typesupport_c.dir/rosidl_typesupport_c/harvest_interfaces/srv/send_trajectory__type_support.cpp.o[0m
[7.031s] [ 21%] [32mBuilding CXX object CMakeFiles/harvest_interfaces__rosidl_typesupport_c.dir/rosidl_typesupport_c/harvest_interfaces/srv/voxel_mask__type_support.cpp.o[0m
[7.031s] [ 22%] [32mBuilding CXX object CMakeFiles/harvest_interfaces__rosidl_typesupport_c.dir/rosidl_typesupport_c/harvest_interfaces/srv/get_gripper_pose__type_support.cpp.o[0m
[7.034s] [ 23%] [32mBuilding CXX object CMakeFiles/harvest_interfaces__rosidl_typesupport_c.dir/rosidl_typesupport_c/harvest_interfaces/srv/set_value__type_support.cpp.o[0m
[7.034s] [ 24%] [32mBuilding CXX object CMakeFiles/harvest_interfaces__rosidl_typesupport_c.dir/rosidl_typesupport_c/harvest_interfaces/srv/move_to_pose__type_support.cpp.o[0m
[7.035s] [ 25%] [32mBuilding CXX object CMakeFiles/harvest_interfaces__rosidl_typesupport_c.dir/rosidl_typesupport_c/harvest_interfaces/srv/coordinate_to_trajectory__type_support.cpp.o[0m
[7.038s] [ 25%] [32mBuilding CXX object CMakeFiles/harvest_interfaces__rosidl_typesupport_c.dir/rosidl_typesupport_c/harvest_interfaces/srv/trajectory_between_points__type_support.cpp.o[0m
[7.042s] [ 26%] [32mBuilding CXX object CMakeFiles/harvest_interfaces__rosidl_typesupport_c.dir/rosidl_typesupport_c/harvest_interfaces/srv/record_topics__type_support.cpp.o[0m
[7.139s] [ 27%] [32mBuilding CXX object CMakeFiles/harvest_interfaces__rosidl_typesupport_c.dir/rosidl_typesupport_c/harvest_interfaces/srv/voxel_grid__type_support.cpp.o[0m
[7.285s] [ 28%] [32m[1mLinking CXX shared library libharvest_interfaces__rosidl_typesupport_c.so[0m
[7.387s] [ 29%] [32mBuilding C object CMakeFiles/harvest_interfaces__rosidl_typesupport_introspection_c.dir/rosidl_typesupport_introspection_c/harvest_interfaces/srv/detail/apple_prediction__type_support.c.o[0m
[7.402s] [ 30%] [32mBuilding C object CMakeFiles/harvest_interfaces__rosidl_typesupport_introspection_c.dir/rosidl_typesupport_introspection_c/harvest_interfaces/action/detail/event_detection__type_support.c.o[0m
[7.403s] [ 31%] [32mBuilding C object CMakeFiles/harvest_interfaces__rosidl_typesupport_introspection_c.dir/rosidl_typesupport_introspection_c/harvest_interfaces/action/detail/send_trajectory__type_support.c.o[0m
[7.423s] [ 32%] [32mBuilding C object CMakeFiles/harvest_interfaces__rosidl_typesupport_introspection_c.dir/rosidl_typesupport_introspection_c/harvest_interfaces/srv/detail/send_trajectory__type_support.c.o[0m
[7.423s] [ 32%] [32mBuilding C object CMakeFiles/harvest_interfaces__rosidl_typesupport_introspection_c.dir/rosidl_typesupport_introspection_c/harvest_interfaces/srv/detail/trajectory_between_points__type_support.c.o[0m
[7.425s] [ 33%] [32mBuilding C object CMakeFiles/harvest_interfaces__rosidl_typesupport_introspection_c.dir/rosidl_typesupport_introspection_c/harvest_interfaces/srv/detail/voxel_mask__type_support.c.o[0m
[7.425s] [ 34%] [32mBuilding C object CMakeFiles/harvest_interfaces__rosidl_typesupport_introspection_c.dir/rosidl_typesupport_introspection_c/harvest_interfaces/srv/detail/set_value__type_support.c.o[0m
[7.425s] [ 35%] [32mBuilding C object CMakeFiles/harvest_interfaces__rosidl_typesupport_introspection_c.dir/rosidl_typesupport_introspection_c/harvest_interfaces/srv/detail/move_to_pose__type_support.c.o[0m
[7.425s] [ 36%] [32mBuilding C object CMakeFiles/harvest_interfaces__rosidl_typesupport_introspection_c.dir/rosidl_typesupport_introspection_c/harvest_interfaces/srv/detail/coordinate_to_trajectory__type_support.c.o[0m
[7.426s] [ 37%] [32mBuilding C object CMakeFiles/harvest_interfaces__rosidl_typesupport_introspection_c.dir/rosidl_typesupport_introspection_c/harvest_interfaces/srv/detail/record_topics__type_support.c.o[0m
[7.445s] [ 37%] [32mBuilding CXX object CMakeFiles/harvest_interfaces__rosidl_typesupport_introspection_cpp.dir/rosidl_typesupport_introspection_cpp/harvest_interfaces/action/detail/event_detection__type_support.cpp.o[0m
[7.461s] [ 37%] Built target harvest_interfaces__rosidl_typesupport_c
[7.466s] [ 38%] [32mBuilding CXX object CMakeFiles/harvest_interfaces__rosidl_typesupport_introspection_cpp.dir/rosidl_typesupport_introspection_cpp/harvest_interfaces/action/detail/send_trajectory__type_support.cpp.o[0m
[7.485s] [ 38%] [32mBuilding C object CMakeFiles/harvest_interfaces__rosidl_typesupport_introspection_c.dir/rosidl_typesupport_introspection_c/harvest_interfaces/srv/detail/get_gripper_pose__type_support.c.o[0m
[7.508s] [ 39%] [32mBuilding CXX object CMakeFiles/harvest_interfaces__rosidl_typesupport_introspection_cpp.dir/rosidl_typesupport_introspection_cpp/harvest_interfaces/srv/detail/apple_prediction__type_support.cpp.o[0m
[7.534s] [ 40%] [32mBuilding C object CMakeFiles/harvest_interfaces__rosidl_typesupport_introspection_c.dir/rosidl_typesupport_introspection_c/harvest_interfaces/srv/detail/voxel_grid__type_support.c.o[0m
[7.538s] [ 41%] [32mBuilding CXX object CMakeFiles/harvest_interfaces__rosidl_typesupport_introspection_cpp.dir/rosidl_typesupport_introspection_cpp/harvest_interfaces/srv/detail/send_trajectory__type_support.cpp.o[0m
[7.558s] [ 42%] [32mBuilding CXX object CMakeFiles/harvest_interfaces__rosidl_typesupport_introspection_cpp.dir/rosidl_typesupport_introspection_cpp/harvest_interfaces/srv/detail/coordinate_to_trajectory__type_support.cpp.o[0m
[7.596s] [ 43%] [32mBuilding CXX object CMakeFiles/harvest_interfaces__rosidl_typesupport_introspection_cpp.dir/rosidl_typesupport_introspection_cpp/harvest_interfaces/srv/detail/voxel_mask__type_support.cpp.o[0m
[7.604s] [ 44%] [32mBuilding CXX object CMakeFiles/harvest_interfaces__rosidl_typesupport_introspection_cpp.dir/rosidl_typesupport_introspection_cpp/harvest_interfaces/srv/detail/trajectory_between_points__type_support.cpp.o[0m
[7.605s] [ 45%] [32mBuilding CXX object CMakeFiles/harvest_interfaces__rosidl_typesupport_introspection_cpp.dir/rosidl_typesupport_introspection_cpp/harvest_interfaces/srv/detail/set_value__type_support.cpp.o[0m
[7.607s] [ 45%] [32mBuilding CXX object CMakeFiles/harvest_interfaces__rosidl_typesupport_introspection_cpp.dir/rosidl_typesupport_introspection_cpp/harvest_interfaces/srv/detail/move_to_pose__type_support.cpp.o[0m
[7.608s] [ 46%] [32mBuilding CXX object CMakeFiles/harvest_interfaces__rosidl_typesupport_introspection_cpp.dir/rosidl_typesupport_introspection_cpp/harvest_interfaces/srv/detail/record_topics__type_support.cpp.o[0m
[7.617s] [ 47%] [32mBuilding CXX object CMakeFiles/harvest_interfaces__rosidl_typesupport_introspection_cpp.dir/rosidl_typesupport_introspection_cpp/harvest_interfaces/srv/detail/get_gripper_pose__type_support.cpp.o[0m
[7.627s] [ 48%] [32mBuilding CXX object CMakeFiles/harvest_interfaces__rosidl_typesupport_introspection_cpp.dir/rosidl_typesupport_introspection_cpp/harvest_interfaces/srv/detail/voxel_grid__type_support.cpp.o[0m
[7.679s] [ 49%] [32mBuilding CXX object CMakeFiles/harvest_interfaces__rosidl_typesupport_cpp.dir/rosidl_typesupport_cpp/harvest_interfaces/action/event_detection__type_support.cpp.o[0m
[7.736s] [ 50%] [32m[1mLinking C shared library libharvest_interfaces__rosidl_typesupport_introspection_c.so[0m
[7.848s] [ 50%] Built target harvest_interfaces__rosidl_typesupport_introspection_c
[7.923s] [ 51%] [32mBuilding CXX object CMakeFiles/harvest_interfaces__rosidl_typesupport_cpp.dir/rosidl_typesupport_cpp/harvest_interfaces/action/send_trajectory__type_support.cpp.o[0m
[8.972s] [ 52%] [32mBuilding CXX object CMakeFiles/harvest_interfaces__rosidl_typesupport_cpp.dir/rosidl_typesupport_cpp/harvest_interfaces/srv/apple_prediction__type_support.cpp.o[0m
[8.990s] [ 53%] [32mBuilding CXX object CMakeFiles/harvest_interfaces__rosidl_typesupport_cpp.dir/rosidl_typesupport_cpp/harvest_interfaces/srv/send_trajectory__type_support.cpp.o[0m
[9.105s] [ 53%] [32mBuilding CXX object CMakeFiles/harvest_interfaces__rosidl_typesupport_cpp.dir/rosidl_typesupport_cpp/harvest_interfaces/srv/coordinate_to_trajectory__type_support.cpp.o[0m
[9.209s] [ 54%] [32mBuilding CXX object CMakeFiles/harvest_interfaces__rosidl_typesupport_cpp.dir/rosidl_typesupport_cpp/harvest_interfaces/srv/voxel_mask__type_support.cpp.o[0m
[9.257s] [ 55%] [32mBuilding CXX object CMakeFiles/harvest_interfaces__rosidl_typesupport_cpp.dir/rosidl_typesupport_cpp/harvest_interfaces/srv/move_to_pose__type_support.cpp.o[0m
[9.277s] [ 56%] [32mBuilding CXX object CMakeFiles/harvest_interfaces__rosidl_typesupport_cpp.dir/rosidl_typesupport_cpp/harvest_interfaces/srv/trajectory_between_points__type_support.cpp.o[0m
[9.323s] [ 57%] [32mBuilding CXX object CMakeFiles/harvest_interfaces__rosidl_typesupport_cpp.dir/rosidl_typesupport_cpp/harvest_interfaces/srv/set_value__type_support.cpp.o[0m
[9.377s] [ 58%] [32mBuilding CXX object CMakeFiles/harvest_interfaces__rosidl_typesupport_cpp.dir/rosidl_typesupport_cpp/harvest_interfaces/srv/record_topics__type_support.cpp.o[0m
[9.448s] [ 59%] [32mBuilding CXX object CMakeFiles/harvest_interfaces__rosidl_typesupport_fastrtps_c.dir/rosidl_typesupport_fastrtps_c/harvest_interfaces/action/detail/event_detection__type_support_c.cpp.o[0m
[9.462s] [ 59%] [32mBuilding CXX object CMakeFiles/harvest_interfaces__rosidl_typesupport_cpp.dir/rosidl_typesupport_cpp/harvest_interfaces/srv/get_gripper_pose__type_support.cpp.o[0m
[9.504s] [ 60%] [32mBuilding CXX object CMakeFiles/harvest_interfaces__rosidl_typesupport_cpp.dir/rosidl_typesupport_cpp/harvest_interfaces/srv/voxel_grid__type_support.cpp.o[0m
[9.613s] [ 61%] [32mBuilding CXX object CMakeFiles/harvest_interfaces__rosidl_typesupport_fastrtps_cpp.dir/rosidl_typesupport_fastrtps_cpp/harvest_interfaces/action/detail/dds_fastrtps/event_detection__type_support.cpp.o[0m
[9.648s] [ 62%] [32mBuilding CXX object CMakeFiles/harvest_interfaces__rosidl_typesupport_fastrtps_cpp.dir/rosidl_typesupport_fastrtps_cpp/harvest_interfaces/action/detail/dds_fastrtps/send_trajectory__type_support.cpp.o[0m
[9.664s] [ 63%] [32mBuilding CXX object CMakeFiles/harvest_interfaces__rosidl_typesupport_fastrtps_c.dir/rosidl_typesupport_fastrtps_c/harvest_interfaces/action/detail/send_trajectory__type_support_c.cpp.o[0m
[9.716s] [ 64%] [32mBuilding CXX object CMakeFiles/harvest_interfaces__rosidl_typesupport_fastrtps_cpp.dir/rosidl_typesupport_fastrtps_cpp/harvest_interfaces/srv/detail/dds_fastrtps/apple_prediction__type_support.cpp.o[0m
[9.724s] [ 65%] [32mBuilding CXX object CMakeFiles/harvest_interfaces__rosidl_typesupport_fastrtps_cpp.dir/rosidl_typesupport_fastrtps_cpp/harvest_interfaces/srv/detail/dds_fastrtps/send_trajectory__type_support.cpp.o[0m
[9.758s] [ 65%] [32mBuilding CXX object CMakeFiles/harvest_interfaces__rosidl_typesupport_fastrtps_c.dir/rosidl_typesupport_fastrtps_c/harvest_interfaces/srv/detail/apple_prediction__type_support_c.cpp.o[0m
[9.860s] [ 66%] [32mBuilding CXX object CMakeFiles/harvest_interfaces__rosidl_typesupport_fastrtps_c.dir/rosidl_typesupport_fastrtps_c/harvest_interfaces/srv/detail/send_trajectory__type_support_c.cpp.o[0m
[9.915s] [ 67%] [32mBuilding CXX object CMakeFiles/harvest_interfaces__rosidl_typesupport_fastrtps_cpp.dir/rosidl_typesupport_fastrtps_cpp/harvest_interfaces/srv/detail/dds_fastrtps/coordinate_to_trajectory__type_support.cpp.o[0m
[9.967s] [ 67%] [32mBuilding CXX object CMakeFiles/harvest_interfaces__rosidl_typesupport_fastrtps_cpp.dir/rosidl_typesupport_fastrtps_cpp/harvest_interfaces/srv/detail/dds_fastrtps/voxel_mask__type_support.cpp.o[0m
[10.063s] [ 68%] [32m[1mLinking CXX shared library libharvest_interfaces__rosidl_typesupport_introspection_cpp.so[0m
[10.102s] [ 69%] [32mBuilding CXX object CMakeFiles/harvest_interfaces__rosidl_typesupport_fastrtps_cpp.dir/rosidl_typesupport_fastrtps_cpp/harvest_interfaces/srv/detail/dds_fastrtps/trajectory_between_points__type_support.cpp.o[0m
[10.108s] [ 70%] [32mBuilding CXX object CMakeFiles/harvest_interfaces__rosidl_typesupport_fastrtps_cpp.dir/rosidl_typesupport_fastrtps_cpp/harvest_interfaces/srv/detail/dds_fastrtps/move_to_pose__type_support.cpp.o[0m
[10.112s] [ 71%] [32mBuilding CXX object CMakeFiles/harvest_interfaces__rosidl_typesupport_fastrtps_cpp.dir/rosidl_typesupport_fastrtps_cpp/harvest_interfaces/srv/detail/dds_fastrtps/set_value__type_support.cpp.o[0m
[10.178s] [ 72%] [32mBuilding CXX object CMakeFiles/harvest_interfaces__rosidl_typesupport_fastrtps_cpp.dir/rosidl_typesupport_fastrtps_cpp/harvest_interfaces/srv/detail/dds_fastrtps/record_topics__type_support.cpp.o[0m
[10.224s] [ 73%] [32mBuilding CXX object CMakeFiles/harvest_interfaces__rosidl_typesupport_fastrtps_cpp.dir/rosidl_typesupport_fastrtps_cpp/harvest_interfaces/srv/detail/dds_fastrtps/get_gripper_pose__type_support.cpp.o[0m
[10.236s] [ 74%] [32m[1mLinking CXX shared library libharvest_interfaces__rosidl_typesupport_cpp.so[0m
[10.378s] [ 74%] [32mBuilding CXX object CMakeFiles/harvest_interfaces__rosidl_typesupport_fastrtps_cpp.dir/rosidl_typesupport_fastrtps_cpp/harvest_interfaces/srv/detail/dds_fastrtps/voxel_grid__type_support.cpp.o[0m
[10.410s] [ 74%] Built target harvest_interfaces__rosidl_typesupport_cpp
[10.441s] [ 75%] [32mBuilding CXX object CMakeFiles/harvest_interfaces__rosidl_typesupport_fastrtps_c.dir/rosidl_typesupport_fastrtps_c/harvest_interfaces/srv/detail/coordinate_to_trajectory__type_support_c.cpp.o[0m
[10.507s] [ 75%] Built target harvest_interfaces__rosidl_typesupport_introspection_cpp
[10.543s] [ 76%] [32mBuilding CXX object CMakeFiles/harvest_interfaces__rosidl_typesupport_fastrtps_c.dir/rosidl_typesupport_fastrtps_c/harvest_interfaces/srv/detail/voxel_mask__type_support_c.cpp.o[0m
[10.612s] [ 77%] [32mBuilding CXX object CMakeFiles/harvest_interfaces__rosidl_typesupport_fastrtps_c.dir/rosidl_typesupport_fastrtps_c/harvest_interfaces/srv/detail/move_to_pose__type_support_c.cpp.o[0m
[10.629s] [ 78%] [32mBuilding CXX object CMakeFiles/harvest_interfaces__rosidl_typesupport_fastrtps_c.dir/rosidl_typesupport_fastrtps_c/harvest_interfaces/srv/detail/trajectory_between_points__type_support_c.cpp.o[0m
[10.633s] [ 78%] [32mBuilding CXX object CMakeFiles/harvest_interfaces__rosidl_typesupport_fastrtps_c.dir/rosidl_typesupport_fastrtps_c/harvest_interfaces/srv/detail/set_value__type_support_c.cpp.o[0m
[10.634s] [ 79%] [32mBuilding CXX object CMakeFiles/harvest_interfaces__rosidl_typesupport_fastrtps_c.dir/rosidl_typesupport_fastrtps_c/harvest_interfaces/srv/detail/record_topics__type_support_c.cpp.o[0m
[10.702s] [ 80%] [32mBuilding CXX object CMakeFiles/harvest_interfaces__rosidl_typesupport_fastrtps_c.dir/rosidl_typesupport_fastrtps_c/harvest_interfaces/srv/detail/get_gripper_pose__type_support_c.cpp.o[0m
[10.788s] [ 81%] [32mBuilding CXX object CMakeFiles/harvest_interfaces__rosidl_typesupport_fastrtps_c.dir/rosidl_typesupport_fastrtps_c/harvest_interfaces/srv/detail/voxel_grid__type_support_c.cpp.o[0m
[11.153s] [ 82%] [32m[1mLinking CXX shared library libharvest_interfaces__rosidl_typesupport_fastrtps_cpp.so[0m
[11.256s] [ 82%] Built target harvest_interfaces__rosidl_typesupport_fastrtps_cpp
[11.259s] [ 83%] [32m[1mLinking CXX shared library libharvest_interfaces__rosidl_typesupport_fastrtps_c.so[0m
[11.335s] [ 83%] Built target harvest_interfaces__rosidl_typesupport_fastrtps_c
[11.355s] [ 83%] Built target harvest_interfaces
[11.375s] [ 84%] [34m[1mGenerating Python code for ROS interfaces[0m
[13.533s] [ 84%] Built target harvest_interfaces__py
[13.559s] [ 90%] [32mBuilding C object CMakeFiles/harvest_interfaces__rosidl_generator_py.dir/rosidl_generator_py/harvest_interfaces/srv/_coordinate_to_trajectory_s.c.o[0m
[13.560s] [ 90%] [32mBuilding C object CMakeFiles/harvest_interfaces__rosidl_generator_py.dir/rosidl_generator_py/harvest_interfaces/action/_send_trajectory_s.c.o[0m
[13.560s] [ 90%] [32mBuilding C object CMakeFiles/harvest_interfaces__rosidl_generator_py.dir/rosidl_generator_py/harvest_interfaces/srv/_move_to_pose_s.c.o[0m
[13.560s] [ 90%] [32mBuilding C object CMakeFiles/harvest_interfaces__rosidl_generator_py.dir/rosidl_generator_py/harvest_interfaces/action/_event_detection_s.c.o[0m
[13.560s] [ 90%] [32mBuilding C object CMakeFiles/harvest_interfaces__rosidl_generator_py.dir/rosidl_generator_py/harvest_interfaces/srv/_trajectory_between_points_s.c.o[0m
[13.560s] [ 90%] [32mBuilding C object CMakeFiles/harvest_interfaces__rosidl_generator_py.dir/rosidl_generator_py/harvest_interfaces/srv/_send_trajectory_s.c.o[0m
[13.560s] [ 91%] [32mBuilding C object CMakeFiles/harvest_interfaces__rosidl_generator_py.dir/rosidl_generator_py/harvest_interfaces/srv/_voxel_mask_s.c.o[0m
[13.560s] [ 91%] [32mBuilding C object CMakeFiles/harvest_interfaces__rosidl_generator_py.dir/rosidl_generator_py/harvest_interfaces/srv/_record_topics_s.c.o[0m
[13.561s] [ 92%] [32mBuilding C object CMakeFiles/harvest_interfaces__rosidl_generator_py.dir/rosidl_generator_py/harvest_interfaces/srv/_set_value_s.c.o[0m
[13.561s] [ 92%] [32mBuilding C object CMakeFiles/harvest_interfaces__rosidl_generator_py.dir/rosidl_generator_py/harvest_interfaces/srv/_apple_prediction_s.c.o[0m
[13.566s] [ 93%] [32mBuilding C object CMakeFiles/harvest_interfaces__rosidl_generator_py.dir/rosidl_generator_py/harvest_interfaces/srv/_get_gripper_pose_s.c.o[0m
[13.568s] [ 94%] [32mBuilding C object CMakeFiles/harvest_interfaces__rosidl_generator_py.dir/rosidl_generator_py/harvest_interfaces/srv/_voxel_grid_s.c.o[0m
[13.781s] [ 95%] [32m[1mLinking C shared library rosidl_generator_py/harvest_interfaces/libharvest_interfaces__rosidl_generator_py.so[0m
[13.825s] [ 95%] Built target harvest_interfaces__rosidl_generator_py
[13.843s] [ 96%] [32mBuilding C object CMakeFiles/harvest_interfaces__rosidl_typesupport_c__pyext.dir/rosidl_generator_py/harvest_interfaces/_harvest_interfaces_s.ep.rosidl_typesupport_c.c.o[0m
[13.844s] [ 96%] [32mBuilding C object CMakeFiles/harvest_interfaces__rosidl_typesupport_introspection_c__pyext.dir/rosidl_generator_py/harvest_interfaces/_harvest_interfaces_s.ep.rosidl_typesupport_introspection_c.c.o[0m
[13.844s] [ 97%] [32mBuilding C object CMakeFiles/harvest_interfaces__rosidl_typesupport_fastrtps_c__pyext.dir/rosidl_generator_py/harvest_interfaces/_harvest_interfaces_s.ep.rosidl_typesupport_fastrtps_c.c.o[0m
[14.017s] [ 99%] [32m[1mLinking C shared library rosidl_generator_py/harvest_interfaces/harvest_interfaces_s__rosidl_typesupport_introspection_c.cpython-310-x86_64-linux-gnu.so[0m
[14.017s] [ 99%] [32m[1mLinking C shared library rosidl_generator_py/harvest_interfaces/harvest_interfaces_s__rosidl_typesupport_c.cpython-310-x86_64-linux-gnu.so[0m
[14.020s] [100%] [32m[1mLinking C shared library rosidl_generator_py/harvest_interfaces/harvest_interfaces_s__rosidl_typesupport_fastrtps_c.cpython-310-x86_64-linux-gnu.so[0m
[14.060s] [100%] Built target harvest_interfaces__rosidl_typesupport_c__pyext
[14.061s] [100%] Built target harvest_interfaces__rosidl_typesupport_introspection_c__pyext
[14.062s] [100%] Built target harvest_interfaces__rosidl_typesupport_fastrtps_c__pyext
[14.074s] Invoked command in '/home/imml/git/research_2025/apple-harvest-refactor/build/harvest_interfaces' returned '0': CMAKE_PREFIX_PATH=${CMAKE_PREFIX_PATH}:/home/imml/git/research_2025/apple-harvest-refactor/install/ur5e_custom_hardware:/home/imml/git/research_2025/apple-harvest-refactor/install/harvest_vision:/opt/ros/humble /usr/bin/cmake --build /home/imml/git/research_2025/apple-harvest-refactor/build/harvest_interfaces -- -j16 -l16
[14.075s] Invoking command in '/home/imml/git/research_2025/apple-harvest-refactor/build/harvest_interfaces': CMAKE_PREFIX_PATH=${CMAKE_PREFIX_PATH}:/home/imml/git/research_2025/apple-harvest-refactor/install/ur5e_custom_hardware:/home/imml/git/research_2025/apple-harvest-refactor/install/harvest_vision:/opt/ros/humble /usr/bin/cmake --install /home/imml/git/research_2025/apple-harvest-refactor/build/harvest_interfaces
[14.082s] -- Install configuration: ""
[14.082s] -- Execute custom install script
[14.082s] -- Symlinking: /home/imml/git/research_2025/apple-harvest-refactor/install/harvest_interfaces/share/ament_index/resource_index/rosidl_interfaces/harvest_interfaces
[14.092s] -- Symlinking: /home/imml/git/research_2025/apple-harvest-refactor/install/harvest_interfaces/include/harvest_interfaces/harvest_interfaces/action/detail/event_detection__functions.h
[14.099s] -- Symlinking: /home/imml/git/research_2025/apple-harvest-refactor/install/harvest_interfaces/include/harvest_interfaces/harvest_interfaces/action/detail/event_detection__struct.h
[14.107s] -- Symlinking: /home/imml/git/research_2025/apple-harvest-refactor/install/harvest_interfaces/include/harvest_interfaces/harvest_interfaces/action/detail/event_detection__type_support.h
[14.115s] -- Symlinking: /home/imml/git/research_2025/apple-harvest-refactor/install/harvest_interfaces/include/harvest_interfaces/harvest_interfaces/action/detail/send_trajectory__functions.h
[14.123s] -- Symlinking: /home/imml/git/research_2025/apple-harvest-refactor/install/harvest_interfaces/include/harvest_interfaces/harvest_interfaces/action/detail/send_trajectory__struct.h
[14.131s] -- Symlinking: /home/imml/git/research_2025/apple-harvest-refactor/install/harvest_interfaces/include/harvest_interfaces/harvest_interfaces/action/detail/send_trajectory__type_support.h
[14.139s] -- Symlinking: /home/imml/git/research_2025/apple-harvest-refactor/install/harvest_interfaces/include/harvest_interfaces/harvest_interfaces/action/event_detection.h
[14.147s] -- Symlinking: /home/imml/git/research_2025/apple-harvest-refactor/install/harvest_interfaces/include/harvest_interfaces/harvest_interfaces/action/send_trajectory.h
[14.155s] -- Symlinking: /home/imml/git/research_2025/apple-harvest-refactor/install/harvest_interfaces/include/harvest_interfaces/harvest_interfaces/msg/rosidl_generator_c__visibility_control.h
[14.163s] -- Symlinking: /home/imml/git/research_2025/apple-harvest-refactor/install/harvest_interfaces/include/harvest_interfaces/harvest_interfaces/srv/apple_prediction.h
[14.171s] -- Symlinking: /home/imml/git/research_2025/apple-harvest-refactor/install/harvest_interfaces/include/harvest_interfaces/harvest_interfaces/srv/coordinate_to_trajectory.h
[14.179s] -- Symlinking: /home/imml/git/research_2025/apple-harvest-refactor/install/harvest_interfaces/include/harvest_interfaces/harvest_interfaces/srv/detail/apple_prediction__functions.h
[14.189s] -- Symlinking: /home/imml/git/research_2025/apple-harvest-refactor/install/harvest_interfaces/include/harvest_interfaces/harvest_interfaces/srv/detail/apple_prediction__struct.h
[14.198s] -- Symlinking: /home/imml/git/research_2025/apple-harvest-refactor/install/harvest_interfaces/include/harvest_interfaces/harvest_interfaces/srv/detail/apple_prediction__type_support.h
[14.206s] -- Symlinking: /home/imml/git/research_2025/apple-harvest-refactor/install/harvest_interfaces/include/harvest_interfaces/harvest_interfaces/srv/detail/coordinate_to_trajectory__functions.h
[14.214s] -- Symlinking: /home/imml/git/research_2025/apple-harvest-refactor/install/harvest_interfaces/include/harvest_interfaces/harvest_interfaces/srv/detail/coordinate_to_trajectory__struct.h
[14.222s] -- Symlinking: /home/imml/git/research_2025/apple-harvest-refactor/install/harvest_interfaces/include/harvest_interfaces/harvest_interfaces/srv/detail/coordinate_to_trajectory__type_support.h
[14.230s] -- Symlinking: /home/imml/git/research_2025/apple-harvest-refactor/install/harvest_interfaces/include/harvest_interfaces/harvest_interfaces/srv/detail/get_gripper_pose__functions.h
[14.238s] -- Symlinking: /home/imml/git/research_2025/apple-harvest-refactor/install/harvest_interfaces/include/harvest_interfaces/harvest_interfaces/srv/detail/get_gripper_pose__struct.h
[14.246s] -- Symlinking: /home/imml/git/research_2025/apple-harvest-refactor/install/harvest_interfaces/include/harvest_interfaces/harvest_interfaces/srv/detail/get_gripper_pose__type_support.h
[14.254s] -- Symlinking: /home/imml/git/research_2025/apple-harvest-refactor/install/harvest_interfaces/include/harvest_interfaces/harvest_interfaces/srv/detail/move_to_pose__functions.h
[14.262s] -- Symlinking: /home/imml/git/research_2025/apple-harvest-refactor/install/harvest_interfaces/include/harvest_interfaces/harvest_interfaces/srv/detail/move_to_pose__struct.h
[14.270s] -- Symlinking: /home/imml/git/research_2025/apple-harvest-refactor/install/harvest_interfaces/include/harvest_interfaces/harvest_interfaces/srv/detail/move_to_pose__type_support.h
[14.278s] -- Symlinking: /home/imml/git/research_2025/apple-harvest-refactor/install/harvest_interfaces/include/harvest_interfaces/harvest_interfaces/srv/detail/record_topics__functions.h
[14.286s] -- Symlinking: /home/imml/git/research_2025/apple-harvest-refactor/install/harvest_interfaces/include/harvest_interfaces/harvest_interfaces/srv/detail/record_topics__struct.h
[14.294s] -- Symlinking: /home/imml/git/research_2025/apple-harvest-refactor/install/harvest_interfaces/include/harvest_interfaces/harvest_interfaces/srv/detail/record_topics__type_support.h
[14.302s] -- Symlinking: /home/imml/git/research_2025/apple-harvest-refactor/install/harvest_interfaces/include/harvest_interfaces/harvest_interfaces/srv/detail/send_trajectory__functions.h
[14.311s] -- Symlinking: /home/imml/git/research_2025/apple-harvest-refactor/install/harvest_interfaces/include/harvest_interfaces/harvest_interfaces/srv/detail/send_trajectory__struct.h
[14.319s] -- Symlinking: /home/imml/git/research_2025/apple-harvest-refactor/install/harvest_interfaces/include/harvest_interfaces/harvest_interfaces/srv/detail/send_trajectory__type_support.h
[14.327s] -- Symlinking: /home/imml/git/research_2025/apple-harvest-refactor/install/harvest_interfaces/include/harvest_interfaces/harvest_interfaces/srv/detail/set_value__functions.h
[14.335s] -- Symlinking: /home/imml/git/research_2025/apple-harvest-refactor/install/harvest_interfaces/include/harvest_interfaces/harvest_interfaces/srv/detail/set_value__struct.h
[14.342s] -- Symlinking: /home/imml/git/research_2025/apple-harvest-refactor/install/harvest_interfaces/include/harvest_interfaces/harvest_interfaces/srv/detail/set_value__type_support.h
[14.350s] -- Symlinking: /home/imml/git/research_2025/apple-harvest-refactor/install/harvest_interfaces/include/harvest_interfaces/harvest_interfaces/srv/detail/trajectory_between_points__functions.h
[14.358s] -- Symlinking: /home/imml/git/research_2025/apple-harvest-refactor/install/harvest_interfaces/include/harvest_interfaces/harvest_interfaces/srv/detail/trajectory_between_points__struct.h
[14.365s] -- Symlinking: /home/imml/git/research_2025/apple-harvest-refactor/install/harvest_interfaces/include/harvest_interfaces/harvest_interfaces/srv/detail/trajectory_between_points__type_support.h
[14.373s] -- Symlinking: /home/imml/git/research_2025/apple-harvest-refactor/install/harvest_interfaces/include/harvest_interfaces/harvest_interfaces/srv/detail/voxel_grid__functions.h
[14.380s] -- Symlinking: /home/imml/git/research_2025/apple-harvest-refactor/install/harvest_interfaces/include/harvest_interfaces/harvest_interfaces/srv/detail/voxel_grid__struct.h
[14.388s] -- Symlinking: /home/imml/git/research_2025/apple-harvest-refactor/install/harvest_interfaces/include/harvest_interfaces/harvest_interfaces/srv/detail/voxel_grid__type_support.h
[14.395s] -- Symlinking: /home/imml/git/research_2025/apple-harvest-refactor/install/harvest_interfaces/include/harvest_interfaces/harvest_interfaces/srv/detail/voxel_mask__functions.h
[14.403s] -- Symlinking: /home/imml/git/research_2025/apple-harvest-refactor/install/harvest_interfaces/include/harvest_interfaces/harvest_interfaces/srv/detail/voxel_mask__struct.h
[14.411s] -- Symlinking: /home/imml/git/research_2025/apple-harvest-refactor/install/harvest_interfaces/include/harvest_interfaces/harvest_interfaces/srv/detail/voxel_mask__type_support.h
[14.419s] -- Symlinking: /home/imml/git/research_2025/apple-harvest-refactor/install/harvest_interfaces/include/harvest_interfaces/harvest_interfaces/srv/get_gripper_pose.h
[14.427s] -- Symlinking: /home/imml/git/research_2025/apple-harvest-refactor/install/harvest_interfaces/include/harvest_interfaces/harvest_interfaces/srv/move_to_pose.h
[14.435s] -- Symlinking: /home/imml/git/research_2025/apple-harvest-refactor/install/harvest_interfaces/include/harvest_interfaces/harvest_interfaces/srv/record_topics.h
[14.442s] -- Symlinking: /home/imml/git/research_2025/apple-harvest-refactor/install/harvest_interfaces/include/harvest_interfaces/harvest_interfaces/srv/send_trajectory.h
[14.450s] -- Symlinking: /home/imml/git/research_2025/apple-harvest-refactor/install/harvest_interfaces/include/harvest_interfaces/harvest_interfaces/srv/set_value.h
[14.458s] -- Symlinking: /home/imml/git/research_2025/apple-harvest-refactor/install/harvest_interfaces/include/harvest_interfaces/harvest_interfaces/srv/trajectory_between_points.h
[14.467s] -- Symlinking: /home/imml/git/research_2025/apple-harvest-refactor/install/harvest_interfaces/include/harvest_interfaces/harvest_interfaces/srv/voxel_grid.h
[14.475s] -- Symlinking: /home/imml/git/research_2025/apple-harvest-refactor/install/harvest_interfaces/include/harvest_interfaces/harvest_interfaces/srv/voxel_mask.h
[14.483s] -- Symlinking: /home/imml/git/research_2025/apple-harvest-refactor/install/harvest_interfaces/share/harvest_interfaces/environment/library_path.sh
[14.491s] -- Symlinking: /home/imml/git/research_2025/apple-harvest-refactor/install/harvest_interfaces/share/harvest_interfaces/environment/library_path.dsv
[14.499s] -- Symlinking: /home/imml/git/research_2025/apple-harvest-refactor/install/harvest_interfaces/include/harvest_interfaces/harvest_interfaces/action/detail/event_detection__rosidl_typesupport_fastrtps_c.h
[14.508s] -- Symlinking: /home/imml/git/research_2025/apple-harvest-refactor/install/harvest_interfaces/include/harvest_interfaces/harvest_interfaces/action/detail/send_trajectory__rosidl_typesupport_fastrtps_c.h
[14.515s] -- Symlinking: /home/imml/git/research_2025/apple-harvest-refactor/install/harvest_interfaces/include/harvest_interfaces/harvest_interfaces/msg/rosidl_typesupport_fastrtps_c__visibility_control.h
[14.523s] -- Symlinking: /home/imml/git/research_2025/apple-harvest-refactor/install/harvest_interfaces/include/harvest_interfaces/harvest_interfaces/srv/detail/apple_prediction__rosidl_typesupport_fastrtps_c.h
[14.531s] -- Symlinking: /home/imml/git/research_2025/apple-harvest-refactor/install/harvest_interfaces/include/harvest_interfaces/harvest_interfaces/srv/detail/coordinate_to_trajectory__rosidl_typesupport_fastrtps_c.h
[14.538s] -- Symlinking: /home/imml/git/research_2025/apple-harvest-refactor/install/harvest_interfaces/include/harvest_interfaces/harvest_interfaces/srv/detail/get_gripper_pose__rosidl_typesupport_fastrtps_c.h
[14.546s] -- Symlinking: /home/imml/git/research_2025/apple-harvest-refactor/install/harvest_interfaces/include/harvest_interfaces/harvest_interfaces/srv/detail/move_to_pose__rosidl_typesupport_fastrtps_c.h
[14.554s] -- Symlinking: /home/imml/git/research_2025/apple-harvest-refactor/install/harvest_interfaces/include/harvest_interfaces/harvest_interfaces/srv/detail/record_topics__rosidl_typesupport_fastrtps_c.h
[14.562s] -- Symlinking: /home/imml/git/research_2025/apple-harvest-refactor/install/harvest_interfaces/include/harvest_interfaces/harvest_interfaces/srv/detail/send_trajectory__rosidl_typesupport_fastrtps_c.h
[14.569s] -- Symlinking: /home/imml/git/research_2025/apple-harvest-refactor/install/harvest_interfaces/include/harvest_interfaces/harvest_interfaces/srv/detail/set_value__rosidl_typesupport_fastrtps_c.h
[14.577s] -- Symlinking: /home/imml/git/research_2025/apple-harvest-refactor/install/harvest_interfaces/include/harvest_interfaces/harvest_interfaces/srv/detail/trajectory_between_points__rosidl_typesupport_fastrtps_c.h
[14.587s] -- Symlinking: /home/imml/git/research_2025/apple-harvest-refactor/install/harvest_interfaces/include/harvest_interfaces/harvest_interfaces/srv/detail/voxel_grid__rosidl_typesupport_fastrtps_c.h
[14.595s] -- Symlinking: /home/imml/git/research_2025/apple-harvest-refactor/install/harvest_interfaces/include/harvest_interfaces/harvest_interfaces/srv/detail/voxel_mask__rosidl_typesupport_fastrtps_c.h
[14.603s] -- Symlinking: /home/imml/git/research_2025/apple-harvest-refactor/install/harvest_interfaces/include/harvest_interfaces/harvest_interfaces/action/detail/event_detection__rosidl_typesupport_introspection_c.h
[14.611s] -- Symlinking: /home/imml/git/research_2025/apple-harvest-refactor/install/harvest_interfaces/include/harvest_interfaces/harvest_interfaces/action/detail/send_trajectory__rosidl_typesupport_introspection_c.h
[14.619s] -- Symlinking: /home/imml/git/research_2025/apple-harvest-refactor/install/harvest_interfaces/include/harvest_interfaces/harvest_interfaces/msg/rosidl_typesupport_introspection_c__visibility_control.h
[14.626s] -- Symlinking: /home/imml/git/research_2025/apple-harvest-refactor/install/harvest_interfaces/include/harvest_interfaces/harvest_interfaces/srv/detail/apple_prediction__rosidl_typesupport_introspection_c.h
[14.635s] -- Symlinking: /home/imml/git/research_2025/apple-harvest-refactor/install/harvest_interfaces/include/harvest_interfaces/harvest_interfaces/srv/detail/coordinate_to_trajectory__rosidl_typesupport_introspection_c.h
[14.642s] -- Symlinking: /home/imml/git/research_2025/apple-harvest-refactor/install/harvest_interfaces/include/harvest_interfaces/harvest_interfaces/srv/detail/get_gripper_pose__rosidl_typesupport_introspection_c.h
[14.650s] -- Symlinking: /home/imml/git/research_2025/apple-harvest-refactor/install/harvest_interfaces/include/harvest_interfaces/harvest_interfaces/srv/detail/move_to_pose__rosidl_typesupport_introspection_c.h
[14.658s] -- Symlinking: /home/imml/git/research_2025/apple-harvest-refactor/install/harvest_interfaces/include/harvest_interfaces/harvest_interfaces/srv/detail/record_topics__rosidl_typesupport_introspection_c.h
[14.664s] -- Symlinking: /home/imml/git/research_2025/apple-harvest-refactor/install/harvest_interfaces/include/harvest_interfaces/harvest_interfaces/srv/detail/send_trajectory__rosidl_typesupport_introspection_c.h
[14.672s] -- Symlinking: /home/imml/git/research_2025/apple-harvest-refactor/install/harvest_interfaces/include/harvest_interfaces/harvest_interfaces/srv/detail/set_value__rosidl_typesupport_introspection_c.h
[14.680s] -- Symlinking: /home/imml/git/research_2025/apple-harvest-refactor/install/harvest_interfaces/include/harvest_interfaces/harvest_interfaces/srv/detail/trajectory_between_points__rosidl_typesupport_introspection_c.h
[14.687s] -- Symlinking: /home/imml/git/research_2025/apple-harvest-refactor/install/harvest_interfaces/include/harvest_interfaces/harvest_interfaces/srv/detail/voxel_grid__rosidl_typesupport_introspection_c.h
[14.695s] -- Symlinking: /home/imml/git/research_2025/apple-harvest-refactor/install/harvest_interfaces/include/harvest_interfaces/harvest_interfaces/srv/detail/voxel_mask__rosidl_typesupport_introspection_c.h
[14.703s] -- Symlinking: /home/imml/git/research_2025/apple-harvest-refactor/install/harvest_interfaces/include/harvest_interfaces/harvest_interfaces/action/detail/event_detection__builder.hpp
[14.712s] -- Symlinking: /home/imml/git/research_2025/apple-harvest-refactor/install/harvest_interfaces/include/harvest_interfaces/harvest_interfaces/action/detail/event_detection__struct.hpp
[14.720s] -- Symlinking: /home/imml/git/research_2025/apple-harvest-refactor/install/harvest_interfaces/include/harvest_interfaces/harvest_interfaces/action/detail/event_detection__traits.hpp
[14.727s] -- Symlinking: /home/imml/git/research_2025/apple-harvest-refactor/install/harvest_interfaces/include/harvest_interfaces/harvest_interfaces/action/detail/event_detection__type_support.hpp
[14.735s] -- Symlinking: /home/imml/git/research_2025/apple-harvest-refactor/install/harvest_interfaces/include/harvest_interfaces/harvest_interfaces/action/detail/send_trajectory__builder.hpp
[14.742s] -- Symlinking: /home/imml/git/research_2025/apple-harvest-refactor/install/harvest_interfaces/include/harvest_interfaces/harvest_interfaces/action/detail/send_trajectory__struct.hpp
[14.750s] -- Symlinking: /home/imml/git/research_2025/apple-harvest-refactor/install/harvest_interfaces/include/harvest_interfaces/harvest_interfaces/action/detail/send_trajectory__traits.hpp
[14.758s] -- Symlinking: /home/imml/git/research_2025/apple-harvest-refactor/install/harvest_interfaces/include/harvest_interfaces/harvest_interfaces/action/detail/send_trajectory__type_support.hpp
[14.765s] -- Symlinking: /home/imml/git/research_2025/apple-harvest-refactor/install/harvest_interfaces/include/harvest_interfaces/harvest_interfaces/action/event_detection.hpp
[14.773s] -- Symlinking: /home/imml/git/research_2025/apple-harvest-refactor/install/harvest_interfaces/include/harvest_interfaces/harvest_interfaces/action/send_trajectory.hpp
[14.780s] -- Symlinking: /home/imml/git/research_2025/apple-harvest-refactor/install/harvest_interfaces/include/harvest_interfaces/harvest_interfaces/msg/rosidl_generator_cpp__visibility_control.hpp
[14.788s] -- Symlinking: /home/imml/git/research_2025/apple-harvest-refactor/install/harvest_interfaces/include/harvest_interfaces/harvest_interfaces/srv/apple_prediction.hpp
[14.796s] -- Symlinking: /home/imml/git/research_2025/apple-harvest-refactor/install/harvest_interfaces/include/harvest_interfaces/harvest_interfaces/srv/coordinate_to_trajectory.hpp
[14.804s] -- Symlinking: /home/imml/git/research_2025/apple-harvest-refactor/install/harvest_interfaces/include/harvest_interfaces/harvest_interfaces/srv/detail/apple_prediction__builder.hpp
[14.812s] -- Symlinking: /home/imml/git/research_2025/apple-harvest-refactor/install/harvest_interfaces/include/harvest_interfaces/harvest_interfaces/srv/detail/apple_prediction__struct.hpp
[14.820s] -- Symlinking: /home/imml/git/research_2025/apple-harvest-refactor/install/harvest_interfaces/include/harvest_interfaces/harvest_interfaces/srv/detail/apple_prediction__traits.hpp
[14.828s] -- Symlinking: /home/imml/git/research_2025/apple-harvest-refactor/install/harvest_interfaces/include/harvest_interfaces/harvest_interfaces/srv/detail/apple_prediction__type_support.hpp
[14.836s] -- Symlinking: /home/imml/git/research_2025/apple-harvest-refactor/install/harvest_interfaces/include/harvest_interfaces/harvest_interfaces/srv/detail/coordinate_to_trajectory__builder.hpp
[14.843s] -- Symlinking: /home/imml/git/research_2025/apple-harvest-refactor/install/harvest_interfaces/include/harvest_interfaces/harvest_interfaces/srv/detail/coordinate_to_trajectory__struct.hpp
[14.851s] -- Symlinking: /home/imml/git/research_2025/apple-harvest-refactor/install/harvest_interfaces/include/harvest_interfaces/harvest_interfaces/srv/detail/coordinate_to_trajectory__traits.hpp
[14.859s] -- Symlinking: /home/imml/git/research_2025/apple-harvest-refactor/install/harvest_interfaces/include/harvest_interfaces/harvest_interfaces/srv/detail/coordinate_to_trajectory__type_support.hpp
[14.866s] -- Symlinking: /home/imml/git/research_2025/apple-harvest-refactor/install/harvest_interfaces/include/harvest_interfaces/harvest_interfaces/srv/detail/get_gripper_pose__builder.hpp
[14.874s] -- Symlinking: /home/imml/git/research_2025/apple-harvest-refactor/install/harvest_interfaces/include/harvest_interfaces/harvest_interfaces/srv/detail/get_gripper_pose__struct.hpp
[14.882s] -- Symlinking: /home/imml/git/research_2025/apple-harvest-refactor/install/harvest_interfaces/include/harvest_interfaces/harvest_interfaces/srv/detail/get_gripper_pose__traits.hpp
[14.891s] -- Symlinking: /home/imml/git/research_2025/apple-harvest-refactor/install/harvest_interfaces/include/harvest_interfaces/harvest_interfaces/srv/detail/get_gripper_pose__type_support.hpp
[14.898s] -- Symlinking: /home/imml/git/research_2025/apple-harvest-refactor/install/harvest_interfaces/include/harvest_interfaces/harvest_interfaces/srv/detail/move_to_pose__builder.hpp
[14.906s] -- Symlinking: /home/imml/git/research_2025/apple-harvest-refactor/install/harvest_interfaces/include/harvest_interfaces/harvest_interfaces/srv/detail/move_to_pose__struct.hpp
[14.914s] -- Symlinking: /home/imml/git/research_2025/apple-harvest-refactor/install/harvest_interfaces/include/harvest_interfaces/harvest_interfaces/srv/detail/move_to_pose__traits.hpp
[14.922s] -- Symlinking: /home/imml/git/research_2025/apple-harvest-refactor/install/harvest_interfaces/include/harvest_interfaces/harvest_interfaces/srv/detail/move_to_pose__type_support.hpp
[14.931s] -- Symlinking: /home/imml/git/research_2025/apple-harvest-refactor/install/harvest_interfaces/include/harvest_interfaces/harvest_interfaces/srv/detail/record_topics__builder.hpp
[14.938s] -- Symlinking: /home/imml/git/research_2025/apple-harvest-refactor/install/harvest_interfaces/include/harvest_interfaces/harvest_interfaces/srv/detail/record_topics__struct.hpp
[14.946s] -- Symlinking: /home/imml/git/research_2025/apple-harvest-refactor/install/harvest_interfaces/include/harvest_interfaces/harvest_interfaces/srv/detail/record_topics__traits.hpp
[14.954s] -- Symlinking: /home/imml/git/research_2025/apple-harvest-refactor/install/harvest_interfaces/include/harvest_interfaces/harvest_interfaces/srv/detail/record_topics__type_support.hpp
[14.962s] -- Symlinking: /home/imml/git/research_2025/apple-harvest-refactor/install/harvest_interfaces/include/harvest_interfaces/harvest_interfaces/srv/detail/send_trajectory__builder.hpp
[14.970s] -- Symlinking: /home/imml/git/research_2025/apple-harvest-refactor/install/harvest_interfaces/include/harvest_interfaces/harvest_interfaces/srv/detail/send_trajectory__struct.hpp
[14.978s] -- Symlinking: /home/imml/git/research_2025/apple-harvest-refactor/install/harvest_interfaces/include/harvest_interfaces/harvest_interfaces/srv/detail/send_trajectory__traits.hpp
[14.986s] -- Symlinking: /home/imml/git/research_2025/apple-harvest-refactor/install/harvest_interfaces/include/harvest_interfaces/harvest_interfaces/srv/detail/send_trajectory__type_support.hpp
[14.994s] -- Symlinking: /home/imml/git/research_2025/apple-harvest-refactor/install/harvest_interfaces/include/harvest_interfaces/harvest_interfaces/srv/detail/set_value__builder.hpp
[15.002s] -- Symlinking: /home/imml/git/research_2025/apple-harvest-refactor/install/harvest_interfaces/include/harvest_interfaces/harvest_interfaces/srv/detail/set_value__struct.hpp
[15.011s] -- Symlinking: /home/imml/git/research_2025/apple-harvest-refactor/install/harvest_interfaces/include/harvest_interfaces/harvest_interfaces/srv/detail/set_value__traits.hpp
[15.019s] -- Symlinking: /home/imml/git/research_2025/apple-harvest-refactor/install/harvest_interfaces/include/harvest_interfaces/harvest_interfaces/srv/detail/set_value__type_support.hpp
[15.028s] -- Symlinking: /home/imml/git/research_2025/apple-harvest-refactor/install/harvest_interfaces/include/harvest_interfaces/harvest_interfaces/srv/detail/trajectory_between_points__builder.hpp
[15.035s] -- Symlinking: /home/imml/git/research_2025/apple-harvest-refactor/install/harvest_interfaces/include/harvest_interfaces/harvest_interfaces/srv/detail/trajectory_between_points__struct.hpp
[15.044s] -- Symlinking: /home/imml/git/research_2025/apple-harvest-refactor/install/harvest_interfaces/include/harvest_interfaces/harvest_interfaces/srv/detail/trajectory_between_points__traits.hpp
[15.051s] -- Symlinking: /home/imml/git/research_2025/apple-harvest-refactor/install/harvest_interfaces/include/harvest_interfaces/harvest_interfaces/srv/detail/trajectory_between_points__type_support.hpp
[15.059s] -- Symlinking: /home/imml/git/research_2025/apple-harvest-refactor/install/harvest_interfaces/include/harvest_interfaces/harvest_interfaces/srv/detail/voxel_grid__builder.hpp
[15.067s] -- Symlinking: /home/imml/git/research_2025/apple-harvest-refactor/install/harvest_interfaces/include/harvest_interfaces/harvest_interfaces/srv/detail/voxel_grid__struct.hpp
[15.075s] -- Symlinking: /home/imml/git/research_2025/apple-harvest-refactor/install/harvest_interfaces/include/harvest_interfaces/harvest_interfaces/srv/detail/voxel_grid__traits.hpp
[15.083s] -- Symlinking: /home/imml/git/research_2025/apple-harvest-refactor/install/harvest_interfaces/include/harvest_interfaces/harvest_interfaces/srv/detail/voxel_grid__type_support.hpp
[15.091s] -- Symlinking: /home/imml/git/research_2025/apple-harvest-refactor/install/harvest_interfaces/include/harvest_interfaces/harvest_interfaces/srv/detail/voxel_mask__builder.hpp
[15.099s] -- Symlinking: /home/imml/git/research_2025/apple-harvest-refactor/install/harvest_interfaces/include/harvest_interfaces/harvest_interfaces/srv/detail/voxel_mask__struct.hpp
[15.109s] -- Symlinking: /home/imml/git/research_2025/apple-harvest-refactor/install/harvest_interfaces/include/harvest_interfaces/harvest_interfaces/srv/detail/voxel_mask__traits.hpp
[15.117s] -- Symlinking: /home/imml/git/research_2025/apple-harvest-refactor/install/harvest_interfaces/include/harvest_interfaces/harvest_interfaces/srv/detail/voxel_mask__type_support.hpp
[15.125s] -- Symlinking: /home/imml/git/research_2025/apple-harvest-refactor/install/harvest_interfaces/include/harvest_interfaces/harvest_interfaces/srv/get_gripper_pose.hpp
[15.133s] -- Symlinking: /home/imml/git/research_2025/apple-harvest-refactor/install/harvest_interfaces/include/harvest_interfaces/harvest_interfaces/srv/move_to_pose.hpp
[15.141s] -- Symlinking: /home/imml/git/research_2025/apple-harvest-refactor/install/harvest_interfaces/include/harvest_interfaces/harvest_interfaces/srv/record_topics.hpp
[15.149s] -- Symlinking: /home/imml/git/research_2025/apple-harvest-refactor/install/harvest_interfaces/include/harvest_interfaces/harvest_interfaces/srv/send_trajectory.hpp
[15.157s] -- Symlinking: /home/imml/git/research_2025/apple-harvest-refactor/install/harvest_interfaces/include/harvest_interfaces/harvest_interfaces/srv/set_value.hpp
[15.165s] -- Symlinking: /home/imml/git/research_2025/apple-harvest-refactor/install/harvest_interfaces/include/harvest_interfaces/harvest_interfaces/srv/trajectory_between_points.hpp
[15.172s] -- Symlinking: /home/imml/git/research_2025/apple-harvest-refactor/install/harvest_interfaces/include/harvest_interfaces/harvest_interfaces/srv/voxel_grid.hpp
[15.180s] -- Symlinking: /home/imml/git/research_2025/apple-harvest-refactor/install/harvest_interfaces/include/harvest_interfaces/harvest_interfaces/srv/voxel_mask.hpp
[15.189s] -- Symlinking: /home/imml/git/research_2025/apple-harvest-refactor/install/harvest_interfaces/include/harvest_interfaces/harvest_interfaces/action/detail/event_detection__rosidl_typesupport_fastrtps_cpp.hpp
[15.197s] -- Symlinking: /home/imml/git/research_2025/apple-harvest-refactor/install/harvest_interfaces/include/harvest_interfaces/harvest_interfaces/action/detail/send_trajectory__rosidl_typesupport_fastrtps_cpp.hpp
[15.205s] -- Symlinking: /home/imml/git/research_2025/apple-harvest-refactor/install/harvest_interfaces/include/harvest_interfaces/harvest_interfaces/msg/rosidl_typesupport_fastrtps_cpp__visibility_control.h
[15.214s] -- Symlinking: /home/imml/git/research_2025/apple-harvest-refactor/install/harvest_interfaces/include/harvest_interfaces/harvest_interfaces/srv/detail/apple_prediction__rosidl_typesupport_fastrtps_cpp.hpp
[15.222s] -- Symlinking: /home/imml/git/research_2025/apple-harvest-refactor/install/harvest_interfaces/include/harvest_interfaces/harvest_interfaces/srv/detail/coordinate_to_trajectory__rosidl_typesupport_fastrtps_cpp.hpp
[15.230s] -- Symlinking: /home/imml/git/research_2025/apple-harvest-refactor/install/harvest_interfaces/include/harvest_interfaces/harvest_interfaces/srv/detail/get_gripper_pose__rosidl_typesupport_fastrtps_cpp.hpp
[15.239s] -- Symlinking: /home/imml/git/research_2025/apple-harvest-refactor/install/harvest_interfaces/include/harvest_interfaces/harvest_interfaces/srv/detail/move_to_pose__rosidl_typesupport_fastrtps_cpp.hpp
[15.247s] -- Symlinking: /home/imml/git/research_2025/apple-harvest-refactor/install/harvest_interfaces/include/harvest_interfaces/harvest_interfaces/srv/detail/record_topics__rosidl_typesupport_fastrtps_cpp.hpp
[15.256s] -- Symlinking: /home/imml/git/research_2025/apple-harvest-refactor/install/harvest_interfaces/include/harvest_interfaces/harvest_interfaces/srv/detail/send_trajectory__rosidl_typesupport_fastrtps_cpp.hpp
[15.265s] -- Symlinking: /home/imml/git/research_2025/apple-harvest-refactor/install/harvest_interfaces/include/harvest_interfaces/harvest_interfaces/srv/detail/set_value__rosidl_typesupport_fastrtps_cpp.hpp
[15.273s] -- Symlinking: /home/imml/git/research_2025/apple-harvest-refactor/install/harvest_interfaces/include/harvest_interfaces/harvest_interfaces/srv/detail/trajectory_between_points__rosidl_typesupport_fastrtps_cpp.hpp
[15.282s] -- Symlinking: /home/imml/git/research_2025/apple-harvest-refactor/install/harvest_interfaces/include/harvest_interfaces/harvest_interfaces/srv/detail/voxel_grid__rosidl_typesupport_fastrtps_cpp.hpp
[15.290s] -- Symlinking: /home/imml/git/research_2025/apple-harvest-refactor/install/harvest_interfaces/include/harvest_interfaces/harvest_interfaces/srv/detail/voxel_mask__rosidl_typesupport_fastrtps_cpp.hpp
[15.299s] -- Symlinking: /home/imml/git/research_2025/apple-harvest-refactor/install/harvest_interfaces/include/harvest_interfaces/harvest_interfaces/action/detail/event_detection__rosidl_typesupport_introspection_cpp.hpp
[15.308s] -- Symlinking: /home/imml/git/research_2025/apple-harvest-refactor/install/harvest_interfaces/include/harvest_interfaces/harvest_interfaces/action/detail/send_trajectory__rosidl_typesupport_introspection_cpp.hpp
[15.315s] -- Symlinking: /home/imml/git/research_2025/apple-harvest-refactor/install/harvest_interfaces/include/harvest_interfaces/harvest_interfaces/srv/detail/apple_prediction__rosidl_typesupport_introspection_cpp.hpp
[15.324s] -- Symlinking: /home/imml/git/research_2025/apple-harvest-refactor/install/harvest_interfaces/include/harvest_interfaces/harvest_interfaces/srv/detail/coordinate_to_trajectory__rosidl_typesupport_introspection_cpp.hpp
[15.332s] -- Symlinking: /home/imml/git/research_2025/apple-harvest-refactor/install/harvest_interfaces/include/harvest_interfaces/harvest_interfaces/srv/detail/get_gripper_pose__rosidl_typesupport_introspection_cpp.hpp
[15.341s] -- Symlinking: /home/imml/git/research_2025/apple-harvest-refactor/install/harvest_interfaces/include/harvest_interfaces/harvest_interfaces/srv/detail/move_to_pose__rosidl_typesupport_introspection_cpp.hpp
[15.349s] -- Symlinking: /home/imml/git/research_2025/apple-harvest-refactor/install/harvest_interfaces/include/harvest_interfaces/harvest_interfaces/srv/detail/record_topics__rosidl_typesupport_introspection_cpp.hpp
[15.358s] -- Symlinking: /home/imml/git/research_2025/apple-harvest-refactor/install/harvest_interfaces/include/harvest_interfaces/harvest_interfaces/srv/detail/send_trajectory__rosidl_typesupport_introspection_cpp.hpp
[15.366s] -- Symlinking: /home/imml/git/research_2025/apple-harvest-refactor/install/harvest_interfaces/include/harvest_interfaces/harvest_interfaces/srv/detail/set_value__rosidl_typesupport_introspection_cpp.hpp
[15.374s] -- Symlinking: /home/imml/git/research_2025/apple-harvest-refactor/install/harvest_interfaces/include/harvest_interfaces/harvest_interfaces/srv/detail/trajectory_between_points__rosidl_typesupport_introspection_cpp.hpp
[15.382s] -- Symlinking: /home/imml/git/research_2025/apple-harvest-refactor/install/harvest_interfaces/include/harvest_interfaces/harvest_interfaces/srv/detail/voxel_grid__rosidl_typesupport_introspection_cpp.hpp
[15.389s] -- Symlinking: /home/imml/git/research_2025/apple-harvest-refactor/install/harvest_interfaces/include/harvest_interfaces/harvest_interfaces/srv/detail/voxel_mask__rosidl_typesupport_introspection_cpp.hpp
[15.396s] -- Symlinking: /home/imml/git/research_2025/apple-harvest-refactor/install/harvest_interfaces/share/harvest_interfaces/environment/pythonpath.sh
[15.403s] -- Symlinking: /home/imml/git/research_2025/apple-harvest-refactor/install/harvest_interfaces/share/harvest_interfaces/environment/pythonpath.dsv
[15.412s] -- Symlinking: /home/imml/git/research_2025/apple-harvest-refactor/install/harvest_interfaces/local/lib/python3.10/dist-packages/harvest_interfaces-0.0.0-py3.10.egg-info/PKG-INFO
[15.419s] -- Symlinking: /home/imml/git/research_2025/apple-harvest-refactor/install/harvest_interfaces/local/lib/python3.10/dist-packages/harvest_interfaces-0.0.0-py3.10.egg-info/SOURCES.txt
[15.427s] -- Symlinking: /home/imml/git/research_2025/apple-harvest-refactor/install/harvest_interfaces/local/lib/python3.10/dist-packages/harvest_interfaces-0.0.0-py3.10.egg-info/dependency_links.txt
[15.434s] -- Symlinking: /home/imml/git/research_2025/apple-harvest-refactor/install/harvest_interfaces/local/lib/python3.10/dist-packages/harvest_interfaces-0.0.0-py3.10.egg-info/top_level.txt
[15.442s] -- Symlinking: /home/imml/git/research_2025/apple-harvest-refactor/install/harvest_interfaces/local/lib/python3.10/dist-packages/harvest_interfaces/__init__.py
[15.449s] -- Symlinking: /home/imml/git/research_2025/apple-harvest-refactor/install/harvest_interfaces/local/lib/python3.10/dist-packages/harvest_interfaces/_harvest_interfaces_s.ep.rosidl_typesupport_c.c
[15.457s] -- Symlinking: /home/imml/git/research_2025/apple-harvest-refactor/install/harvest_interfaces/local/lib/python3.10/dist-packages/harvest_interfaces/_harvest_interfaces_s.ep.rosidl_typesupport_fastrtps_c.c
[15.464s] -- Symlinking: /home/imml/git/research_2025/apple-harvest-refactor/install/harvest_interfaces/local/lib/python3.10/dist-packages/harvest_interfaces/_harvest_interfaces_s.ep.rosidl_typesupport_introspection_c.c
[15.471s] -- Symlinking: /home/imml/git/research_2025/apple-harvest-refactor/install/harvest_interfaces/local/lib/python3.10/dist-packages/harvest_interfaces/action/__init__.py
[15.479s] -- Symlinking: /home/imml/git/research_2025/apple-harvest-refactor/install/harvest_interfaces/local/lib/python3.10/dist-packages/harvest_interfaces/action/_event_detection.py
[15.487s] -- Symlinking: /home/imml/git/research_2025/apple-harvest-refactor/install/harvest_interfaces/local/lib/python3.10/dist-packages/harvest_interfaces/action/_event_detection_s.c
[15.494s] -- Symlinking: /home/imml/git/research_2025/apple-harvest-refactor/install/harvest_interfaces/local/lib/python3.10/dist-packages/harvest_interfaces/action/_send_trajectory.py
[15.502s] -- Symlinking: /home/imml/git/research_2025/apple-harvest-refactor/install/harvest_interfaces/local/lib/python3.10/dist-packages/harvest_interfaces/action/_send_trajectory_s.c
[15.510s] -- Symlinking: /home/imml/git/research_2025/apple-harvest-refactor/install/harvest_interfaces/local/lib/python3.10/dist-packages/harvest_interfaces/harvest_interfaces_s__rosidl_typesupport_c.cpython-310-x86_64-linux-gnu.so
[15.518s] -- Symlinking: /home/imml/git/research_2025/apple-harvest-refactor/install/harvest_interfaces/local/lib/python3.10/dist-packages/harvest_interfaces/harvest_interfaces_s__rosidl_typesupport_fastrtps_c.cpython-310-x86_64-linux-gnu.so
[15.526s] -- Symlinking: /home/imml/git/research_2025/apple-harvest-refactor/install/harvest_interfaces/local/lib/python3.10/dist-packages/harvest_interfaces/harvest_interfaces_s__rosidl_typesupport_introspection_c.cpython-310-x86_64-linux-gnu.so
[15.534s] -- Symlinking: /home/imml/git/research_2025/apple-harvest-refactor/install/harvest_interfaces/local/lib/python3.10/dist-packages/harvest_interfaces/libharvest_interfaces__rosidl_generator_py.so
[15.541s] -- Symlinking: /home/imml/git/research_2025/apple-harvest-refactor/install/harvest_interfaces/local/lib/python3.10/dist-packages/harvest_interfaces/srv/__init__.py
[15.549s] -- Symlinking: /home/imml/git/research_2025/apple-harvest-refactor/install/harvest_interfaces/local/lib/python3.10/dist-packages/harvest_interfaces/srv/_apple_prediction.py
[15.557s] -- Symlinking: /home/imml/git/research_2025/apple-harvest-refactor/install/harvest_interfaces/local/lib/python3.10/dist-packages/harvest_interfaces/srv/_apple_prediction_s.c
[15.565s] -- Symlinking: /home/imml/git/research_2025/apple-harvest-refactor/install/harvest_interfaces/local/lib/python3.10/dist-packages/harvest_interfaces/srv/_coordinate_to_trajectory.py
[15.573s] -- Symlinking: /home/imml/git/research_2025/apple-harvest-refactor/install/harvest_interfaces/local/lib/python3.10/dist-packages/harvest_interfaces/srv/_coordinate_to_trajectory_s.c
[15.581s] -- Symlinking: /home/imml/git/research_2025/apple-harvest-refactor/install/harvest_interfaces/local/lib/python3.10/dist-packages/harvest_interfaces/srv/_get_gripper_pose.py
[15.589s] -- Symlinking: /home/imml/git/research_2025/apple-harvest-refactor/install/harvest_interfaces/local/lib/python3.10/dist-packages/harvest_interfaces/srv/_get_gripper_pose_s.c
[15.597s] -- Symlinking: /home/imml/git/research_2025/apple-harvest-refactor/install/harvest_interfaces/local/lib/python3.10/dist-packages/harvest_interfaces/srv/_move_to_pose.py
[15.606s] -- Symlinking: /home/imml/git/research_2025/apple-harvest-refactor/install/harvest_interfaces/local/lib/python3.10/dist-packages/harvest_interfaces/srv/_move_to_pose_s.c
[15.614s] -- Symlinking: /home/imml/git/research_2025/apple-harvest-refactor/install/harvest_interfaces/local/lib/python3.10/dist-packages/harvest_interfaces/srv/_record_topics.py
[15.622s] -- Symlinking: /home/imml/git/research_2025/apple-harvest-refactor/install/harvest_interfaces/local/lib/python3.10/dist-packages/harvest_interfaces/srv/_record_topics_s.c
[15.630s] -- Symlinking: /home/imml/git/research_2025/apple-harvest-refactor/install/harvest_interfaces/local/lib/python3.10/dist-packages/harvest_interfaces/srv/_send_trajectory.py
[15.638s] -- Symlinking: /home/imml/git/research_2025/apple-harvest-refactor/install/harvest_interfaces/local/lib/python3.10/dist-packages/harvest_interfaces/srv/_send_trajectory_s.c
[15.646s] -- Symlinking: /home/imml/git/research_2025/apple-harvest-refactor/install/harvest_interfaces/local/lib/python3.10/dist-packages/harvest_interfaces/srv/_set_value.py
[15.653s] -- Symlinking: /home/imml/git/research_2025/apple-harvest-refactor/install/harvest_interfaces/local/lib/python3.10/dist-packages/harvest_interfaces/srv/_set_value_s.c
[15.661s] -- Symlinking: /home/imml/git/research_2025/apple-harvest-refactor/install/harvest_interfaces/local/lib/python3.10/dist-packages/harvest_interfaces/srv/_trajectory_between_points.py
[15.668s] -- Symlinking: /home/imml/git/research_2025/apple-harvest-refactor/install/harvest_interfaces/local/lib/python3.10/dist-packages/harvest_interfaces/srv/_trajectory_between_points_s.c
[15.675s] -- Symlinking: /home/imml/git/research_2025/apple-harvest-refactor/install/harvest_interfaces/local/lib/python3.10/dist-packages/harvest_interfaces/srv/_voxel_grid.py
[15.683s] -- Symlinking: /home/imml/git/research_2025/apple-harvest-refactor/install/harvest_interfaces/local/lib/python3.10/dist-packages/harvest_interfaces/srv/_voxel_grid_s.c
[15.690s] -- Symlinking: /home/imml/git/research_2025/apple-harvest-refactor/install/harvest_interfaces/local/lib/python3.10/dist-packages/harvest_interfaces/srv/_voxel_mask.py
[15.698s] -- Symlinking: /home/imml/git/research_2025/apple-harvest-refactor/install/harvest_interfaces/local/lib/python3.10/dist-packages/harvest_interfaces/srv/_voxel_mask_s.c
[15.706s] -- Up-to-date symlink: /home/imml/git/research_2025/apple-harvest-refactor/install/harvest_interfaces/local/lib/python3.10/dist-packages/harvest_interfaces/harvest_interfaces_s__rosidl_typesupport_fastrtps_c.cpython-310-x86_64-linux-gnu.so
[15.706s] -- Up-to-date symlink: /home/imml/git/research_2025/apple-harvest-refactor/install/harvest_interfaces/local/lib/python3.10/dist-packages/harvest_interfaces/harvest_interfaces_s__rosidl_typesupport_introspection_c.cpython-310-x86_64-linux-gnu.so
[15.706s] -- Up-to-date symlink: /home/imml/git/research_2025/apple-harvest-refactor/install/harvest_interfaces/local/lib/python3.10/dist-packages/harvest_interfaces/harvest_interfaces_s__rosidl_typesupport_c.cpython-310-x86_64-linux-gnu.so
[15.707s] -- Symlinking: /home/imml/git/research_2025/apple-harvest-refactor/install/harvest_interfaces/share/harvest_interfaces/action/EventDetection.idl
[15.714s] -- Symlinking: /home/imml/git/research_2025/apple-harvest-refactor/install/harvest_interfaces/share/harvest_interfaces/action/SendTrajectory.idl
[15.721s] -- Symlinking: /home/imml/git/research_2025/apple-harvest-refactor/install/harvest_interfaces/share/harvest_interfaces/srv/ApplePrediction.idl
[15.729s] -- Symlinking: /home/imml/git/research_2025/apple-harvest-refactor/install/harvest_interfaces/share/harvest_interfaces/srv/SendTrajectory.idl
[15.737s] -- Symlinking: /home/imml/git/research_2025/apple-harvest-refactor/install/harvest_interfaces/share/harvest_interfaces/srv/CoordinateToTrajectory.idl
[15.745s] -- Symlinking: /home/imml/git/research_2025/apple-harvest-refactor/install/harvest_interfaces/share/harvest_interfaces/srv/VoxelMask.idl
[15.753s] -- Symlinking: /home/imml/git/research_2025/apple-harvest-refactor/install/harvest_interfaces/share/harvest_interfaces/srv/MoveToPose.idl
[15.761s] -- Symlinking: /home/imml/git/research_2025/apple-harvest-refactor/install/harvest_interfaces/share/harvest_interfaces/srv/TrajectoryBetweenPoints.idl
[15.768s] -- Symlinking: /home/imml/git/research_2025/apple-harvest-refactor/install/harvest_interfaces/share/harvest_interfaces/srv/SetValue.idl
[15.776s] -- Symlinking: /home/imml/git/research_2025/apple-harvest-refactor/install/harvest_interfaces/share/harvest_interfaces/srv/RecordTopics.idl
[15.784s] -- Symlinking: /home/imml/git/research_2025/apple-harvest-refactor/install/harvest_interfaces/share/harvest_interfaces/srv/GetGripperPose.idl
[15.791s] -- Symlinking: /home/imml/git/research_2025/apple-harvest-refactor/install/harvest_interfaces/share/harvest_interfaces/srv/VoxelGrid.idl
[15.799s] -- Symlinking: /home/imml/git/research_2025/apple-harvest-refactor/install/harvest_interfaces/share/harvest_interfaces/action/EventDetection.action
[15.807s] -- Symlinking: /home/imml/git/research_2025/apple-harvest-refactor/install/harvest_interfaces/share/harvest_interfaces/action/SendTrajectory.action
[15.815s] -- Symlinking: /home/imml/git/research_2025/apple-harvest-refactor/install/harvest_interfaces/share/harvest_interfaces/srv/ApplePrediction.srv
[15.823s] -- Symlinking: /home/imml/git/research_2025/apple-harvest-refactor/install/harvest_interfaces/share/harvest_interfaces/srv/ApplePrediction_Request.msg
[15.831s] -- Symlinking: /home/imml/git/research_2025/apple-harvest-refactor/install/harvest_interfaces/share/harvest_interfaces/srv/ApplePrediction_Response.msg
[15.838s] -- Symlinking: /home/imml/git/research_2025/apple-harvest-refactor/install/harvest_interfaces/share/harvest_interfaces/srv/SendTrajectory.srv
[15.846s] -- Symlinking: /home/imml/git/research_2025/apple-harvest-refactor/install/harvest_interfaces/share/harvest_interfaces/srv/SendTrajectory_Request.msg
[15.854s] -- Symlinking: /home/imml/git/research_2025/apple-harvest-refactor/install/harvest_interfaces/share/harvest_interfaces/srv/SendTrajectory_Response.msg
[15.862s] -- Symlinking: /home/imml/git/research_2025/apple-harvest-refactor/install/harvest_interfaces/share/harvest_interfaces/srv/CoordinateToTrajectory.srv
[15.870s] -- Symlinking: /home/imml/git/research_2025/apple-harvest-refactor/install/harvest_interfaces/share/harvest_interfaces/srv/CoordinateToTrajectory_Request.msg
[15.878s] -- Symlinking: /home/imml/git/research_2025/apple-harvest-refactor/install/harvest_interfaces/share/harvest_interfaces/srv/CoordinateToTrajectory_Response.msg
[15.886s] -- Symlinking: /home/imml/git/research_2025/apple-harvest-refactor/install/harvest_interfaces/share/harvest_interfaces/srv/VoxelMask.srv
[15.893s] -- Symlinking: /home/imml/git/research_2025/apple-harvest-refactor/install/harvest_interfaces/share/harvest_interfaces/srv/VoxelMask_Request.msg
[15.901s] -- Symlinking: /home/imml/git/research_2025/apple-harvest-refactor/install/harvest_interfaces/share/harvest_interfaces/srv/VoxelMask_Response.msg
[15.909s] -- Symlinking: /home/imml/git/research_2025/apple-harvest-refactor/install/harvest_interfaces/share/harvest_interfaces/srv/MoveToPose.srv
[15.917s] -- Symlinking: /home/imml/git/research_2025/apple-harvest-refactor/install/harvest_interfaces/share/harvest_interfaces/srv/MoveToPose_Request.msg
[15.925s] -- Symlinking: /home/imml/git/research_2025/apple-harvest-refactor/install/harvest_interfaces/share/harvest_interfaces/srv/MoveToPose_Response.msg
[15.933s] -- Symlinking: /home/imml/git/research_2025/apple-harvest-refactor/install/harvest_interfaces/share/harvest_interfaces/srv/TrajectoryBetweenPoints.srv
[15.941s] -- Symlinking: /home/imml/git/research_2025/apple-harvest-refactor/install/harvest_interfaces/share/harvest_interfaces/srv/TrajectoryBetweenPoints_Request.msg
[15.949s] -- Symlinking: /home/imml/git/research_2025/apple-harvest-refactor/install/harvest_interfaces/share/harvest_interfaces/srv/TrajectoryBetweenPoints_Response.msg
[15.956s] -- Symlinking: /home/imml/git/research_2025/apple-harvest-refactor/install/harvest_interfaces/share/harvest_interfaces/srv/SetValue.srv
[15.964s] -- Symlinking: /home/imml/git/research_2025/apple-harvest-refactor/install/harvest_interfaces/share/harvest_interfaces/srv/SetValue_Request.msg
[15.972s] -- Symlinking: /home/imml/git/research_2025/apple-harvest-refactor/install/harvest_interfaces/share/harvest_interfaces/srv/SetValue_Response.msg
[15.980s] -- Symlinking: /home/imml/git/research_2025/apple-harvest-refactor/install/harvest_interfaces/share/harvest_interfaces/srv/RecordTopics.srv
[15.988s] -- Symlinking: /home/imml/git/research_2025/apple-harvest-refactor/install/harvest_interfaces/share/harvest_interfaces/srv/RecordTopics_Request.msg
[15.996s] -- Symlinking: /home/imml/git/research_2025/apple-harvest-refactor/install/harvest_interfaces/share/harvest_interfaces/srv/RecordTopics_Response.msg
[16.003s] -- Symlinking: /home/imml/git/research_2025/apple-harvest-refactor/install/harvest_interfaces/share/harvest_interfaces/srv/GetGripperPose.srv
[16.011s] -- Symlinking: /home/imml/git/research_2025/apple-harvest-refactor/install/harvest_interfaces/share/harvest_interfaces/srv/GetGripperPose_Request.msg
[16.019s] -- Symlinking: /home/imml/git/research_2025/apple-harvest-refactor/install/harvest_interfaces/share/harvest_interfaces/srv/GetGripperPose_Response.msg
[16.027s] -- Symlinking: /home/imml/git/research_2025/apple-harvest-refactor/install/harvest_interfaces/share/harvest_interfaces/srv/VoxelGrid.srv
[16.036s] -- Symlinking: /home/imml/git/research_2025/apple-harvest-refactor/install/harvest_interfaces/share/harvest_interfaces/srv/VoxelGrid_Request.msg
[16.043s] -- Symlinking: /home/imml/git/research_2025/apple-harvest-refactor/install/harvest_interfaces/share/harvest_interfaces/srv/VoxelGrid_Response.msg
[16.051s] -- Symlinking: /home/imml/git/research_2025/apple-harvest-refactor/install/harvest_interfaces/share/ament_index/resource_index/package_run_dependencies/harvest_interfaces
[16.059s] -- Symlinking: /home/imml/git/research_2025/apple-harvest-refactor/install/harvest_interfaces/share/ament_index/resource_index/parent_prefix_path/harvest_interfaces
[16.067s] -- Symlinking: /home/imml/git/research_2025/apple-harvest-refactor/install/harvest_interfaces/share/harvest_interfaces/environment/ament_prefix_path.sh
[16.074s] -- Symlinking: /home/imml/git/research_2025/apple-harvest-refactor/install/harvest_interfaces/share/harvest_interfaces/environment/ament_prefix_path.dsv
[16.083s] -- Symlinking: /home/imml/git/research_2025/apple-harvest-refactor/install/harvest_interfaces/share/harvest_interfaces/environment/path.sh
[16.091s] -- Symlinking: /home/imml/git/research_2025/apple-harvest-refactor/install/harvest_interfaces/share/harvest_interfaces/environment/path.dsv
[16.098s] -- Symlinking: /home/imml/git/research_2025/apple-harvest-refactor/install/harvest_interfaces/share/harvest_interfaces/local_setup.bash
[16.107s] -- Symlinking: /home/imml/git/research_2025/apple-harvest-refactor/install/harvest_interfaces/share/harvest_interfaces/local_setup.sh
[16.115s] -- Symlinking: /home/imml/git/research_2025/apple-harvest-refactor/install/harvest_interfaces/share/harvest_interfaces/local_setup.zsh
[16.122s] -- Symlinking: /home/imml/git/research_2025/apple-harvest-refactor/install/harvest_interfaces/share/harvest_interfaces/local_setup.dsv
[16.130s] -- Symlinking: /home/imml/git/research_2025/apple-harvest-refactor/install/harvest_interfaces/share/harvest_interfaces/package.dsv
[16.140s] -- Symlinking: /home/imml/git/research_2025/apple-harvest-refactor/install/harvest_interfaces/share/ament_index/resource_index/packages/harvest_interfaces
[16.148s] -- Symlinking: /home/imml/git/research_2025/apple-harvest-refactor/install/harvest_interfaces/share/harvest_interfaces/cmake/rosidl_cmake-extras.cmake
[16.155s] -- Symlinking: /home/imml/git/research_2025/apple-harvest-refactor/install/harvest_interfaces/share/harvest_interfaces/cmake/ament_cmake_export_dependencies-extras.cmake
[16.163s] -- Symlinking: /home/imml/git/research_2025/apple-harvest-refactor/install/harvest_interfaces/share/harvest_interfaces/cmake/ament_cmake_export_include_directories-extras.cmake
[16.171s] -- Symlinking: /home/imml/git/research_2025/apple-harvest-refactor/install/harvest_interfaces/share/harvest_interfaces/cmake/ament_cmake_export_libraries-extras.cmake
[16.179s] -- Symlinking: /home/imml/git/research_2025/apple-harvest-refactor/install/harvest_interfaces/share/harvest_interfaces/cmake/ament_cmake_export_targets-extras.cmake
[16.186s] -- Symlinking: /home/imml/git/research_2025/apple-harvest-refactor/install/harvest_interfaces/share/harvest_interfaces/cmake/rosidl_cmake_export_typesupport_targets-extras.cmake
[16.194s] -- Symlinking: /home/imml/git/research_2025/apple-harvest-refactor/install/harvest_interfaces/share/harvest_interfaces/cmake/rosidl_cmake_export_typesupport_libraries-extras.cmake
[16.201s] -- Symlinking: /home/imml/git/research_2025/apple-harvest-refactor/install/harvest_interfaces/share/harvest_interfaces/cmake/harvest_interfacesConfig.cmake
[16.209s] -- Symlinking: /home/imml/git/research_2025/apple-harvest-refactor/install/harvest_interfaces/share/harvest_interfaces/cmake/harvest_interfacesConfig-version.cmake
[16.217s] -- Symlinking: /home/imml/git/research_2025/apple-harvest-refactor/install/harvest_interfaces/share/harvest_interfaces/package.xml
[16.225s] -- Installing: /home/imml/git/research_2025/apple-harvest-refactor/install/harvest_interfaces/lib/libharvest_interfaces__rosidl_generator_c.so
[16.225s] -- Set runtime path of "/home/imml/git/research_2025/apple-harvest-refactor/install/harvest_interfaces/lib/libharvest_interfaces__rosidl_generator_c.so" to ""
[16.225s] -- Installing: /home/imml/git/research_2025/apple-harvest-refactor/install/harvest_interfaces/lib/libharvest_interfaces__rosidl_typesupport_fastrtps_c.so
[16.226s] -- Set runtime path of "/home/imml/git/research_2025/apple-harvest-refactor/install/harvest_interfaces/lib/libharvest_interfaces__rosidl_typesupport_fastrtps_c.so" to ""
[16.226s] -- Installing: /home/imml/git/research_2025/apple-harvest-refactor/install/harvest_interfaces/lib/libharvest_interfaces__rosidl_typesupport_introspection_c.so
[16.226s] -- Set runtime path of "/home/imml/git/research_2025/apple-harvest-refactor/install/harvest_interfaces/lib/libharvest_interfaces__rosidl_typesupport_introspection_c.so" to ""
[16.226s] -- Installing: /home/imml/git/research_2025/apple-harvest-refactor/install/harvest_interfaces/lib/libharvest_interfaces__rosidl_typesupport_c.so
[16.226s] -- Set runtime path of "/home/imml/git/research_2025/apple-harvest-refactor/install/harvest_interfaces/lib/libharvest_interfaces__rosidl_typesupport_c.so" to ""
[16.227s] -- Installing: /home/imml/git/research_2025/apple-harvest-refactor/install/harvest_interfaces/lib/libharvest_interfaces__rosidl_typesupport_fastrtps_cpp.so
[16.227s] -- Set runtime path of "/home/imml/git/research_2025/apple-harvest-refactor/install/harvest_interfaces/lib/libharvest_interfaces__rosidl_typesupport_fastrtps_cpp.so" to ""
[16.227s] -- Installing: /home/imml/git/research_2025/apple-harvest-refactor/install/harvest_interfaces/lib/libharvest_interfaces__rosidl_typesupport_introspection_cpp.so
[16.228s] -- Set runtime path of "/home/imml/git/research_2025/apple-harvest-refactor/install/harvest_interfaces/lib/libharvest_interfaces__rosidl_typesupport_introspection_cpp.so" to ""
[16.228s] -- Installing: /home/imml/git/research_2025/apple-harvest-refactor/install/harvest_interfaces/lib/libharvest_interfaces__rosidl_typesupport_cpp.so
[16.228s] -- Set runtime path of "/home/imml/git/research_2025/apple-harvest-refactor/install/harvest_interfaces/lib/libharvest_interfaces__rosidl_typesupport_cpp.so" to ""
[16.275s] Listing '/home/imml/git/research_2025/apple-harvest-refactor/install/harvest_interfaces/local/lib/python3.10/dist-packages/harvest_interfaces'...
[16.275s] Compiling '/home/imml/git/research_2025/apple-harvest-refactor/install/harvest_interfaces/local/lib/python3.10/dist-packages/harvest_interfaces/__init__.py'...
[16.275s] Listing '/home/imml/git/research_2025/apple-harvest-refactor/install/harvest_interfaces/local/lib/python3.10/dist-packages/harvest_interfaces/action'...
[16.276s] Compiling '/home/imml/git/research_2025/apple-harvest-refactor/install/harvest_interfaces/local/lib/python3.10/dist-packages/harvest_interfaces/action/__init__.py'...
[16.276s] Compiling '/home/imml/git/research_2025/apple-harvest-refactor/install/harvest_interfaces/local/lib/python3.10/dist-packages/harvest_interfaces/action/_event_detection.py'...
[16.276s] Compiling '/home/imml/git/research_2025/apple-harvest-refactor/install/harvest_interfaces/local/lib/python3.10/dist-packages/harvest_interfaces/action/_send_trajectory.py'...
[16.276s] Listing '/home/imml/git/research_2025/apple-harvest-refactor/install/harvest_interfaces/local/lib/python3.10/dist-packages/harvest_interfaces/srv'...
[16.276s] Compiling '/home/imml/git/research_2025/apple-harvest-refactor/install/harvest_interfaces/local/lib/python3.10/dist-packages/harvest_interfaces/srv/__init__.py'...
[16.276s] Compiling '/home/imml/git/research_2025/apple-harvest-refactor/install/harvest_interfaces/local/lib/python3.10/dist-packages/harvest_interfaces/srv/_apple_prediction.py'...
[16.276s] Compiling '/home/imml/git/research_2025/apple-harvest-refactor/install/harvest_interfaces/local/lib/python3.10/dist-packages/harvest_interfaces/srv/_coordinate_to_trajectory.py'...
[16.276s] Compiling '/home/imml/git/research_2025/apple-harvest-refactor/install/harvest_interfaces/local/lib/python3.10/dist-packages/harvest_interfaces/srv/_get_gripper_pose.py'...
[16.276s] Compiling '/home/imml/git/research_2025/apple-harvest-refactor/install/harvest_interfaces/local/lib/python3.10/dist-packages/harvest_interfaces/srv/_move_to_pose.py'...
[16.276s] Compiling '/home/imml/git/research_2025/apple-harvest-refactor/install/harvest_interfaces/local/lib/python3.10/dist-packages/harvest_interfaces/srv/_record_topics.py'...
[16.276s] Compiling '/home/imml/git/research_2025/apple-harvest-refactor/install/harvest_interfaces/local/lib/python3.10/dist-packages/harvest_interfaces/srv/_send_trajectory.py'...
[16.276s] Compiling '/home/imml/git/research_2025/apple-harvest-refactor/install/harvest_interfaces/local/lib/python3.10/dist-packages/harvest_interfaces/srv/_set_value.py'...
[16.276s] Compiling '/home/imml/git/research_2025/apple-harvest-refactor/install/harvest_interfaces/local/lib/python3.10/dist-packages/harvest_interfaces/srv/_trajectory_between_points.py'...
[16.276s] Compiling '/home/imml/git/research_2025/apple-harvest-refactor/install/harvest_interfaces/local/lib/python3.10/dist-packages/harvest_interfaces/srv/_voxel_grid.py'...
[16.276s] Compiling '/home/imml/git/research_2025/apple-harvest-refactor/install/harvest_interfaces/local/lib/python3.10/dist-packages/harvest_interfaces/srv/_voxel_mask.py'...
[16.280s] -- Installing: /home/imml/git/research_2025/apple-harvest-refactor/install/harvest_interfaces/lib/libharvest_interfaces__rosidl_generator_py.so
[16.281s] -- Set runtime path of "/home/imml/git/research_2025/apple-harvest-refactor/install/harvest_interfaces/lib/libharvest_interfaces__rosidl_generator_py.so" to ""
[16.281s] -- Installing: /home/imml/git/research_2025/apple-harvest-refactor/install/harvest_interfaces/share/harvest_interfaces/cmake/export_harvest_interfaces__rosidl_generator_cExport.cmake
[16.281s] -- Installing: /home/imml/git/research_2025/apple-harvest-refactor/install/harvest_interfaces/share/harvest_interfaces/cmake/export_harvest_interfaces__rosidl_generator_cExport-noconfig.cmake
[16.281s] -- Installing: /home/imml/git/research_2025/apple-harvest-refactor/install/harvest_interfaces/share/harvest_interfaces/cmake/export_harvest_interfaces__rosidl_typesupport_fastrtps_cExport.cmake
[16.281s] -- Installing: /home/imml/git/research_2025/apple-harvest-refactor/install/harvest_interfaces/share/harvest_interfaces/cmake/export_harvest_interfaces__rosidl_typesupport_fastrtps_cExport-noconfig.cmake
[16.282s] -- Installing: /home/imml/git/research_2025/apple-harvest-refactor/install/harvest_interfaces/share/harvest_interfaces/cmake/harvest_interfaces__rosidl_typesupport_introspection_cExport.cmake
[16.282s] -- Installing: /home/imml/git/research_2025/apple-harvest-refactor/install/harvest_interfaces/share/harvest_interfaces/cmake/harvest_interfaces__rosidl_typesupport_introspection_cExport-noconfig.cmake
[16.282s] -- Installing: /home/imml/git/research_2025/apple-harvest-refactor/install/harvest_interfaces/share/harvest_interfaces/cmake/harvest_interfaces__rosidl_typesupport_cExport.cmake
[16.282s] -- Installing: /home/imml/git/research_2025/apple-harvest-refactor/install/harvest_interfaces/share/harvest_interfaces/cmake/harvest_interfaces__rosidl_typesupport_cExport-noconfig.cmake
[16.282s] -- Installing: /home/imml/git/research_2025/apple-harvest-refactor/install/harvest_interfaces/share/harvest_interfaces/cmake/export_harvest_interfaces__rosidl_generator_cppExport.cmake
[16.282s] -- Installing: /home/imml/git/research_2025/apple-harvest-refactor/install/harvest_interfaces/share/harvest_interfaces/cmake/export_harvest_interfaces__rosidl_typesupport_fastrtps_cppExport.cmake
[16.282s] -- Installing: /home/imml/git/research_2025/apple-harvest-refactor/install/harvest_interfaces/share/harvest_interfaces/cmake/export_harvest_interfaces__rosidl_typesupport_fastrtps_cppExport-noconfig.cmake
[16.282s] -- Installing: /home/imml/git/research_2025/apple-harvest-refactor/install/harvest_interfaces/share/harvest_interfaces/cmake/harvest_interfaces__rosidl_typesupport_introspection_cppExport.cmake
[16.283s] -- Installing: /home/imml/git/research_2025/apple-harvest-refactor/install/harvest_interfaces/share/harvest_interfaces/cmake/harvest_interfaces__rosidl_typesupport_introspection_cppExport-noconfig.cmake
[16.283s] -- Installing: /home/imml/git/research_2025/apple-harvest-refactor/install/harvest_interfaces/share/harvest_interfaces/cmake/harvest_interfaces__rosidl_typesupport_cppExport.cmake
[16.283s] -- Installing: /home/imml/git/research_2025/apple-harvest-refactor/install/harvest_interfaces/share/harvest_interfaces/cmake/harvest_interfaces__rosidl_typesupport_cppExport-noconfig.cmake
[16.283s] -- Installing: /home/imml/git/research_2025/apple-harvest-refactor/install/harvest_interfaces/share/harvest_interfaces/cmake/export_harvest_interfaces__rosidl_generator_pyExport.cmake
[16.283s] -- Installing: /home/imml/git/research_2025/apple-harvest-refactor/install/harvest_interfaces/share/harvest_interfaces/cmake/export_harvest_interfaces__rosidl_generator_pyExport-noconfig.cmake
[16.285s] Invoked command in '/home/imml/git/research_2025/apple-harvest-refactor/build/harvest_interfaces' returned '0': CMAKE_PREFIX_PATH=${CMAKE_PREFIX_PATH}:/home/imml/git/research_2025/apple-harvest-refactor/install/ur5e_custom_hardware:/home/imml/git/research_2025/apple-harvest-refactor/install/harvest_vision:/opt/ros/humble /usr/bin/cmake --install /home/imml/git/research_2025/apple-harvest-refactor/build/harvest_interfaces
