[0.020s] Invoking command in '/home/imml/git/research_2025/apple-harvest-eva/build/ur_moveit_config': AMENT_PREFIX_PATH=/home/imml/git/research_2025/apple-harvest-eva/install/ur_description:${AMENT_PREFIX_PATH} CMAKE_PREFIX_PATH=/home/imml/git/research_2025/apple-harvest-eva/install/ur_description:/opt/ros/humble /usr/bin/cmake /home/imml/git/research_2025/apple-harvest-eva/harvest_hardware/Universal_Robots_ROS2_Driver/ur_moveit_config -DCMAKE_INSTALL_PREFIX=/home/imml/git/research_2025/apple-harvest-eva/install/ur_moveit_config
[0.037s] -- Found ament_cmake: 1.3.11 (/opt/ros/humble/share/ament_cmake/cmake)
[0.202s] -- Override CMake install command with custom implementation using symlinks instead of copying resources
[0.477s] -- Configuring done
[0.484s] -- Generating done
[0.489s] -- Build files have been written to: /home/imml/git/research_2025/apple-harvest-eva/build/ur_moveit_config
[0.504s] Invoked command in '/home/imml/git/research_2025/apple-harvest-eva/build/ur_moveit_config' returned '0': AMENT_PREFIX_PATH=/home/imml/git/research_2025/apple-harvest-eva/install/ur_description:${AMENT_PREFIX_PATH} CMAKE_PREFIX_PATH=/home/imml/git/research_2025/apple-harvest-eva/install/ur_description:/opt/ros/humble /usr/bin/cmake /home/imml/git/research_2025/apple-harvest-eva/harvest_hardware/Universal_Robots_ROS2_Driver/ur_moveit_config -DCMAKE_INSTALL_PREFIX=/home/imml/git/research_2025/apple-harvest-eva/install/ur_moveit_config
[0.506s] Invoking command in '/home/imml/git/research_2025/apple-harvest-eva/build/ur_moveit_config': AMENT_PREFIX_PATH=/home/imml/git/research_2025/apple-harvest-eva/install/ur_description:${AMENT_PREFIX_PATH} CMAKE_PREFIX_PATH=/home/imml/git/research_2025/apple-harvest-eva/install/ur_description:/opt/ros/humble /usr/bin/cmake --build /home/imml/git/research_2025/apple-harvest-eva/build/ur_moveit_config -- -j16 -l16
[0.592s] Built target ament_cmake_python_symlink_ur_moveit_config
[0.946s] running egg_info
[0.947s] writing ur_moveit_config.egg-info/PKG-INFO
[0.947s] writing dependency_links to ur_moveit_config.egg-info/dependency_links.txt
[0.948s] writing top-level names to ur_moveit_config.egg-info/top_level.txt
[0.952s] reading manifest file 'ur_moveit_config.egg-info/SOURCES.txt'
[0.953s] writing manifest file 'ur_moveit_config.egg-info/SOURCES.txt'
[1.013s] Built target ament_cmake_python_build_ur_moveit_config_egg
[1.032s] Invoked command in '/home/imml/git/research_2025/apple-harvest-eva/build/ur_moveit_config' returned '0': AMENT_PREFIX_PATH=/home/imml/git/research_2025/apple-harvest-eva/install/ur_description:${AMENT_PREFIX_PATH} CMAKE_PREFIX_PATH=/home/imml/git/research_2025/apple-harvest-eva/install/ur_description:/opt/ros/humble /usr/bin/cmake --build /home/imml/git/research_2025/apple-harvest-eva/build/ur_moveit_config -- -j16 -l16
[1.035s] Invoking command in '/home/imml/git/research_2025/apple-harvest-eva/build/ur_moveit_config': AMENT_PREFIX_PATH=/home/imml/git/research_2025/apple-harvest-eva/install/ur_description:${AMENT_PREFIX_PATH} CMAKE_PREFIX_PATH=/home/imml/git/research_2025/apple-harvest-eva/install/ur_description:/opt/ros/humble /usr/bin/cmake --install /home/imml/git/research_2025/apple-harvest-eva/build/ur_moveit_config
[1.046s] -- Install configuration: ""
[1.047s] -- Execute custom install script
[1.047s] -- Up-to-date symlink: /home/imml/git/research_2025/apple-harvest-eva/install/ur_moveit_config/share/ur_moveit_config/config/controllers.yaml
[1.047s] -- Up-to-date symlink: /home/imml/git/research_2025/apple-harvest-eva/install/ur_moveit_config/share/ur_moveit_config/config/joint_limits.yaml
[1.047s] -- Up-to-date symlink: /home/imml/git/research_2025/apple-harvest-eva/install/ur_moveit_config/share/ur_moveit_config/config/kinematics.yaml
[1.048s] -- Up-to-date symlink: /home/imml/git/research_2025/apple-harvest-eva/install/ur_moveit_config/share/ur_moveit_config/config/ompl_planning.yaml
[1.048s] -- Up-to-date symlink: /home/imml/git/research_2025/apple-harvest-eva/install/ur_moveit_config/share/ur_moveit_config/config/ur_servo.yaml
[1.048s] -- Up-to-date symlink: /home/imml/git/research_2025/apple-harvest-eva/install/ur_moveit_config/share/ur_moveit_config/launch/ur_moveit.launch.py
[1.048s] -- Up-to-date symlink: /home/imml/git/research_2025/apple-harvest-eva/install/ur_moveit_config/share/ur_moveit_config/launch/ur_moveit_custom_hw.launch.py
[1.049s] -- Up-to-date symlink: /home/imml/git/research_2025/apple-harvest-eva/install/ur_moveit_config/share/ur_moveit_config/rviz/view_robot.rviz
[1.049s] -- Up-to-date symlink: /home/imml/git/research_2025/apple-harvest-eva/install/ur_moveit_config/share/ur_moveit_config/srdf/ur.srdf.xacro
[1.049s] -- Up-to-date symlink: /home/imml/git/research_2025/apple-harvest-eva/install/ur_moveit_config/share/ur_moveit_config/srdf/ur_macro.srdf.xacro
[1.049s] -- Up-to-date symlink: /home/imml/git/research_2025/apple-harvest-eva/install/ur_moveit_config/share/ur_moveit_config/environment/pythonpath.sh
[1.049s] -- Up-to-date symlink: /home/imml/git/research_2025/apple-harvest-eva/install/ur_moveit_config/share/ur_moveit_config/environment/pythonpath.dsv
[1.050s] -- Up-to-date symlink: /home/imml/git/research_2025/apple-harvest-eva/install/ur_moveit_config/local/lib/python3.10/dist-packages/ur_moveit_config-2.2.15-py3.10.egg-info/PKG-INFO
[1.050s] -- Up-to-date symlink: /home/imml/git/research_2025/apple-harvest-eva/install/ur_moveit_config/local/lib/python3.10/dist-packages/ur_moveit_config-2.2.15-py3.10.egg-info/SOURCES.txt
[1.050s] -- Up-to-date symlink: /home/imml/git/research_2025/apple-harvest-eva/install/ur_moveit_config/local/lib/python3.10/dist-packages/ur_moveit_config-2.2.15-py3.10.egg-info/dependency_links.txt
[1.050s] -- Up-to-date symlink: /home/imml/git/research_2025/apple-harvest-eva/install/ur_moveit_config/local/lib/python3.10/dist-packages/ur_moveit_config-2.2.15-py3.10.egg-info/top_level.txt
[1.051s] -- Up-to-date symlink: /home/imml/git/research_2025/apple-harvest-eva/install/ur_moveit_config/local/lib/python3.10/dist-packages/ur_moveit_config/__init__.py
[1.051s] -- Up-to-date symlink: /home/imml/git/research_2025/apple-harvest-eva/install/ur_moveit_config/local/lib/python3.10/dist-packages/ur_moveit_config/launch_common.py
[1.051s] -- Up-to-date symlink: /home/imml/git/research_2025/apple-harvest-eva/install/ur_moveit_config/local/lib/python3.10/dist-packages/launch_common.py
[1.051s] -- Up-to-date symlink: /home/imml/git/research_2025/apple-harvest-eva/install/ur_moveit_config/share/ament_index/resource_index/package_run_dependencies/ur_moveit_config
[1.052s] -- Up-to-date symlink: /home/imml/git/research_2025/apple-harvest-eva/install/ur_moveit_config/share/ament_index/resource_index/parent_prefix_path/ur_moveit_config
[1.052s] -- Up-to-date symlink: /home/imml/git/research_2025/apple-harvest-eva/install/ur_moveit_config/share/ur_moveit_config/environment/ament_prefix_path.sh
[1.052s] -- Up-to-date symlink: /home/imml/git/research_2025/apple-harvest-eva/install/ur_moveit_config/share/ur_moveit_config/environment/ament_prefix_path.dsv
[1.052s] -- Up-to-date symlink: /home/imml/git/research_2025/apple-harvest-eva/install/ur_moveit_config/share/ur_moveit_config/environment/path.sh
[1.053s] -- Up-to-date symlink: /home/imml/git/research_2025/apple-harvest-eva/install/ur_moveit_config/share/ur_moveit_config/environment/path.dsv
[1.053s] -- Up-to-date symlink: /home/imml/git/research_2025/apple-harvest-eva/install/ur_moveit_config/share/ur_moveit_config/local_setup.bash
[1.053s] -- Up-to-date symlink: /home/imml/git/research_2025/apple-harvest-eva/install/ur_moveit_config/share/ur_moveit_config/local_setup.sh
[1.053s] -- Up-to-date symlink: /home/imml/git/research_2025/apple-harvest-eva/install/ur_moveit_config/share/ur_moveit_config/local_setup.zsh
[1.054s] -- Up-to-date symlink: /home/imml/git/research_2025/apple-harvest-eva/install/ur_moveit_config/share/ur_moveit_config/local_setup.dsv
[1.054s] -- Symlinking: /home/imml/git/research_2025/apple-harvest-eva/install/ur_moveit_config/share/ur_moveit_config/package.dsv
[1.071s] -- Up-to-date symlink: /home/imml/git/research_2025/apple-harvest-eva/install/ur_moveit_config/share/ament_index/resource_index/packages/ur_moveit_config
[1.071s] -- Up-to-date symlink: /home/imml/git/research_2025/apple-harvest-eva/install/ur_moveit_config/share/ur_moveit_config/cmake/ur_moveit_configConfig.cmake
[1.072s] -- Up-to-date symlink: /home/imml/git/research_2025/apple-harvest-eva/install/ur_moveit_config/share/ur_moveit_config/cmake/ur_moveit_configConfig-version.cmake
[1.072s] -- Up-to-date symlink: /home/imml/git/research_2025/apple-harvest-eva/install/ur_moveit_config/share/ur_moveit_config/package.xml
[1.115s] Listing '/home/imml/git/research_2025/apple-harvest-eva/install/ur_moveit_config/local/lib/python3.10/dist-packages/ur_moveit_config'...
[1.194s] Invoked command in '/home/imml/git/research_2025/apple-harvest-eva/build/ur_moveit_config' returned '0': AMENT_PREFIX_PATH=/home/imml/git/research_2025/apple-harvest-eva/install/ur_description:${AMENT_PREFIX_PATH} CMAKE_PREFIX_PATH=/home/imml/git/research_2025/apple-harvest-eva/install/ur_description:/opt/ros/humble /usr/bin/cmake --install /home/imml/git/research_2025/apple-harvest-eva/build/ur_moveit_config
