[0.010s] Invoking command in '/home/imml/git/research_2025/apple-harvest-refactor/build/realsense2_camera': CMAKE_PREFIX_PATH=/home/imml/git/research_2025/apple-harvest-refactor/install/realsense2_camera_msgs:/home/imml/git/research_2025/apple-harvest-refactor/install/ur_moveit_config:/home/imml/git/research_2025/apple-harvest-refactor/install/ur_description:/home/imml/git/research_2025/apple-harvest-refactor/install/ur_dashboard_msgs:/home/imml/git/research_2025/apple-harvest-refactor/install/realsense2_description:/home/imml/git/research_2025/apple-harvest-refactor/install/realsense2_camera:/home/imml/git/research_2025/apple-harvest-refactor/install/harvest_control:/home/imml/git/research_2025/apple-harvest-refactor/install/harvest:/home/imml/git/research_2025/apple-harvest-refactor/install/harvest_interfaces:/home/imml/git/research_2025/apple-harvest-refactor/install/ur5e_custom_hardware:/home/imml/git/research_2025/apple-harvest-refactor/install/harvest_vision:/opt/ros/humble LD_LIBRARY_PATH=/home/imml/git/research_2025/apple-harvest-refactor/install/realsense2_camera_msgs/lib:/home/imml/git/research_2025/apple-harvest-refactor/install/ur_dashboard_msgs/lib:/home/imml/git/research_2025/apple-harvest-refactor/install/realsense2_camera/lib:/home/imml/git/research_2025/apple-harvest-refactor/install/harvest_interfaces/lib:/usr/local/cuda-12.9/lib64:/opt/ros/humble/opt/rviz_ogre_vendor/lib:/opt/ros/humble/lib/x86_64-linux-gnu:/opt/ros/humble/lib /usr/bin/cmake /home/imml/git/research_2025/apple-harvest-refactor/harvest_hardware/realsense-ros/realsense2_camera -DAMENT_CMAKE_SYMLINK_INSTALL=1 -DCMAKE_INSTALL_PREFIX=/home/imml/git/research_2025/apple-harvest-refactor/install/realsense2_camera
[0.060s] -- The C compiler identification is GNU 11.4.0
[0.111s] -- The CXX compiler identification is GNU 11.4.0
[0.118s] -- Detecting C compiler ABI info
[0.182s] -- Detecting C compiler ABI info - done
[0.188s] -- Check for working C compiler: /usr/bin/cc - skipped
[0.188s] -- Detecting C compile features
[0.188s] -- Detecting C compile features - done
[0.190s] -- Detecting CXX compiler ABI info
[0.261s] -- Detecting CXX compiler ABI info - done
[0.267s] -- Check for working CXX compiler: /usr/bin/c++ - skipped
[0.268s] -- Detecting CXX compile features
[0.268s] -- Detecting CXX compile features - done
[0.268s] -- Create Release Build.
[0.271s] -- Found ament_cmake: 1.3.11 (/opt/ros/humble/share/ament_cmake/cmake)
[0.412s] -- Found Python3: /usr/bin/python3 (found version "3.10.12") found components: Interpreter 
[0.467s] -- Override CMake install command with custom implementation using symlinks instead of copying resources
[0.499s] -- Found builtin_interfaces: 1.2.1 (/opt/ros/humble/share/builtin_interfaces/cmake)
[0.531s] -- Found rosidl_generator_c: 3.1.6 (/opt/ros/humble/share/rosidl_generator_c/cmake)
[0.537s] -- Found rosidl_adapter: 3.1.6 (/opt/ros/humble/share/rosidl_adapter/cmake)
[0.545s] -- Found rosidl_generator_cpp: 3.1.6 (/opt/ros/humble/share/rosidl_generator_cpp/cmake)
[0.556s] -- Using all available rosidl_typesupport_c: rosidl_typesupport_fastrtps_c;rosidl_typesupport_introspection_c
[0.571s] -- Using all available rosidl_typesupport_cpp: rosidl_typesupport_fastrtps_cpp;rosidl_typesupport_introspection_cpp
[0.586s] -- Found cv_bridge: 3.2.1 (/opt/ros/humble/share/cv_bridge/cmake)
[0.637s] -- Found image_transport: 3.1.12 (/opt/ros/humble/share/image_transport/cmake)
[0.681s] -- Found rmw_implementation_cmake: 6.1.2 (/opt/ros/humble/share/rmw_implementation_cmake/cmake)
[0.684s] -- Found rmw_fastrtps_cpp: 6.2.7 (/opt/ros/humble/share/rmw_fastrtps_cpp/cmake)
[0.773s] -- Found OpenSSL: /usr/lib/x86_64-linux-gnu/libcrypto.so (found version "3.0.2")  
[0.800s] -- Found FastRTPS: /opt/ros/humble/include  
[0.838s] -- Using RMW implementation 'rmw_fastrtps_cpp' as default
[0.847s] -- Looking for pthread.h
[0.909s] -- Looking for pthread.h - found
[0.909s] -- Performing Test CMAKE_HAVE_LIBC_PTHREAD
[0.973s] -- Performing Test CMAKE_HAVE_LIBC_PTHREAD - Success
[0.974s] -- Found Threads: TRUE  
[1.034s] -- Found rclcpp_components: 16.0.12 (/opt/ros/humble/share/rclcpp_components/cmake)
[1.048s] -- Found realsense2_camera_msgs: 4.55.1 (/home/imml/git/research_2025/apple-harvest-refactor/install/realsense2_camera_msgs/share/realsense2_camera_msgs/cmake)
[1.063s] -- Found nav_msgs: 4.9.0 (/opt/ros/humble/share/nav_msgs/cmake)
[1.076s] -- Found tf2_ros: 0.25.13 (/opt/ros/humble/share/tf2_ros/cmake)
[1.132s] -- Found diagnostic_updater: 4.0.6 (/opt/ros/humble/share/diagnostic_updater/cmake)
[1.149s] -- Found OpenCV: /usr (found version "4.5.4") found components: core 
[1.150s] -- Build for ROS2 Humble
[1.157s] -- Found ament_cmake_gtest: 1.3.11 (/opt/ros/humble/share/ament_cmake_gtest/cmake)
[1.159s] -- Found gtest sources under '/opt/ros/humble/src/gtest_vendor': C++ tests using 'Google Test' will be built
[1.164s] -- Found ament_cmake_pytest: 1.3.11 (/opt/ros/humble/share/ament_cmake_pytest/cmake)
[10.874s] -- rs_device_info:
[10.874s] -- No device detected. Is it plugged in?
[10.874s] 
[10.971s] -- Configuring done
[10.998s] -- Generating done
[11.005s] -- Build files have been written to: /home/imml/git/research_2025/apple-harvest-refactor/build/realsense2_camera
[11.021s] Invoked command in '/home/imml/git/research_2025/apple-harvest-refactor/build/realsense2_camera' returned '0': CMAKE_PREFIX_PATH=/home/imml/git/research_2025/apple-harvest-refactor/install/realsense2_camera_msgs:/home/imml/git/research_2025/apple-harvest-refactor/install/ur_moveit_config:/home/imml/git/research_2025/apple-harvest-refactor/install/ur_description:/home/imml/git/research_2025/apple-harvest-refactor/install/ur_dashboard_msgs:/home/imml/git/research_2025/apple-harvest-refactor/install/realsense2_description:/home/imml/git/research_2025/apple-harvest-refactor/install/realsense2_camera:/home/imml/git/research_2025/apple-harvest-refactor/install/harvest_control:/home/imml/git/research_2025/apple-harvest-refactor/install/harvest:/home/imml/git/research_2025/apple-harvest-refactor/install/harvest_interfaces:/home/imml/git/research_2025/apple-harvest-refactor/install/ur5e_custom_hardware:/home/imml/git/research_2025/apple-harvest-refactor/install/harvest_vision:/opt/ros/humble LD_LIBRARY_PATH=/home/imml/git/research_2025/apple-harvest-refactor/install/realsense2_camera_msgs/lib:/home/imml/git/research_2025/apple-harvest-refactor/install/ur_dashboard_msgs/lib:/home/imml/git/research_2025/apple-harvest-refactor/install/realsense2_camera/lib:/home/imml/git/research_2025/apple-harvest-refactor/install/harvest_interfaces/lib:/usr/local/cuda-12.9/lib64:/opt/ros/humble/opt/rviz_ogre_vendor/lib:/opt/ros/humble/lib/x86_64-linux-gnu:/opt/ros/humble/lib /usr/bin/cmake /home/imml/git/research_2025/apple-harvest-refactor/harvest_hardware/realsense-ros/realsense2_camera -DAMENT_CMAKE_SYMLINK_INSTALL=1 -DCMAKE_INSTALL_PREFIX=/home/imml/git/research_2025/apple-harvest-refactor/install/realsense2_camera
[11.023s] Invoking command in '/home/imml/git/research_2025/apple-harvest-refactor/build/realsense2_camera': CMAKE_PREFIX_PATH=/home/imml/git/research_2025/apple-harvest-refactor/install/realsense2_camera_msgs:/home/imml/git/research_2025/apple-harvest-refactor/install/ur_moveit_config:/home/imml/git/research_2025/apple-harvest-refactor/install/ur_description:/home/imml/git/research_2025/apple-harvest-refactor/install/ur_dashboard_msgs:/home/imml/git/research_2025/apple-harvest-refactor/install/realsense2_description:/home/imml/git/research_2025/apple-harvest-refactor/install/realsense2_camera:/home/imml/git/research_2025/apple-harvest-refactor/install/harvest_control:/home/imml/git/research_2025/apple-harvest-refactor/install/harvest:/home/imml/git/research_2025/apple-harvest-refactor/install/harvest_interfaces:/home/imml/git/research_2025/apple-harvest-refactor/install/ur5e_custom_hardware:/home/imml/git/research_2025/apple-harvest-refactor/install/harvest_vision:/opt/ros/humble LD_LIBRARY_PATH=/home/imml/git/research_2025/apple-harvest-refactor/install/realsense2_camera_msgs/lib:/home/imml/git/research_2025/apple-harvest-refactor/install/ur_dashboard_msgs/lib:/home/imml/git/research_2025/apple-harvest-refactor/install/realsense2_camera/lib:/home/imml/git/research_2025/apple-harvest-refactor/install/harvest_interfaces/lib:/usr/local/cuda-12.9/lib64:/opt/ros/humble/opt/rviz_ogre_vendor/lib:/opt/ros/humble/lib/x86_64-linux-gnu:/opt/ros/humble/lib /usr/bin/cmake --build /home/imml/git/research_2025/apple-harvest-refactor/build/realsense2_camera -- -j16 -l16
[11.079s] [ 18%] [32mBuilding CXX object CMakeFiles/realsense2_camera.dir/src/rs_node_setup.cpp.o[0m
[11.079s] [ 18%] [32mBuilding CXX object gtest/CMakeFiles/gtest.dir/src/gtest-all.cc.o[0m
[11.079s] [ 18%] [32mBuilding CXX object CMakeFiles/realsense2_camera.dir/src/realsense_node_factory.cpp.o[0m
[11.079s] [ 18%] [32mBuilding CXX object CMakeFiles/realsense2_camera.dir/src/parameters.cpp.o[0m
[11.079s] [ 22%] [32mBuilding CXX object CMakeFiles/realsense2_camera.dir/src/named_filter.cpp.o[0m
[11.080s] [ 27%] [32mBuilding CXX object CMakeFiles/realsense2_camera_node.dir/rclcpp_components/node_main_realsense2_camera_node.cpp.o[0m
[11.080s] [ 36%] [32mBuilding CXX object CMakeFiles/realsense2_camera.dir/src/sensor_params.cpp.o[0m
[11.080s] [ 40%] [32mBuilding CXX object gtest/CMakeFiles/gtest_main.dir/src/gtest_main.cc.o[0m
[11.080s] [ 31%] [32mBuilding CXX object CMakeFiles/realsense2_camera.dir/src/ros_sensor.cpp.o[0m
[11.080s] [ 54%] [32mBuilding CXX object CMakeFiles/realsense2_camera.dir/src/profile_manager.cpp.o[0m
[11.080s] [ 54%] [32mBuilding CXX object CMakeFiles/realsense2_camera.dir/src/dynamic_params.cpp.o[0m
[11.080s] [ 54%] [32mBuilding CXX object CMakeFiles/realsense2_camera.dir/src/base_realsense_node.cpp.o[0m
[11.082s] [ 59%] [32mBuilding CXX object CMakeFiles/realsense2_camera.dir/src/ros_utils.cpp.o[0m
[11.084s] [ 63%] [32mBuilding CXX object CMakeFiles/realsense2_camera.dir/src/ros_param_backend.cpp.o[0m
[11.093s] [ 68%] [32mBuilding CXX object CMakeFiles/realsense2_camera.dir/src/image_publisher.cpp.o[0m
[11.093s] [ 72%] [32mBuilding CXX object CMakeFiles/realsense2_camera.dir/src/tfs.cpp.o[0m
[12.225s] [ 77%] [32m[1mLinking CXX static library libgtest_main.a[0m
[12.323s] [ 77%] Built target gtest_main
[17.260s] [ 81%] [32m[1mLinking CXX executable realsense2_camera_node[0m
[17.559s] [ 81%] Built target realsense2_camera_node
[21.711s] [ 86%] [32m[1mLinking CXX static library libgtest.a[0m
[21.777s] [ 86%] Built target gtest
[21.810s] [ 90%] [32mBuilding CXX object CMakeFiles/gtest_template.dir/test/gtest_template.cpp.o[0m
[23.095s] [ 95%] [32m[1mLinking CXX executable gtest_template[0m
[23.257s] [ 95%] Built target gtest_template
[31.324s] [100%] [32m[1mLinking CXX shared library librealsense2_camera.so[0m
[31.743s] [100%] Built target realsense2_camera
[31.757s] Invoked command in '/home/imml/git/research_2025/apple-harvest-refactor/build/realsense2_camera' returned '0': CMAKE_PREFIX_PATH=/home/imml/git/research_2025/apple-harvest-refactor/install/realsense2_camera_msgs:/home/imml/git/research_2025/apple-harvest-refactor/install/ur_moveit_config:/home/imml/git/research_2025/apple-harvest-refactor/install/ur_description:/home/imml/git/research_2025/apple-harvest-refactor/install/ur_dashboard_msgs:/home/imml/git/research_2025/apple-harvest-refactor/install/realsense2_description:/home/imml/git/research_2025/apple-harvest-refactor/install/realsense2_camera:/home/imml/git/research_2025/apple-harvest-refactor/install/harvest_control:/home/imml/git/research_2025/apple-harvest-refactor/install/harvest:/home/imml/git/research_2025/apple-harvest-refactor/install/harvest_interfaces:/home/imml/git/research_2025/apple-harvest-refactor/install/ur5e_custom_hardware:/home/imml/git/research_2025/apple-harvest-refactor/install/harvest_vision:/opt/ros/humble LD_LIBRARY_PATH=/home/imml/git/research_2025/apple-harvest-refactor/install/realsense2_camera_msgs/lib:/home/imml/git/research_2025/apple-harvest-refactor/install/ur_dashboard_msgs/lib:/home/imml/git/research_2025/apple-harvest-refactor/install/realsense2_camera/lib:/home/imml/git/research_2025/apple-harvest-refactor/install/harvest_interfaces/lib:/usr/local/cuda-12.9/lib64:/opt/ros/humble/opt/rviz_ogre_vendor/lib:/opt/ros/humble/lib/x86_64-linux-gnu:/opt/ros/humble/lib /usr/bin/cmake --build /home/imml/git/research_2025/apple-harvest-refactor/build/realsense2_camera -- -j16 -l16
[31.758s] Invoking command in '/home/imml/git/research_2025/apple-harvest-refactor/build/realsense2_camera': CMAKE_PREFIX_PATH=/home/imml/git/research_2025/apple-harvest-refactor/install/realsense2_camera_msgs:/home/imml/git/research_2025/apple-harvest-refactor/install/ur_moveit_config:/home/imml/git/research_2025/apple-harvest-refactor/install/ur_description:/home/imml/git/research_2025/apple-harvest-refactor/install/ur_dashboard_msgs:/home/imml/git/research_2025/apple-harvest-refactor/install/realsense2_description:/home/imml/git/research_2025/apple-harvest-refactor/install/realsense2_camera:/home/imml/git/research_2025/apple-harvest-refactor/install/harvest_control:/home/imml/git/research_2025/apple-harvest-refactor/install/harvest:/home/imml/git/research_2025/apple-harvest-refactor/install/harvest_interfaces:/home/imml/git/research_2025/apple-harvest-refactor/install/ur5e_custom_hardware:/home/imml/git/research_2025/apple-harvest-refactor/install/harvest_vision:/opt/ros/humble LD_LIBRARY_PATH=/home/imml/git/research_2025/apple-harvest-refactor/install/realsense2_camera_msgs/lib:/home/imml/git/research_2025/apple-harvest-refactor/install/ur_dashboard_msgs/lib:/home/imml/git/research_2025/apple-harvest-refactor/install/realsense2_camera/lib:/home/imml/git/research_2025/apple-harvest-refactor/install/harvest_interfaces/lib:/usr/local/cuda-12.9/lib64:/opt/ros/humble/opt/rviz_ogre_vendor/lib:/opt/ros/humble/lib/x86_64-linux-gnu:/opt/ros/humble/lib /usr/bin/cmake --install /home/imml/git/research_2025/apple-harvest-refactor/build/realsense2_camera
[31.767s] -- Install configuration: "Release"
[31.767s] -- Execute custom install script
[31.768s] -- Symlinking: /home/imml/git/research_2025/apple-harvest-refactor/install/realsense2_camera/lib/realsense2_camera/realsense2_camera_node
[31.779s] -- Symlinking: /home/imml/git/research_2025/apple-harvest-refactor/install/realsense2_camera/lib/librealsense2_camera.so
[31.791s] -- Symlinking: /home/imml/git/research_2025/apple-harvest-refactor/install/realsense2_camera/include/base_realsense_node.h
[31.803s] -- Symlinking: /home/imml/git/research_2025/apple-harvest-refactor/install/realsense2_camera/include/constants.h
[31.813s] -- Symlinking: /home/imml/git/research_2025/apple-harvest-refactor/install/realsense2_camera/include/dynamic_params.h
[31.822s] -- Symlinking: /home/imml/git/research_2025/apple-harvest-refactor/install/realsense2_camera/include/gl_window.h
[31.833s] -- Symlinking: /home/imml/git/research_2025/apple-harvest-refactor/install/realsense2_camera/include/image_publisher.h
[31.843s] -- Symlinking: /home/imml/git/research_2025/apple-harvest-refactor/install/realsense2_camera/include/named_filter.h
[31.854s] -- Symlinking: /home/imml/git/research_2025/apple-harvest-refactor/install/realsense2_camera/include/profile_manager.h
[31.865s] -- Symlinking: /home/imml/git/research_2025/apple-harvest-refactor/install/realsense2_camera/include/realsense_node_factory.h
[31.874s] -- Symlinking: /home/imml/git/research_2025/apple-harvest-refactor/install/realsense2_camera/include/ros_param_backend.h
[31.884s] -- Symlinking: /home/imml/git/research_2025/apple-harvest-refactor/install/realsense2_camera/include/ros_sensor.h
[31.894s] -- Symlinking: /home/imml/git/research_2025/apple-harvest-refactor/install/realsense2_camera/include/ros_utils.h
[31.904s] -- Symlinking: /home/imml/git/research_2025/apple-harvest-refactor/install/realsense2_camera/include/sensor_params.h
[31.914s] -- Symlinking: /home/imml/git/research_2025/apple-harvest-refactor/install/realsense2_camera/share/realsense2_camera/launch/default.rviz
[31.924s] -- Symlinking: /home/imml/git/research_2025/apple-harvest-refactor/install/realsense2_camera/share/realsense2_camera/launch/rs_intra_process_demo_launch.py
[31.934s] -- Symlinking: /home/imml/git/research_2025/apple-harvest-refactor/install/realsense2_camera/share/realsense2_camera/launch/rs_launch.py
[31.943s] -- Symlinking: /home/imml/git/research_2025/apple-harvest-refactor/install/realsense2_camera/share/realsense2_camera/launch/rs_multi_camera_launch.py
[31.954s] -- Symlinking: /home/imml/git/research_2025/apple-harvest-refactor/install/realsense2_camera/share/realsense2_camera/examples/align_depth/README.md
[31.965s] -- Symlinking: /home/imml/git/research_2025/apple-harvest-refactor/install/realsense2_camera/share/realsense2_camera/examples/align_depth/rs_align_depth_launch.py
[31.975s] -- Symlinking: /home/imml/git/research_2025/apple-harvest-refactor/install/realsense2_camera/share/realsense2_camera/examples/dual_camera/README.md
[31.985s] -- Symlinking: /home/imml/git/research_2025/apple-harvest-refactor/install/realsense2_camera/share/realsense2_camera/examples/dual_camera/rs_dual_camera_launch.py
[31.996s] -- Symlinking: /home/imml/git/research_2025/apple-harvest-refactor/install/realsense2_camera/share/realsense2_camera/examples/dual_camera/rviz/dual_camera_pointcloud.rviz
[32.006s] -- Symlinking: /home/imml/git/research_2025/apple-harvest-refactor/install/realsense2_camera/share/realsense2_camera/examples/launch_from_rosbag/README.md
[32.016s] -- Symlinking: /home/imml/git/research_2025/apple-harvest-refactor/install/realsense2_camera/share/realsense2_camera/examples/launch_from_rosbag/rs_launch_from_rosbag.py
[32.026s] -- Symlinking: /home/imml/git/research_2025/apple-harvest-refactor/install/realsense2_camera/share/realsense2_camera/examples/launch_params_from_file/README.md
[32.037s] -- Symlinking: /home/imml/git/research_2025/apple-harvest-refactor/install/realsense2_camera/share/realsense2_camera/examples/launch_params_from_file/config/config.yaml
[32.047s] -- Symlinking: /home/imml/git/research_2025/apple-harvest-refactor/install/realsense2_camera/share/realsense2_camera/examples/launch_params_from_file/rs_launch_get_params_from_yaml.py
[32.056s] -- Symlinking: /home/imml/git/research_2025/apple-harvest-refactor/install/realsense2_camera/share/realsense2_camera/examples/pointcloud/README.md
[32.066s] -- Symlinking: /home/imml/git/research_2025/apple-harvest-refactor/install/realsense2_camera/share/realsense2_camera/examples/pointcloud/rs_d405_pointcloud_launch.py
[32.076s] -- Symlinking: /home/imml/git/research_2025/apple-harvest-refactor/install/realsense2_camera/share/realsense2_camera/examples/pointcloud/rs_d455_pointcloud_launch.py
[32.086s] -- Symlinking: /home/imml/git/research_2025/apple-harvest-refactor/install/realsense2_camera/share/realsense2_camera/examples/pointcloud/rs_pointcloud_launch.py
[32.096s] -- Symlinking: /home/imml/git/research_2025/apple-harvest-refactor/install/realsense2_camera/share/realsense2_camera/examples/pointcloud/rviz/pointcloud.rviz
[32.105s] -- Symlinking: /home/imml/git/research_2025/apple-harvest-refactor/install/realsense2_camera/share/realsense2_camera/examples/pointcloud/rviz/urdf_pointcloud.rviz
[32.116s] -- Symlinking: /home/imml/git/research_2025/apple-harvest-refactor/install/realsense2_camera/share/realsense2_camera/environment/library_path.sh
[32.126s] -- Symlinking: /home/imml/git/research_2025/apple-harvest-refactor/install/realsense2_camera/share/realsense2_camera/environment/library_path.dsv
[32.136s] -- Symlinking: /home/imml/git/research_2025/apple-harvest-refactor/install/realsense2_camera/share/ament_index/resource_index/package_run_dependencies/realsense2_camera
[32.146s] -- Symlinking: /home/imml/git/research_2025/apple-harvest-refactor/install/realsense2_camera/share/ament_index/resource_index/parent_prefix_path/realsense2_camera
[32.156s] -- Symlinking: /home/imml/git/research_2025/apple-harvest-refactor/install/realsense2_camera/share/realsense2_camera/environment/ament_prefix_path.sh
[32.167s] -- Symlinking: /home/imml/git/research_2025/apple-harvest-refactor/install/realsense2_camera/share/realsense2_camera/environment/ament_prefix_path.dsv
[32.177s] -- Symlinking: /home/imml/git/research_2025/apple-harvest-refactor/install/realsense2_camera/share/realsense2_camera/environment/path.sh
[32.188s] -- Symlinking: /home/imml/git/research_2025/apple-harvest-refactor/install/realsense2_camera/share/realsense2_camera/environment/path.dsv
[32.198s] -- Symlinking: /home/imml/git/research_2025/apple-harvest-refactor/install/realsense2_camera/share/realsense2_camera/local_setup.bash
[32.209s] -- Symlinking: /home/imml/git/research_2025/apple-harvest-refactor/install/realsense2_camera/share/realsense2_camera/local_setup.sh
[32.219s] -- Symlinking: /home/imml/git/research_2025/apple-harvest-refactor/install/realsense2_camera/share/realsense2_camera/local_setup.zsh
[32.229s] -- Symlinking: /home/imml/git/research_2025/apple-harvest-refactor/install/realsense2_camera/share/realsense2_camera/local_setup.dsv
[32.240s] -- Symlinking: /home/imml/git/research_2025/apple-harvest-refactor/install/realsense2_camera/share/realsense2_camera/package.dsv
[32.250s] -- Symlinking: /home/imml/git/research_2025/apple-harvest-refactor/install/realsense2_camera/share/ament_index/resource_index/packages/realsense2_camera
[32.260s] -- Symlinking: /home/imml/git/research_2025/apple-harvest-refactor/install/realsense2_camera/share/ament_index/resource_index/rclcpp_components/realsense2_camera
[32.271s] -- Symlinking: /home/imml/git/research_2025/apple-harvest-refactor/install/realsense2_camera/share/realsense2_camera/cmake/ament_cmake_export_include_directories-extras.cmake
[32.281s] -- Symlinking: /home/imml/git/research_2025/apple-harvest-refactor/install/realsense2_camera/share/realsense2_camera/cmake/ament_cmake_export_libraries-extras.cmake
[32.291s] -- Symlinking: /home/imml/git/research_2025/apple-harvest-refactor/install/realsense2_camera/share/realsense2_camera/cmake/ament_cmake_export_dependencies-extras.cmake
[32.301s] -- Symlinking: /home/imml/git/research_2025/apple-harvest-refactor/install/realsense2_camera/share/realsense2_camera/cmake/realsense2_cameraConfig.cmake
[32.310s] -- Symlinking: /home/imml/git/research_2025/apple-harvest-refactor/install/realsense2_camera/share/realsense2_camera/cmake/realsense2_cameraConfig-version.cmake
[32.320s] -- Symlinking: /home/imml/git/research_2025/apple-harvest-refactor/install/realsense2_camera/share/realsense2_camera/package.xml
[32.332s] Invoked command in '/home/imml/git/research_2025/apple-harvest-refactor/build/realsense2_camera' returned '0': CMAKE_PREFIX_PATH=/home/imml/git/research_2025/apple-harvest-refactor/install/realsense2_camera_msgs:/home/imml/git/research_2025/apple-harvest-refactor/install/ur_moveit_config:/home/imml/git/research_2025/apple-harvest-refactor/install/ur_description:/home/imml/git/research_2025/apple-harvest-refactor/install/ur_dashboard_msgs:/home/imml/git/research_2025/apple-harvest-refactor/install/realsense2_description:/home/imml/git/research_2025/apple-harvest-refactor/install/realsense2_camera:/home/imml/git/research_2025/apple-harvest-refactor/install/harvest_control:/home/imml/git/research_2025/apple-harvest-refactor/install/harvest:/home/imml/git/research_2025/apple-harvest-refactor/install/harvest_interfaces:/home/imml/git/research_2025/apple-harvest-refactor/install/ur5e_custom_hardware:/home/imml/git/research_2025/apple-harvest-refactor/install/harvest_vision:/opt/ros/humble LD_LIBRARY_PATH=/home/imml/git/research_2025/apple-harvest-refactor/install/realsense2_camera_msgs/lib:/home/imml/git/research_2025/apple-harvest-refactor/install/ur_dashboard_msgs/lib:/home/imml/git/research_2025/apple-harvest-refactor/install/realsense2_camera/lib:/home/imml/git/research_2025/apple-harvest-refactor/install/harvest_interfaces/lib:/usr/local/cuda-12.9/lib64:/opt/ros/humble/opt/rviz_ogre_vendor/lib:/opt/ros/humble/lib/x86_64-linux-gnu:/opt/ros/humble/lib /usr/bin/cmake --install /home/imml/git/research_2025/apple-harvest-refactor/build/realsense2_camera
