[0.017s] Invoking command in '/home/imml/git/research_2025/apple-harvest-eva/build/ur_calibration': AMENT_PREFIX_PATH=/home/imml/git/research_2025/apple-harvest-eva/install/ur_robot_driver:/home/imml/git/research_2025/apple-harvest-eva/install/ur_controllers:/home/imml/git/research_2025/apple-harvest-eva/install/ur_description:/home/imml/git/research_2025/apple-harvest-eva/install/ur_dashboard_msgs:${AMENT_PREFIX_PATH} CMAKE_PREFIX_PATH=/home/imml/git/research_2025/apple-harvest-eva/install/ur_robot_driver:/home/imml/git/research_2025/apple-harvest-eva/install/ur_controllers:/home/imml/git/research_2025/apple-harvest-eva/install/ur_description:/home/imml/git/research_2025/apple-harvest-eva/install/ur_dashboard_msgs:/opt/ros/humble LD_LIBRARY_PATH=/home/imml/git/research_2025/apple-harvest-eva/install/ur_robot_driver/lib:/home/imml/git/research_2025/apple-harvest-eva/install/ur_controllers/lib:/home/imml/git/research_2025/apple-harvest-eva/install/ur_dashboard_msgs/lib:${LD_LIBRARY_PATH} PATH=/home/imml/git/research_2025/apple-harvest-eva/install/ur_robot_driver/bin:${PATH} PYTHONPATH=/home/imml/git/research_2025/apple-harvest-eva/install/ur_robot_driver/local/lib/python3.10/dist-packages:/home/imml/git/research_2025/apple-harvest-eva/install/ur_dashboard_msgs/local/lib/python3.10/dist-packages:${PYTHONPATH} /usr/bin/cmake /home/imml/git/research_2025/apple-harvest-eva/harvest_hardware/Universal_Robots_ROS2_Driver/ur_calibration -DCMAKE_INSTALL_PREFIX=/home/imml/git/research_2025/apple-harvest-eva/install/ur_calibration
[0.030s] [0mur_calibration: You did not request a specific build type: selecting 'RelWithDebInfo'.[0m
[0.030s] -- Found ament_cmake: 1.3.11 (/opt/ros/humble/share/ament_cmake/cmake)
[0.160s] -- Override CMake install command with custom implementation using symlinks instead of copying resources
[0.166s] -- Found rclcpp: 16.0.12 (/opt/ros/humble/share/rclcpp/cmake)
[0.191s] -- Found rosidl_generator_c: 3.1.6 (/opt/ros/humble/share/rosidl_generator_c/cmake)
[0.193s] -- Found rosidl_adapter: 3.1.6 (/opt/ros/humble/share/rosidl_adapter/cmake)
[0.198s] -- Found rosidl_generator_cpp: 3.1.6 (/opt/ros/humble/share/rosidl_generator_cpp/cmake)
[0.207s] -- Using all available rosidl_typesupport_c: rosidl_typesupport_fastrtps_c;rosidl_typesupport_introspection_c
[0.217s] -- Using all available rosidl_typesupport_cpp: rosidl_typesupport_fastrtps_cpp;rosidl_typesupport_introspection_cpp
[0.245s] -- Found rmw_implementation_cmake: 6.1.2 (/opt/ros/humble/share/rmw_implementation_cmake/cmake)
[0.246s] -- Found rmw_fastrtps_cpp: 6.2.7 (/opt/ros/humble/share/rmw_fastrtps_cpp/cmake)
[0.351s] -- Using RMW implementation 'rmw_fastrtps_cpp' as default
[0.394s] -- Found ur_robot_driver: 2.2.15 (/home/imml/git/research_2025/apple-harvest-eva/install/ur_robot_driver/share/ur_robot_driver/cmake)
[0.568s] -- Found eigen3_cmake_module: 0.1.1 (/opt/ros/humble/share/eigen3_cmake_module/cmake)
[0.569s] -- Ensuring Eigen3 include directory is part of orocos-kdl CMake target
[0.714s] -- Found ament_cmake_gmock: 1.3.11 (/opt/ros/humble/share/ament_cmake_gmock/cmake)
[0.715s] -- Found gmock sources under '/opt/ros/humble/src/gmock_vendor': C++ tests using 'Google Mock' will be built
[0.717s] -- Found ament_cmake_gtest: 1.3.11 (/opt/ros/humble/share/ament_cmake_gtest/cmake)
[0.718s] -- Found gtest sources under '/opt/ros/humble/src/gtest_vendor': C++ tests using 'Google Test' will be built
[0.805s] -- Configuring done
[0.921s] -- Generating done
[0.934s] -- Build files have been written to: /home/imml/git/research_2025/apple-harvest-eva/build/ur_calibration
[0.950s] Invoked command in '/home/imml/git/research_2025/apple-harvest-eva/build/ur_calibration' returned '0': AMENT_PREFIX_PATH=/home/imml/git/research_2025/apple-harvest-eva/install/ur_robot_driver:/home/imml/git/research_2025/apple-harvest-eva/install/ur_controllers:/home/imml/git/research_2025/apple-harvest-eva/install/ur_description:/home/imml/git/research_2025/apple-harvest-eva/install/ur_dashboard_msgs:${AMENT_PREFIX_PATH} CMAKE_PREFIX_PATH=/home/imml/git/research_2025/apple-harvest-eva/install/ur_robot_driver:/home/imml/git/research_2025/apple-harvest-eva/install/ur_controllers:/home/imml/git/research_2025/apple-harvest-eva/install/ur_description:/home/imml/git/research_2025/apple-harvest-eva/install/ur_dashboard_msgs:/opt/ros/humble LD_LIBRARY_PATH=/home/imml/git/research_2025/apple-harvest-eva/install/ur_robot_driver/lib:/home/imml/git/research_2025/apple-harvest-eva/install/ur_controllers/lib:/home/imml/git/research_2025/apple-harvest-eva/install/ur_dashboard_msgs/lib:${LD_LIBRARY_PATH} PATH=/home/imml/git/research_2025/apple-harvest-eva/install/ur_robot_driver/bin:${PATH} PYTHONPATH=/home/imml/git/research_2025/apple-harvest-eva/install/ur_robot_driver/local/lib/python3.10/dist-packages:/home/imml/git/research_2025/apple-harvest-eva/install/ur_dashboard_msgs/local/lib/python3.10/dist-packages:${PYTHONPATH} /usr/bin/cmake /home/imml/git/research_2025/apple-harvest-eva/harvest_hardware/Universal_Robots_ROS2_Driver/ur_calibration -DCMAKE_INSTALL_PREFIX=/home/imml/git/research_2025/apple-harvest-eva/install/ur_calibration
[0.952s] Invoking command in '/home/imml/git/research_2025/apple-harvest-eva/build/ur_calibration': AMENT_PREFIX_PATH=/home/imml/git/research_2025/apple-harvest-eva/install/ur_robot_driver:/home/imml/git/research_2025/apple-harvest-eva/install/ur_controllers:/home/imml/git/research_2025/apple-harvest-eva/install/ur_description:/home/imml/git/research_2025/apple-harvest-eva/install/ur_dashboard_msgs:${AMENT_PREFIX_PATH} CMAKE_PREFIX_PATH=/home/imml/git/research_2025/apple-harvest-eva/install/ur_robot_driver:/home/imml/git/research_2025/apple-harvest-eva/install/ur_controllers:/home/imml/git/research_2025/apple-harvest-eva/install/ur_description:/home/imml/git/research_2025/apple-harvest-eva/install/ur_dashboard_msgs:/opt/ros/humble LD_LIBRARY_PATH=/home/imml/git/research_2025/apple-harvest-eva/install/ur_robot_driver/lib:/home/imml/git/research_2025/apple-harvest-eva/install/ur_controllers/lib:/home/imml/git/research_2025/apple-harvest-eva/install/ur_dashboard_msgs/lib:${LD_LIBRARY_PATH} PATH=/home/imml/git/research_2025/apple-harvest-eva/install/ur_robot_driver/bin:${PATH} PYTHONPATH=/home/imml/git/research_2025/apple-harvest-eva/install/ur_robot_driver/local/lib/python3.10/dist-packages:/home/imml/git/research_2025/apple-harvest-eva/install/ur_dashboard_msgs/local/lib/python3.10/dist-packages:${PYTHONPATH} /usr/bin/cmake --build /home/imml/git/research_2025/apple-harvest-eva/build/ur_calibration -- -j16 -l16
[1.007s] [35m[1mConsolidate compiler generated dependencies of target gmock_main[0m
[1.008s] [35m[1mConsolidate compiler generated dependencies of target gmock[0m
[1.008s] [35m[1mConsolidate compiler generated dependencies of target calibration[0m
[1.023s] [ 16%] Built target gmock_main
[1.024s] [ 41%] Built target gmock
[1.034s] [ 66%] Built target calibration
[1.046s] [35m[1mConsolidate compiler generated dependencies of target calibration_test[0m
[1.046s] [35m[1mConsolidate compiler generated dependencies of target calibration_correction[0m
[1.071s] [ 91%] Built target calibration_test
[1.071s] [100%] Built target calibration_correction
[1.084s] Invoked command in '/home/imml/git/research_2025/apple-harvest-eva/build/ur_calibration' returned '0': AMENT_PREFIX_PATH=/home/imml/git/research_2025/apple-harvest-eva/install/ur_robot_driver:/home/imml/git/research_2025/apple-harvest-eva/install/ur_controllers:/home/imml/git/research_2025/apple-harvest-eva/install/ur_description:/home/imml/git/research_2025/apple-harvest-eva/install/ur_dashboard_msgs:${AMENT_PREFIX_PATH} CMAKE_PREFIX_PATH=/home/imml/git/research_2025/apple-harvest-eva/install/ur_robot_driver:/home/imml/git/research_2025/apple-harvest-eva/install/ur_controllers:/home/imml/git/research_2025/apple-harvest-eva/install/ur_description:/home/imml/git/research_2025/apple-harvest-eva/install/ur_dashboard_msgs:/opt/ros/humble LD_LIBRARY_PATH=/home/imml/git/research_2025/apple-harvest-eva/install/ur_robot_driver/lib:/home/imml/git/research_2025/apple-harvest-eva/install/ur_controllers/lib:/home/imml/git/research_2025/apple-harvest-eva/install/ur_dashboard_msgs/lib:${LD_LIBRARY_PATH} PATH=/home/imml/git/research_2025/apple-harvest-eva/install/ur_robot_driver/bin:${PATH} PYTHONPATH=/home/imml/git/research_2025/apple-harvest-eva/install/ur_robot_driver/local/lib/python3.10/dist-packages:/home/imml/git/research_2025/apple-harvest-eva/install/ur_dashboard_msgs/local/lib/python3.10/dist-packages:${PYTHONPATH} /usr/bin/cmake --build /home/imml/git/research_2025/apple-harvest-eva/build/ur_calibration -- -j16 -l16
[1.086s] Invoking command in '/home/imml/git/research_2025/apple-harvest-eva/build/ur_calibration': AMENT_PREFIX_PATH=/home/imml/git/research_2025/apple-harvest-eva/install/ur_robot_driver:/home/imml/git/research_2025/apple-harvest-eva/install/ur_controllers:/home/imml/git/research_2025/apple-harvest-eva/install/ur_description:/home/imml/git/research_2025/apple-harvest-eva/install/ur_dashboard_msgs:${AMENT_PREFIX_PATH} CMAKE_PREFIX_PATH=/home/imml/git/research_2025/apple-harvest-eva/install/ur_robot_driver:/home/imml/git/research_2025/apple-harvest-eva/install/ur_controllers:/home/imml/git/research_2025/apple-harvest-eva/install/ur_description:/home/imml/git/research_2025/apple-harvest-eva/install/ur_dashboard_msgs:/opt/ros/humble LD_LIBRARY_PATH=/home/imml/git/research_2025/apple-harvest-eva/install/ur_robot_driver/lib:/home/imml/git/research_2025/apple-harvest-eva/install/ur_controllers/lib:/home/imml/git/research_2025/apple-harvest-eva/install/ur_dashboard_msgs/lib:${LD_LIBRARY_PATH} PATH=/home/imml/git/research_2025/apple-harvest-eva/install/ur_robot_driver/bin:${PATH} PYTHONPATH=/home/imml/git/research_2025/apple-harvest-eva/install/ur_robot_driver/local/lib/python3.10/dist-packages:/home/imml/git/research_2025/apple-harvest-eva/install/ur_dashboard_msgs/local/lib/python3.10/dist-packages:${PYTHONPATH} /usr/bin/cmake --install /home/imml/git/research_2025/apple-harvest-eva/build/ur_calibration
[1.094s] -- Install configuration: "RelWithDebInfo"
[1.095s] -- Execute custom install script
[1.095s] -- Up-to-date symlink: /home/imml/git/research_2025/apple-harvest-eva/install/ur_calibration/lib/ur_calibration/calibration_correction
[1.096s] -- Up-to-date symlink: /home/imml/git/research_2025/apple-harvest-eva/install/ur_calibration/include/ur_calibration/calibration.hpp
[1.096s] -- Up-to-date symlink: /home/imml/git/research_2025/apple-harvest-eva/install/ur_calibration/include/ur_calibration/calibration_consumer.hpp
[1.096s] -- Up-to-date symlink: /home/imml/git/research_2025/apple-harvest-eva/install/ur_calibration/share/ur_calibration/launch/calibration_correction.launch.py
[1.096s] -- Up-to-date symlink: /home/imml/git/research_2025/apple-harvest-eva/install/ur_calibration/share/ament_index/resource_index/package_run_dependencies/ur_calibration
[1.097s] -- Up-to-date symlink: /home/imml/git/research_2025/apple-harvest-eva/install/ur_calibration/share/ament_index/resource_index/parent_prefix_path/ur_calibration
[1.097s] -- Up-to-date symlink: /home/imml/git/research_2025/apple-harvest-eva/install/ur_calibration/share/ur_calibration/environment/ament_prefix_path.sh
[1.097s] -- Up-to-date symlink: /home/imml/git/research_2025/apple-harvest-eva/install/ur_calibration/share/ur_calibration/environment/ament_prefix_path.dsv
[1.097s] -- Up-to-date symlink: /home/imml/git/research_2025/apple-harvest-eva/install/ur_calibration/share/ur_calibration/environment/path.sh
[1.097s] -- Up-to-date symlink: /home/imml/git/research_2025/apple-harvest-eva/install/ur_calibration/share/ur_calibration/environment/path.dsv
[1.098s] -- Up-to-date symlink: /home/imml/git/research_2025/apple-harvest-eva/install/ur_calibration/share/ur_calibration/local_setup.bash
[1.098s] -- Up-to-date symlink: /home/imml/git/research_2025/apple-harvest-eva/install/ur_calibration/share/ur_calibration/local_setup.sh
[1.098s] -- Up-to-date symlink: /home/imml/git/research_2025/apple-harvest-eva/install/ur_calibration/share/ur_calibration/local_setup.zsh
[1.098s] -- Up-to-date symlink: /home/imml/git/research_2025/apple-harvest-eva/install/ur_calibration/share/ur_calibration/local_setup.dsv
[1.098s] -- Symlinking: /home/imml/git/research_2025/apple-harvest-eva/install/ur_calibration/share/ur_calibration/package.dsv
[1.108s] -- Up-to-date symlink: /home/imml/git/research_2025/apple-harvest-eva/install/ur_calibration/share/ament_index/resource_index/packages/ur_calibration
[1.108s] -- Up-to-date symlink: /home/imml/git/research_2025/apple-harvest-eva/install/ur_calibration/share/ur_calibration/cmake/ament_cmake_export_include_directories-extras.cmake
[1.108s] -- Up-to-date symlink: /home/imml/git/research_2025/apple-harvest-eva/install/ur_calibration/share/ur_calibration/cmake/ament_cmake_export_dependencies-extras.cmake
[1.108s] -- Up-to-date symlink: /home/imml/git/research_2025/apple-harvest-eva/install/ur_calibration/share/ur_calibration/cmake/ur_calibrationConfig.cmake
[1.109s] -- Up-to-date symlink: /home/imml/git/research_2025/apple-harvest-eva/install/ur_calibration/share/ur_calibration/cmake/ur_calibrationConfig-version.cmake
[1.109s] -- Up-to-date symlink: /home/imml/git/research_2025/apple-harvest-eva/install/ur_calibration/share/ur_calibration/package.xml
[1.111s] Invoked command in '/home/imml/git/research_2025/apple-harvest-eva/build/ur_calibration' returned '0': AMENT_PREFIX_PATH=/home/imml/git/research_2025/apple-harvest-eva/install/ur_robot_driver:/home/imml/git/research_2025/apple-harvest-eva/install/ur_controllers:/home/imml/git/research_2025/apple-harvest-eva/install/ur_description:/home/imml/git/research_2025/apple-harvest-eva/install/ur_dashboard_msgs:${AMENT_PREFIX_PATH} CMAKE_PREFIX_PATH=/home/imml/git/research_2025/apple-harvest-eva/install/ur_robot_driver:/home/imml/git/research_2025/apple-harvest-eva/install/ur_controllers:/home/imml/git/research_2025/apple-harvest-eva/install/ur_description:/home/imml/git/research_2025/apple-harvest-eva/install/ur_dashboard_msgs:/opt/ros/humble LD_LIBRARY_PATH=/home/imml/git/research_2025/apple-harvest-eva/install/ur_robot_driver/lib:/home/imml/git/research_2025/apple-harvest-eva/install/ur_controllers/lib:/home/imml/git/research_2025/apple-harvest-eva/install/ur_dashboard_msgs/lib:${LD_LIBRARY_PATH} PATH=/home/imml/git/research_2025/apple-harvest-eva/install/ur_robot_driver/bin:${PATH} PYTHONPATH=/home/imml/git/research_2025/apple-harvest-eva/install/ur_robot_driver/local/lib/python3.10/dist-packages:/home/imml/git/research_2025/apple-harvest-eva/install/ur_dashboard_msgs/local/lib/python3.10/dist-packages:${PYTHONPATH} /usr/bin/cmake --install /home/imml/git/research_2025/apple-harvest-eva/build/ur_calibration
