[0.019s] Invoking command in '/home/imml/git/research_2025/apple-harvest-refactor/build/ur_bringup': AMENT_PREFIX_PATH=/home/imml/git/research_2025/apple-harvest-refactor/install/ur_controllers:${AMENT_PREFIX_PATH} CMAKE_PREFIX_PATH=/home/imml/git/research_2025/apple-harvest-refactor/install/ur_controllers:/home/imml/git/research_2025/apple-harvest-refactor/install/ur_description:/home/imml/git/research_2025/apple-harvest-refactor/install/ur_dashboard_msgs:/home/imml/git/research_2025/apple-harvest-refactor/install/ur_moveit_config:/home/imml/git/research_2025/apple-harvest-refactor/install/realsense2_description:/home/imml/git/research_2025/apple-harvest-refactor/install/realsense2_camera:/home/imml/git/research_2025/apple-harvest-refactor/install/realsense2_camera_msgs:/home/imml/git/research_2025/apple-harvest-refactor/install/harvest_control:/home/imml/git/research_2025/apple-harvest-refactor/install/harvest:/home/imml/git/research_2025/apple-harvest-refactor/install/harvest_interfaces:/home/imml/git/research_2025/apple-harvest-refactor/install/ur5e_custom_hardware:/home/imml/git/research_2025/apple-harvest-refactor/install/harvest_vision:/opt/ros/humble LD_LIBRARY_PATH=/home/imml/git/research_2025/apple-harvest-refactor/install/ur_controllers/lib:${LD_LIBRARY_PATH} /usr/bin/cmake /home/imml/git/research_2025/apple-harvest-refactor/harvest_hardware/Universal_Robots_ROS2_Driver/ur_bringup -DAMENT_CMAKE_SYMLINK_INSTALL=1 -DCMAKE_INSTALL_PREFIX=/home/imml/git/research_2025/apple-harvest-refactor/install/ur_bringup
[0.115s] -- The C compiler identification is GNU 11.4.0
[0.213s] -- The CXX compiler identification is GNU 11.4.0
[0.233s] -- Detecting C compiler ABI info
[0.365s] -- Detecting C compiler ABI info - done
[0.379s] -- Check for working C compiler: /usr/bin/cc - skipped
[0.379s] -- Detecting C compile features
[0.380s] -- Detecting C compile features - done
[0.382s] -- Detecting CXX compiler ABI info
[0.534s] -- Detecting CXX compiler ABI info - done
[0.544s] -- Check for working CXX compiler: /usr/bin/c++ - skipped
[0.545s] -- Detecting CXX compile features
[0.545s] -- Detecting CXX compile features - done
[0.551s] -- Found ament_cmake: 1.3.11 (/opt/ros/humble/share/ament_cmake/cmake)
[0.854s] -- Found Python3: /usr/bin/python3 (found version "3.10.12") found components: Interpreter 
[0.974s] -- Override CMake install command with custom implementation using symlinks instead of copying resources
[1.208s] -- Configuring done
[1.217s] -- Generating done
[1.217s] -- Build files have been written to: /home/imml/git/research_2025/apple-harvest-refactor/build/ur_bringup
[1.225s] Invoked command in '/home/imml/git/research_2025/apple-harvest-refactor/build/ur_bringup' returned '0': AMENT_PREFIX_PATH=/home/imml/git/research_2025/apple-harvest-refactor/install/ur_controllers:${AMENT_PREFIX_PATH} CMAKE_PREFIX_PATH=/home/imml/git/research_2025/apple-harvest-refactor/install/ur_controllers:/home/imml/git/research_2025/apple-harvest-refactor/install/ur_description:/home/imml/git/research_2025/apple-harvest-refactor/install/ur_dashboard_msgs:/home/imml/git/research_2025/apple-harvest-refactor/install/ur_moveit_config:/home/imml/git/research_2025/apple-harvest-refactor/install/realsense2_description:/home/imml/git/research_2025/apple-harvest-refactor/install/realsense2_camera:/home/imml/git/research_2025/apple-harvest-refactor/install/realsense2_camera_msgs:/home/imml/git/research_2025/apple-harvest-refactor/install/harvest_control:/home/imml/git/research_2025/apple-harvest-refactor/install/harvest:/home/imml/git/research_2025/apple-harvest-refactor/install/harvest_interfaces:/home/imml/git/research_2025/apple-harvest-refactor/install/ur5e_custom_hardware:/home/imml/git/research_2025/apple-harvest-refactor/install/harvest_vision:/opt/ros/humble LD_LIBRARY_PATH=/home/imml/git/research_2025/apple-harvest-refactor/install/ur_controllers/lib:${LD_LIBRARY_PATH} /usr/bin/cmake /home/imml/git/research_2025/apple-harvest-refactor/harvest_hardware/Universal_Robots_ROS2_Driver/ur_bringup -DAMENT_CMAKE_SYMLINK_INSTALL=1 -DCMAKE_INSTALL_PREFIX=/home/imml/git/research_2025/apple-harvest-refactor/install/ur_bringup
[1.228s] Invoking command in '/home/imml/git/research_2025/apple-harvest-refactor/build/ur_bringup': AMENT_PREFIX_PATH=/home/imml/git/research_2025/apple-harvest-refactor/install/ur_controllers:${AMENT_PREFIX_PATH} CMAKE_PREFIX_PATH=/home/imml/git/research_2025/apple-harvest-refactor/install/ur_controllers:/home/imml/git/research_2025/apple-harvest-refactor/install/ur_description:/home/imml/git/research_2025/apple-harvest-refactor/install/ur_dashboard_msgs:/home/imml/git/research_2025/apple-harvest-refactor/install/ur_moveit_config:/home/imml/git/research_2025/apple-harvest-refactor/install/realsense2_description:/home/imml/git/research_2025/apple-harvest-refactor/install/realsense2_camera:/home/imml/git/research_2025/apple-harvest-refactor/install/realsense2_camera_msgs:/home/imml/git/research_2025/apple-harvest-refactor/install/harvest_control:/home/imml/git/research_2025/apple-harvest-refactor/install/harvest:/home/imml/git/research_2025/apple-harvest-refactor/install/harvest_interfaces:/home/imml/git/research_2025/apple-harvest-refactor/install/ur5e_custom_hardware:/home/imml/git/research_2025/apple-harvest-refactor/install/harvest_vision:/opt/ros/humble LD_LIBRARY_PATH=/home/imml/git/research_2025/apple-harvest-refactor/install/ur_controllers/lib:${LD_LIBRARY_PATH} /usr/bin/cmake --build /home/imml/git/research_2025/apple-harvest-refactor/build/ur_bringup -- -j16 -l16
[1.298s] Invoked command in '/home/imml/git/research_2025/apple-harvest-refactor/build/ur_bringup' returned '0': AMENT_PREFIX_PATH=/home/imml/git/research_2025/apple-harvest-refactor/install/ur_controllers:${AMENT_PREFIX_PATH} CMAKE_PREFIX_PATH=/home/imml/git/research_2025/apple-harvest-refactor/install/ur_controllers:/home/imml/git/research_2025/apple-harvest-refactor/install/ur_description:/home/imml/git/research_2025/apple-harvest-refactor/install/ur_dashboard_msgs:/home/imml/git/research_2025/apple-harvest-refactor/install/ur_moveit_config:/home/imml/git/research_2025/apple-harvest-refactor/install/realsense2_description:/home/imml/git/research_2025/apple-harvest-refactor/install/realsense2_camera:/home/imml/git/research_2025/apple-harvest-refactor/install/realsense2_camera_msgs:/home/imml/git/research_2025/apple-harvest-refactor/install/harvest_control:/home/imml/git/research_2025/apple-harvest-refactor/install/harvest:/home/imml/git/research_2025/apple-harvest-refactor/install/harvest_interfaces:/home/imml/git/research_2025/apple-harvest-refactor/install/ur5e_custom_hardware:/home/imml/git/research_2025/apple-harvest-refactor/install/harvest_vision:/opt/ros/humble LD_LIBRARY_PATH=/home/imml/git/research_2025/apple-harvest-refactor/install/ur_controllers/lib:${LD_LIBRARY_PATH} /usr/bin/cmake --build /home/imml/git/research_2025/apple-harvest-refactor/build/ur_bringup -- -j16 -l16
[1.301s] Invoking command in '/home/imml/git/research_2025/apple-harvest-refactor/build/ur_bringup': AMENT_PREFIX_PATH=/home/imml/git/research_2025/apple-harvest-refactor/install/ur_controllers:${AMENT_PREFIX_PATH} CMAKE_PREFIX_PATH=/home/imml/git/research_2025/apple-harvest-refactor/install/ur_controllers:/home/imml/git/research_2025/apple-harvest-refactor/install/ur_description:/home/imml/git/research_2025/apple-harvest-refactor/install/ur_dashboard_msgs:/home/imml/git/research_2025/apple-harvest-refactor/install/ur_moveit_config:/home/imml/git/research_2025/apple-harvest-refactor/install/realsense2_description:/home/imml/git/research_2025/apple-harvest-refactor/install/realsense2_camera:/home/imml/git/research_2025/apple-harvest-refactor/install/realsense2_camera_msgs:/home/imml/git/research_2025/apple-harvest-refactor/install/harvest_control:/home/imml/git/research_2025/apple-harvest-refactor/install/harvest:/home/imml/git/research_2025/apple-harvest-refactor/install/harvest_interfaces:/home/imml/git/research_2025/apple-harvest-refactor/install/ur5e_custom_hardware:/home/imml/git/research_2025/apple-harvest-refactor/install/harvest_vision:/opt/ros/humble LD_LIBRARY_PATH=/home/imml/git/research_2025/apple-harvest-refactor/install/ur_controllers/lib:${LD_LIBRARY_PATH} /usr/bin/cmake --install /home/imml/git/research_2025/apple-harvest-refactor/build/ur_bringup
[1.315s] -- Install configuration: ""
[1.315s] -- Execute custom install script
[1.317s] -- Symlinking: /home/imml/git/research_2025/apple-harvest-refactor/install/ur_bringup/share/ur_bringup/config/test_goal_publishers_config.yaml
[1.333s] -- Symlinking: /home/imml/git/research_2025/apple-harvest-refactor/install/ur_bringup/share/ur_bringup/config/test_velocity_goal_publishers_config.yaml
[1.350s] -- Symlinking: /home/imml/git/research_2025/apple-harvest-refactor/install/ur_bringup/share/ur_bringup/config/ur10_update_rate.yaml
[1.367s] -- Symlinking: /home/imml/git/research_2025/apple-harvest-refactor/install/ur_bringup/share/ur_bringup/config/ur10e_update_rate.yaml
[1.383s] -- Symlinking: /home/imml/git/research_2025/apple-harvest-refactor/install/ur_bringup/share/ur_bringup/config/ur16e_update_rate.yaml
[1.402s] -- Symlinking: /home/imml/git/research_2025/apple-harvest-refactor/install/ur_bringup/share/ur_bringup/config/ur3_update_rate.yaml
[1.419s] -- Symlinking: /home/imml/git/research_2025/apple-harvest-refactor/install/ur_bringup/share/ur_bringup/config/ur3e_update_rate.yaml
[1.436s] -- Symlinking: /home/imml/git/research_2025/apple-harvest-refactor/install/ur_bringup/share/ur_bringup/config/ur5_update_rate.yaml
[1.453s] -- Symlinking: /home/imml/git/research_2025/apple-harvest-refactor/install/ur_bringup/share/ur_bringup/config/ur5e_update_rate.yaml
[1.469s] -- Symlinking: /home/imml/git/research_2025/apple-harvest-refactor/install/ur_bringup/share/ur_bringup/config/ur_controllers.yaml
[1.488s] -- Symlinking: /home/imml/git/research_2025/apple-harvest-refactor/install/ur_bringup/share/ur_bringup/launch/test_forward_velocity_controller.launch.py
[1.504s] -- Symlinking: /home/imml/git/research_2025/apple-harvest-refactor/install/ur_bringup/share/ur_bringup/launch/test_joint_trajectory_controller.launch.py
[1.522s] -- Symlinking: /home/imml/git/research_2025/apple-harvest-refactor/install/ur_bringup/share/ur_bringup/launch/test_scaled_joint_trajectory_controller.launch.py
[1.539s] -- Symlinking: /home/imml/git/research_2025/apple-harvest-refactor/install/ur_bringup/share/ur_bringup/launch/ur10.launch.py
[1.555s] -- Symlinking: /home/imml/git/research_2025/apple-harvest-refactor/install/ur_bringup/share/ur_bringup/launch/ur10e.launch.py
[1.573s] -- Symlinking: /home/imml/git/research_2025/apple-harvest-refactor/install/ur_bringup/share/ur_bringup/launch/ur16e.launch.py
[1.589s] -- Symlinking: /home/imml/git/research_2025/apple-harvest-refactor/install/ur_bringup/share/ur_bringup/launch/ur3.launch.py
[1.608s] -- Symlinking: /home/imml/git/research_2025/apple-harvest-refactor/install/ur_bringup/share/ur_bringup/launch/ur3e.launch.py
[1.625s] -- Symlinking: /home/imml/git/research_2025/apple-harvest-refactor/install/ur_bringup/share/ur_bringup/launch/ur5.launch.py
[1.642s] -- Symlinking: /home/imml/git/research_2025/apple-harvest-refactor/install/ur_bringup/share/ur_bringup/launch/ur5e.launch.py
[1.659s] -- Symlinking: /home/imml/git/research_2025/apple-harvest-refactor/install/ur_bringup/share/ur_bringup/launch/ur_control.launch.py
[1.676s] -- Symlinking: /home/imml/git/research_2025/apple-harvest-refactor/install/ur_bringup/share/ur_bringup/launch/ur_dashboard_client.launch.py
[1.694s] -- Symlinking: /home/imml/git/research_2025/apple-harvest-refactor/install/ur_bringup/lib/ur_bringup/start_ursim.sh
[1.712s] -- Symlinking: /home/imml/git/research_2025/apple-harvest-refactor/install/ur_bringup/share/ament_index/resource_index/package_run_dependencies/ur_bringup
[1.730s] -- Symlinking: /home/imml/git/research_2025/apple-harvest-refactor/install/ur_bringup/share/ament_index/resource_index/parent_prefix_path/ur_bringup
[1.747s] -- Symlinking: /home/imml/git/research_2025/apple-harvest-refactor/install/ur_bringup/share/ur_bringup/environment/ament_prefix_path.sh
[1.764s] -- Symlinking: /home/imml/git/research_2025/apple-harvest-refactor/install/ur_bringup/share/ur_bringup/environment/ament_prefix_path.dsv
[1.782s] -- Symlinking: /home/imml/git/research_2025/apple-harvest-refactor/install/ur_bringup/share/ur_bringup/environment/path.sh
[1.800s] -- Symlinking: /home/imml/git/research_2025/apple-harvest-refactor/install/ur_bringup/share/ur_bringup/environment/path.dsv
[1.818s] -- Symlinking: /home/imml/git/research_2025/apple-harvest-refactor/install/ur_bringup/share/ur_bringup/local_setup.bash
[1.836s] -- Symlinking: /home/imml/git/research_2025/apple-harvest-refactor/install/ur_bringup/share/ur_bringup/local_setup.sh
[1.853s] -- Symlinking: /home/imml/git/research_2025/apple-harvest-refactor/install/ur_bringup/share/ur_bringup/local_setup.zsh
[1.871s] -- Symlinking: /home/imml/git/research_2025/apple-harvest-refactor/install/ur_bringup/share/ur_bringup/local_setup.dsv
[1.888s] -- Symlinking: /home/imml/git/research_2025/apple-harvest-refactor/install/ur_bringup/share/ur_bringup/package.dsv
[1.908s] -- Symlinking: /home/imml/git/research_2025/apple-harvest-refactor/install/ur_bringup/share/ament_index/resource_index/packages/ur_bringup
[1.925s] -- Symlinking: /home/imml/git/research_2025/apple-harvest-refactor/install/ur_bringup/share/ur_bringup/cmake/ur_bringupConfig.cmake
[1.942s] -- Symlinking: /home/imml/git/research_2025/apple-harvest-refactor/install/ur_bringup/share/ur_bringup/cmake/ur_bringupConfig-version.cmake
[1.957s] -- Symlinking: /home/imml/git/research_2025/apple-harvest-refactor/install/ur_bringup/share/ur_bringup/package.xml
[1.977s] Invoked command in '/home/imml/git/research_2025/apple-harvest-refactor/build/ur_bringup' returned '0': AMENT_PREFIX_PATH=/home/imml/git/research_2025/apple-harvest-refactor/install/ur_controllers:${AMENT_PREFIX_PATH} CMAKE_PREFIX_PATH=/home/imml/git/research_2025/apple-harvest-refactor/install/ur_controllers:/home/imml/git/research_2025/apple-harvest-refactor/install/ur_description:/home/imml/git/research_2025/apple-harvest-refactor/install/ur_dashboard_msgs:/home/imml/git/research_2025/apple-harvest-refactor/install/ur_moveit_config:/home/imml/git/research_2025/apple-harvest-refactor/install/realsense2_description:/home/imml/git/research_2025/apple-harvest-refactor/install/realsense2_camera:/home/imml/git/research_2025/apple-harvest-refactor/install/realsense2_camera_msgs:/home/imml/git/research_2025/apple-harvest-refactor/install/harvest_control:/home/imml/git/research_2025/apple-harvest-refactor/install/harvest:/home/imml/git/research_2025/apple-harvest-refactor/install/harvest_interfaces:/home/imml/git/research_2025/apple-harvest-refactor/install/ur5e_custom_hardware:/home/imml/git/research_2025/apple-harvest-refactor/install/harvest_vision:/opt/ros/humble LD_LIBRARY_PATH=/home/imml/git/research_2025/apple-harvest-refactor/install/ur_controllers/lib:${LD_LIBRARY_PATH} /usr/bin/cmake --install /home/imml/git/research_2025/apple-harvest-refactor/build/ur_bringup
