-- Found ament_cmake: 1.3.12 (/opt/ros/humble/share/ament_cmake/cmake)
-- Override CMake install command with custom implementation using symlinks instead of copying resources
-- Found rosidl_default_generators: 1.2.0 (/opt/ros/humble/share/rosidl_default_generators/cmake)
-- Using all available rosidl_typesupport_c: rosidl_typesupport_fastrtps_c;rosidl_typesupport_introspection_c
-- Found rosidl_adapter: 3.1.7 (/opt/ros/humble/share/rosidl_adapter/cmake)
-- Using all available rosidl_typesupport_cpp: rosidl_typesupport_fastrtps_cpp;rosidl_typesupport_introspection_cpp
-- Found std_msgs: 4.9.0 (/opt/ros/humble/share/std_msgs/cmake)
-- Found std_srvs: 4.9.0 (/opt/ros/humble/share/std_srvs/cmake)
-- Found tf2_ros: 0.25.15 (/opt/ros/humble/share/tf2_ros/cmake)
-- Found rmw_implementation_cmake: 6.1.2 (/opt/ros/humble/share/rmw_implementation_cmake/cmake)
-- Found rmw_fastrtps_cpp: 6.2.8 (/opt/ros/humble/share/rmw_fastrtps_cpp/cmake)
-- Using RMW implementation 'rmw_fastrtps_cpp' as default
-- Found ament_cmake_ros: 0.10.0 (/opt/ros/humble/share/ament_cmake_ros/cmake)
-- Using all available rosidl_typesupport_c: rosidl_typesupport_fastrtps_c;rosidl_typesupport_introspection_c
-- Using all available rosidl_typesupport_cpp: rosidl_typesupport_fastrtps_cpp;rosidl_typesupport_introspection_cpp
-- Found python_cmake_module: 0.10.0 (/opt/ros/humble/share/python_cmake_module/cmake)
-- Using PYTHON_EXECUTABLE: /usr/bin/python3
-- Using PYTHON_INCLUDE_DIRS: /usr/include/python3.10
-- Using PYTHON_LIBRARIES: /usr/lib/x86_64-linux-gnu/libpython3.10.so
-- Found ament_lint_auto: 0.12.14 (/opt/ros/humble/share/ament_lint_auto/cmake)
-- Added test 'lint_cmake' to check CMake code style
-- Added test 'xmllint' to check XML markup files
-- Configuring done
-- Generating done
-- Build files have been written to: /home/imml/git/research_2025/apple-harvest-eva/build/harvest_interfaces
[  1%] [34m[1mGenerating C code for ROS interfaces[0m
[  1%] [34m[1mGenerating C++ code for ROS interfaces[0m
[  1%] Built target ament_cmake_python_symlink_harvest_interfaces
running egg_info
writing harvest_interfaces.egg-info/PKG-INFO
writing dependency_links to harvest_interfaces.egg-info/dependency_links.txt
writing top-level names to harvest_interfaces.egg-info/top_level.txt
reading manifest file 'harvest_interfaces.egg-info/SOURCES.txt'
writing manifest file 'harvest_interfaces.egg-info/SOURCES.txt'
[  1%] Built target ament_cmake_python_build_harvest_interfaces_egg
[  1%] Built target harvest_interfaces__cpp
[  1%] [34m[1mGenerating C++ type support for eProsima Fast-RTPS[0m
[  2%] [34m[1mGenerating C++ type support dispatch for ROS interfaces[0m
[  3%] [34m[1mGenerating C++ introspection for ROS interfaces[0m
[35m[1mConsolidate compiler generated dependencies of target harvest_interfaces__rosidl_generator_c[0m
[  4%] [32mBuilding C object CMakeFiles/harvest_interfaces__rosidl_generator_c.dir/rosidl_generator_c/harvest_interfaces/action/detail/event_detection__functions.c.o[0m
[  5%] [32mBuilding C object CMakeFiles/harvest_interfaces__rosidl_generator_c.dir/rosidl_generator_c/harvest_interfaces/srv/detail/coordinate_to_trajectory__functions.c.o[0m
[  5%] [32mBuilding C object CMakeFiles/harvest_interfaces__rosidl_generator_c.dir/rosidl_generator_c/harvest_interfaces/srv/detail/send_trajectory__functions.c.o[0m
[  6%] [32mBuilding C object CMakeFiles/harvest_interfaces__rosidl_generator_c.dir/rosidl_generator_c/harvest_interfaces/srv/detail/move_to_pose__functions.c.o[0m
[  7%] [32mBuilding C object CMakeFiles/harvest_interfaces__rosidl_generator_c.dir/rosidl_generator_c/harvest_interfaces/action/detail/send_trajectory__functions.c.o[0m
[  8%] [32mBuilding C object CMakeFiles/harvest_interfaces__rosidl_generator_c.dir/rosidl_generator_c/harvest_interfaces/srv/detail/apple_prediction__functions.c.o[0m
[  9%] [32mBuilding C object CMakeFiles/harvest_interfaces__rosidl_generator_c.dir/rosidl_generator_c/harvest_interfaces/srv/detail/voxel_mask__functions.c.o[0m
[ 10%] [32mBuilding C object CMakeFiles/harvest_interfaces__rosidl_generator_c.dir/rosidl_generator_c/harvest_interfaces/srv/detail/set_value__functions.c.o[0m
[ 11%] [32mBuilding C object CMakeFiles/harvest_interfaces__rosidl_generator_c.dir/rosidl_generator_c/harvest_interfaces/srv/detail/trajectory_between_points__functions.c.o[0m
[ 11%] [32mBuilding C object CMakeFiles/harvest_interfaces__rosidl_generator_c.dir/rosidl_generator_c/harvest_interfaces/srv/detail/record_topics__functions.c.o[0m
[ 12%] [32mBuilding C object CMakeFiles/harvest_interfaces__rosidl_generator_c.dir/rosidl_generator_c/harvest_interfaces/srv/detail/get_gripper_pose__functions.c.o[0m
[ 13%] [32mBuilding C object CMakeFiles/harvest_interfaces__rosidl_generator_c.dir/rosidl_generator_c/harvest_interfaces/srv/detail/voxel_grid__functions.c.o[0m
[ 14%] [32m[1mLinking C shared library libharvest_interfaces__rosidl_generator_c.so[0m
[ 14%] Built target harvest_interfaces__rosidl_generator_c
[ 17%] [34m[1mGenerating C type support for eProsima Fast-RTPS[0m
[ 17%] [34m[1mGenerating C type support dispatch for ROS interfaces[0m
[ 17%] [34m[1mGenerating C introspection for ROS interfaces[0m
[35m[1mConsolidate compiler generated dependencies of target harvest_interfaces__rosidl_typesupport_introspection_cpp[0m
[ 17%] [32mBuilding CXX object CMakeFiles/harvest_interfaces__rosidl_typesupport_introspection_cpp.dir/rosidl_typesupport_introspection_cpp/harvest_interfaces/action/detail/event_detection__type_support.cpp.o[0m
[ 18%] [32mBuilding CXX object CMakeFiles/harvest_interfaces__rosidl_typesupport_introspection_cpp.dir/rosidl_typesupport_introspection_cpp/harvest_interfaces/srv/detail/apple_prediction__type_support.cpp.o[0m
[ 19%] [32mBuilding CXX object CMakeFiles/harvest_interfaces__rosidl_typesupport_introspection_cpp.dir/rosidl_typesupport_introspection_cpp/harvest_interfaces/action/detail/send_trajectory__type_support.cpp.o[0m
[ 20%] [32mBuilding CXX object CMakeFiles/harvest_interfaces__rosidl_typesupport_introspection_cpp.dir/rosidl_typesupport_introspection_cpp/harvest_interfaces/srv/detail/send_trajectory__type_support.cpp.o[0m
[ 21%] [32mBuilding CXX object CMakeFiles/harvest_interfaces__rosidl_typesupport_introspection_cpp.dir/rosidl_typesupport_introspection_cpp/harvest_interfaces/srv/detail/coordinate_to_trajectory__type_support.cpp.o[0m
[ 22%] [32mBuilding CXX object CMakeFiles/harvest_interfaces__rosidl_typesupport_introspection_cpp.dir/rosidl_typesupport_introspection_cpp/harvest_interfaces/srv/detail/voxel_mask__type_support.cpp.o[0m
[ 23%] [32mBuilding CXX object CMakeFiles/harvest_interfaces__rosidl_typesupport_introspection_cpp.dir/rosidl_typesupport_introspection_cpp/harvest_interfaces/srv/detail/trajectory_between_points__type_support.cpp.o[0m
[ 23%] [32mBuilding CXX object CMakeFiles/harvest_interfaces__rosidl_typesupport_introspection_cpp.dir/rosidl_typesupport_introspection_cpp/harvest_interfaces/srv/detail/move_to_pose__type_support.cpp.o[0m
[ 24%] [32mBuilding CXX object CMakeFiles/harvest_interfaces__rosidl_typesupport_introspection_cpp.dir/rosidl_typesupport_introspection_cpp/harvest_interfaces/srv/detail/set_value__type_support.cpp.o[0m
[ 25%] [32mBuilding CXX object CMakeFiles/harvest_interfaces__rosidl_typesupport_introspection_cpp.dir/rosidl_typesupport_introspection_cpp/harvest_interfaces/srv/detail/record_topics__type_support.cpp.o[0m
[ 26%] [32mBuilding CXX object CMakeFiles/harvest_interfaces__rosidl_typesupport_introspection_cpp.dir/rosidl_typesupport_introspection_cpp/harvest_interfaces/srv/detail/get_gripper_pose__type_support.cpp.o[0m
[35m[1mConsolidate compiler generated dependencies of target harvest_interfaces__rosidl_typesupport_cpp[0m
[ 27%] [32mBuilding CXX object CMakeFiles/harvest_interfaces__rosidl_typesupport_cpp.dir/rosidl_typesupport_cpp/harvest_interfaces/action/event_detection__type_support.cpp.o[0m
[35m[1mConsolidate compiler generated dependencies of target harvest_interfaces__rosidl_typesupport_c[0m
[ 28%] [32mBuilding CXX object CMakeFiles/harvest_interfaces__rosidl_typesupport_c.dir/rosidl_typesupport_c/harvest_interfaces/action/event_detection__type_support.cpp.o[0m
[ 28%] [32mBuilding CXX object CMakeFiles/harvest_interfaces__rosidl_typesupport_c.dir/rosidl_typesupport_c/harvest_interfaces/action/send_trajectory__type_support.cpp.o[0m
[ 29%] [32mBuilding CXX object CMakeFiles/harvest_interfaces__rosidl_typesupport_c.dir/rosidl_typesupport_c/harvest_interfaces/srv/apple_prediction__type_support.cpp.o[0m
[ 30%] [32mBuilding CXX object CMakeFiles/harvest_interfaces__rosidl_typesupport_introspection_cpp.dir/rosidl_typesupport_introspection_cpp/harvest_interfaces/srv/detail/voxel_grid__type_support.cpp.o[0m
[ 31%] [32mBuilding CXX object CMakeFiles/harvest_interfaces__rosidl_typesupport_c.dir/rosidl_typesupport_c/harvest_interfaces/srv/send_trajectory__type_support.cpp.o[0m
[ 32%] [32mBuilding CXX object CMakeFiles/harvest_interfaces__rosidl_typesupport_cpp.dir/rosidl_typesupport_cpp/harvest_interfaces/action/send_trajectory__type_support.cpp.o[0m
[ 33%] [32mBuilding CXX object CMakeFiles/harvest_interfaces__rosidl_typesupport_c.dir/rosidl_typesupport_c/harvest_interfaces/srv/coordinate_to_trajectory__type_support.cpp.o[0m
[ 34%] [32mBuilding CXX object CMakeFiles/harvest_interfaces__rosidl_typesupport_c.dir/rosidl_typesupport_c/harvest_interfaces/srv/voxel_mask__type_support.cpp.o[0m
[ 35%] [32mBuilding CXX object CMakeFiles/harvest_interfaces__rosidl_typesupport_c.dir/rosidl_typesupport_c/harvest_interfaces/srv/move_to_pose__type_support.cpp.o[0m
[ 36%] [32mBuilding CXX object CMakeFiles/harvest_interfaces__rosidl_typesupport_cpp.dir/rosidl_typesupport_cpp/harvest_interfaces/srv/apple_prediction__type_support.cpp.o[0m
[ 36%] [32mBuilding CXX object CMakeFiles/harvest_interfaces__rosidl_typesupport_c.dir/rosidl_typesupport_c/harvest_interfaces/srv/trajectory_between_points__type_support.cpp.o[0m
[ 37%] [32mBuilding CXX object CMakeFiles/harvest_interfaces__rosidl_typesupport_c.dir/rosidl_typesupport_c/harvest_interfaces/srv/set_value__type_support.cpp.o[0m
[ 38%] [32mBuilding CXX object CMakeFiles/harvest_interfaces__rosidl_typesupport_c.dir/rosidl_typesupport_c/harvest_interfaces/srv/record_topics__type_support.cpp.o[0m
[ 39%] [32mBuilding CXX object CMakeFiles/harvest_interfaces__rosidl_typesupport_c.dir/rosidl_typesupport_c/harvest_interfaces/srv/get_gripper_pose__type_support.cpp.o[0m
[ 40%] [32mBuilding CXX object CMakeFiles/harvest_interfaces__rosidl_typesupport_cpp.dir/rosidl_typesupport_cpp/harvest_interfaces/srv/send_trajectory__type_support.cpp.o[0m
[ 41%] [32mBuilding CXX object CMakeFiles/harvest_interfaces__rosidl_typesupport_c.dir/rosidl_typesupport_c/harvest_interfaces/srv/voxel_grid__type_support.cpp.o[0m
[ 41%] [32mBuilding CXX object CMakeFiles/harvest_interfaces__rosidl_typesupport_cpp.dir/rosidl_typesupport_cpp/harvest_interfaces/srv/coordinate_to_trajectory__type_support.cpp.o[0m
[35m[1mConsolidate compiler generated dependencies of target harvest_interfaces__rosidl_typesupport_fastrtps_cpp[0m
[ 42%] [32mBuilding CXX object CMakeFiles/harvest_interfaces__rosidl_typesupport_cpp.dir/rosidl_typesupport_cpp/harvest_interfaces/srv/voxel_mask__type_support.cpp.o[0m
[ 43%] [32mBuilding CXX object CMakeFiles/harvest_interfaces__rosidl_typesupport_cpp.dir/rosidl_typesupport_cpp/harvest_interfaces/srv/move_to_pose__type_support.cpp.o[0m
[ 44%] [32mBuilding CXX object CMakeFiles/harvest_interfaces__rosidl_typesupport_cpp.dir/rosidl_typesupport_cpp/harvest_interfaces/srv/trajectory_between_points__type_support.cpp.o[0m
[ 45%] [32mBuilding CXX object CMakeFiles/harvest_interfaces__rosidl_typesupport_cpp.dir/rosidl_typesupport_cpp/harvest_interfaces/srv/set_value__type_support.cpp.o[0m
[ 46%] [32mBuilding CXX object CMakeFiles/harvest_interfaces__rosidl_typesupport_fastrtps_cpp.dir/rosidl_typesupport_fastrtps_cpp/harvest_interfaces/action/detail/dds_fastrtps/event_detection__type_support.cpp.o[0m
[ 47%] [32m[1mLinking CXX shared library libharvest_interfaces__rosidl_typesupport_c.so[0m
[ 48%] [32mBuilding CXX object CMakeFiles/harvest_interfaces__rosidl_typesupport_fastrtps_cpp.dir/rosidl_typesupport_fastrtps_cpp/harvest_interfaces/action/detail/dds_fastrtps/send_trajectory__type_support.cpp.o[0m
[ 48%] Built target harvest_interfaces__rosidl_typesupport_c
[ 49%] [32mBuilding CXX object CMakeFiles/harvest_interfaces__rosidl_typesupport_cpp.dir/rosidl_typesupport_cpp/harvest_interfaces/srv/record_topics__type_support.cpp.o[0m
[ 49%] [32mBuilding CXX object CMakeFiles/harvest_interfaces__rosidl_typesupport_cpp.dir/rosidl_typesupport_cpp/harvest_interfaces/srv/get_gripper_pose__type_support.cpp.o[0m
[ 50%] [32mBuilding CXX object CMakeFiles/harvest_interfaces__rosidl_typesupport_fastrtps_cpp.dir/rosidl_typesupport_fastrtps_cpp/harvest_interfaces/srv/detail/dds_fastrtps/apple_prediction__type_support.cpp.o[0m
[ 51%] [32mBuilding CXX object CMakeFiles/harvest_interfaces__rosidl_typesupport_fastrtps_cpp.dir/rosidl_typesupport_fastrtps_cpp/harvest_interfaces/srv/detail/dds_fastrtps/send_trajectory__type_support.cpp.o[0m
[35m[1mConsolidate compiler generated dependencies of target harvest_interfaces__rosidl_typesupport_introspection_c[0m
[ 52%] [32mBuilding CXX object CMakeFiles/harvest_interfaces__rosidl_typesupport_fastrtps_cpp.dir/rosidl_typesupport_fastrtps_cpp/harvest_interfaces/srv/detail/dds_fastrtps/coordinate_to_trajectory__type_support.cpp.o[0m
[ 53%] [32mBuilding CXX object CMakeFiles/harvest_interfaces__rosidl_typesupport_cpp.dir/rosidl_typesupport_cpp/harvest_interfaces/srv/voxel_grid__type_support.cpp.o[0m
[ 54%] [32m[1mLinking CXX shared library libharvest_interfaces__rosidl_typesupport_introspection_cpp.so[0m
[ 55%] [32mBuilding C object CMakeFiles/harvest_interfaces__rosidl_typesupport_introspection_c.dir/rosidl_typesupport_introspection_c/harvest_interfaces/action/detail/event_detection__type_support.c.o[0m
[ 55%] [32mBuilding CXX object CMakeFiles/harvest_interfaces__rosidl_typesupport_fastrtps_cpp.dir/rosidl_typesupport_fastrtps_cpp/harvest_interfaces/srv/detail/dds_fastrtps/voxel_mask__type_support.cpp.o[0m
[ 56%] [32mBuilding C object CMakeFiles/harvest_interfaces__rosidl_typesupport_introspection_c.dir/rosidl_typesupport_introspection_c/harvest_interfaces/action/detail/send_trajectory__type_support.c.o[0m
[ 57%] [32mBuilding CXX object CMakeFiles/harvest_interfaces__rosidl_typesupport_fastrtps_cpp.dir/rosidl_typesupport_fastrtps_cpp/harvest_interfaces/srv/detail/dds_fastrtps/move_to_pose__type_support.cpp.o[0m
[ 58%] [32mBuilding CXX object CMakeFiles/harvest_interfaces__rosidl_typesupport_fastrtps_cpp.dir/rosidl_typesupport_fastrtps_cpp/harvest_interfaces/srv/detail/dds_fastrtps/trajectory_between_points__type_support.cpp.o[0m
[ 59%] [32mBuilding CXX object CMakeFiles/harvest_interfaces__rosidl_typesupport_fastrtps_cpp.dir/rosidl_typesupport_fastrtps_cpp/harvest_interfaces/srv/detail/dds_fastrtps/set_value__type_support.cpp.o[0m
[ 60%] [32mBuilding C object CMakeFiles/harvest_interfaces__rosidl_typesupport_introspection_c.dir/rosidl_typesupport_introspection_c/harvest_interfaces/srv/detail/apple_prediction__type_support.c.o[0m
[ 61%] [32mBuilding CXX object CMakeFiles/harvest_interfaces__rosidl_typesupport_fastrtps_cpp.dir/rosidl_typesupport_fastrtps_cpp/harvest_interfaces/srv/detail/dds_fastrtps/record_topics__type_support.cpp.o[0m
[35m[1mConsolidate compiler generated dependencies of target harvest_interfaces__rosidl_typesupport_fastrtps_c[0m
[ 61%] [32mBuilding C object CMakeFiles/harvest_interfaces__rosidl_typesupport_introspection_c.dir/rosidl_typesupport_introspection_c/harvest_interfaces/srv/detail/send_trajectory__type_support.c.o[0m
[ 62%] [32mBuilding CXX object CMakeFiles/harvest_interfaces__rosidl_typesupport_fastrtps_c.dir/rosidl_typesupport_fastrtps_c/harvest_interfaces/action/detail/event_detection__type_support_c.cpp.o[0m
[ 62%] Built target harvest_interfaces__rosidl_typesupport_introspection_cpp
[ 63%] [32mBuilding CXX object CMakeFiles/harvest_interfaces__rosidl_typesupport_fastrtps_c.dir/rosidl_typesupport_fastrtps_c/harvest_interfaces/action/detail/send_trajectory__type_support_c.cpp.o[0m
[ 63%] [32mBuilding CXX object CMakeFiles/harvest_interfaces__rosidl_typesupport_fastrtps_c.dir/rosidl_typesupport_fastrtps_c/harvest_interfaces/srv/detail/apple_prediction__type_support_c.cpp.o[0m
[ 64%] [32mBuilding CXX object CMakeFiles/harvest_interfaces__rosidl_typesupport_fastrtps_cpp.dir/rosidl_typesupport_fastrtps_cpp/harvest_interfaces/srv/detail/dds_fastrtps/get_gripper_pose__type_support.cpp.o[0m
[ 65%] [32mBuilding C object CMakeFiles/harvest_interfaces__rosidl_typesupport_introspection_c.dir/rosidl_typesupport_introspection_c/harvest_interfaces/srv/detail/coordinate_to_trajectory__type_support.c.o[0m
[ 66%] [32m[1mLinking CXX shared library libharvest_interfaces__rosidl_typesupport_cpp.so[0m
[ 67%] [32mBuilding C object CMakeFiles/harvest_interfaces__rosidl_typesupport_introspection_c.dir/rosidl_typesupport_introspection_c/harvest_interfaces/srv/detail/voxel_mask__type_support.c.o[0m
[ 67%] Built target harvest_interfaces__rosidl_typesupport_cpp
[ 68%] [32mBuilding C object CMakeFiles/harvest_interfaces__rosidl_typesupport_introspection_c.dir/rosidl_typesupport_introspection_c/harvest_interfaces/srv/detail/move_to_pose__type_support.c.o[0m
[ 69%] [32mBuilding C object CMakeFiles/harvest_interfaces__rosidl_typesupport_introspection_c.dir/rosidl_typesupport_introspection_c/harvest_interfaces/srv/detail/trajectory_between_points__type_support.c.o[0m
[ 69%] [32mBuilding CXX object CMakeFiles/harvest_interfaces__rosidl_typesupport_fastrtps_cpp.dir/rosidl_typesupport_fastrtps_cpp/harvest_interfaces/srv/detail/dds_fastrtps/voxel_grid__type_support.cpp.o[0m
[ 70%] [32mBuilding C object CMakeFiles/harvest_interfaces__rosidl_typesupport_introspection_c.dir/rosidl_typesupport_introspection_c/harvest_interfaces/srv/detail/set_value__type_support.c.o[0m
[ 71%] [32mBuilding CXX object CMakeFiles/harvest_interfaces__rosidl_typesupport_fastrtps_c.dir/rosidl_typesupport_fastrtps_c/harvest_interfaces/srv/detail/send_trajectory__type_support_c.cpp.o[0m
[ 72%] [32mBuilding CXX object CMakeFiles/harvest_interfaces__rosidl_typesupport_fastrtps_c.dir/rosidl_typesupport_fastrtps_c/harvest_interfaces/srv/detail/coordinate_to_trajectory__type_support_c.cpp.o[0m
[ 73%] [32mBuilding C object CMakeFiles/harvest_interfaces__rosidl_typesupport_introspection_c.dir/rosidl_typesupport_introspection_c/harvest_interfaces/srv/detail/record_topics__type_support.c.o[0m
[ 73%] [32mBuilding C object CMakeFiles/harvest_interfaces__rosidl_typesupport_introspection_c.dir/rosidl_typesupport_introspection_c/harvest_interfaces/srv/detail/get_gripper_pose__type_support.c.o[0m
[ 74%] [32mBuilding CXX object CMakeFiles/harvest_interfaces__rosidl_typesupport_fastrtps_c.dir/rosidl_typesupport_fastrtps_c/harvest_interfaces/srv/detail/voxel_mask__type_support_c.cpp.o[0m
[ 75%] [32mBuilding C object CMakeFiles/harvest_interfaces__rosidl_typesupport_introspection_c.dir/rosidl_typesupport_introspection_c/harvest_interfaces/srv/detail/voxel_grid__type_support.c.o[0m
[ 76%] [32mBuilding CXX object CMakeFiles/harvest_interfaces__rosidl_typesupport_fastrtps_c.dir/rosidl_typesupport_fastrtps_c/harvest_interfaces/srv/detail/move_to_pose__type_support_c.cpp.o[0m
[ 77%] [32mBuilding CXX object CMakeFiles/harvest_interfaces__rosidl_typesupport_fastrtps_c.dir/rosidl_typesupport_fastrtps_c/harvest_interfaces/srv/detail/trajectory_between_points__type_support_c.cpp.o[0m
[ 77%] [32mBuilding CXX object CMakeFiles/harvest_interfaces__rosidl_typesupport_fastrtps_c.dir/rosidl_typesupport_fastrtps_c/harvest_interfaces/srv/detail/set_value__type_support_c.cpp.o[0m
[ 78%] [32m[1mLinking C shared library libharvest_interfaces__rosidl_typesupport_introspection_c.so[0m
[ 79%] [32mBuilding CXX object CMakeFiles/harvest_interfaces__rosidl_typesupport_fastrtps_c.dir/rosidl_typesupport_fastrtps_c/harvest_interfaces/srv/detail/record_topics__type_support_c.cpp.o[0m
[ 79%] Built target harvest_interfaces__rosidl_typesupport_introspection_c
[ 80%] [32mBuilding CXX object CMakeFiles/harvest_interfaces__rosidl_typesupport_fastrtps_c.dir/rosidl_typesupport_fastrtps_c/harvest_interfaces/srv/detail/get_gripper_pose__type_support_c.cpp.o[0m
[ 81%] [32mBuilding CXX object CMakeFiles/harvest_interfaces__rosidl_typesupport_fastrtps_c.dir/rosidl_typesupport_fastrtps_c/harvest_interfaces/srv/detail/voxel_grid__type_support_c.cpp.o[0m
[ 82%] [32m[1mLinking CXX shared library libharvest_interfaces__rosidl_typesupport_fastrtps_cpp.so[0m
[ 83%] [32m[1mLinking CXX shared library libharvest_interfaces__rosidl_typesupport_fastrtps_c.so[0m
[ 83%] Built target harvest_interfaces__rosidl_typesupport_fastrtps_cpp
[ 83%] Built target harvest_interfaces__rosidl_typesupport_fastrtps_c
[ 83%] Built target harvest_interfaces
[ 84%] [34m[1mGenerating Python code for ROS interfaces[0m
[ 84%] Built target harvest_interfaces__py
[35m[1mConsolidate compiler generated dependencies of target harvest_interfaces__rosidl_generator_py[0m
[ 85%] [32mBuilding C object CMakeFiles/harvest_interfaces__rosidl_generator_py.dir/rosidl_generator_py/harvest_interfaces/action/_event_detection_s.c.o[0m
[ 86%] [32mBuilding C object CMakeFiles/harvest_interfaces__rosidl_generator_py.dir/rosidl_generator_py/harvest_interfaces/action/_send_trajectory_s.c.o[0m
[ 86%] [32mBuilding C object CMakeFiles/harvest_interfaces__rosidl_generator_py.dir/rosidl_generator_py/harvest_interfaces/srv/_apple_prediction_s.c.o[0m
[ 87%] [32mBuilding C object CMakeFiles/harvest_interfaces__rosidl_generator_py.dir/rosidl_generator_py/harvest_interfaces/srv/_send_trajectory_s.c.o[0m
[ 88%] [32mBuilding C object CMakeFiles/harvest_interfaces__rosidl_generator_py.dir/rosidl_generator_py/harvest_interfaces/srv/_coordinate_to_trajectory_s.c.o[0m
[ 89%] [32mBuilding C object CMakeFiles/harvest_interfaces__rosidl_generator_py.dir/rosidl_generator_py/harvest_interfaces/srv/_voxel_mask_s.c.o[0m
[ 90%] [32mBuilding C object CMakeFiles/harvest_interfaces__rosidl_generator_py.dir/rosidl_generator_py/harvest_interfaces/srv/_move_to_pose_s.c.o[0m
[ 91%] [32mBuilding C object CMakeFiles/harvest_interfaces__rosidl_generator_py.dir/rosidl_generator_py/harvest_interfaces/srv/_trajectory_between_points_s.c.o[0m
[ 91%] [32mBuilding C object CMakeFiles/harvest_interfaces__rosidl_generator_py.dir/rosidl_generator_py/harvest_interfaces/srv/_record_topics_s.c.o[0m
[ 92%] [32mBuilding C object CMakeFiles/harvest_interfaces__rosidl_generator_py.dir/rosidl_generator_py/harvest_interfaces/srv/_set_value_s.c.o[0m
[ 93%] [32mBuilding C object CMakeFiles/harvest_interfaces__rosidl_generator_py.dir/rosidl_generator_py/harvest_interfaces/srv/_get_gripper_pose_s.c.o[0m
[ 94%] [32mBuilding C object CMakeFiles/harvest_interfaces__rosidl_generator_py.dir/rosidl_generator_py/harvest_interfaces/srv/_voxel_grid_s.c.o[0m
[ 95%] [32m[1mLinking C shared library rosidl_generator_py/harvest_interfaces/libharvest_interfaces__rosidl_generator_py.so[0m
[ 95%] Built target harvest_interfaces__rosidl_generator_py
[35m[1mConsolidate compiler generated dependencies of target harvest_interfaces__rosidl_typesupport_fastrtps_c__pyext[0m
[35m[1mConsolidate compiler generated dependencies of target harvest_interfaces__rosidl_typesupport_c__pyext[0m
[35m[1mConsolidate compiler generated dependencies of target harvest_interfaces__rosidl_typesupport_introspection_c__pyext[0m
[ 95%] [32mBuilding C object CMakeFiles/harvest_interfaces__rosidl_typesupport_c__pyext.dir/rosidl_generator_py/harvest_interfaces/_harvest_interfaces_s.ep.rosidl_typesupport_c.c.o[0m
[ 96%] [32mBuilding C object CMakeFiles/harvest_interfaces__rosidl_typesupport_fastrtps_c__pyext.dir/rosidl_generator_py/harvest_interfaces/_harvest_interfaces_s.ep.rosidl_typesupport_fastrtps_c.c.o[0m
[ 97%] [32mBuilding C object CMakeFiles/harvest_interfaces__rosidl_typesupport_introspection_c__pyext.dir/rosidl_generator_py/harvest_interfaces/_harvest_interfaces_s.ep.rosidl_typesupport_introspection_c.c.o[0m
[ 98%] [32m[1mLinking C shared library rosidl_generator_py/harvest_interfaces/harvest_interfaces_s__rosidl_typesupport_fastrtps_c.cpython-310-x86_64-linux-gnu.so[0m
[ 99%] [32m[1mLinking C shared library rosidl_generator_py/harvest_interfaces/harvest_interfaces_s__rosidl_typesupport_c.cpython-310-x86_64-linux-gnu.so[0m
[100%] [32m[1mLinking C shared library rosidl_generator_py/harvest_interfaces/harvest_interfaces_s__rosidl_typesupport_introspection_c.cpython-310-x86_64-linux-gnu.so[0m
[100%] Built target harvest_interfaces__rosidl_typesupport_c__pyext
[100%] Built target harvest_interfaces__rosidl_typesupport_fastrtps_c__pyext
[100%] Built target harvest_interfaces__rosidl_typesupport_introspection_c__pyext
-- Install configuration: ""
-- Execute custom install script
-- Up-to-date symlink: /home/imml/git/research_2025/apple-harvest-eva/install/harvest_interfaces/share/ament_index/resource_index/rosidl_interfaces/harvest_interfaces
-- Up-to-date symlink: /home/imml/git/research_2025/apple-harvest-eva/install/harvest_interfaces/include/harvest_interfaces/harvest_interfaces/action/detail/event_detection__functions.h
-- Up-to-date symlink: /home/imml/git/research_2025/apple-harvest-eva/install/harvest_interfaces/include/harvest_interfaces/harvest_interfaces/action/detail/event_detection__struct.h
-- Up-to-date symlink: /home/imml/git/research_2025/apple-harvest-eva/install/harvest_interfaces/include/harvest_interfaces/harvest_interfaces/action/detail/event_detection__type_support.h
-- Up-to-date symlink: /home/imml/git/research_2025/apple-harvest-eva/install/harvest_interfaces/include/harvest_interfaces/harvest_interfaces/action/detail/send_trajectory__functions.h
-- Up-to-date symlink: /home/imml/git/research_2025/apple-harvest-eva/install/harvest_interfaces/include/harvest_interfaces/harvest_interfaces/action/detail/send_trajectory__struct.h
-- Up-to-date symlink: /home/imml/git/research_2025/apple-harvest-eva/install/harvest_interfaces/include/harvest_interfaces/harvest_interfaces/action/detail/send_trajectory__type_support.h
-- Up-to-date symlink: /home/imml/git/research_2025/apple-harvest-eva/install/harvest_interfaces/include/harvest_interfaces/harvest_interfaces/action/event_detection.h
-- Up-to-date symlink: /home/imml/git/research_2025/apple-harvest-eva/install/harvest_interfaces/include/harvest_interfaces/harvest_interfaces/action/send_trajectory.h
-- Up-to-date symlink: /home/imml/git/research_2025/apple-harvest-eva/install/harvest_interfaces/include/harvest_interfaces/harvest_interfaces/msg/rosidl_generator_c__visibility_control.h
-- Up-to-date symlink: /home/imml/git/research_2025/apple-harvest-eva/install/harvest_interfaces/include/harvest_interfaces/harvest_interfaces/srv/apple_prediction.h
-- Up-to-date symlink: /home/imml/git/research_2025/apple-harvest-eva/install/harvest_interfaces/include/harvest_interfaces/harvest_interfaces/srv/coordinate_to_trajectory.h
-- Up-to-date symlink: /home/imml/git/research_2025/apple-harvest-eva/install/harvest_interfaces/include/harvest_interfaces/harvest_interfaces/srv/detail/apple_prediction__functions.h
-- Up-to-date symlink: /home/imml/git/research_2025/apple-harvest-eva/install/harvest_interfaces/include/harvest_interfaces/harvest_interfaces/srv/detail/apple_prediction__struct.h
-- Up-to-date symlink: /home/imml/git/research_2025/apple-harvest-eva/install/harvest_interfaces/include/harvest_interfaces/harvest_interfaces/srv/detail/apple_prediction__type_support.h
-- Up-to-date symlink: /home/imml/git/research_2025/apple-harvest-eva/install/harvest_interfaces/include/harvest_interfaces/harvest_interfaces/srv/detail/coordinate_to_trajectory__functions.h
-- Up-to-date symlink: /home/imml/git/research_2025/apple-harvest-eva/install/harvest_interfaces/include/harvest_interfaces/harvest_interfaces/srv/detail/coordinate_to_trajectory__struct.h
-- Up-to-date symlink: /home/imml/git/research_2025/apple-harvest-eva/install/harvest_interfaces/include/harvest_interfaces/harvest_interfaces/srv/detail/coordinate_to_trajectory__type_support.h
-- Up-to-date symlink: /home/imml/git/research_2025/apple-harvest-eva/install/harvest_interfaces/include/harvest_interfaces/harvest_interfaces/srv/detail/get_gripper_pose__functions.h
-- Up-to-date symlink: /home/imml/git/research_2025/apple-harvest-eva/install/harvest_interfaces/include/harvest_interfaces/harvest_interfaces/srv/detail/get_gripper_pose__struct.h
-- Up-to-date symlink: /home/imml/git/research_2025/apple-harvest-eva/install/harvest_interfaces/include/harvest_interfaces/harvest_interfaces/srv/detail/get_gripper_pose__type_support.h
-- Up-to-date symlink: /home/imml/git/research_2025/apple-harvest-eva/install/harvest_interfaces/include/harvest_interfaces/harvest_interfaces/srv/detail/move_to_pose__functions.h
-- Up-to-date symlink: /home/imml/git/research_2025/apple-harvest-eva/install/harvest_interfaces/include/harvest_interfaces/harvest_interfaces/srv/detail/move_to_pose__struct.h
-- Up-to-date symlink: /home/imml/git/research_2025/apple-harvest-eva/install/harvest_interfaces/include/harvest_interfaces/harvest_interfaces/srv/detail/move_to_pose__type_support.h
-- Up-to-date symlink: /home/imml/git/research_2025/apple-harvest-eva/install/harvest_interfaces/include/harvest_interfaces/harvest_interfaces/srv/detail/record_topics__functions.h
-- Up-to-date symlink: /home/imml/git/research_2025/apple-harvest-eva/install/harvest_interfaces/include/harvest_interfaces/harvest_interfaces/srv/detail/record_topics__struct.h
-- Up-to-date symlink: /home/imml/git/research_2025/apple-harvest-eva/install/harvest_interfaces/include/harvest_interfaces/harvest_interfaces/srv/detail/record_topics__type_support.h
-- Up-to-date symlink: /home/imml/git/research_2025/apple-harvest-eva/install/harvest_interfaces/include/harvest_interfaces/harvest_interfaces/srv/detail/send_trajectory__functions.h
-- Up-to-date symlink: /home/imml/git/research_2025/apple-harvest-eva/install/harvest_interfaces/include/harvest_interfaces/harvest_interfaces/srv/detail/send_trajectory__struct.h
-- Up-to-date symlink: /home/imml/git/research_2025/apple-harvest-eva/install/harvest_interfaces/include/harvest_interfaces/harvest_interfaces/srv/detail/send_trajectory__type_support.h
-- Up-to-date symlink: /home/imml/git/research_2025/apple-harvest-eva/install/harvest_interfaces/include/harvest_interfaces/harvest_interfaces/srv/detail/set_value__functions.h
-- Up-to-date symlink: /home/imml/git/research_2025/apple-harvest-eva/install/harvest_interfaces/include/harvest_interfaces/harvest_interfaces/srv/detail/set_value__struct.h
-- Up-to-date symlink: /home/imml/git/research_2025/apple-harvest-eva/install/harvest_interfaces/include/harvest_interfaces/harvest_interfaces/srv/detail/set_value__type_support.h
-- Up-to-date symlink: /home/imml/git/research_2025/apple-harvest-eva/install/harvest_interfaces/include/harvest_interfaces/harvest_interfaces/srv/detail/trajectory_between_points__functions.h
-- Up-to-date symlink: /home/imml/git/research_2025/apple-harvest-eva/install/harvest_interfaces/include/harvest_interfaces/harvest_interfaces/srv/detail/trajectory_between_points__struct.h
-- Up-to-date symlink: /home/imml/git/research_2025/apple-harvest-eva/install/harvest_interfaces/include/harvest_interfaces/harvest_interfaces/srv/detail/trajectory_between_points__type_support.h
-- Up-to-date symlink: /home/imml/git/research_2025/apple-harvest-eva/install/harvest_interfaces/include/harvest_interfaces/harvest_interfaces/srv/detail/voxel_grid__functions.h
-- Up-to-date symlink: /home/imml/git/research_2025/apple-harvest-eva/install/harvest_interfaces/include/harvest_interfaces/harvest_interfaces/srv/detail/voxel_grid__struct.h
-- Up-to-date symlink: /home/imml/git/research_2025/apple-harvest-eva/install/harvest_interfaces/include/harvest_interfaces/harvest_interfaces/srv/detail/voxel_grid__type_support.h
-- Up-to-date symlink: /home/imml/git/research_2025/apple-harvest-eva/install/harvest_interfaces/include/harvest_interfaces/harvest_interfaces/srv/detail/voxel_mask__functions.h
-- Up-to-date symlink: /home/imml/git/research_2025/apple-harvest-eva/install/harvest_interfaces/include/harvest_interfaces/harvest_interfaces/srv/detail/voxel_mask__struct.h
-- Up-to-date symlink: /home/imml/git/research_2025/apple-harvest-eva/install/harvest_interfaces/include/harvest_interfaces/harvest_interfaces/srv/detail/voxel_mask__type_support.h
-- Up-to-date symlink: /home/imml/git/research_2025/apple-harvest-eva/install/harvest_interfaces/include/harvest_interfaces/harvest_interfaces/srv/get_gripper_pose.h
-- Up-to-date symlink: /home/imml/git/research_2025/apple-harvest-eva/install/harvest_interfaces/include/harvest_interfaces/harvest_interfaces/srv/move_to_pose.h
-- Up-to-date symlink: /home/imml/git/research_2025/apple-harvest-eva/install/harvest_interfaces/include/harvest_interfaces/harvest_interfaces/srv/record_topics.h
-- Up-to-date symlink: /home/imml/git/research_2025/apple-harvest-eva/install/harvest_interfaces/include/harvest_interfaces/harvest_interfaces/srv/send_trajectory.h
-- Up-to-date symlink: /home/imml/git/research_2025/apple-harvest-eva/install/harvest_interfaces/include/harvest_interfaces/harvest_interfaces/srv/set_value.h
-- Up-to-date symlink: /home/imml/git/research_2025/apple-harvest-eva/install/harvest_interfaces/include/harvest_interfaces/harvest_interfaces/srv/trajectory_between_points.h
-- Up-to-date symlink: /home/imml/git/research_2025/apple-harvest-eva/install/harvest_interfaces/include/harvest_interfaces/harvest_interfaces/srv/voxel_grid.h
-- Up-to-date symlink: /home/imml/git/research_2025/apple-harvest-eva/install/harvest_interfaces/include/harvest_interfaces/harvest_interfaces/srv/voxel_mask.h
-- Up-to-date symlink: /home/imml/git/research_2025/apple-harvest-eva/install/harvest_interfaces/share/harvest_interfaces/environment/library_path.sh
-- Up-to-date symlink: /home/imml/git/research_2025/apple-harvest-eva/install/harvest_interfaces/share/harvest_interfaces/environment/library_path.dsv
-- Up-to-date symlink: /home/imml/git/research_2025/apple-harvest-eva/install/harvest_interfaces/include/harvest_interfaces/harvest_interfaces/action/detail/event_detection__rosidl_typesupport_fastrtps_c.h
-- Up-to-date symlink: /home/imml/git/research_2025/apple-harvest-eva/install/harvest_interfaces/include/harvest_interfaces/harvest_interfaces/action/detail/send_trajectory__rosidl_typesupport_fastrtps_c.h
-- Up-to-date symlink: /home/imml/git/research_2025/apple-harvest-eva/install/harvest_interfaces/include/harvest_interfaces/harvest_interfaces/msg/rosidl_typesupport_fastrtps_c__visibility_control.h
-- Up-to-date symlink: /home/imml/git/research_2025/apple-harvest-eva/install/harvest_interfaces/include/harvest_interfaces/harvest_interfaces/srv/detail/apple_prediction__rosidl_typesupport_fastrtps_c.h
-- Up-to-date symlink: /home/imml/git/research_2025/apple-harvest-eva/install/harvest_interfaces/include/harvest_interfaces/harvest_interfaces/srv/detail/coordinate_to_trajectory__rosidl_typesupport_fastrtps_c.h
-- Up-to-date symlink: /home/imml/git/research_2025/apple-harvest-eva/install/harvest_interfaces/include/harvest_interfaces/harvest_interfaces/srv/detail/get_gripper_pose__rosidl_typesupport_fastrtps_c.h
-- Up-to-date symlink: /home/imml/git/research_2025/apple-harvest-eva/install/harvest_interfaces/include/harvest_interfaces/harvest_interfaces/srv/detail/move_to_pose__rosidl_typesupport_fastrtps_c.h
-- Up-to-date symlink: /home/imml/git/research_2025/apple-harvest-eva/install/harvest_interfaces/include/harvest_interfaces/harvest_interfaces/srv/detail/record_topics__rosidl_typesupport_fastrtps_c.h
-- Up-to-date symlink: /home/imml/git/research_2025/apple-harvest-eva/install/harvest_interfaces/include/harvest_interfaces/harvest_interfaces/srv/detail/send_trajectory__rosidl_typesupport_fastrtps_c.h
-- Up-to-date symlink: /home/imml/git/research_2025/apple-harvest-eva/install/harvest_interfaces/include/harvest_interfaces/harvest_interfaces/srv/detail/set_value__rosidl_typesupport_fastrtps_c.h
-- Up-to-date symlink: /home/imml/git/research_2025/apple-harvest-eva/install/harvest_interfaces/include/harvest_interfaces/harvest_interfaces/srv/detail/trajectory_between_points__rosidl_typesupport_fastrtps_c.h
-- Up-to-date symlink: /home/imml/git/research_2025/apple-harvest-eva/install/harvest_interfaces/include/harvest_interfaces/harvest_interfaces/srv/detail/voxel_grid__rosidl_typesupport_fastrtps_c.h
-- Up-to-date symlink: /home/imml/git/research_2025/apple-harvest-eva/install/harvest_interfaces/include/harvest_interfaces/harvest_interfaces/srv/detail/voxel_mask__rosidl_typesupport_fastrtps_c.h
-- Up-to-date symlink: /home/imml/git/research_2025/apple-harvest-eva/install/harvest_interfaces/include/harvest_interfaces/harvest_interfaces/action/detail/event_detection__rosidl_typesupport_introspection_c.h
-- Up-to-date symlink: /home/imml/git/research_2025/apple-harvest-eva/install/harvest_interfaces/include/harvest_interfaces/harvest_interfaces/action/detail/send_trajectory__rosidl_typesupport_introspection_c.h
-- Up-to-date symlink: /home/imml/git/research_2025/apple-harvest-eva/install/harvest_interfaces/include/harvest_interfaces/harvest_interfaces/msg/rosidl_typesupport_introspection_c__visibility_control.h
-- Up-to-date symlink: /home/imml/git/research_2025/apple-harvest-eva/install/harvest_interfaces/include/harvest_interfaces/harvest_interfaces/srv/detail/apple_prediction__rosidl_typesupport_introspection_c.h
-- Up-to-date symlink: /home/imml/git/research_2025/apple-harvest-eva/install/harvest_interfaces/include/harvest_interfaces/harvest_interfaces/srv/detail/coordinate_to_trajectory__rosidl_typesupport_introspection_c.h
-- Up-to-date symlink: /home/imml/git/research_2025/apple-harvest-eva/install/harvest_interfaces/include/harvest_interfaces/harvest_interfaces/srv/detail/get_gripper_pose__rosidl_typesupport_introspection_c.h
-- Up-to-date symlink: /home/imml/git/research_2025/apple-harvest-eva/install/harvest_interfaces/include/harvest_interfaces/harvest_interfaces/srv/detail/move_to_pose__rosidl_typesupport_introspection_c.h
-- Up-to-date symlink: /home/imml/git/research_2025/apple-harvest-eva/install/harvest_interfaces/include/harvest_interfaces/harvest_interfaces/srv/detail/record_topics__rosidl_typesupport_introspection_c.h
-- Up-to-date symlink: /home/imml/git/research_2025/apple-harvest-eva/install/harvest_interfaces/include/harvest_interfaces/harvest_interfaces/srv/detail/send_trajectory__rosidl_typesupport_introspection_c.h
-- Up-to-date symlink: /home/imml/git/research_2025/apple-harvest-eva/install/harvest_interfaces/include/harvest_interfaces/harvest_interfaces/srv/detail/set_value__rosidl_typesupport_introspection_c.h
-- Up-to-date symlink: /home/imml/git/research_2025/apple-harvest-eva/install/harvest_interfaces/include/harvest_interfaces/harvest_interfaces/srv/detail/trajectory_between_points__rosidl_typesupport_introspection_c.h
-- Up-to-date symlink: /home/imml/git/research_2025/apple-harvest-eva/install/harvest_interfaces/include/harvest_interfaces/harvest_interfaces/srv/detail/voxel_grid__rosidl_typesupport_introspection_c.h
-- Up-to-date symlink: /home/imml/git/research_2025/apple-harvest-eva/install/harvest_interfaces/include/harvest_interfaces/harvest_interfaces/srv/detail/voxel_mask__rosidl_typesupport_introspection_c.h
-- Up-to-date symlink: /home/imml/git/research_2025/apple-harvest-eva/install/harvest_interfaces/include/harvest_interfaces/harvest_interfaces/action/detail/event_detection__builder.hpp
-- Up-to-date symlink: /home/imml/git/research_2025/apple-harvest-eva/install/harvest_interfaces/include/harvest_interfaces/harvest_interfaces/action/detail/event_detection__struct.hpp
-- Up-to-date symlink: /home/imml/git/research_2025/apple-harvest-eva/install/harvest_interfaces/include/harvest_interfaces/harvest_interfaces/action/detail/event_detection__traits.hpp
-- Up-to-date symlink: /home/imml/git/research_2025/apple-harvest-eva/install/harvest_interfaces/include/harvest_interfaces/harvest_interfaces/action/detail/event_detection__type_support.hpp
-- Up-to-date symlink: /home/imml/git/research_2025/apple-harvest-eva/install/harvest_interfaces/include/harvest_interfaces/harvest_interfaces/action/detail/send_trajectory__builder.hpp
-- Up-to-date symlink: /home/imml/git/research_2025/apple-harvest-eva/install/harvest_interfaces/include/harvest_interfaces/harvest_interfaces/action/detail/send_trajectory__struct.hpp
-- Up-to-date symlink: /home/imml/git/research_2025/apple-harvest-eva/install/harvest_interfaces/include/harvest_interfaces/harvest_interfaces/action/detail/send_trajectory__traits.hpp
-- Up-to-date symlink: /home/imml/git/research_2025/apple-harvest-eva/install/harvest_interfaces/include/harvest_interfaces/harvest_interfaces/action/detail/send_trajectory__type_support.hpp
-- Up-to-date symlink: /home/imml/git/research_2025/apple-harvest-eva/install/harvest_interfaces/include/harvest_interfaces/harvest_interfaces/action/event_detection.hpp
-- Up-to-date symlink: /home/imml/git/research_2025/apple-harvest-eva/install/harvest_interfaces/include/harvest_interfaces/harvest_interfaces/action/send_trajectory.hpp
-- Up-to-date symlink: /home/imml/git/research_2025/apple-harvest-eva/install/harvest_interfaces/include/harvest_interfaces/harvest_interfaces/msg/rosidl_generator_cpp__visibility_control.hpp
-- Up-to-date symlink: /home/imml/git/research_2025/apple-harvest-eva/install/harvest_interfaces/include/harvest_interfaces/harvest_interfaces/srv/apple_prediction.hpp
-- Up-to-date symlink: /home/imml/git/research_2025/apple-harvest-eva/install/harvest_interfaces/include/harvest_interfaces/harvest_interfaces/srv/coordinate_to_trajectory.hpp
-- Up-to-date symlink: /home/imml/git/research_2025/apple-harvest-eva/install/harvest_interfaces/include/harvest_interfaces/harvest_interfaces/srv/detail/apple_prediction__builder.hpp
-- Up-to-date symlink: /home/imml/git/research_2025/apple-harvest-eva/install/harvest_interfaces/include/harvest_interfaces/harvest_interfaces/srv/detail/apple_prediction__struct.hpp
-- Up-to-date symlink: /home/imml/git/research_2025/apple-harvest-eva/install/harvest_interfaces/include/harvest_interfaces/harvest_interfaces/srv/detail/apple_prediction__traits.hpp
-- Up-to-date symlink: /home/imml/git/research_2025/apple-harvest-eva/install/harvest_interfaces/include/harvest_interfaces/harvest_interfaces/srv/detail/apple_prediction__type_support.hpp
-- Up-to-date symlink: /home/imml/git/research_2025/apple-harvest-eva/install/harvest_interfaces/include/harvest_interfaces/harvest_interfaces/srv/detail/coordinate_to_trajectory__builder.hpp
-- Up-to-date symlink: /home/imml/git/research_2025/apple-harvest-eva/install/harvest_interfaces/include/harvest_interfaces/harvest_interfaces/srv/detail/coordinate_to_trajectory__struct.hpp
-- Up-to-date symlink: /home/imml/git/research_2025/apple-harvest-eva/install/harvest_interfaces/include/harvest_interfaces/harvest_interfaces/srv/detail/coordinate_to_trajectory__traits.hpp
-- Up-to-date symlink: /home/imml/git/research_2025/apple-harvest-eva/install/harvest_interfaces/include/harvest_interfaces/harvest_interfaces/srv/detail/coordinate_to_trajectory__type_support.hpp
-- Up-to-date symlink: /home/imml/git/research_2025/apple-harvest-eva/install/harvest_interfaces/include/harvest_interfaces/harvest_interfaces/srv/detail/get_gripper_pose__builder.hpp
-- Up-to-date symlink: /home/imml/git/research_2025/apple-harvest-eva/install/harvest_interfaces/include/harvest_interfaces/harvest_interfaces/srv/detail/get_gripper_pose__struct.hpp
-- Up-to-date symlink: /home/imml/git/research_2025/apple-harvest-eva/install/harvest_interfaces/include/harvest_interfaces/harvest_interfaces/srv/detail/get_gripper_pose__traits.hpp
-- Up-to-date symlink: /home/imml/git/research_2025/apple-harvest-eva/install/harvest_interfaces/include/harvest_interfaces/harvest_interfaces/srv/detail/get_gripper_pose__type_support.hpp
-- Up-to-date symlink: /home/imml/git/research_2025/apple-harvest-eva/install/harvest_interfaces/include/harvest_interfaces/harvest_interfaces/srv/detail/move_to_pose__builder.hpp
-- Up-to-date symlink: /home/imml/git/research_2025/apple-harvest-eva/install/harvest_interfaces/include/harvest_interfaces/harvest_interfaces/srv/detail/move_to_pose__struct.hpp
-- Up-to-date symlink: /home/imml/git/research_2025/apple-harvest-eva/install/harvest_interfaces/include/harvest_interfaces/harvest_interfaces/srv/detail/move_to_pose__traits.hpp
-- Up-to-date symlink: /home/imml/git/research_2025/apple-harvest-eva/install/harvest_interfaces/include/harvest_interfaces/harvest_interfaces/srv/detail/move_to_pose__type_support.hpp
-- Up-to-date symlink: /home/imml/git/research_2025/apple-harvest-eva/install/harvest_interfaces/include/harvest_interfaces/harvest_interfaces/srv/detail/record_topics__builder.hpp
-- Up-to-date symlink: /home/imml/git/research_2025/apple-harvest-eva/install/harvest_interfaces/include/harvest_interfaces/harvest_interfaces/srv/detail/record_topics__struct.hpp
-- Up-to-date symlink: /home/imml/git/research_2025/apple-harvest-eva/install/harvest_interfaces/include/harvest_interfaces/harvest_interfaces/srv/detail/record_topics__traits.hpp
-- Up-to-date symlink: /home/imml/git/research_2025/apple-harvest-eva/install/harvest_interfaces/include/harvest_interfaces/harvest_interfaces/srv/detail/record_topics__type_support.hpp
-- Up-to-date symlink: /home/imml/git/research_2025/apple-harvest-eva/install/harvest_interfaces/include/harvest_interfaces/harvest_interfaces/srv/detail/send_trajectory__builder.hpp
-- Up-to-date symlink: /home/imml/git/research_2025/apple-harvest-eva/install/harvest_interfaces/include/harvest_interfaces/harvest_interfaces/srv/detail/send_trajectory__struct.hpp
-- Up-to-date symlink: /home/imml/git/research_2025/apple-harvest-eva/install/harvest_interfaces/include/harvest_interfaces/harvest_interfaces/srv/detail/send_trajectory__traits.hpp
-- Up-to-date symlink: /home/imml/git/research_2025/apple-harvest-eva/install/harvest_interfaces/include/harvest_interfaces/harvest_interfaces/srv/detail/send_trajectory__type_support.hpp
-- Up-to-date symlink: /home/imml/git/research_2025/apple-harvest-eva/install/harvest_interfaces/include/harvest_interfaces/harvest_interfaces/srv/detail/set_value__builder.hpp
-- Up-to-date symlink: /home/imml/git/research_2025/apple-harvest-eva/install/harvest_interfaces/include/harvest_interfaces/harvest_interfaces/srv/detail/set_value__struct.hpp
-- Up-to-date symlink: /home/imml/git/research_2025/apple-harvest-eva/install/harvest_interfaces/include/harvest_interfaces/harvest_interfaces/srv/detail/set_value__traits.hpp
-- Up-to-date symlink: /home/imml/git/research_2025/apple-harvest-eva/install/harvest_interfaces/include/harvest_interfaces/harvest_interfaces/srv/detail/set_value__type_support.hpp
-- Up-to-date symlink: /home/imml/git/research_2025/apple-harvest-eva/install/harvest_interfaces/include/harvest_interfaces/harvest_interfaces/srv/detail/trajectory_between_points__builder.hpp
-- Up-to-date symlink: /home/imml/git/research_2025/apple-harvest-eva/install/harvest_interfaces/include/harvest_interfaces/harvest_interfaces/srv/detail/trajectory_between_points__struct.hpp
-- Up-to-date symlink: /home/imml/git/research_2025/apple-harvest-eva/install/harvest_interfaces/include/harvest_interfaces/harvest_interfaces/srv/detail/trajectory_between_points__traits.hpp
-- Up-to-date symlink: /home/imml/git/research_2025/apple-harvest-eva/install/harvest_interfaces/include/harvest_interfaces/harvest_interfaces/srv/detail/trajectory_between_points__type_support.hpp
-- Up-to-date symlink: /home/imml/git/research_2025/apple-harvest-eva/install/harvest_interfaces/include/harvest_interfaces/harvest_interfaces/srv/detail/voxel_grid__builder.hpp
-- Up-to-date symlink: /home/imml/git/research_2025/apple-harvest-eva/install/harvest_interfaces/include/harvest_interfaces/harvest_interfaces/srv/detail/voxel_grid__struct.hpp
-- Up-to-date symlink: /home/imml/git/research_2025/apple-harvest-eva/install/harvest_interfaces/include/harvest_interfaces/harvest_interfaces/srv/detail/voxel_grid__traits.hpp
-- Up-to-date symlink: /home/imml/git/research_2025/apple-harvest-eva/install/harvest_interfaces/include/harvest_interfaces/harvest_interfaces/srv/detail/voxel_grid__type_support.hpp
-- Up-to-date symlink: /home/imml/git/research_2025/apple-harvest-eva/install/harvest_interfaces/include/harvest_interfaces/harvest_interfaces/srv/detail/voxel_mask__builder.hpp
-- Up-to-date symlink: /home/imml/git/research_2025/apple-harvest-eva/install/harvest_interfaces/include/harvest_interfaces/harvest_interfaces/srv/detail/voxel_mask__struct.hpp
-- Up-to-date symlink: /home/imml/git/research_2025/apple-harvest-eva/install/harvest_interfaces/include/harvest_interfaces/harvest_interfaces/srv/detail/voxel_mask__traits.hpp
-- Up-to-date symlink: /home/imml/git/research_2025/apple-harvest-eva/install/harvest_interfaces/include/harvest_interfaces/harvest_interfaces/srv/detail/voxel_mask__type_support.hpp
-- Up-to-date symlink: /home/imml/git/research_2025/apple-harvest-eva/install/harvest_interfaces/include/harvest_interfaces/harvest_interfaces/srv/get_gripper_pose.hpp
-- Up-to-date symlink: /home/imml/git/research_2025/apple-harvest-eva/install/harvest_interfaces/include/harvest_interfaces/harvest_interfaces/srv/move_to_pose.hpp
-- Up-to-date symlink: /home/imml/git/research_2025/apple-harvest-eva/install/harvest_interfaces/include/harvest_interfaces/harvest_interfaces/srv/record_topics.hpp
-- Up-to-date symlink: /home/imml/git/research_2025/apple-harvest-eva/install/harvest_interfaces/include/harvest_interfaces/harvest_interfaces/srv/send_trajectory.hpp
-- Up-to-date symlink: /home/imml/git/research_2025/apple-harvest-eva/install/harvest_interfaces/include/harvest_interfaces/harvest_interfaces/srv/set_value.hpp
-- Up-to-date symlink: /home/imml/git/research_2025/apple-harvest-eva/install/harvest_interfaces/include/harvest_interfaces/harvest_interfaces/srv/trajectory_between_points.hpp
-- Up-to-date symlink: /home/imml/git/research_2025/apple-harvest-eva/install/harvest_interfaces/include/harvest_interfaces/harvest_interfaces/srv/voxel_grid.hpp
-- Up-to-date symlink: /home/imml/git/research_2025/apple-harvest-eva/install/harvest_interfaces/include/harvest_interfaces/harvest_interfaces/srv/voxel_mask.hpp
-- Up-to-date symlink: /home/imml/git/research_2025/apple-harvest-eva/install/harvest_interfaces/include/harvest_interfaces/harvest_interfaces/action/detail/event_detection__rosidl_typesupport_fastrtps_cpp.hpp
-- Up-to-date symlink: /home/imml/git/research_2025/apple-harvest-eva/install/harvest_interfaces/include/harvest_interfaces/harvest_interfaces/action/detail/send_trajectory__rosidl_typesupport_fastrtps_cpp.hpp
-- Up-to-date symlink: /home/imml/git/research_2025/apple-harvest-eva/install/harvest_interfaces/include/harvest_interfaces/harvest_interfaces/msg/rosidl_typesupport_fastrtps_cpp__visibility_control.h
-- Up-to-date symlink: /home/imml/git/research_2025/apple-harvest-eva/install/harvest_interfaces/include/harvest_interfaces/harvest_interfaces/srv/detail/apple_prediction__rosidl_typesupport_fastrtps_cpp.hpp
-- Up-to-date symlink: /home/imml/git/research_2025/apple-harvest-eva/install/harvest_interfaces/include/harvest_interfaces/harvest_interfaces/srv/detail/coordinate_to_trajectory__rosidl_typesupport_fastrtps_cpp.hpp
-- Up-to-date symlink: /home/imml/git/research_2025/apple-harvest-eva/install/harvest_interfaces/include/harvest_interfaces/harvest_interfaces/srv/detail/get_gripper_pose__rosidl_typesupport_fastrtps_cpp.hpp
-- Up-to-date symlink: /home/imml/git/research_2025/apple-harvest-eva/install/harvest_interfaces/include/harvest_interfaces/harvest_interfaces/srv/detail/move_to_pose__rosidl_typesupport_fastrtps_cpp.hpp
-- Up-to-date symlink: /home/imml/git/research_2025/apple-harvest-eva/install/harvest_interfaces/include/harvest_interfaces/harvest_interfaces/srv/detail/record_topics__rosidl_typesupport_fastrtps_cpp.hpp
-- Up-to-date symlink: /home/imml/git/research_2025/apple-harvest-eva/install/harvest_interfaces/include/harvest_interfaces/harvest_interfaces/srv/detail/send_trajectory__rosidl_typesupport_fastrtps_cpp.hpp
-- Up-to-date symlink: /home/imml/git/research_2025/apple-harvest-eva/install/harvest_interfaces/include/harvest_interfaces/harvest_interfaces/srv/detail/set_value__rosidl_typesupport_fastrtps_cpp.hpp
-- Up-to-date symlink: /home/imml/git/research_2025/apple-harvest-eva/install/harvest_interfaces/include/harvest_interfaces/harvest_interfaces/srv/detail/trajectory_between_points__rosidl_typesupport_fastrtps_cpp.hpp
-- Up-to-date symlink: /home/imml/git/research_2025/apple-harvest-eva/install/harvest_interfaces/include/harvest_interfaces/harvest_interfaces/srv/detail/voxel_grid__rosidl_typesupport_fastrtps_cpp.hpp
-- Up-to-date symlink: /home/imml/git/research_2025/apple-harvest-eva/install/harvest_interfaces/include/harvest_interfaces/harvest_interfaces/srv/detail/voxel_mask__rosidl_typesupport_fastrtps_cpp.hpp
-- Up-to-date symlink: /home/imml/git/research_2025/apple-harvest-eva/install/harvest_interfaces/include/harvest_interfaces/harvest_interfaces/action/detail/event_detection__rosidl_typesupport_introspection_cpp.hpp
-- Up-to-date symlink: /home/imml/git/research_2025/apple-harvest-eva/install/harvest_interfaces/include/harvest_interfaces/harvest_interfaces/action/detail/send_trajectory__rosidl_typesupport_introspection_cpp.hpp
-- Up-to-date symlink: /home/imml/git/research_2025/apple-harvest-eva/install/harvest_interfaces/include/harvest_interfaces/harvest_interfaces/srv/detail/apple_prediction__rosidl_typesupport_introspection_cpp.hpp
-- Up-to-date symlink: /home/imml/git/research_2025/apple-harvest-eva/install/harvest_interfaces/include/harvest_interfaces/harvest_interfaces/srv/detail/coordinate_to_trajectory__rosidl_typesupport_introspection_cpp.hpp
-- Up-to-date symlink: /home/imml/git/research_2025/apple-harvest-eva/install/harvest_interfaces/include/harvest_interfaces/harvest_interfaces/srv/detail/get_gripper_pose__rosidl_typesupport_introspection_cpp.hpp
-- Up-to-date symlink: /home/imml/git/research_2025/apple-harvest-eva/install/harvest_interfaces/include/harvest_interfaces/harvest_interfaces/srv/detail/move_to_pose__rosidl_typesupport_introspection_cpp.hpp
-- Up-to-date symlink: /home/imml/git/research_2025/apple-harvest-eva/install/harvest_interfaces/include/harvest_interfaces/harvest_interfaces/srv/detail/record_topics__rosidl_typesupport_introspection_cpp.hpp
-- Up-to-date symlink: /home/imml/git/research_2025/apple-harvest-eva/install/harvest_interfaces/include/harvest_interfaces/harvest_interfaces/srv/detail/send_trajectory__rosidl_typesupport_introspection_cpp.hpp
-- Up-to-date symlink: /home/imml/git/research_2025/apple-harvest-eva/install/harvest_interfaces/include/harvest_interfaces/harvest_interfaces/srv/detail/set_value__rosidl_typesupport_introspection_cpp.hpp
-- Up-to-date symlink: /home/imml/git/research_2025/apple-harvest-eva/install/harvest_interfaces/include/harvest_interfaces/harvest_interfaces/srv/detail/trajectory_between_points__rosidl_typesupport_introspection_cpp.hpp
-- Up-to-date symlink: /home/imml/git/research_2025/apple-harvest-eva/install/harvest_interfaces/include/harvest_interfaces/harvest_interfaces/srv/detail/voxel_grid__rosidl_typesupport_introspection_cpp.hpp
-- Up-to-date symlink: /home/imml/git/research_2025/apple-harvest-eva/install/harvest_interfaces/include/harvest_interfaces/harvest_interfaces/srv/detail/voxel_mask__rosidl_typesupport_introspection_cpp.hpp
-- Up-to-date symlink: /home/imml/git/research_2025/apple-harvest-eva/install/harvest_interfaces/share/harvest_interfaces/environment/pythonpath.sh
-- Up-to-date symlink: /home/imml/git/research_2025/apple-harvest-eva/install/harvest_interfaces/share/harvest_interfaces/environment/pythonpath.dsv
-- Up-to-date symlink: /home/imml/git/research_2025/apple-harvest-eva/install/harvest_interfaces/local/lib/python3.10/dist-packages/harvest_interfaces-0.0.0-py3.10.egg-info/PKG-INFO
-- Up-to-date symlink: /home/imml/git/research_2025/apple-harvest-eva/install/harvest_interfaces/local/lib/python3.10/dist-packages/harvest_interfaces-0.0.0-py3.10.egg-info/SOURCES.txt
-- Up-to-date symlink: /home/imml/git/research_2025/apple-harvest-eva/install/harvest_interfaces/local/lib/python3.10/dist-packages/harvest_interfaces-0.0.0-py3.10.egg-info/dependency_links.txt
-- Up-to-date symlink: /home/imml/git/research_2025/apple-harvest-eva/install/harvest_interfaces/local/lib/python3.10/dist-packages/harvest_interfaces-0.0.0-py3.10.egg-info/top_level.txt
-- Up-to-date symlink: /home/imml/git/research_2025/apple-harvest-eva/install/harvest_interfaces/local/lib/python3.10/dist-packages/harvest_interfaces/__init__.py
-- Up-to-date symlink: /home/imml/git/research_2025/apple-harvest-eva/install/harvest_interfaces/local/lib/python3.10/dist-packages/harvest_interfaces/_harvest_interfaces_s.ep.rosidl_typesupport_c.c
-- Up-to-date symlink: /home/imml/git/research_2025/apple-harvest-eva/install/harvest_interfaces/local/lib/python3.10/dist-packages/harvest_interfaces/_harvest_interfaces_s.ep.rosidl_typesupport_fastrtps_c.c
-- Up-to-date symlink: /home/imml/git/research_2025/apple-harvest-eva/install/harvest_interfaces/local/lib/python3.10/dist-packages/harvest_interfaces/_harvest_interfaces_s.ep.rosidl_typesupport_introspection_c.c
-- Up-to-date symlink: /home/imml/git/research_2025/apple-harvest-eva/install/harvest_interfaces/local/lib/python3.10/dist-packages/harvest_interfaces/action/__init__.py
-- Up-to-date symlink: /home/imml/git/research_2025/apple-harvest-eva/install/harvest_interfaces/local/lib/python3.10/dist-packages/harvest_interfaces/action/_event_detection.py
-- Up-to-date symlink: /home/imml/git/research_2025/apple-harvest-eva/install/harvest_interfaces/local/lib/python3.10/dist-packages/harvest_interfaces/action/_event_detection_s.c
-- Up-to-date symlink: /home/imml/git/research_2025/apple-harvest-eva/install/harvest_interfaces/local/lib/python3.10/dist-packages/harvest_interfaces/action/_send_trajectory.py
-- Up-to-date symlink: /home/imml/git/research_2025/apple-harvest-eva/install/harvest_interfaces/local/lib/python3.10/dist-packages/harvest_interfaces/action/_send_trajectory_s.c
-- Up-to-date symlink: /home/imml/git/research_2025/apple-harvest-eva/install/harvest_interfaces/local/lib/python3.10/dist-packages/harvest_interfaces/harvest_interfaces_s__rosidl_typesupport_c.cpython-310-x86_64-linux-gnu.so
-- Up-to-date symlink: /home/imml/git/research_2025/apple-harvest-eva/install/harvest_interfaces/local/lib/python3.10/dist-packages/harvest_interfaces/harvest_interfaces_s__rosidl_typesupport_fastrtps_c.cpython-310-x86_64-linux-gnu.so
-- Up-to-date symlink: /home/imml/git/research_2025/apple-harvest-eva/install/harvest_interfaces/local/lib/python3.10/dist-packages/harvest_interfaces/harvest_interfaces_s__rosidl_typesupport_introspection_c.cpython-310-x86_64-linux-gnu.so
-- Up-to-date symlink: /home/imml/git/research_2025/apple-harvest-eva/install/harvest_interfaces/local/lib/python3.10/dist-packages/harvest_interfaces/libharvest_interfaces__rosidl_generator_py.so
-- Up-to-date symlink: /home/imml/git/research_2025/apple-harvest-eva/install/harvest_interfaces/local/lib/python3.10/dist-packages/harvest_interfaces/srv/__init__.py
-- Up-to-date symlink: /home/imml/git/research_2025/apple-harvest-eva/install/harvest_interfaces/local/lib/python3.10/dist-packages/harvest_interfaces/srv/_apple_prediction.py
-- Up-to-date symlink: /home/imml/git/research_2025/apple-harvest-eva/install/harvest_interfaces/local/lib/python3.10/dist-packages/harvest_interfaces/srv/_apple_prediction_s.c
-- Up-to-date symlink: /home/imml/git/research_2025/apple-harvest-eva/install/harvest_interfaces/local/lib/python3.10/dist-packages/harvest_interfaces/srv/_coordinate_to_trajectory.py
-- Up-to-date symlink: /home/imml/git/research_2025/apple-harvest-eva/install/harvest_interfaces/local/lib/python3.10/dist-packages/harvest_interfaces/srv/_coordinate_to_trajectory_s.c
-- Up-to-date symlink: /home/imml/git/research_2025/apple-harvest-eva/install/harvest_interfaces/local/lib/python3.10/dist-packages/harvest_interfaces/srv/_get_gripper_pose.py
-- Up-to-date symlink: /home/imml/git/research_2025/apple-harvest-eva/install/harvest_interfaces/local/lib/python3.10/dist-packages/harvest_interfaces/srv/_get_gripper_pose_s.c
-- Up-to-date symlink: /home/imml/git/research_2025/apple-harvest-eva/install/harvest_interfaces/local/lib/python3.10/dist-packages/harvest_interfaces/srv/_move_to_pose.py
-- Up-to-date symlink: /home/imml/git/research_2025/apple-harvest-eva/install/harvest_interfaces/local/lib/python3.10/dist-packages/harvest_interfaces/srv/_move_to_pose_s.c
-- Up-to-date symlink: /home/imml/git/research_2025/apple-harvest-eva/install/harvest_interfaces/local/lib/python3.10/dist-packages/harvest_interfaces/srv/_record_topics.py
-- Up-to-date symlink: /home/imml/git/research_2025/apple-harvest-eva/install/harvest_interfaces/local/lib/python3.10/dist-packages/harvest_interfaces/srv/_record_topics_s.c
-- Up-to-date symlink: /home/imml/git/research_2025/apple-harvest-eva/install/harvest_interfaces/local/lib/python3.10/dist-packages/harvest_interfaces/srv/_send_trajectory.py
-- Up-to-date symlink: /home/imml/git/research_2025/apple-harvest-eva/install/harvest_interfaces/local/lib/python3.10/dist-packages/harvest_interfaces/srv/_send_trajectory_s.c
-- Up-to-date symlink: /home/imml/git/research_2025/apple-harvest-eva/install/harvest_interfaces/local/lib/python3.10/dist-packages/harvest_interfaces/srv/_set_value.py
-- Up-to-date symlink: /home/imml/git/research_2025/apple-harvest-eva/install/harvest_interfaces/local/lib/python3.10/dist-packages/harvest_interfaces/srv/_set_value_s.c
-- Up-to-date symlink: /home/imml/git/research_2025/apple-harvest-eva/install/harvest_interfaces/local/lib/python3.10/dist-packages/harvest_interfaces/srv/_trajectory_between_points.py
-- Up-to-date symlink: /home/imml/git/research_2025/apple-harvest-eva/install/harvest_interfaces/local/lib/python3.10/dist-packages/harvest_interfaces/srv/_trajectory_between_points_s.c
-- Up-to-date symlink: /home/imml/git/research_2025/apple-harvest-eva/install/harvest_interfaces/local/lib/python3.10/dist-packages/harvest_interfaces/srv/_voxel_grid.py
-- Up-to-date symlink: /home/imml/git/research_2025/apple-harvest-eva/install/harvest_interfaces/local/lib/python3.10/dist-packages/harvest_interfaces/srv/_voxel_grid_s.c
-- Up-to-date symlink: /home/imml/git/research_2025/apple-harvest-eva/install/harvest_interfaces/local/lib/python3.10/dist-packages/harvest_interfaces/srv/_voxel_mask.py
-- Up-to-date symlink: /home/imml/git/research_2025/apple-harvest-eva/install/harvest_interfaces/local/lib/python3.10/dist-packages/harvest_interfaces/srv/_voxel_mask_s.c
-- Up-to-date symlink: /home/imml/git/research_2025/apple-harvest-eva/install/harvest_interfaces/local/lib/python3.10/dist-packages/harvest_interfaces/harvest_interfaces_s__rosidl_typesupport_fastrtps_c.cpython-310-x86_64-linux-gnu.so
-- Up-to-date symlink: /home/imml/git/research_2025/apple-harvest-eva/install/harvest_interfaces/local/lib/python3.10/dist-packages/harvest_interfaces/harvest_interfaces_s__rosidl_typesupport_introspection_c.cpython-310-x86_64-linux-gnu.so
-- Up-to-date symlink: /home/imml/git/research_2025/apple-harvest-eva/install/harvest_interfaces/local/lib/python3.10/dist-packages/harvest_interfaces/harvest_interfaces_s__rosidl_typesupport_c.cpython-310-x86_64-linux-gnu.so
-- Up-to-date symlink: /home/imml/git/research_2025/apple-harvest-eva/install/harvest_interfaces/share/harvest_interfaces/action/EventDetection.idl
-- Up-to-date symlink: /home/imml/git/research_2025/apple-harvest-eva/install/harvest_interfaces/share/harvest_interfaces/action/SendTrajectory.idl
-- Up-to-date symlink: /home/imml/git/research_2025/apple-harvest-eva/install/harvest_interfaces/share/harvest_interfaces/srv/ApplePrediction.idl
-- Up-to-date symlink: /home/imml/git/research_2025/apple-harvest-eva/install/harvest_interfaces/share/harvest_interfaces/srv/SendTrajectory.idl
-- Up-to-date symlink: /home/imml/git/research_2025/apple-harvest-eva/install/harvest_interfaces/share/harvest_interfaces/srv/CoordinateToTrajectory.idl
-- Up-to-date symlink: /home/imml/git/research_2025/apple-harvest-eva/install/harvest_interfaces/share/harvest_interfaces/srv/VoxelMask.idl
-- Up-to-date symlink: /home/imml/git/research_2025/apple-harvest-eva/install/harvest_interfaces/share/harvest_interfaces/srv/MoveToPose.idl
-- Up-to-date symlink: /home/imml/git/research_2025/apple-harvest-eva/install/harvest_interfaces/share/harvest_interfaces/srv/TrajectoryBetweenPoints.idl
-- Up-to-date symlink: /home/imml/git/research_2025/apple-harvest-eva/install/harvest_interfaces/share/harvest_interfaces/srv/SetValue.idl
-- Up-to-date symlink: /home/imml/git/research_2025/apple-harvest-eva/install/harvest_interfaces/share/harvest_interfaces/srv/RecordTopics.idl
-- Up-to-date symlink: /home/imml/git/research_2025/apple-harvest-eva/install/harvest_interfaces/share/harvest_interfaces/srv/GetGripperPose.idl
-- Up-to-date symlink: /home/imml/git/research_2025/apple-harvest-eva/install/harvest_interfaces/share/harvest_interfaces/srv/VoxelGrid.idl
-- Up-to-date symlink: /home/imml/git/research_2025/apple-harvest-eva/install/harvest_interfaces/share/harvest_interfaces/action/EventDetection.action
-- Up-to-date symlink: /home/imml/git/research_2025/apple-harvest-eva/install/harvest_interfaces/share/harvest_interfaces/action/SendTrajectory.action
-- Up-to-date symlink: /home/imml/git/research_2025/apple-harvest-eva/install/harvest_interfaces/share/harvest_interfaces/srv/ApplePrediction.srv
-- Up-to-date symlink: /home/imml/git/research_2025/apple-harvest-eva/install/harvest_interfaces/share/harvest_interfaces/srv/ApplePrediction_Request.msg
-- Up-to-date symlink: /home/imml/git/research_2025/apple-harvest-eva/install/harvest_interfaces/share/harvest_interfaces/srv/ApplePrediction_Response.msg
-- Up-to-date symlink: /home/imml/git/research_2025/apple-harvest-eva/install/harvest_interfaces/share/harvest_interfaces/srv/SendTrajectory.srv
-- Up-to-date symlink: /home/imml/git/research_2025/apple-harvest-eva/install/harvest_interfaces/share/harvest_interfaces/srv/SendTrajectory_Request.msg
-- Up-to-date symlink: /home/imml/git/research_2025/apple-harvest-eva/install/harvest_interfaces/share/harvest_interfaces/srv/SendTrajectory_Response.msg
-- Up-to-date symlink: /home/imml/git/research_2025/apple-harvest-eva/install/harvest_interfaces/share/harvest_interfaces/srv/CoordinateToTrajectory.srv
-- Up-to-date symlink: /home/imml/git/research_2025/apple-harvest-eva/install/harvest_interfaces/share/harvest_interfaces/srv/CoordinateToTrajectory_Request.msg
-- Up-to-date symlink: /home/imml/git/research_2025/apple-harvest-eva/install/harvest_interfaces/share/harvest_interfaces/srv/CoordinateToTrajectory_Response.msg
-- Up-to-date symlink: /home/imml/git/research_2025/apple-harvest-eva/install/harvest_interfaces/share/harvest_interfaces/srv/VoxelMask.srv
-- Up-to-date symlink: /home/imml/git/research_2025/apple-harvest-eva/install/harvest_interfaces/share/harvest_interfaces/srv/VoxelMask_Request.msg
-- Up-to-date symlink: /home/imml/git/research_2025/apple-harvest-eva/install/harvest_interfaces/share/harvest_interfaces/srv/VoxelMask_Response.msg
-- Up-to-date symlink: /home/imml/git/research_2025/apple-harvest-eva/install/harvest_interfaces/share/harvest_interfaces/srv/MoveToPose.srv
-- Up-to-date symlink: /home/imml/git/research_2025/apple-harvest-eva/install/harvest_interfaces/share/harvest_interfaces/srv/MoveToPose_Request.msg
-- Up-to-date symlink: /home/imml/git/research_2025/apple-harvest-eva/install/harvest_interfaces/share/harvest_interfaces/srv/MoveToPose_Response.msg
-- Up-to-date symlink: /home/imml/git/research_2025/apple-harvest-eva/install/harvest_interfaces/share/harvest_interfaces/srv/TrajectoryBetweenPoints.srv
-- Up-to-date symlink: /home/imml/git/research_2025/apple-harvest-eva/install/harvest_interfaces/share/harvest_interfaces/srv/TrajectoryBetweenPoints_Request.msg
-- Up-to-date symlink: /home/imml/git/research_2025/apple-harvest-eva/install/harvest_interfaces/share/harvest_interfaces/srv/TrajectoryBetweenPoints_Response.msg
-- Up-to-date symlink: /home/imml/git/research_2025/apple-harvest-eva/install/harvest_interfaces/share/harvest_interfaces/srv/SetValue.srv
-- Up-to-date symlink: /home/imml/git/research_2025/apple-harvest-eva/install/harvest_interfaces/share/harvest_interfaces/srv/SetValue_Request.msg
-- Up-to-date symlink: /home/imml/git/research_2025/apple-harvest-eva/install/harvest_interfaces/share/harvest_interfaces/srv/SetValue_Response.msg
-- Up-to-date symlink: /home/imml/git/research_2025/apple-harvest-eva/install/harvest_interfaces/share/harvest_interfaces/srv/RecordTopics.srv
-- Up-to-date symlink: /home/imml/git/research_2025/apple-harvest-eva/install/harvest_interfaces/share/harvest_interfaces/srv/RecordTopics_Request.msg
-- Up-to-date symlink: /home/imml/git/research_2025/apple-harvest-eva/install/harvest_interfaces/share/harvest_interfaces/srv/RecordTopics_Response.msg
-- Up-to-date symlink: /home/imml/git/research_2025/apple-harvest-eva/install/harvest_interfaces/share/harvest_interfaces/srv/GetGripperPose.srv
-- Up-to-date symlink: /home/imml/git/research_2025/apple-harvest-eva/install/harvest_interfaces/share/harvest_interfaces/srv/GetGripperPose_Request.msg
-- Up-to-date symlink: /home/imml/git/research_2025/apple-harvest-eva/install/harvest_interfaces/share/harvest_interfaces/srv/GetGripperPose_Response.msg
-- Up-to-date symlink: /home/imml/git/research_2025/apple-harvest-eva/install/harvest_interfaces/share/harvest_interfaces/srv/VoxelGrid.srv
-- Up-to-date symlink: /home/imml/git/research_2025/apple-harvest-eva/install/harvest_interfaces/share/harvest_interfaces/srv/VoxelGrid_Request.msg
-- Up-to-date symlink: /home/imml/git/research_2025/apple-harvest-eva/install/harvest_interfaces/share/harvest_interfaces/srv/VoxelGrid_Response.msg
-- Up-to-date symlink: /home/imml/git/research_2025/apple-harvest-eva/install/harvest_interfaces/share/ament_index/resource_index/package_run_dependencies/harvest_interfaces
-- Up-to-date symlink: /home/imml/git/research_2025/apple-harvest-eva/install/harvest_interfaces/share/ament_index/resource_index/parent_prefix_path/harvest_interfaces
-- Up-to-date symlink: /home/imml/git/research_2025/apple-harvest-eva/install/harvest_interfaces/share/harvest_interfaces/environment/ament_prefix_path.sh
-- Up-to-date symlink: /home/imml/git/research_2025/apple-harvest-eva/install/harvest_interfaces/share/harvest_interfaces/environment/ament_prefix_path.dsv
-- Up-to-date symlink: /home/imml/git/research_2025/apple-harvest-eva/install/harvest_interfaces/share/harvest_interfaces/environment/path.sh
-- Up-to-date symlink: /home/imml/git/research_2025/apple-harvest-eva/install/harvest_interfaces/share/harvest_interfaces/environment/path.dsv
-- Up-to-date symlink: /home/imml/git/research_2025/apple-harvest-eva/install/harvest_interfaces/share/harvest_interfaces/local_setup.bash
-- Up-to-date symlink: /home/imml/git/research_2025/apple-harvest-eva/install/harvest_interfaces/share/harvest_interfaces/local_setup.sh
-- Up-to-date symlink: /home/imml/git/research_2025/apple-harvest-eva/install/harvest_interfaces/share/harvest_interfaces/local_setup.zsh
-- Up-to-date symlink: /home/imml/git/research_2025/apple-harvest-eva/install/harvest_interfaces/share/harvest_interfaces/local_setup.dsv
-- Symlinking: /home/imml/git/research_2025/apple-harvest-eva/install/harvest_interfaces/share/harvest_interfaces/package.dsv
-- Up-to-date symlink: /home/imml/git/research_2025/apple-harvest-eva/install/harvest_interfaces/share/ament_index/resource_index/packages/harvest_interfaces
-- Up-to-date symlink: /home/imml/git/research_2025/apple-harvest-eva/install/harvest_interfaces/share/harvest_interfaces/cmake/rosidl_cmake-extras.cmake
-- Up-to-date symlink: /home/imml/git/research_2025/apple-harvest-eva/install/harvest_interfaces/share/harvest_interfaces/cmake/ament_cmake_export_dependencies-extras.cmake
-- Up-to-date symlink: /home/imml/git/research_2025/apple-harvest-eva/install/harvest_interfaces/share/harvest_interfaces/cmake/ament_cmake_export_include_directories-extras.cmake
-- Up-to-date symlink: /home/imml/git/research_2025/apple-harvest-eva/install/harvest_interfaces/share/harvest_interfaces/cmake/ament_cmake_export_libraries-extras.cmake
-- Up-to-date symlink: /home/imml/git/research_2025/apple-harvest-eva/install/harvest_interfaces/share/harvest_interfaces/cmake/ament_cmake_export_targets-extras.cmake
-- Up-to-date symlink: /home/imml/git/research_2025/apple-harvest-eva/install/harvest_interfaces/share/harvest_interfaces/cmake/rosidl_cmake_export_typesupport_targets-extras.cmake
-- Up-to-date symlink: /home/imml/git/research_2025/apple-harvest-eva/install/harvest_interfaces/share/harvest_interfaces/cmake/rosidl_cmake_export_typesupport_libraries-extras.cmake
-- Up-to-date symlink: /home/imml/git/research_2025/apple-harvest-eva/install/harvest_interfaces/share/harvest_interfaces/cmake/harvest_interfacesConfig.cmake
-- Up-to-date symlink: /home/imml/git/research_2025/apple-harvest-eva/install/harvest_interfaces/share/harvest_interfaces/cmake/harvest_interfacesConfig-version.cmake
-- Up-to-date symlink: /home/imml/git/research_2025/apple-harvest-eva/install/harvest_interfaces/share/harvest_interfaces/package.xml
-- Installing: /home/imml/git/research_2025/apple-harvest-eva/install/harvest_interfaces/lib/libharvest_interfaces__rosidl_generator_c.so
-- Set runtime path of "/home/imml/git/research_2025/apple-harvest-eva/install/harvest_interfaces/lib/libharvest_interfaces__rosidl_generator_c.so" to ""
-- Installing: /home/imml/git/research_2025/apple-harvest-eva/install/harvest_interfaces/lib/libharvest_interfaces__rosidl_typesupport_fastrtps_c.so
-- Set runtime path of "/home/imml/git/research_2025/apple-harvest-eva/install/harvest_interfaces/lib/libharvest_interfaces__rosidl_typesupport_fastrtps_c.so" to ""
-- Installing: /home/imml/git/research_2025/apple-harvest-eva/install/harvest_interfaces/lib/libharvest_interfaces__rosidl_typesupport_introspection_c.so
-- Set runtime path of "/home/imml/git/research_2025/apple-harvest-eva/install/harvest_interfaces/lib/libharvest_interfaces__rosidl_typesupport_introspection_c.so" to ""
-- Installing: /home/imml/git/research_2025/apple-harvest-eva/install/harvest_interfaces/lib/libharvest_interfaces__rosidl_typesupport_c.so
-- Set runtime path of "/home/imml/git/research_2025/apple-harvest-eva/install/harvest_interfaces/lib/libharvest_interfaces__rosidl_typesupport_c.so" to ""
-- Installing: /home/imml/git/research_2025/apple-harvest-eva/install/harvest_interfaces/lib/libharvest_interfaces__rosidl_typesupport_fastrtps_cpp.so
-- Set runtime path of "/home/imml/git/research_2025/apple-harvest-eva/install/harvest_interfaces/lib/libharvest_interfaces__rosidl_typesupport_fastrtps_cpp.so" to ""
-- Installing: /home/imml/git/research_2025/apple-harvest-eva/install/harvest_interfaces/lib/libharvest_interfaces__rosidl_typesupport_introspection_cpp.so
-- Set runtime path of "/home/imml/git/research_2025/apple-harvest-eva/install/harvest_interfaces/lib/libharvest_interfaces__rosidl_typesupport_introspection_cpp.so" to ""
-- Installing: /home/imml/git/research_2025/apple-harvest-eva/install/harvest_interfaces/lib/libharvest_interfaces__rosidl_typesupport_cpp.so
-- Set runtime path of "/home/imml/git/research_2025/apple-harvest-eva/install/harvest_interfaces/lib/libharvest_interfaces__rosidl_typesupport_cpp.so" to ""
Listing '/home/imml/git/research_2025/apple-harvest-eva/install/harvest_interfaces/local/lib/python3.10/dist-packages/harvest_interfaces'...
Compiling '/home/imml/git/research_2025/apple-harvest-eva/install/harvest_interfaces/local/lib/python3.10/dist-packages/harvest_interfaces/__init__.py'...
Listing '/home/imml/git/research_2025/apple-harvest-eva/install/harvest_interfaces/local/lib/python3.10/dist-packages/harvest_interfaces/action'...
Compiling '/home/imml/git/research_2025/apple-harvest-eva/install/harvest_interfaces/local/lib/python3.10/dist-packages/harvest_interfaces/action/__init__.py'...
Compiling '/home/imml/git/research_2025/apple-harvest-eva/install/harvest_interfaces/local/lib/python3.10/dist-packages/harvest_interfaces/action/_event_detection.py'...
Compiling '/home/imml/git/research_2025/apple-harvest-eva/install/harvest_interfaces/local/lib/python3.10/dist-packages/harvest_interfaces/action/_send_trajectory.py'...
Listing '/home/imml/git/research_2025/apple-harvest-eva/install/harvest_interfaces/local/lib/python3.10/dist-packages/harvest_interfaces/srv'...
Compiling '/home/imml/git/research_2025/apple-harvest-eva/install/harvest_interfaces/local/lib/python3.10/dist-packages/harvest_interfaces/srv/__init__.py'...
Compiling '/home/imml/git/research_2025/apple-harvest-eva/install/harvest_interfaces/local/lib/python3.10/dist-packages/harvest_interfaces/srv/_apple_prediction.py'...
Compiling '/home/imml/git/research_2025/apple-harvest-eva/install/harvest_interfaces/local/lib/python3.10/dist-packages/harvest_interfaces/srv/_coordinate_to_trajectory.py'...
Compiling '/home/imml/git/research_2025/apple-harvest-eva/install/harvest_interfaces/local/lib/python3.10/dist-packages/harvest_interfaces/srv/_get_gripper_pose.py'...
Compiling '/home/imml/git/research_2025/apple-harvest-eva/install/harvest_interfaces/local/lib/python3.10/dist-packages/harvest_interfaces/srv/_move_to_pose.py'...
Compiling '/home/imml/git/research_2025/apple-harvest-eva/install/harvest_interfaces/local/lib/python3.10/dist-packages/harvest_interfaces/srv/_record_topics.py'...
Compiling '/home/imml/git/research_2025/apple-harvest-eva/install/harvest_interfaces/local/lib/python3.10/dist-packages/harvest_interfaces/srv/_send_trajectory.py'...
Compiling '/home/imml/git/research_2025/apple-harvest-eva/install/harvest_interfaces/local/lib/python3.10/dist-packages/harvest_interfaces/srv/_set_value.py'...
Compiling '/home/imml/git/research_2025/apple-harvest-eva/install/harvest_interfaces/local/lib/python3.10/dist-packages/harvest_interfaces/srv/_trajectory_between_points.py'...
Compiling '/home/imml/git/research_2025/apple-harvest-eva/install/harvest_interfaces/local/lib/python3.10/dist-packages/harvest_interfaces/srv/_voxel_grid.py'...
Compiling '/home/imml/git/research_2025/apple-harvest-eva/install/harvest_interfaces/local/lib/python3.10/dist-packages/harvest_interfaces/srv/_voxel_mask.py'...
-- Installing: /home/imml/git/research_2025/apple-harvest-eva/install/harvest_interfaces/lib/libharvest_interfaces__rosidl_generator_py.so
-- Set runtime path of "/home/imml/git/research_2025/apple-harvest-eva/install/harvest_interfaces/lib/libharvest_interfaces__rosidl_generator_py.so" to ""
-- Up-to-date: /home/imml/git/research_2025/apple-harvest-eva/install/harvest_interfaces/share/harvest_interfaces/cmake/export_harvest_interfaces__rosidl_generator_cExport.cmake
-- Up-to-date: /home/imml/git/research_2025/apple-harvest-eva/install/harvest_interfaces/share/harvest_interfaces/cmake/export_harvest_interfaces__rosidl_generator_cExport-noconfig.cmake
-- Up-to-date: /home/imml/git/research_2025/apple-harvest-eva/install/harvest_interfaces/share/harvest_interfaces/cmake/export_harvest_interfaces__rosidl_typesupport_fastrtps_cExport.cmake
-- Up-to-date: /home/imml/git/research_2025/apple-harvest-eva/install/harvest_interfaces/share/harvest_interfaces/cmake/export_harvest_interfaces__rosidl_typesupport_fastrtps_cExport-noconfig.cmake
-- Up-to-date: /home/imml/git/research_2025/apple-harvest-eva/install/harvest_interfaces/share/harvest_interfaces/cmake/harvest_interfaces__rosidl_typesupport_introspection_cExport.cmake
-- Up-to-date: /home/imml/git/research_2025/apple-harvest-eva/install/harvest_interfaces/share/harvest_interfaces/cmake/harvest_interfaces__rosidl_typesupport_introspection_cExport-noconfig.cmake
-- Up-to-date: /home/imml/git/research_2025/apple-harvest-eva/install/harvest_interfaces/share/harvest_interfaces/cmake/harvest_interfaces__rosidl_typesupport_cExport.cmake
-- Up-to-date: /home/imml/git/research_2025/apple-harvest-eva/install/harvest_interfaces/share/harvest_interfaces/cmake/harvest_interfaces__rosidl_typesupport_cExport-noconfig.cmake
-- Up-to-date: /home/imml/git/research_2025/apple-harvest-eva/install/harvest_interfaces/share/harvest_interfaces/cmake/export_harvest_interfaces__rosidl_generator_cppExport.cmake
-- Up-to-date: /home/imml/git/research_2025/apple-harvest-eva/install/harvest_interfaces/share/harvest_interfaces/cmake/export_harvest_interfaces__rosidl_typesupport_fastrtps_cppExport.cmake
-- Up-to-date: /home/imml/git/research_2025/apple-harvest-eva/install/harvest_interfaces/share/harvest_interfaces/cmake/export_harvest_interfaces__rosidl_typesupport_fastrtps_cppExport-noconfig.cmake
-- Up-to-date: /home/imml/git/research_2025/apple-harvest-eva/install/harvest_interfaces/share/harvest_interfaces/cmake/harvest_interfaces__rosidl_typesupport_introspection_cppExport.cmake
-- Up-to-date: /home/imml/git/research_2025/apple-harvest-eva/install/harvest_interfaces/share/harvest_interfaces/cmake/harvest_interfaces__rosidl_typesupport_introspection_cppExport-noconfig.cmake
-- Up-to-date: /home/imml/git/research_2025/apple-harvest-eva/install/harvest_interfaces/share/harvest_interfaces/cmake/harvest_interfaces__rosidl_typesupport_cppExport.cmake
-- Up-to-date: /home/imml/git/research_2025/apple-harvest-eva/install/harvest_interfaces/share/harvest_interfaces/cmake/harvest_interfaces__rosidl_typesupport_cppExport-noconfig.cmake
-- Up-to-date: /home/imml/git/research_2025/apple-harvest-eva/install/harvest_interfaces/share/harvest_interfaces/cmake/export_harvest_interfaces__rosidl_generator_pyExport.cmake
-- Up-to-date: /home/imml/git/research_2025/apple-harvest-eva/install/harvest_interfaces/share/harvest_interfaces/cmake/export_harvest_interfaces__rosidl_generator_pyExport-noconfig.cmake
