[0.020s] Invoking command in '/home/imml/git/research_2025/apple-harvest-eva/build/harvest_interfaces': CMAKE_PREFIX_PATH=${CMAKE_PREFIX_PATH}:/home/imml/git/research_2025/apple-harvest-eva/install/ur5e_custom_hardware:/home/imml/git/research_2025/apple-harvest-eva/install/harvest_vision:/opt/ros/humble /usr/bin/cmake --build /home/imml/git/research_2025/apple-harvest-eva/build/harvest_interfaces -- -j16 -l16
[0.100s] -- Found ament_cmake: 1.3.12 (/opt/ros/humble/share/ament_cmake/cmake)
[0.204s] -- Override CMake install command with custom implementation using symlinks instead of copying resources
[0.210s] -- Found rosidl_default_generators: 1.2.0 (/opt/ros/humble/share/rosidl_default_generators/cmake)
[0.212s] -- Using all available rosidl_typesupport_c: rosidl_typesupport_fastrtps_c;rosidl_typesupport_introspection_c
[0.214s] -- Found rosidl_adapter: 3.1.7 (/opt/ros/humble/share/rosidl_adapter/cmake)
[0.236s] -- Using all available rosidl_typesupport_cpp: rosidl_typesupport_fastrtps_cpp;rosidl_typesupport_introspection_cpp
[0.254s] -- Found std_msgs: 4.9.0 (/opt/ros/humble/share/std_msgs/cmake)
[0.271s] -- Found std_srvs: 4.9.0 (/opt/ros/humble/share/std_srvs/cmake)
[0.280s] -- Found tf2_ros: 0.25.15 (/opt/ros/humble/share/tf2_ros/cmake)
[0.333s] -- Found rmw_implementation_cmake: 6.1.2 (/opt/ros/humble/share/rmw_implementation_cmake/cmake)
[0.335s] -- Found rmw_fastrtps_cpp: 6.2.8 (/opt/ros/humble/share/rmw_fastrtps_cpp/cmake)
[0.430s] -- Using RMW implementation 'rmw_fastrtps_cpp' as default
[0.894s] -- Found ament_cmake_ros: 0.10.0 (/opt/ros/humble/share/ament_cmake_ros/cmake)
[1.115s] -- Using all available rosidl_typesupport_c: rosidl_typesupport_fastrtps_c;rosidl_typesupport_introspection_c
[1.419s] -- Using all available rosidl_typesupport_cpp: rosidl_typesupport_fastrtps_cpp;rosidl_typesupport_introspection_cpp
[1.442s] -- Found python_cmake_module: 0.10.0 (/opt/ros/humble/share/python_cmake_module/cmake)
[1.465s] -- Using PYTHON_EXECUTABLE: /usr/bin/python3
[1.465s] -- Using PYTHON_INCLUDE_DIRS: /usr/include/python3.10
[1.465s] -- Using PYTHON_LIBRARIES: /usr/lib/x86_64-linux-gnu/libpython3.10.so
[1.514s] -- Found ament_lint_auto: 0.12.14 (/opt/ros/humble/share/ament_lint_auto/cmake)
[1.526s] -- Added test 'lint_cmake' to check CMake code style
[1.528s] -- Added test 'xmllint' to check XML markup files
[1.531s] -- Configuring done
[1.602s] -- Generating done
[1.615s] -- Build files have been written to: /home/imml/git/research_2025/apple-harvest-eva/build/harvest_interfaces
[1.644s] [  1%] [34m[1mGenerating C code for ROS interfaces[0m
[1.656s] [  1%] [34m[1mGenerating C++ code for ROS interfaces[0m
[1.663s] [  1%] Built target ament_cmake_python_symlink_harvest_interfaces
[1.932s] running egg_info
[1.932s] writing harvest_interfaces.egg-info/PKG-INFO
[1.932s] writing dependency_links to harvest_interfaces.egg-info/dependency_links.txt
[1.932s] writing top-level names to harvest_interfaces.egg-info/top_level.txt
[1.935s] reading manifest file 'harvest_interfaces.egg-info/SOURCES.txt'
[1.936s] writing manifest file 'harvest_interfaces.egg-info/SOURCES.txt'
[1.987s] [  1%] Built target ament_cmake_python_build_harvest_interfaces_egg
[3.782s] [  1%] Built target harvest_interfaces__cpp
[3.810s] [  1%] [34m[1mGenerating C++ type support for eProsima Fast-RTPS[0m
[3.811s] [  2%] [34m[1mGenerating C++ type support dispatch for ROS interfaces[0m
[3.819s] [  3%] [34m[1mGenerating C++ introspection for ROS interfaces[0m
[3.868s] [35m[1mConsolidate compiler generated dependencies of target harvest_interfaces__rosidl_generator_c[0m
[3.902s] [  4%] [32mBuilding C object CMakeFiles/harvest_interfaces__rosidl_generator_c.dir/rosidl_generator_c/harvest_interfaces/action/detail/event_detection__functions.c.o[0m
[3.902s] [  5%] [32mBuilding C object CMakeFiles/harvest_interfaces__rosidl_generator_c.dir/rosidl_generator_c/harvest_interfaces/srv/detail/coordinate_to_trajectory__functions.c.o[0m
[3.902s] [  5%] [32mBuilding C object CMakeFiles/harvest_interfaces__rosidl_generator_c.dir/rosidl_generator_c/harvest_interfaces/srv/detail/send_trajectory__functions.c.o[0m
[3.908s] [  6%] [32mBuilding C object CMakeFiles/harvest_interfaces__rosidl_generator_c.dir/rosidl_generator_c/harvest_interfaces/srv/detail/move_to_pose__functions.c.o[0m
[3.908s] [  7%] [32mBuilding C object CMakeFiles/harvest_interfaces__rosidl_generator_c.dir/rosidl_generator_c/harvest_interfaces/action/detail/send_trajectory__functions.c.o[0m
[3.909s] [  8%] [32mBuilding C object CMakeFiles/harvest_interfaces__rosidl_generator_c.dir/rosidl_generator_c/harvest_interfaces/srv/detail/apple_prediction__functions.c.o[0m
[3.914s] [  9%] [32mBuilding C object CMakeFiles/harvest_interfaces__rosidl_generator_c.dir/rosidl_generator_c/harvest_interfaces/srv/detail/voxel_mask__functions.c.o[0m
[3.918s] [ 10%] [32mBuilding C object CMakeFiles/harvest_interfaces__rosidl_generator_c.dir/rosidl_generator_c/harvest_interfaces/srv/detail/set_value__functions.c.o[0m
[3.923s] [ 11%] [32mBuilding C object CMakeFiles/harvest_interfaces__rosidl_generator_c.dir/rosidl_generator_c/harvest_interfaces/srv/detail/trajectory_between_points__functions.c.o[0m
[3.926s] [ 11%] [32mBuilding C object CMakeFiles/harvest_interfaces__rosidl_generator_c.dir/rosidl_generator_c/harvest_interfaces/srv/detail/record_topics__functions.c.o[0m
[3.928s] [ 12%] [32mBuilding C object CMakeFiles/harvest_interfaces__rosidl_generator_c.dir/rosidl_generator_c/harvest_interfaces/srv/detail/get_gripper_pose__functions.c.o[0m
[3.950s] [ 13%] [32mBuilding C object CMakeFiles/harvest_interfaces__rosidl_generator_c.dir/rosidl_generator_c/harvest_interfaces/srv/detail/voxel_grid__functions.c.o[0m
[4.120s] [ 14%] [32m[1mLinking C shared library libharvest_interfaces__rosidl_generator_c.so[0m
[4.185s] [ 14%] Built target harvest_interfaces__rosidl_generator_c
[4.202s] [ 17%] [34m[1mGenerating C type support for eProsima Fast-RTPS[0m
[4.203s] [ 17%] [34m[1mGenerating C type support dispatch for ROS interfaces[0m
[4.203s] [ 17%] [34m[1mGenerating C introspection for ROS interfaces[0m
[5.192s] [35m[1mConsolidate compiler generated dependencies of target harvest_interfaces__rosidl_typesupport_introspection_cpp[0m
[5.272s] [ 17%] [32mBuilding CXX object CMakeFiles/harvest_interfaces__rosidl_typesupport_introspection_cpp.dir/rosidl_typesupport_introspection_cpp/harvest_interfaces/action/detail/event_detection__type_support.cpp.o[0m
[5.272s] [ 18%] [32mBuilding CXX object CMakeFiles/harvest_interfaces__rosidl_typesupport_introspection_cpp.dir/rosidl_typesupport_introspection_cpp/harvest_interfaces/srv/detail/apple_prediction__type_support.cpp.o[0m
[5.272s] [ 19%] [32mBuilding CXX object CMakeFiles/harvest_interfaces__rosidl_typesupport_introspection_cpp.dir/rosidl_typesupport_introspection_cpp/harvest_interfaces/action/detail/send_trajectory__type_support.cpp.o[0m
[5.279s] [ 20%] [32mBuilding CXX object CMakeFiles/harvest_interfaces__rosidl_typesupport_introspection_cpp.dir/rosidl_typesupport_introspection_cpp/harvest_interfaces/srv/detail/send_trajectory__type_support.cpp.o[0m
[5.285s] [ 21%] [32mBuilding CXX object CMakeFiles/harvest_interfaces__rosidl_typesupport_introspection_cpp.dir/rosidl_typesupport_introspection_cpp/harvest_interfaces/srv/detail/coordinate_to_trajectory__type_support.cpp.o[0m
[5.292s] [ 22%] [32mBuilding CXX object CMakeFiles/harvest_interfaces__rosidl_typesupport_introspection_cpp.dir/rosidl_typesupport_introspection_cpp/harvest_interfaces/srv/detail/voxel_mask__type_support.cpp.o[0m
[5.298s] [ 23%] [32mBuilding CXX object CMakeFiles/harvest_interfaces__rosidl_typesupport_introspection_cpp.dir/rosidl_typesupport_introspection_cpp/harvest_interfaces/srv/detail/trajectory_between_points__type_support.cpp.o[0m
[5.298s] [ 23%] [32mBuilding CXX object CMakeFiles/harvest_interfaces__rosidl_typesupport_introspection_cpp.dir/rosidl_typesupport_introspection_cpp/harvest_interfaces/srv/detail/move_to_pose__type_support.cpp.o[0m
[5.309s] [ 24%] [32mBuilding CXX object CMakeFiles/harvest_interfaces__rosidl_typesupport_introspection_cpp.dir/rosidl_typesupport_introspection_cpp/harvest_interfaces/srv/detail/set_value__type_support.cpp.o[0m
[5.310s] [ 25%] [32mBuilding CXX object CMakeFiles/harvest_interfaces__rosidl_typesupport_introspection_cpp.dir/rosidl_typesupport_introspection_cpp/harvest_interfaces/srv/detail/record_topics__type_support.cpp.o[0m
[5.310s] [ 26%] [32mBuilding CXX object CMakeFiles/harvest_interfaces__rosidl_typesupport_introspection_cpp.dir/rosidl_typesupport_introspection_cpp/harvest_interfaces/srv/detail/get_gripper_pose__type_support.cpp.o[0m
[5.696s] [35m[1mConsolidate compiler generated dependencies of target harvest_interfaces__rosidl_typesupport_cpp[0m
[5.802s] [ 27%] [32mBuilding CXX object CMakeFiles/harvest_interfaces__rosidl_typesupport_cpp.dir/rosidl_typesupport_cpp/harvest_interfaces/action/event_detection__type_support.cpp.o[0m
[5.973s] [35m[1mConsolidate compiler generated dependencies of target harvest_interfaces__rosidl_typesupport_c[0m
[6.063s] [ 28%] [32mBuilding CXX object CMakeFiles/harvest_interfaces__rosidl_typesupport_c.dir/rosidl_typesupport_c/harvest_interfaces/action/event_detection__type_support.cpp.o[0m
[6.287s] [ 28%] [32mBuilding CXX object CMakeFiles/harvest_interfaces__rosidl_typesupport_c.dir/rosidl_typesupport_c/harvest_interfaces/action/send_trajectory__type_support.cpp.o[0m
[6.377s] [ 29%] [32mBuilding CXX object CMakeFiles/harvest_interfaces__rosidl_typesupport_c.dir/rosidl_typesupport_c/harvest_interfaces/srv/apple_prediction__type_support.cpp.o[0m
[6.427s] [ 30%] [32mBuilding CXX object CMakeFiles/harvest_interfaces__rosidl_typesupport_introspection_cpp.dir/rosidl_typesupport_introspection_cpp/harvest_interfaces/srv/detail/voxel_grid__type_support.cpp.o[0m
[6.453s] [ 31%] [32mBuilding CXX object CMakeFiles/harvest_interfaces__rosidl_typesupport_c.dir/rosidl_typesupport_c/harvest_interfaces/srv/send_trajectory__type_support.cpp.o[0m
[6.485s] [ 32%] [32mBuilding CXX object CMakeFiles/harvest_interfaces__rosidl_typesupport_cpp.dir/rosidl_typesupport_cpp/harvest_interfaces/action/send_trajectory__type_support.cpp.o[0m
[6.580s] [ 33%] [32mBuilding CXX object CMakeFiles/harvest_interfaces__rosidl_typesupport_c.dir/rosidl_typesupport_c/harvest_interfaces/srv/coordinate_to_trajectory__type_support.cpp.o[0m
[6.607s] [ 34%] [32mBuilding CXX object CMakeFiles/harvest_interfaces__rosidl_typesupport_c.dir/rosidl_typesupport_c/harvest_interfaces/srv/voxel_mask__type_support.cpp.o[0m
[6.722s] [ 35%] [32mBuilding CXX object CMakeFiles/harvest_interfaces__rosidl_typesupport_c.dir/rosidl_typesupport_c/harvest_interfaces/srv/move_to_pose__type_support.cpp.o[0m
[6.747s] [ 36%] [32mBuilding CXX object CMakeFiles/harvest_interfaces__rosidl_typesupport_cpp.dir/rosidl_typesupport_cpp/harvest_interfaces/srv/apple_prediction__type_support.cpp.o[0m
[6.848s] [ 36%] [32mBuilding CXX object CMakeFiles/harvest_interfaces__rosidl_typesupport_c.dir/rosidl_typesupport_c/harvest_interfaces/srv/trajectory_between_points__type_support.cpp.o[0m
[6.880s] [ 37%] [32mBuilding CXX object CMakeFiles/harvest_interfaces__rosidl_typesupport_c.dir/rosidl_typesupport_c/harvest_interfaces/srv/set_value__type_support.cpp.o[0m
[6.977s] [ 38%] [32mBuilding CXX object CMakeFiles/harvest_interfaces__rosidl_typesupport_c.dir/rosidl_typesupport_c/harvest_interfaces/srv/record_topics__type_support.cpp.o[0m
[7.002s] [ 39%] [32mBuilding CXX object CMakeFiles/harvest_interfaces__rosidl_typesupport_c.dir/rosidl_typesupport_c/harvest_interfaces/srv/get_gripper_pose__type_support.cpp.o[0m
[7.005s] [ 40%] [32mBuilding CXX object CMakeFiles/harvest_interfaces__rosidl_typesupport_cpp.dir/rosidl_typesupport_cpp/harvest_interfaces/srv/send_trajectory__type_support.cpp.o[0m
[7.022s] [ 41%] [32mBuilding CXX object CMakeFiles/harvest_interfaces__rosidl_typesupport_c.dir/rosidl_typesupport_c/harvest_interfaces/srv/voxel_grid__type_support.cpp.o[0m
[7.023s] [ 41%] [32mBuilding CXX object CMakeFiles/harvest_interfaces__rosidl_typesupport_cpp.dir/rosidl_typesupport_cpp/harvest_interfaces/srv/coordinate_to_trajectory__type_support.cpp.o[0m
[7.040s] [35m[1mConsolidate compiler generated dependencies of target harvest_interfaces__rosidl_typesupport_fastrtps_cpp[0m
[7.092s] [ 42%] [32mBuilding CXX object CMakeFiles/harvest_interfaces__rosidl_typesupport_cpp.dir/rosidl_typesupport_cpp/harvest_interfaces/srv/voxel_mask__type_support.cpp.o[0m
[7.102s] [ 43%] [32mBuilding CXX object CMakeFiles/harvest_interfaces__rosidl_typesupport_cpp.dir/rosidl_typesupport_cpp/harvest_interfaces/srv/move_to_pose__type_support.cpp.o[0m
[7.129s] [ 44%] [32mBuilding CXX object CMakeFiles/harvest_interfaces__rosidl_typesupport_cpp.dir/rosidl_typesupport_cpp/harvest_interfaces/srv/trajectory_between_points__type_support.cpp.o[0m
[7.129s] [ 45%] [32mBuilding CXX object CMakeFiles/harvest_interfaces__rosidl_typesupport_cpp.dir/rosidl_typesupport_cpp/harvest_interfaces/srv/set_value__type_support.cpp.o[0m
[7.143s] [ 46%] [32mBuilding CXX object CMakeFiles/harvest_interfaces__rosidl_typesupport_fastrtps_cpp.dir/rosidl_typesupport_fastrtps_cpp/harvest_interfaces/action/detail/dds_fastrtps/event_detection__type_support.cpp.o[0m
[7.149s] [ 47%] [32m[1mLinking CXX shared library libharvest_interfaces__rosidl_typesupport_c.so[0m
[7.288s] [ 48%] [32mBuilding CXX object CMakeFiles/harvest_interfaces__rosidl_typesupport_fastrtps_cpp.dir/rosidl_typesupport_fastrtps_cpp/harvest_interfaces/action/detail/dds_fastrtps/send_trajectory__type_support.cpp.o[0m
[7.355s] [ 48%] Built target harvest_interfaces__rosidl_typesupport_c
[7.388s] [ 49%] [32mBuilding CXX object CMakeFiles/harvest_interfaces__rosidl_typesupport_cpp.dir/rosidl_typesupport_cpp/harvest_interfaces/srv/record_topics__type_support.cpp.o[0m
[7.431s] [ 49%] [32mBuilding CXX object CMakeFiles/harvest_interfaces__rosidl_typesupport_cpp.dir/rosidl_typesupport_cpp/harvest_interfaces/srv/get_gripper_pose__type_support.cpp.o[0m
[7.634s] [ 50%] [32mBuilding CXX object CMakeFiles/harvest_interfaces__rosidl_typesupport_fastrtps_cpp.dir/rosidl_typesupport_fastrtps_cpp/harvest_interfaces/srv/detail/dds_fastrtps/apple_prediction__type_support.cpp.o[0m
[7.641s] [ 51%] [32mBuilding CXX object CMakeFiles/harvest_interfaces__rosidl_typesupport_fastrtps_cpp.dir/rosidl_typesupport_fastrtps_cpp/harvest_interfaces/srv/detail/dds_fastrtps/send_trajectory__type_support.cpp.o[0m
[7.817s] [35m[1mConsolidate compiler generated dependencies of target harvest_interfaces__rosidl_typesupport_introspection_c[0m
[7.852s] [ 52%] [32mBuilding CXX object CMakeFiles/harvest_interfaces__rosidl_typesupport_fastrtps_cpp.dir/rosidl_typesupport_fastrtps_cpp/harvest_interfaces/srv/detail/dds_fastrtps/coordinate_to_trajectory__type_support.cpp.o[0m
[7.852s] [ 53%] [32mBuilding CXX object CMakeFiles/harvest_interfaces__rosidl_typesupport_cpp.dir/rosidl_typesupport_cpp/harvest_interfaces/srv/voxel_grid__type_support.cpp.o[0m
[7.876s] [ 54%] [32m[1mLinking CXX shared library libharvest_interfaces__rosidl_typesupport_introspection_cpp.so[0m
[7.881s] [ 55%] [32mBuilding C object CMakeFiles/harvest_interfaces__rosidl_typesupport_introspection_c.dir/rosidl_typesupport_introspection_c/harvest_interfaces/action/detail/event_detection__type_support.c.o[0m
[7.926s] [ 55%] [32mBuilding CXX object CMakeFiles/harvest_interfaces__rosidl_typesupport_fastrtps_cpp.dir/rosidl_typesupport_fastrtps_cpp/harvest_interfaces/srv/detail/dds_fastrtps/voxel_mask__type_support.cpp.o[0m
[8.022s] [ 56%] [32mBuilding C object CMakeFiles/harvest_interfaces__rosidl_typesupport_introspection_c.dir/rosidl_typesupport_introspection_c/harvest_interfaces/action/detail/send_trajectory__type_support.c.o[0m
[8.085s] [ 57%] [32mBuilding CXX object CMakeFiles/harvest_interfaces__rosidl_typesupport_fastrtps_cpp.dir/rosidl_typesupport_fastrtps_cpp/harvest_interfaces/srv/detail/dds_fastrtps/move_to_pose__type_support.cpp.o[0m
[8.114s] [ 58%] [32mBuilding CXX object CMakeFiles/harvest_interfaces__rosidl_typesupport_fastrtps_cpp.dir/rosidl_typesupport_fastrtps_cpp/harvest_interfaces/srv/detail/dds_fastrtps/trajectory_between_points__type_support.cpp.o[0m
[8.194s] [ 59%] [32mBuilding CXX object CMakeFiles/harvest_interfaces__rosidl_typesupport_fastrtps_cpp.dir/rosidl_typesupport_fastrtps_cpp/harvest_interfaces/srv/detail/dds_fastrtps/set_value__type_support.cpp.o[0m
[8.216s] [ 60%] [32mBuilding C object CMakeFiles/harvest_interfaces__rosidl_typesupport_introspection_c.dir/rosidl_typesupport_introspection_c/harvest_interfaces/srv/detail/apple_prediction__type_support.c.o[0m
[8.259s] [ 61%] [32mBuilding CXX object CMakeFiles/harvest_interfaces__rosidl_typesupport_fastrtps_cpp.dir/rosidl_typesupport_fastrtps_cpp/harvest_interfaces/srv/detail/dds_fastrtps/record_topics__type_support.cpp.o[0m
[8.270s] [35m[1mConsolidate compiler generated dependencies of target harvest_interfaces__rosidl_typesupport_fastrtps_c[0m
[8.273s] [ 61%] [32mBuilding C object CMakeFiles/harvest_interfaces__rosidl_typesupport_introspection_c.dir/rosidl_typesupport_introspection_c/harvest_interfaces/srv/detail/send_trajectory__type_support.c.o[0m
[8.348s] [ 62%] [32mBuilding CXX object CMakeFiles/harvest_interfaces__rosidl_typesupport_fastrtps_c.dir/rosidl_typesupport_fastrtps_c/harvest_interfaces/action/detail/event_detection__type_support_c.cpp.o[0m
[8.352s] [ 62%] Built target harvest_interfaces__rosidl_typesupport_introspection_cpp
[8.362s] [ 63%] [32mBuilding CXX object CMakeFiles/harvest_interfaces__rosidl_typesupport_fastrtps_c.dir/rosidl_typesupport_fastrtps_c/harvest_interfaces/action/detail/send_trajectory__type_support_c.cpp.o[0m
[8.374s] [ 63%] [32mBuilding CXX object CMakeFiles/harvest_interfaces__rosidl_typesupport_fastrtps_c.dir/rosidl_typesupport_fastrtps_c/harvest_interfaces/srv/detail/apple_prediction__type_support_c.cpp.o[0m
[8.405s] [ 64%] [32mBuilding CXX object CMakeFiles/harvest_interfaces__rosidl_typesupport_fastrtps_cpp.dir/rosidl_typesupport_fastrtps_cpp/harvest_interfaces/srv/detail/dds_fastrtps/get_gripper_pose__type_support.cpp.o[0m
[8.463s] [ 65%] [32mBuilding C object CMakeFiles/harvest_interfaces__rosidl_typesupport_introspection_c.dir/rosidl_typesupport_introspection_c/harvest_interfaces/srv/detail/coordinate_to_trajectory__type_support.c.o[0m
[8.503s] [ 66%] [32m[1mLinking CXX shared library libharvest_interfaces__rosidl_typesupport_cpp.so[0m
[8.618s] [ 67%] [32mBuilding C object CMakeFiles/harvest_interfaces__rosidl_typesupport_introspection_c.dir/rosidl_typesupport_introspection_c/harvest_interfaces/srv/detail/voxel_mask__type_support.c.o[0m
[8.716s] [ 67%] Built target harvest_interfaces__rosidl_typesupport_cpp
[8.736s] [ 68%] [32mBuilding C object CMakeFiles/harvest_interfaces__rosidl_typesupport_introspection_c.dir/rosidl_typesupport_introspection_c/harvest_interfaces/srv/detail/move_to_pose__type_support.c.o[0m
[8.751s] [ 69%] [32mBuilding C object CMakeFiles/harvest_interfaces__rosidl_typesupport_introspection_c.dir/rosidl_typesupport_introspection_c/harvest_interfaces/srv/detail/trajectory_between_points__type_support.c.o[0m
[8.753s] [ 69%] [32mBuilding CXX object CMakeFiles/harvest_interfaces__rosidl_typesupport_fastrtps_cpp.dir/rosidl_typesupport_fastrtps_cpp/harvest_interfaces/srv/detail/dds_fastrtps/voxel_grid__type_support.cpp.o[0m
[8.864s] [ 70%] [32mBuilding C object CMakeFiles/harvest_interfaces__rosidl_typesupport_introspection_c.dir/rosidl_typesupport_introspection_c/harvest_interfaces/srv/detail/set_value__type_support.c.o[0m
[8.865s] [ 71%] [32mBuilding CXX object CMakeFiles/harvest_interfaces__rosidl_typesupport_fastrtps_c.dir/rosidl_typesupport_fastrtps_c/harvest_interfaces/srv/detail/send_trajectory__type_support_c.cpp.o[0m
[8.896s] [ 72%] [32mBuilding CXX object CMakeFiles/harvest_interfaces__rosidl_typesupport_fastrtps_c.dir/rosidl_typesupport_fastrtps_c/harvest_interfaces/srv/detail/coordinate_to_trajectory__type_support_c.cpp.o[0m
[8.954s] [ 73%] [32mBuilding C object CMakeFiles/harvest_interfaces__rosidl_typesupport_introspection_c.dir/rosidl_typesupport_introspection_c/harvest_interfaces/srv/detail/record_topics__type_support.c.o[0m
[9.004s] [ 73%] [32mBuilding C object CMakeFiles/harvest_interfaces__rosidl_typesupport_introspection_c.dir/rosidl_typesupport_introspection_c/harvest_interfaces/srv/detail/get_gripper_pose__type_support.c.o[0m
[9.006s] [ 74%] [32mBuilding CXX object CMakeFiles/harvest_interfaces__rosidl_typesupport_fastrtps_c.dir/rosidl_typesupport_fastrtps_c/harvest_interfaces/srv/detail/voxel_mask__type_support_c.cpp.o[0m
[9.104s] [ 75%] [32mBuilding C object CMakeFiles/harvest_interfaces__rosidl_typesupport_introspection_c.dir/rosidl_typesupport_introspection_c/harvest_interfaces/srv/detail/voxel_grid__type_support.c.o[0m
[9.155s] [ 76%] [32mBuilding CXX object CMakeFiles/harvest_interfaces__rosidl_typesupport_fastrtps_c.dir/rosidl_typesupport_fastrtps_c/harvest_interfaces/srv/detail/move_to_pose__type_support_c.cpp.o[0m
[9.198s] [ 77%] [32mBuilding CXX object CMakeFiles/harvest_interfaces__rosidl_typesupport_fastrtps_c.dir/rosidl_typesupport_fastrtps_c/harvest_interfaces/srv/detail/trajectory_between_points__type_support_c.cpp.o[0m
[9.282s] [ 77%] [32mBuilding CXX object CMakeFiles/harvest_interfaces__rosidl_typesupport_fastrtps_c.dir/rosidl_typesupport_fastrtps_c/harvest_interfaces/srv/detail/set_value__type_support_c.cpp.o[0m
[9.324s] [ 78%] [32m[1mLinking C shared library libharvest_interfaces__rosidl_typesupport_introspection_c.so[0m
[9.455s] [ 79%] [32mBuilding CXX object CMakeFiles/harvest_interfaces__rosidl_typesupport_fastrtps_c.dir/rosidl_typesupport_fastrtps_c/harvest_interfaces/srv/detail/record_topics__type_support_c.cpp.o[0m
[9.506s] [ 79%] Built target harvest_interfaces__rosidl_typesupport_introspection_c
[9.552s] [ 80%] [32mBuilding CXX object CMakeFiles/harvest_interfaces__rosidl_typesupport_fastrtps_c.dir/rosidl_typesupport_fastrtps_c/harvest_interfaces/srv/detail/get_gripper_pose__type_support_c.cpp.o[0m
[9.555s] [ 81%] [32mBuilding CXX object CMakeFiles/harvest_interfaces__rosidl_typesupport_fastrtps_c.dir/rosidl_typesupport_fastrtps_c/harvest_interfaces/srv/detail/voxel_grid__type_support_c.cpp.o[0m
[10.071s] [ 82%] [32m[1mLinking CXX shared library libharvest_interfaces__rosidl_typesupport_fastrtps_cpp.so[0m
[10.156s] [ 83%] [32m[1mLinking CXX shared library libharvest_interfaces__rosidl_typesupport_fastrtps_c.so[0m
[10.158s] [ 83%] Built target harvest_interfaces__rosidl_typesupport_fastrtps_cpp
[10.239s] [ 83%] Built target harvest_interfaces__rosidl_typesupport_fastrtps_c
[10.262s] [ 83%] Built target harvest_interfaces
[10.283s] [ 84%] [34m[1mGenerating Python code for ROS interfaces[0m
[12.343s] [ 84%] Built target harvest_interfaces__py
[12.376s] [35m[1mConsolidate compiler generated dependencies of target harvest_interfaces__rosidl_generator_py[0m
[12.420s] [ 85%] [32mBuilding C object CMakeFiles/harvest_interfaces__rosidl_generator_py.dir/rosidl_generator_py/harvest_interfaces/action/_event_detection_s.c.o[0m
[12.432s] [ 86%] [32mBuilding C object CMakeFiles/harvest_interfaces__rosidl_generator_py.dir/rosidl_generator_py/harvest_interfaces/action/_send_trajectory_s.c.o[0m
[12.435s] [ 86%] [32mBuilding C object CMakeFiles/harvest_interfaces__rosidl_generator_py.dir/rosidl_generator_py/harvest_interfaces/srv/_apple_prediction_s.c.o[0m
[12.435s] [ 87%] [32mBuilding C object CMakeFiles/harvest_interfaces__rosidl_generator_py.dir/rosidl_generator_py/harvest_interfaces/srv/_send_trajectory_s.c.o[0m
[12.437s] [ 88%] [32mBuilding C object CMakeFiles/harvest_interfaces__rosidl_generator_py.dir/rosidl_generator_py/harvest_interfaces/srv/_coordinate_to_trajectory_s.c.o[0m
[12.438s] [ 89%] [32mBuilding C object CMakeFiles/harvest_interfaces__rosidl_generator_py.dir/rosidl_generator_py/harvest_interfaces/srv/_voxel_mask_s.c.o[0m
[12.444s] [ 90%] [32mBuilding C object CMakeFiles/harvest_interfaces__rosidl_generator_py.dir/rosidl_generator_py/harvest_interfaces/srv/_move_to_pose_s.c.o[0m
[12.451s] [ 91%] [32mBuilding C object CMakeFiles/harvest_interfaces__rosidl_generator_py.dir/rosidl_generator_py/harvest_interfaces/srv/_trajectory_between_points_s.c.o[0m
[12.465s] [ 91%] [32mBuilding C object CMakeFiles/harvest_interfaces__rosidl_generator_py.dir/rosidl_generator_py/harvest_interfaces/srv/_record_topics_s.c.o[0m
[12.465s] [ 92%] [32mBuilding C object CMakeFiles/harvest_interfaces__rosidl_generator_py.dir/rosidl_generator_py/harvest_interfaces/srv/_set_value_s.c.o[0m
[12.469s] [ 93%] [32mBuilding C object CMakeFiles/harvest_interfaces__rosidl_generator_py.dir/rosidl_generator_py/harvest_interfaces/srv/_get_gripper_pose_s.c.o[0m
[12.497s] [ 94%] [32mBuilding C object CMakeFiles/harvest_interfaces__rosidl_generator_py.dir/rosidl_generator_py/harvest_interfaces/srv/_voxel_grid_s.c.o[0m
[12.680s] [ 95%] [32m[1mLinking C shared library rosidl_generator_py/harvest_interfaces/libharvest_interfaces__rosidl_generator_py.so[0m
[12.727s] [ 95%] Built target harvest_interfaces__rosidl_generator_py
[12.739s] [35m[1mConsolidate compiler generated dependencies of target harvest_interfaces__rosidl_typesupport_fastrtps_c__pyext[0m
[12.739s] [35m[1mConsolidate compiler generated dependencies of target harvest_interfaces__rosidl_typesupport_c__pyext[0m
[12.739s] [35m[1mConsolidate compiler generated dependencies of target harvest_interfaces__rosidl_typesupport_introspection_c__pyext[0m
[12.752s] [ 95%] [32mBuilding C object CMakeFiles/harvest_interfaces__rosidl_typesupport_c__pyext.dir/rosidl_generator_py/harvest_interfaces/_harvest_interfaces_s.ep.rosidl_typesupport_c.c.o[0m
[12.753s] [ 96%] [32mBuilding C object CMakeFiles/harvest_interfaces__rosidl_typesupport_fastrtps_c__pyext.dir/rosidl_generator_py/harvest_interfaces/_harvest_interfaces_s.ep.rosidl_typesupport_fastrtps_c.c.o[0m
[12.753s] [ 97%] [32mBuilding C object CMakeFiles/harvest_interfaces__rosidl_typesupport_introspection_c__pyext.dir/rosidl_generator_py/harvest_interfaces/_harvest_interfaces_s.ep.rosidl_typesupport_introspection_c.c.o[0m
[12.935s] [ 98%] [32m[1mLinking C shared library rosidl_generator_py/harvest_interfaces/harvest_interfaces_s__rosidl_typesupport_fastrtps_c.cpython-310-x86_64-linux-gnu.so[0m
[12.936s] [ 99%] [32m[1mLinking C shared library rosidl_generator_py/harvest_interfaces/harvest_interfaces_s__rosidl_typesupport_c.cpython-310-x86_64-linux-gnu.so[0m
[12.939s] [100%] [32m[1mLinking C shared library rosidl_generator_py/harvest_interfaces/harvest_interfaces_s__rosidl_typesupport_introspection_c.cpython-310-x86_64-linux-gnu.so[0m
[12.978s] [100%] Built target harvest_interfaces__rosidl_typesupport_c__pyext
[12.979s] [100%] Built target harvest_interfaces__rosidl_typesupport_fastrtps_c__pyext
[12.980s] [100%] Built target harvest_interfaces__rosidl_typesupport_introspection_c__pyext
[12.994s] Invoked command in '/home/imml/git/research_2025/apple-harvest-eva/build/harvest_interfaces' returned '0': CMAKE_PREFIX_PATH=${CMAKE_PREFIX_PATH}:/home/imml/git/research_2025/apple-harvest-eva/install/ur5e_custom_hardware:/home/imml/git/research_2025/apple-harvest-eva/install/harvest_vision:/opt/ros/humble /usr/bin/cmake --build /home/imml/git/research_2025/apple-harvest-eva/build/harvest_interfaces -- -j16 -l16
[12.995s] Invoking command in '/home/imml/git/research_2025/apple-harvest-eva/build/harvest_interfaces': CMAKE_PREFIX_PATH=${CMAKE_PREFIX_PATH}:/home/imml/git/research_2025/apple-harvest-eva/install/ur5e_custom_hardware:/home/imml/git/research_2025/apple-harvest-eva/install/harvest_vision:/opt/ros/humble /usr/bin/cmake --install /home/imml/git/research_2025/apple-harvest-eva/build/harvest_interfaces
[13.002s] -- Install configuration: ""
[13.003s] -- Execute custom install script
[13.004s] -- Up-to-date symlink: /home/imml/git/research_2025/apple-harvest-eva/install/harvest_interfaces/share/ament_index/resource_index/rosidl_interfaces/harvest_interfaces
[13.005s] -- Up-to-date symlink: /home/imml/git/research_2025/apple-harvest-eva/install/harvest_interfaces/include/harvest_interfaces/harvest_interfaces/action/detail/event_detection__functions.h
[13.005s] -- Up-to-date symlink: /home/imml/git/research_2025/apple-harvest-eva/install/harvest_interfaces/include/harvest_interfaces/harvest_interfaces/action/detail/event_detection__struct.h
[13.005s] -- Up-to-date symlink: /home/imml/git/research_2025/apple-harvest-eva/install/harvest_interfaces/include/harvest_interfaces/harvest_interfaces/action/detail/event_detection__type_support.h
[13.005s] -- Up-to-date symlink: /home/imml/git/research_2025/apple-harvest-eva/install/harvest_interfaces/include/harvest_interfaces/harvest_interfaces/action/detail/send_trajectory__functions.h
[13.005s] -- Up-to-date symlink: /home/imml/git/research_2025/apple-harvest-eva/install/harvest_interfaces/include/harvest_interfaces/harvest_interfaces/action/detail/send_trajectory__struct.h
[13.006s] -- Up-to-date symlink: /home/imml/git/research_2025/apple-harvest-eva/install/harvest_interfaces/include/harvest_interfaces/harvest_interfaces/action/detail/send_trajectory__type_support.h
[13.006s] -- Up-to-date symlink: /home/imml/git/research_2025/apple-harvest-eva/install/harvest_interfaces/include/harvest_interfaces/harvest_interfaces/action/event_detection.h
[13.006s] -- Up-to-date symlink: /home/imml/git/research_2025/apple-harvest-eva/install/harvest_interfaces/include/harvest_interfaces/harvest_interfaces/action/send_trajectory.h
[13.006s] -- Up-to-date symlink: /home/imml/git/research_2025/apple-harvest-eva/install/harvest_interfaces/include/harvest_interfaces/harvest_interfaces/msg/rosidl_generator_c__visibility_control.h
[13.006s] -- Up-to-date symlink: /home/imml/git/research_2025/apple-harvest-eva/install/harvest_interfaces/include/harvest_interfaces/harvest_interfaces/srv/apple_prediction.h
[13.007s] -- Up-to-date symlink: /home/imml/git/research_2025/apple-harvest-eva/install/harvest_interfaces/include/harvest_interfaces/harvest_interfaces/srv/coordinate_to_trajectory.h
[13.007s] -- Up-to-date symlink: /home/imml/git/research_2025/apple-harvest-eva/install/harvest_interfaces/include/harvest_interfaces/harvest_interfaces/srv/detail/apple_prediction__functions.h
[13.007s] -- Up-to-date symlink: /home/imml/git/research_2025/apple-harvest-eva/install/harvest_interfaces/include/harvest_interfaces/harvest_interfaces/srv/detail/apple_prediction__struct.h
[13.007s] -- Up-to-date symlink: /home/imml/git/research_2025/apple-harvest-eva/install/harvest_interfaces/include/harvest_interfaces/harvest_interfaces/srv/detail/apple_prediction__type_support.h
[13.007s] -- Up-to-date symlink: /home/imml/git/research_2025/apple-harvest-eva/install/harvest_interfaces/include/harvest_interfaces/harvest_interfaces/srv/detail/coordinate_to_trajectory__functions.h
[13.007s] -- Up-to-date symlink: /home/imml/git/research_2025/apple-harvest-eva/install/harvest_interfaces/include/harvest_interfaces/harvest_interfaces/srv/detail/coordinate_to_trajectory__struct.h
[13.008s] -- Up-to-date symlink: /home/imml/git/research_2025/apple-harvest-eva/install/harvest_interfaces/include/harvest_interfaces/harvest_interfaces/srv/detail/coordinate_to_trajectory__type_support.h
[13.008s] -- Up-to-date symlink: /home/imml/git/research_2025/apple-harvest-eva/install/harvest_interfaces/include/harvest_interfaces/harvest_interfaces/srv/detail/get_gripper_pose__functions.h
[13.008s] -- Up-to-date symlink: /home/imml/git/research_2025/apple-harvest-eva/install/harvest_interfaces/include/harvest_interfaces/harvest_interfaces/srv/detail/get_gripper_pose__struct.h
[13.008s] -- Up-to-date symlink: /home/imml/git/research_2025/apple-harvest-eva/install/harvest_interfaces/include/harvest_interfaces/harvest_interfaces/srv/detail/get_gripper_pose__type_support.h
[13.008s] -- Up-to-date symlink: /home/imml/git/research_2025/apple-harvest-eva/install/harvest_interfaces/include/harvest_interfaces/harvest_interfaces/srv/detail/move_to_pose__functions.h
[13.009s] -- Up-to-date symlink: /home/imml/git/research_2025/apple-harvest-eva/install/harvest_interfaces/include/harvest_interfaces/harvest_interfaces/srv/detail/move_to_pose__struct.h
[13.009s] -- Up-to-date symlink: /home/imml/git/research_2025/apple-harvest-eva/install/harvest_interfaces/include/harvest_interfaces/harvest_interfaces/srv/detail/move_to_pose__type_support.h
[13.009s] -- Up-to-date symlink: /home/imml/git/research_2025/apple-harvest-eva/install/harvest_interfaces/include/harvest_interfaces/harvest_interfaces/srv/detail/record_topics__functions.h
[13.009s] -- Up-to-date symlink: /home/imml/git/research_2025/apple-harvest-eva/install/harvest_interfaces/include/harvest_interfaces/harvest_interfaces/srv/detail/record_topics__struct.h
[13.009s] -- Up-to-date symlink: /home/imml/git/research_2025/apple-harvest-eva/install/harvest_interfaces/include/harvest_interfaces/harvest_interfaces/srv/detail/record_topics__type_support.h
[13.010s] -- Up-to-date symlink: /home/imml/git/research_2025/apple-harvest-eva/install/harvest_interfaces/include/harvest_interfaces/harvest_interfaces/srv/detail/send_trajectory__functions.h
[13.010s] -- Up-to-date symlink: /home/imml/git/research_2025/apple-harvest-eva/install/harvest_interfaces/include/harvest_interfaces/harvest_interfaces/srv/detail/send_trajectory__struct.h
[13.010s] -- Up-to-date symlink: /home/imml/git/research_2025/apple-harvest-eva/install/harvest_interfaces/include/harvest_interfaces/harvest_interfaces/srv/detail/send_trajectory__type_support.h
[13.010s] -- Up-to-date symlink: /home/imml/git/research_2025/apple-harvest-eva/install/harvest_interfaces/include/harvest_interfaces/harvest_interfaces/srv/detail/set_value__functions.h
[13.010s] -- Up-to-date symlink: /home/imml/git/research_2025/apple-harvest-eva/install/harvest_interfaces/include/harvest_interfaces/harvest_interfaces/srv/detail/set_value__struct.h
[13.010s] -- Up-to-date symlink: /home/imml/git/research_2025/apple-harvest-eva/install/harvest_interfaces/include/harvest_interfaces/harvest_interfaces/srv/detail/set_value__type_support.h
[13.010s] -- Up-to-date symlink: /home/imml/git/research_2025/apple-harvest-eva/install/harvest_interfaces/include/harvest_interfaces/harvest_interfaces/srv/detail/trajectory_between_points__functions.h
[13.011s] -- Up-to-date symlink: /home/imml/git/research_2025/apple-harvest-eva/install/harvest_interfaces/include/harvest_interfaces/harvest_interfaces/srv/detail/trajectory_between_points__struct.h
[13.011s] -- Up-to-date symlink: /home/imml/git/research_2025/apple-harvest-eva/install/harvest_interfaces/include/harvest_interfaces/harvest_interfaces/srv/detail/trajectory_between_points__type_support.h
[13.011s] -- Up-to-date symlink: /home/imml/git/research_2025/apple-harvest-eva/install/harvest_interfaces/include/harvest_interfaces/harvest_interfaces/srv/detail/voxel_grid__functions.h
[13.011s] -- Up-to-date symlink: /home/imml/git/research_2025/apple-harvest-eva/install/harvest_interfaces/include/harvest_interfaces/harvest_interfaces/srv/detail/voxel_grid__struct.h
[13.011s] -- Up-to-date symlink: /home/imml/git/research_2025/apple-harvest-eva/install/harvest_interfaces/include/harvest_interfaces/harvest_interfaces/srv/detail/voxel_grid__type_support.h
[13.011s] -- Up-to-date symlink: /home/imml/git/research_2025/apple-harvest-eva/install/harvest_interfaces/include/harvest_interfaces/harvest_interfaces/srv/detail/voxel_mask__functions.h
[13.011s] -- Up-to-date symlink: /home/imml/git/research_2025/apple-harvest-eva/install/harvest_interfaces/include/harvest_interfaces/harvest_interfaces/srv/detail/voxel_mask__struct.h
[13.012s] -- Up-to-date symlink: /home/imml/git/research_2025/apple-harvest-eva/install/harvest_interfaces/include/harvest_interfaces/harvest_interfaces/srv/detail/voxel_mask__type_support.h
[13.012s] -- Up-to-date symlink: /home/imml/git/research_2025/apple-harvest-eva/install/harvest_interfaces/include/harvest_interfaces/harvest_interfaces/srv/get_gripper_pose.h
[13.012s] -- Up-to-date symlink: /home/imml/git/research_2025/apple-harvest-eva/install/harvest_interfaces/include/harvest_interfaces/harvest_interfaces/srv/move_to_pose.h
[13.012s] -- Up-to-date symlink: /home/imml/git/research_2025/apple-harvest-eva/install/harvest_interfaces/include/harvest_interfaces/harvest_interfaces/srv/record_topics.h
[13.012s] -- Up-to-date symlink: /home/imml/git/research_2025/apple-harvest-eva/install/harvest_interfaces/include/harvest_interfaces/harvest_interfaces/srv/send_trajectory.h
[13.013s] -- Up-to-date symlink: /home/imml/git/research_2025/apple-harvest-eva/install/harvest_interfaces/include/harvest_interfaces/harvest_interfaces/srv/set_value.h
[13.013s] -- Up-to-date symlink: /home/imml/git/research_2025/apple-harvest-eva/install/harvest_interfaces/include/harvest_interfaces/harvest_interfaces/srv/trajectory_between_points.h
[13.013s] -- Up-to-date symlink: /home/imml/git/research_2025/apple-harvest-eva/install/harvest_interfaces/include/harvest_interfaces/harvest_interfaces/srv/voxel_grid.h
[13.013s] -- Up-to-date symlink: /home/imml/git/research_2025/apple-harvest-eva/install/harvest_interfaces/include/harvest_interfaces/harvest_interfaces/srv/voxel_mask.h
[13.013s] -- Up-to-date symlink: /home/imml/git/research_2025/apple-harvest-eva/install/harvest_interfaces/share/harvest_interfaces/environment/library_path.sh
[13.013s] -- Up-to-date symlink: /home/imml/git/research_2025/apple-harvest-eva/install/harvest_interfaces/share/harvest_interfaces/environment/library_path.dsv
[13.014s] -- Up-to-date symlink: /home/imml/git/research_2025/apple-harvest-eva/install/harvest_interfaces/include/harvest_interfaces/harvest_interfaces/action/detail/event_detection__rosidl_typesupport_fastrtps_c.h
[13.015s] -- Up-to-date symlink: /home/imml/git/research_2025/apple-harvest-eva/install/harvest_interfaces/include/harvest_interfaces/harvest_interfaces/action/detail/send_trajectory__rosidl_typesupport_fastrtps_c.h
[13.015s] -- Up-to-date symlink: /home/imml/git/research_2025/apple-harvest-eva/install/harvest_interfaces/include/harvest_interfaces/harvest_interfaces/msg/rosidl_typesupport_fastrtps_c__visibility_control.h
[13.015s] -- Up-to-date symlink: /home/imml/git/research_2025/apple-harvest-eva/install/harvest_interfaces/include/harvest_interfaces/harvest_interfaces/srv/detail/apple_prediction__rosidl_typesupport_fastrtps_c.h
[13.015s] -- Up-to-date symlink: /home/imml/git/research_2025/apple-harvest-eva/install/harvest_interfaces/include/harvest_interfaces/harvest_interfaces/srv/detail/coordinate_to_trajectory__rosidl_typesupport_fastrtps_c.h
[13.015s] -- Up-to-date symlink: /home/imml/git/research_2025/apple-harvest-eva/install/harvest_interfaces/include/harvest_interfaces/harvest_interfaces/srv/detail/get_gripper_pose__rosidl_typesupport_fastrtps_c.h
[13.015s] -- Up-to-date symlink: /home/imml/git/research_2025/apple-harvest-eva/install/harvest_interfaces/include/harvest_interfaces/harvest_interfaces/srv/detail/move_to_pose__rosidl_typesupport_fastrtps_c.h
[13.016s] -- Up-to-date symlink: /home/imml/git/research_2025/apple-harvest-eva/install/harvest_interfaces/include/harvest_interfaces/harvest_interfaces/srv/detail/record_topics__rosidl_typesupport_fastrtps_c.h
[13.016s] -- Up-to-date symlink: /home/imml/git/research_2025/apple-harvest-eva/install/harvest_interfaces/include/harvest_interfaces/harvest_interfaces/srv/detail/send_trajectory__rosidl_typesupport_fastrtps_c.h
[13.016s] -- Up-to-date symlink: /home/imml/git/research_2025/apple-harvest-eva/install/harvest_interfaces/include/harvest_interfaces/harvest_interfaces/srv/detail/set_value__rosidl_typesupport_fastrtps_c.h
[13.016s] -- Up-to-date symlink: /home/imml/git/research_2025/apple-harvest-eva/install/harvest_interfaces/include/harvest_interfaces/harvest_interfaces/srv/detail/trajectory_between_points__rosidl_typesupport_fastrtps_c.h
[13.016s] -- Up-to-date symlink: /home/imml/git/research_2025/apple-harvest-eva/install/harvest_interfaces/include/harvest_interfaces/harvest_interfaces/srv/detail/voxel_grid__rosidl_typesupport_fastrtps_c.h
[13.016s] -- Up-to-date symlink: /home/imml/git/research_2025/apple-harvest-eva/install/harvest_interfaces/include/harvest_interfaces/harvest_interfaces/srv/detail/voxel_mask__rosidl_typesupport_fastrtps_c.h
[13.017s] -- Up-to-date symlink: /home/imml/git/research_2025/apple-harvest-eva/install/harvest_interfaces/include/harvest_interfaces/harvest_interfaces/action/detail/event_detection__rosidl_typesupport_introspection_c.h
[13.017s] -- Up-to-date symlink: /home/imml/git/research_2025/apple-harvest-eva/install/harvest_interfaces/include/harvest_interfaces/harvest_interfaces/action/detail/send_trajectory__rosidl_typesupport_introspection_c.h
[13.017s] -- Up-to-date symlink: /home/imml/git/research_2025/apple-harvest-eva/install/harvest_interfaces/include/harvest_interfaces/harvest_interfaces/msg/rosidl_typesupport_introspection_c__visibility_control.h
[13.017s] -- Up-to-date symlink: /home/imml/git/research_2025/apple-harvest-eva/install/harvest_interfaces/include/harvest_interfaces/harvest_interfaces/srv/detail/apple_prediction__rosidl_typesupport_introspection_c.h
[13.017s] -- Up-to-date symlink: /home/imml/git/research_2025/apple-harvest-eva/install/harvest_interfaces/include/harvest_interfaces/harvest_interfaces/srv/detail/coordinate_to_trajectory__rosidl_typesupport_introspection_c.h
[13.018s] -- Up-to-date symlink: /home/imml/git/research_2025/apple-harvest-eva/install/harvest_interfaces/include/harvest_interfaces/harvest_interfaces/srv/detail/get_gripper_pose__rosidl_typesupport_introspection_c.h
[13.018s] -- Up-to-date symlink: /home/imml/git/research_2025/apple-harvest-eva/install/harvest_interfaces/include/harvest_interfaces/harvest_interfaces/srv/detail/move_to_pose__rosidl_typesupport_introspection_c.h
[13.018s] -- Up-to-date symlink: /home/imml/git/research_2025/apple-harvest-eva/install/harvest_interfaces/include/harvest_interfaces/harvest_interfaces/srv/detail/record_topics__rosidl_typesupport_introspection_c.h
[13.018s] -- Up-to-date symlink: /home/imml/git/research_2025/apple-harvest-eva/install/harvest_interfaces/include/harvest_interfaces/harvest_interfaces/srv/detail/send_trajectory__rosidl_typesupport_introspection_c.h
[13.018s] -- Up-to-date symlink: /home/imml/git/research_2025/apple-harvest-eva/install/harvest_interfaces/include/harvest_interfaces/harvest_interfaces/srv/detail/set_value__rosidl_typesupport_introspection_c.h
[13.018s] -- Up-to-date symlink: /home/imml/git/research_2025/apple-harvest-eva/install/harvest_interfaces/include/harvest_interfaces/harvest_interfaces/srv/detail/trajectory_between_points__rosidl_typesupport_introspection_c.h
[13.018s] -- Up-to-date symlink: /home/imml/git/research_2025/apple-harvest-eva/install/harvest_interfaces/include/harvest_interfaces/harvest_interfaces/srv/detail/voxel_grid__rosidl_typesupport_introspection_c.h
[13.019s] -- Up-to-date symlink: /home/imml/git/research_2025/apple-harvest-eva/install/harvest_interfaces/include/harvest_interfaces/harvest_interfaces/srv/detail/voxel_mask__rosidl_typesupport_introspection_c.h
[13.019s] -- Up-to-date symlink: /home/imml/git/research_2025/apple-harvest-eva/install/harvest_interfaces/include/harvest_interfaces/harvest_interfaces/action/detail/event_detection__builder.hpp
[13.020s] -- Up-to-date symlink: /home/imml/git/research_2025/apple-harvest-eva/install/harvest_interfaces/include/harvest_interfaces/harvest_interfaces/action/detail/event_detection__struct.hpp
[13.020s] -- Up-to-date symlink: /home/imml/git/research_2025/apple-harvest-eva/install/harvest_interfaces/include/harvest_interfaces/harvest_interfaces/action/detail/event_detection__traits.hpp
[13.020s] -- Up-to-date symlink: /home/imml/git/research_2025/apple-harvest-eva/install/harvest_interfaces/include/harvest_interfaces/harvest_interfaces/action/detail/event_detection__type_support.hpp
[13.020s] -- Up-to-date symlink: /home/imml/git/research_2025/apple-harvest-eva/install/harvest_interfaces/include/harvest_interfaces/harvest_interfaces/action/detail/send_trajectory__builder.hpp
[13.020s] -- Up-to-date symlink: /home/imml/git/research_2025/apple-harvest-eva/install/harvest_interfaces/include/harvest_interfaces/harvest_interfaces/action/detail/send_trajectory__struct.hpp
[13.021s] -- Up-to-date symlink: /home/imml/git/research_2025/apple-harvest-eva/install/harvest_interfaces/include/harvest_interfaces/harvest_interfaces/action/detail/send_trajectory__traits.hpp
[13.021s] -- Up-to-date symlink: /home/imml/git/research_2025/apple-harvest-eva/install/harvest_interfaces/include/harvest_interfaces/harvest_interfaces/action/detail/send_trajectory__type_support.hpp
[13.021s] -- Up-to-date symlink: /home/imml/git/research_2025/apple-harvest-eva/install/harvest_interfaces/include/harvest_interfaces/harvest_interfaces/action/event_detection.hpp
[13.021s] -- Up-to-date symlink: /home/imml/git/research_2025/apple-harvest-eva/install/harvest_interfaces/include/harvest_interfaces/harvest_interfaces/action/send_trajectory.hpp
[13.022s] -- Up-to-date symlink: /home/imml/git/research_2025/apple-harvest-eva/install/harvest_interfaces/include/harvest_interfaces/harvest_interfaces/msg/rosidl_generator_cpp__visibility_control.hpp
[13.022s] -- Up-to-date symlink: /home/imml/git/research_2025/apple-harvest-eva/install/harvest_interfaces/include/harvest_interfaces/harvest_interfaces/srv/apple_prediction.hpp
[13.022s] -- Up-to-date symlink: /home/imml/git/research_2025/apple-harvest-eva/install/harvest_interfaces/include/harvest_interfaces/harvest_interfaces/srv/coordinate_to_trajectory.hpp
[13.022s] -- Up-to-date symlink: /home/imml/git/research_2025/apple-harvest-eva/install/harvest_interfaces/include/harvest_interfaces/harvest_interfaces/srv/detail/apple_prediction__builder.hpp
[13.022s] -- Up-to-date symlink: /home/imml/git/research_2025/apple-harvest-eva/install/harvest_interfaces/include/harvest_interfaces/harvest_interfaces/srv/detail/apple_prediction__struct.hpp
[13.022s] -- Up-to-date symlink: /home/imml/git/research_2025/apple-harvest-eva/install/harvest_interfaces/include/harvest_interfaces/harvest_interfaces/srv/detail/apple_prediction__traits.hpp
[13.023s] -- Up-to-date symlink: /home/imml/git/research_2025/apple-harvest-eva/install/harvest_interfaces/include/harvest_interfaces/harvest_interfaces/srv/detail/apple_prediction__type_support.hpp
[13.023s] -- Up-to-date symlink: /home/imml/git/research_2025/apple-harvest-eva/install/harvest_interfaces/include/harvest_interfaces/harvest_interfaces/srv/detail/coordinate_to_trajectory__builder.hpp
[13.023s] -- Up-to-date symlink: /home/imml/git/research_2025/apple-harvest-eva/install/harvest_interfaces/include/harvest_interfaces/harvest_interfaces/srv/detail/coordinate_to_trajectory__struct.hpp
[13.023s] -- Up-to-date symlink: /home/imml/git/research_2025/apple-harvest-eva/install/harvest_interfaces/include/harvest_interfaces/harvest_interfaces/srv/detail/coordinate_to_trajectory__traits.hpp
[13.023s] -- Up-to-date symlink: /home/imml/git/research_2025/apple-harvest-eva/install/harvest_interfaces/include/harvest_interfaces/harvest_interfaces/srv/detail/coordinate_to_trajectory__type_support.hpp
[13.023s] -- Up-to-date symlink: /home/imml/git/research_2025/apple-harvest-eva/install/harvest_interfaces/include/harvest_interfaces/harvest_interfaces/srv/detail/get_gripper_pose__builder.hpp
[13.023s] -- Up-to-date symlink: /home/imml/git/research_2025/apple-harvest-eva/install/harvest_interfaces/include/harvest_interfaces/harvest_interfaces/srv/detail/get_gripper_pose__struct.hpp
[13.024s] -- Up-to-date symlink: /home/imml/git/research_2025/apple-harvest-eva/install/harvest_interfaces/include/harvest_interfaces/harvest_interfaces/srv/detail/get_gripper_pose__traits.hpp
[13.024s] -- Up-to-date symlink: /home/imml/git/research_2025/apple-harvest-eva/install/harvest_interfaces/include/harvest_interfaces/harvest_interfaces/srv/detail/get_gripper_pose__type_support.hpp
[13.024s] -- Up-to-date symlink: /home/imml/git/research_2025/apple-harvest-eva/install/harvest_interfaces/include/harvest_interfaces/harvest_interfaces/srv/detail/move_to_pose__builder.hpp
[13.024s] -- Up-to-date symlink: /home/imml/git/research_2025/apple-harvest-eva/install/harvest_interfaces/include/harvest_interfaces/harvest_interfaces/srv/detail/move_to_pose__struct.hpp
[13.024s] -- Up-to-date symlink: /home/imml/git/research_2025/apple-harvest-eva/install/harvest_interfaces/include/harvest_interfaces/harvest_interfaces/srv/detail/move_to_pose__traits.hpp
[13.024s] -- Up-to-date symlink: /home/imml/git/research_2025/apple-harvest-eva/install/harvest_interfaces/include/harvest_interfaces/harvest_interfaces/srv/detail/move_to_pose__type_support.hpp
[13.024s] -- Up-to-date symlink: /home/imml/git/research_2025/apple-harvest-eva/install/harvest_interfaces/include/harvest_interfaces/harvest_interfaces/srv/detail/record_topics__builder.hpp
[13.025s] -- Up-to-date symlink: /home/imml/git/research_2025/apple-harvest-eva/install/harvest_interfaces/include/harvest_interfaces/harvest_interfaces/srv/detail/record_topics__struct.hpp
[13.025s] -- Up-to-date symlink: /home/imml/git/research_2025/apple-harvest-eva/install/harvest_interfaces/include/harvest_interfaces/harvest_interfaces/srv/detail/record_topics__traits.hpp
[13.025s] -- Up-to-date symlink: /home/imml/git/research_2025/apple-harvest-eva/install/harvest_interfaces/include/harvest_interfaces/harvest_interfaces/srv/detail/record_topics__type_support.hpp
[13.025s] -- Up-to-date symlink: /home/imml/git/research_2025/apple-harvest-eva/install/harvest_interfaces/include/harvest_interfaces/harvest_interfaces/srv/detail/send_trajectory__builder.hpp
[13.025s] -- Up-to-date symlink: /home/imml/git/research_2025/apple-harvest-eva/install/harvest_interfaces/include/harvest_interfaces/harvest_interfaces/srv/detail/send_trajectory__struct.hpp
[13.026s] -- Up-to-date symlink: /home/imml/git/research_2025/apple-harvest-eva/install/harvest_interfaces/include/harvest_interfaces/harvest_interfaces/srv/detail/send_trajectory__traits.hpp
[13.026s] -- Up-to-date symlink: /home/imml/git/research_2025/apple-harvest-eva/install/harvest_interfaces/include/harvest_interfaces/harvest_interfaces/srv/detail/send_trajectory__type_support.hpp
[13.026s] -- Up-to-date symlink: /home/imml/git/research_2025/apple-harvest-eva/install/harvest_interfaces/include/harvest_interfaces/harvest_interfaces/srv/detail/set_value__builder.hpp
[13.026s] -- Up-to-date symlink: /home/imml/git/research_2025/apple-harvest-eva/install/harvest_interfaces/include/harvest_interfaces/harvest_interfaces/srv/detail/set_value__struct.hpp
[13.026s] -- Up-to-date symlink: /home/imml/git/research_2025/apple-harvest-eva/install/harvest_interfaces/include/harvest_interfaces/harvest_interfaces/srv/detail/set_value__traits.hpp
[13.027s] -- Up-to-date symlink: /home/imml/git/research_2025/apple-harvest-eva/install/harvest_interfaces/include/harvest_interfaces/harvest_interfaces/srv/detail/set_value__type_support.hpp
[13.027s] -- Up-to-date symlink: /home/imml/git/research_2025/apple-harvest-eva/install/harvest_interfaces/include/harvest_interfaces/harvest_interfaces/srv/detail/trajectory_between_points__builder.hpp
[13.027s] -- Up-to-date symlink: /home/imml/git/research_2025/apple-harvest-eva/install/harvest_interfaces/include/harvest_interfaces/harvest_interfaces/srv/detail/trajectory_between_points__struct.hpp
[13.027s] -- Up-to-date symlink: /home/imml/git/research_2025/apple-harvest-eva/install/harvest_interfaces/include/harvest_interfaces/harvest_interfaces/srv/detail/trajectory_between_points__traits.hpp
[13.027s] -- Up-to-date symlink: /home/imml/git/research_2025/apple-harvest-eva/install/harvest_interfaces/include/harvest_interfaces/harvest_interfaces/srv/detail/trajectory_between_points__type_support.hpp
[13.028s] -- Up-to-date symlink: /home/imml/git/research_2025/apple-harvest-eva/install/harvest_interfaces/include/harvest_interfaces/harvest_interfaces/srv/detail/voxel_grid__builder.hpp
[13.028s] -- Up-to-date symlink: /home/imml/git/research_2025/apple-harvest-eva/install/harvest_interfaces/include/harvest_interfaces/harvest_interfaces/srv/detail/voxel_grid__struct.hpp
[13.028s] -- Up-to-date symlink: /home/imml/git/research_2025/apple-harvest-eva/install/harvest_interfaces/include/harvest_interfaces/harvest_interfaces/srv/detail/voxel_grid__traits.hpp
[13.028s] -- Up-to-date symlink: /home/imml/git/research_2025/apple-harvest-eva/install/harvest_interfaces/include/harvest_interfaces/harvest_interfaces/srv/detail/voxel_grid__type_support.hpp
[13.028s] -- Up-to-date symlink: /home/imml/git/research_2025/apple-harvest-eva/install/harvest_interfaces/include/harvest_interfaces/harvest_interfaces/srv/detail/voxel_mask__builder.hpp
[13.028s] -- Up-to-date symlink: /home/imml/git/research_2025/apple-harvest-eva/install/harvest_interfaces/include/harvest_interfaces/harvest_interfaces/srv/detail/voxel_mask__struct.hpp
[13.029s] -- Up-to-date symlink: /home/imml/git/research_2025/apple-harvest-eva/install/harvest_interfaces/include/harvest_interfaces/harvest_interfaces/srv/detail/voxel_mask__traits.hpp
[13.029s] -- Up-to-date symlink: /home/imml/git/research_2025/apple-harvest-eva/install/harvest_interfaces/include/harvest_interfaces/harvest_interfaces/srv/detail/voxel_mask__type_support.hpp
[13.029s] -- Up-to-date symlink: /home/imml/git/research_2025/apple-harvest-eva/install/harvest_interfaces/include/harvest_interfaces/harvest_interfaces/srv/get_gripper_pose.hpp
[13.029s] -- Up-to-date symlink: /home/imml/git/research_2025/apple-harvest-eva/install/harvest_interfaces/include/harvest_interfaces/harvest_interfaces/srv/move_to_pose.hpp
[13.029s] -- Up-to-date symlink: /home/imml/git/research_2025/apple-harvest-eva/install/harvest_interfaces/include/harvest_interfaces/harvest_interfaces/srv/record_topics.hpp
[13.029s] -- Up-to-date symlink: /home/imml/git/research_2025/apple-harvest-eva/install/harvest_interfaces/include/harvest_interfaces/harvest_interfaces/srv/send_trajectory.hpp
[13.030s] -- Up-to-date symlink: /home/imml/git/research_2025/apple-harvest-eva/install/harvest_interfaces/include/harvest_interfaces/harvest_interfaces/srv/set_value.hpp
[13.030s] -- Up-to-date symlink: /home/imml/git/research_2025/apple-harvest-eva/install/harvest_interfaces/include/harvest_interfaces/harvest_interfaces/srv/trajectory_between_points.hpp
[13.030s] -- Up-to-date symlink: /home/imml/git/research_2025/apple-harvest-eva/install/harvest_interfaces/include/harvest_interfaces/harvest_interfaces/srv/voxel_grid.hpp
[13.030s] -- Up-to-date symlink: /home/imml/git/research_2025/apple-harvest-eva/install/harvest_interfaces/include/harvest_interfaces/harvest_interfaces/srv/voxel_mask.hpp
[13.031s] -- Up-to-date symlink: /home/imml/git/research_2025/apple-harvest-eva/install/harvest_interfaces/include/harvest_interfaces/harvest_interfaces/action/detail/event_detection__rosidl_typesupport_fastrtps_cpp.hpp
[13.031s] -- Up-to-date symlink: /home/imml/git/research_2025/apple-harvest-eva/install/harvest_interfaces/include/harvest_interfaces/harvest_interfaces/action/detail/send_trajectory__rosidl_typesupport_fastrtps_cpp.hpp
[13.031s] -- Up-to-date symlink: /home/imml/git/research_2025/apple-harvest-eva/install/harvest_interfaces/include/harvest_interfaces/harvest_interfaces/msg/rosidl_typesupport_fastrtps_cpp__visibility_control.h
[13.032s] -- Up-to-date symlink: /home/imml/git/research_2025/apple-harvest-eva/install/harvest_interfaces/include/harvest_interfaces/harvest_interfaces/srv/detail/apple_prediction__rosidl_typesupport_fastrtps_cpp.hpp
[13.032s] -- Up-to-date symlink: /home/imml/git/research_2025/apple-harvest-eva/install/harvest_interfaces/include/harvest_interfaces/harvest_interfaces/srv/detail/coordinate_to_trajectory__rosidl_typesupport_fastrtps_cpp.hpp
[13.032s] -- Up-to-date symlink: /home/imml/git/research_2025/apple-harvest-eva/install/harvest_interfaces/include/harvest_interfaces/harvest_interfaces/srv/detail/get_gripper_pose__rosidl_typesupport_fastrtps_cpp.hpp
[13.032s] -- Up-to-date symlink: /home/imml/git/research_2025/apple-harvest-eva/install/harvest_interfaces/include/harvest_interfaces/harvest_interfaces/srv/detail/move_to_pose__rosidl_typesupport_fastrtps_cpp.hpp
[13.032s] -- Up-to-date symlink: /home/imml/git/research_2025/apple-harvest-eva/install/harvest_interfaces/include/harvest_interfaces/harvest_interfaces/srv/detail/record_topics__rosidl_typesupport_fastrtps_cpp.hpp
[13.033s] -- Up-to-date symlink: /home/imml/git/research_2025/apple-harvest-eva/install/harvest_interfaces/include/harvest_interfaces/harvest_interfaces/srv/detail/send_trajectory__rosidl_typesupport_fastrtps_cpp.hpp
[13.033s] -- Up-to-date symlink: /home/imml/git/research_2025/apple-harvest-eva/install/harvest_interfaces/include/harvest_interfaces/harvest_interfaces/srv/detail/set_value__rosidl_typesupport_fastrtps_cpp.hpp
[13.033s] -- Up-to-date symlink: /home/imml/git/research_2025/apple-harvest-eva/install/harvest_interfaces/include/harvest_interfaces/harvest_interfaces/srv/detail/trajectory_between_points__rosidl_typesupport_fastrtps_cpp.hpp
[13.033s] -- Up-to-date symlink: /home/imml/git/research_2025/apple-harvest-eva/install/harvest_interfaces/include/harvest_interfaces/harvest_interfaces/srv/detail/voxel_grid__rosidl_typesupport_fastrtps_cpp.hpp
[13.033s] -- Up-to-date symlink: /home/imml/git/research_2025/apple-harvest-eva/install/harvest_interfaces/include/harvest_interfaces/harvest_interfaces/srv/detail/voxel_mask__rosidl_typesupport_fastrtps_cpp.hpp
[13.034s] -- Up-to-date symlink: /home/imml/git/research_2025/apple-harvest-eva/install/harvest_interfaces/include/harvest_interfaces/harvest_interfaces/action/detail/event_detection__rosidl_typesupport_introspection_cpp.hpp
[13.034s] -- Up-to-date symlink: /home/imml/git/research_2025/apple-harvest-eva/install/harvest_interfaces/include/harvest_interfaces/harvest_interfaces/action/detail/send_trajectory__rosidl_typesupport_introspection_cpp.hpp
[13.034s] -- Up-to-date symlink: /home/imml/git/research_2025/apple-harvest-eva/install/harvest_interfaces/include/harvest_interfaces/harvest_interfaces/srv/detail/apple_prediction__rosidl_typesupport_introspection_cpp.hpp
[13.034s] -- Up-to-date symlink: /home/imml/git/research_2025/apple-harvest-eva/install/harvest_interfaces/include/harvest_interfaces/harvest_interfaces/srv/detail/coordinate_to_trajectory__rosidl_typesupport_introspection_cpp.hpp
[13.035s] -- Up-to-date symlink: /home/imml/git/research_2025/apple-harvest-eva/install/harvest_interfaces/include/harvest_interfaces/harvest_interfaces/srv/detail/get_gripper_pose__rosidl_typesupport_introspection_cpp.hpp
[13.035s] -- Up-to-date symlink: /home/imml/git/research_2025/apple-harvest-eva/install/harvest_interfaces/include/harvest_interfaces/harvest_interfaces/srv/detail/move_to_pose__rosidl_typesupport_introspection_cpp.hpp
[13.035s] -- Up-to-date symlink: /home/imml/git/research_2025/apple-harvest-eva/install/harvest_interfaces/include/harvest_interfaces/harvest_interfaces/srv/detail/record_topics__rosidl_typesupport_introspection_cpp.hpp
[13.035s] -- Up-to-date symlink: /home/imml/git/research_2025/apple-harvest-eva/install/harvest_interfaces/include/harvest_interfaces/harvest_interfaces/srv/detail/send_trajectory__rosidl_typesupport_introspection_cpp.hpp
[13.035s] -- Up-to-date symlink: /home/imml/git/research_2025/apple-harvest-eva/install/harvest_interfaces/include/harvest_interfaces/harvest_interfaces/srv/detail/set_value__rosidl_typesupport_introspection_cpp.hpp
[13.035s] -- Up-to-date symlink: /home/imml/git/research_2025/apple-harvest-eva/install/harvest_interfaces/include/harvest_interfaces/harvest_interfaces/srv/detail/trajectory_between_points__rosidl_typesupport_introspection_cpp.hpp
[13.036s] -- Up-to-date symlink: /home/imml/git/research_2025/apple-harvest-eva/install/harvest_interfaces/include/harvest_interfaces/harvest_interfaces/srv/detail/voxel_grid__rosidl_typesupport_introspection_cpp.hpp
[13.036s] -- Up-to-date symlink: /home/imml/git/research_2025/apple-harvest-eva/install/harvest_interfaces/include/harvest_interfaces/harvest_interfaces/srv/detail/voxel_mask__rosidl_typesupport_introspection_cpp.hpp
[13.036s] -- Up-to-date symlink: /home/imml/git/research_2025/apple-harvest-eva/install/harvest_interfaces/share/harvest_interfaces/environment/pythonpath.sh
[13.036s] -- Up-to-date symlink: /home/imml/git/research_2025/apple-harvest-eva/install/harvest_interfaces/share/harvest_interfaces/environment/pythonpath.dsv
[13.036s] -- Up-to-date symlink: /home/imml/git/research_2025/apple-harvest-eva/install/harvest_interfaces/local/lib/python3.10/dist-packages/harvest_interfaces-0.0.0-py3.10.egg-info/PKG-INFO
[13.037s] -- Up-to-date symlink: /home/imml/git/research_2025/apple-harvest-eva/install/harvest_interfaces/local/lib/python3.10/dist-packages/harvest_interfaces-0.0.0-py3.10.egg-info/SOURCES.txt
[13.037s] -- Up-to-date symlink: /home/imml/git/research_2025/apple-harvest-eva/install/harvest_interfaces/local/lib/python3.10/dist-packages/harvest_interfaces-0.0.0-py3.10.egg-info/dependency_links.txt
[13.037s] -- Up-to-date symlink: /home/imml/git/research_2025/apple-harvest-eva/install/harvest_interfaces/local/lib/python3.10/dist-packages/harvest_interfaces-0.0.0-py3.10.egg-info/top_level.txt
[13.038s] -- Up-to-date symlink: /home/imml/git/research_2025/apple-harvest-eva/install/harvest_interfaces/local/lib/python3.10/dist-packages/harvest_interfaces/__init__.py
[13.038s] -- Up-to-date symlink: /home/imml/git/research_2025/apple-harvest-eva/install/harvest_interfaces/local/lib/python3.10/dist-packages/harvest_interfaces/_harvest_interfaces_s.ep.rosidl_typesupport_c.c
[13.038s] -- Up-to-date symlink: /home/imml/git/research_2025/apple-harvest-eva/install/harvest_interfaces/local/lib/python3.10/dist-packages/harvest_interfaces/_harvest_interfaces_s.ep.rosidl_typesupport_fastrtps_c.c
[13.039s] -- Up-to-date symlink: /home/imml/git/research_2025/apple-harvest-eva/install/harvest_interfaces/local/lib/python3.10/dist-packages/harvest_interfaces/_harvest_interfaces_s.ep.rosidl_typesupport_introspection_c.c
[13.039s] -- Up-to-date symlink: /home/imml/git/research_2025/apple-harvest-eva/install/harvest_interfaces/local/lib/python3.10/dist-packages/harvest_interfaces/action/__init__.py
[13.039s] -- Up-to-date symlink: /home/imml/git/research_2025/apple-harvest-eva/install/harvest_interfaces/local/lib/python3.10/dist-packages/harvest_interfaces/action/_event_detection.py
[13.039s] -- Up-to-date symlink: /home/imml/git/research_2025/apple-harvest-eva/install/harvest_interfaces/local/lib/python3.10/dist-packages/harvest_interfaces/action/_event_detection_s.c
[13.040s] -- Up-to-date symlink: /home/imml/git/research_2025/apple-harvest-eva/install/harvest_interfaces/local/lib/python3.10/dist-packages/harvest_interfaces/action/_send_trajectory.py
[13.040s] -- Up-to-date symlink: /home/imml/git/research_2025/apple-harvest-eva/install/harvest_interfaces/local/lib/python3.10/dist-packages/harvest_interfaces/action/_send_trajectory_s.c
[13.040s] -- Up-to-date symlink: /home/imml/git/research_2025/apple-harvest-eva/install/harvest_interfaces/local/lib/python3.10/dist-packages/harvest_interfaces/harvest_interfaces_s__rosidl_typesupport_c.cpython-310-x86_64-linux-gnu.so
[13.040s] -- Up-to-date symlink: /home/imml/git/research_2025/apple-harvest-eva/install/harvest_interfaces/local/lib/python3.10/dist-packages/harvest_interfaces/harvest_interfaces_s__rosidl_typesupport_fastrtps_c.cpython-310-x86_64-linux-gnu.so
[13.040s] -- Up-to-date symlink: /home/imml/git/research_2025/apple-harvest-eva/install/harvest_interfaces/local/lib/python3.10/dist-packages/harvest_interfaces/harvest_interfaces_s__rosidl_typesupport_introspection_c.cpython-310-x86_64-linux-gnu.so
[13.040s] -- Up-to-date symlink: /home/imml/git/research_2025/apple-harvest-eva/install/harvest_interfaces/local/lib/python3.10/dist-packages/harvest_interfaces/libharvest_interfaces__rosidl_generator_py.so
[13.042s] -- Up-to-date symlink: /home/imml/git/research_2025/apple-harvest-eva/install/harvest_interfaces/local/lib/python3.10/dist-packages/harvest_interfaces/srv/__init__.py
[13.042s] -- Up-to-date symlink: /home/imml/git/research_2025/apple-harvest-eva/install/harvest_interfaces/local/lib/python3.10/dist-packages/harvest_interfaces/srv/_apple_prediction.py
[13.042s] -- Up-to-date symlink: /home/imml/git/research_2025/apple-harvest-eva/install/harvest_interfaces/local/lib/python3.10/dist-packages/harvest_interfaces/srv/_apple_prediction_s.c
[13.042s] -- Up-to-date symlink: /home/imml/git/research_2025/apple-harvest-eva/install/harvest_interfaces/local/lib/python3.10/dist-packages/harvest_interfaces/srv/_coordinate_to_trajectory.py
[13.042s] -- Up-to-date symlink: /home/imml/git/research_2025/apple-harvest-eva/install/harvest_interfaces/local/lib/python3.10/dist-packages/harvest_interfaces/srv/_coordinate_to_trajectory_s.c
[13.042s] -- Up-to-date symlink: /home/imml/git/research_2025/apple-harvest-eva/install/harvest_interfaces/local/lib/python3.10/dist-packages/harvest_interfaces/srv/_get_gripper_pose.py
[13.042s] -- Up-to-date symlink: /home/imml/git/research_2025/apple-harvest-eva/install/harvest_interfaces/local/lib/python3.10/dist-packages/harvest_interfaces/srv/_get_gripper_pose_s.c
[13.042s] -- Up-to-date symlink: /home/imml/git/research_2025/apple-harvest-eva/install/harvest_interfaces/local/lib/python3.10/dist-packages/harvest_interfaces/srv/_move_to_pose.py
[13.042s] -- Up-to-date symlink: /home/imml/git/research_2025/apple-harvest-eva/install/harvest_interfaces/local/lib/python3.10/dist-packages/harvest_interfaces/srv/_move_to_pose_s.c
[13.042s] -- Up-to-date symlink: /home/imml/git/research_2025/apple-harvest-eva/install/harvest_interfaces/local/lib/python3.10/dist-packages/harvest_interfaces/srv/_record_topics.py
[13.043s] -- Up-to-date symlink: /home/imml/git/research_2025/apple-harvest-eva/install/harvest_interfaces/local/lib/python3.10/dist-packages/harvest_interfaces/srv/_record_topics_s.c
[13.043s] -- Up-to-date symlink: /home/imml/git/research_2025/apple-harvest-eva/install/harvest_interfaces/local/lib/python3.10/dist-packages/harvest_interfaces/srv/_send_trajectory.py
[13.043s] -- Up-to-date symlink: /home/imml/git/research_2025/apple-harvest-eva/install/harvest_interfaces/local/lib/python3.10/dist-packages/harvest_interfaces/srv/_send_trajectory_s.c
[13.043s] -- Up-to-date symlink: /home/imml/git/research_2025/apple-harvest-eva/install/harvest_interfaces/local/lib/python3.10/dist-packages/harvest_interfaces/srv/_set_value.py
[13.043s] -- Up-to-date symlink: /home/imml/git/research_2025/apple-harvest-eva/install/harvest_interfaces/local/lib/python3.10/dist-packages/harvest_interfaces/srv/_set_value_s.c
[13.043s] -- Up-to-date symlink: /home/imml/git/research_2025/apple-harvest-eva/install/harvest_interfaces/local/lib/python3.10/dist-packages/harvest_interfaces/srv/_trajectory_between_points.py
[13.043s] -- Up-to-date symlink: /home/imml/git/research_2025/apple-harvest-eva/install/harvest_interfaces/local/lib/python3.10/dist-packages/harvest_interfaces/srv/_trajectory_between_points_s.c
[13.043s] -- Up-to-date symlink: /home/imml/git/research_2025/apple-harvest-eva/install/harvest_interfaces/local/lib/python3.10/dist-packages/harvest_interfaces/srv/_voxel_grid.py
[13.043s] -- Up-to-date symlink: /home/imml/git/research_2025/apple-harvest-eva/install/harvest_interfaces/local/lib/python3.10/dist-packages/harvest_interfaces/srv/_voxel_grid_s.c
[13.044s] -- Up-to-date symlink: /home/imml/git/research_2025/apple-harvest-eva/install/harvest_interfaces/local/lib/python3.10/dist-packages/harvest_interfaces/srv/_voxel_mask.py
[13.044s] -- Up-to-date symlink: /home/imml/git/research_2025/apple-harvest-eva/install/harvest_interfaces/local/lib/python3.10/dist-packages/harvest_interfaces/srv/_voxel_mask_s.c
[13.044s] -- Up-to-date symlink: /home/imml/git/research_2025/apple-harvest-eva/install/harvest_interfaces/local/lib/python3.10/dist-packages/harvest_interfaces/harvest_interfaces_s__rosidl_typesupport_fastrtps_c.cpython-310-x86_64-linux-gnu.so
[13.044s] -- Up-to-date symlink: /home/imml/git/research_2025/apple-harvest-eva/install/harvest_interfaces/local/lib/python3.10/dist-packages/harvest_interfaces/harvest_interfaces_s__rosidl_typesupport_introspection_c.cpython-310-x86_64-linux-gnu.so
[13.044s] -- Up-to-date symlink: /home/imml/git/research_2025/apple-harvest-eva/install/harvest_interfaces/local/lib/python3.10/dist-packages/harvest_interfaces/harvest_interfaces_s__rosidl_typesupport_c.cpython-310-x86_64-linux-gnu.so
[13.044s] -- Up-to-date symlink: /home/imml/git/research_2025/apple-harvest-eva/install/harvest_interfaces/share/harvest_interfaces/action/EventDetection.idl
[13.045s] -- Up-to-date symlink: /home/imml/git/research_2025/apple-harvest-eva/install/harvest_interfaces/share/harvest_interfaces/action/SendTrajectory.idl
[13.045s] -- Up-to-date symlink: /home/imml/git/research_2025/apple-harvest-eva/install/harvest_interfaces/share/harvest_interfaces/srv/ApplePrediction.idl
[13.045s] -- Up-to-date symlink: /home/imml/git/research_2025/apple-harvest-eva/install/harvest_interfaces/share/harvest_interfaces/srv/SendTrajectory.idl
[13.045s] -- Up-to-date symlink: /home/imml/git/research_2025/apple-harvest-eva/install/harvest_interfaces/share/harvest_interfaces/srv/CoordinateToTrajectory.idl
[13.046s] -- Up-to-date symlink: /home/imml/git/research_2025/apple-harvest-eva/install/harvest_interfaces/share/harvest_interfaces/srv/VoxelMask.idl
[13.046s] -- Up-to-date symlink: /home/imml/git/research_2025/apple-harvest-eva/install/harvest_interfaces/share/harvest_interfaces/srv/MoveToPose.idl
[13.046s] -- Up-to-date symlink: /home/imml/git/research_2025/apple-harvest-eva/install/harvest_interfaces/share/harvest_interfaces/srv/TrajectoryBetweenPoints.idl
[13.046s] -- Up-to-date symlink: /home/imml/git/research_2025/apple-harvest-eva/install/harvest_interfaces/share/harvest_interfaces/srv/SetValue.idl
[13.046s] -- Up-to-date symlink: /home/imml/git/research_2025/apple-harvest-eva/install/harvest_interfaces/share/harvest_interfaces/srv/RecordTopics.idl
[13.046s] -- Up-to-date symlink: /home/imml/git/research_2025/apple-harvest-eva/install/harvest_interfaces/share/harvest_interfaces/srv/GetGripperPose.idl
[13.047s] -- Up-to-date symlink: /home/imml/git/research_2025/apple-harvest-eva/install/harvest_interfaces/share/harvest_interfaces/srv/VoxelGrid.idl
[13.047s] -- Up-to-date symlink: /home/imml/git/research_2025/apple-harvest-eva/install/harvest_interfaces/share/harvest_interfaces/action/EventDetection.action
[13.047s] -- Up-to-date symlink: /home/imml/git/research_2025/apple-harvest-eva/install/harvest_interfaces/share/harvest_interfaces/action/SendTrajectory.action
[13.047s] -- Up-to-date symlink: /home/imml/git/research_2025/apple-harvest-eva/install/harvest_interfaces/share/harvest_interfaces/srv/ApplePrediction.srv
[13.047s] -- Up-to-date symlink: /home/imml/git/research_2025/apple-harvest-eva/install/harvest_interfaces/share/harvest_interfaces/srv/ApplePrediction_Request.msg
[13.048s] -- Up-to-date symlink: /home/imml/git/research_2025/apple-harvest-eva/install/harvest_interfaces/share/harvest_interfaces/srv/ApplePrediction_Response.msg
[13.048s] -- Up-to-date symlink: /home/imml/git/research_2025/apple-harvest-eva/install/harvest_interfaces/share/harvest_interfaces/srv/SendTrajectory.srv
[13.048s] -- Up-to-date symlink: /home/imml/git/research_2025/apple-harvest-eva/install/harvest_interfaces/share/harvest_interfaces/srv/SendTrajectory_Request.msg
[13.048s] -- Up-to-date symlink: /home/imml/git/research_2025/apple-harvest-eva/install/harvest_interfaces/share/harvest_interfaces/srv/SendTrajectory_Response.msg
[13.048s] -- Up-to-date symlink: /home/imml/git/research_2025/apple-harvest-eva/install/harvest_interfaces/share/harvest_interfaces/srv/CoordinateToTrajectory.srv
[13.049s] -- Up-to-date symlink: /home/imml/git/research_2025/apple-harvest-eva/install/harvest_interfaces/share/harvest_interfaces/srv/CoordinateToTrajectory_Request.msg
[13.049s] -- Up-to-date symlink: /home/imml/git/research_2025/apple-harvest-eva/install/harvest_interfaces/share/harvest_interfaces/srv/CoordinateToTrajectory_Response.msg
[13.049s] -- Up-to-date symlink: /home/imml/git/research_2025/apple-harvest-eva/install/harvest_interfaces/share/harvest_interfaces/srv/VoxelMask.srv
[13.050s] -- Up-to-date symlink: /home/imml/git/research_2025/apple-harvest-eva/install/harvest_interfaces/share/harvest_interfaces/srv/VoxelMask_Request.msg
[13.050s] -- Up-to-date symlink: /home/imml/git/research_2025/apple-harvest-eva/install/harvest_interfaces/share/harvest_interfaces/srv/VoxelMask_Response.msg
[13.050s] -- Up-to-date symlink: /home/imml/git/research_2025/apple-harvest-eva/install/harvest_interfaces/share/harvest_interfaces/srv/MoveToPose.srv
[13.051s] -- Up-to-date symlink: /home/imml/git/research_2025/apple-harvest-eva/install/harvest_interfaces/share/harvest_interfaces/srv/MoveToPose_Request.msg
[13.051s] -- Up-to-date symlink: /home/imml/git/research_2025/apple-harvest-eva/install/harvest_interfaces/share/harvest_interfaces/srv/MoveToPose_Response.msg
[13.051s] -- Up-to-date symlink: /home/imml/git/research_2025/apple-harvest-eva/install/harvest_interfaces/share/harvest_interfaces/srv/TrajectoryBetweenPoints.srv
[13.051s] -- Up-to-date symlink: /home/imml/git/research_2025/apple-harvest-eva/install/harvest_interfaces/share/harvest_interfaces/srv/TrajectoryBetweenPoints_Request.msg
[13.051s] -- Up-to-date symlink: /home/imml/git/research_2025/apple-harvest-eva/install/harvest_interfaces/share/harvest_interfaces/srv/TrajectoryBetweenPoints_Response.msg
[13.051s] -- Up-to-date symlink: /home/imml/git/research_2025/apple-harvest-eva/install/harvest_interfaces/share/harvest_interfaces/srv/SetValue.srv
[13.052s] -- Up-to-date symlink: /home/imml/git/research_2025/apple-harvest-eva/install/harvest_interfaces/share/harvest_interfaces/srv/SetValue_Request.msg
[13.052s] -- Up-to-date symlink: /home/imml/git/research_2025/apple-harvest-eva/install/harvest_interfaces/share/harvest_interfaces/srv/SetValue_Response.msg
[13.052s] -- Up-to-date symlink: /home/imml/git/research_2025/apple-harvest-eva/install/harvest_interfaces/share/harvest_interfaces/srv/RecordTopics.srv
[13.052s] -- Up-to-date symlink: /home/imml/git/research_2025/apple-harvest-eva/install/harvest_interfaces/share/harvest_interfaces/srv/RecordTopics_Request.msg
[13.052s] -- Up-to-date symlink: /home/imml/git/research_2025/apple-harvest-eva/install/harvest_interfaces/share/harvest_interfaces/srv/RecordTopics_Response.msg
[13.052s] -- Up-to-date symlink: /home/imml/git/research_2025/apple-harvest-eva/install/harvest_interfaces/share/harvest_interfaces/srv/GetGripperPose.srv
[13.053s] -- Up-to-date symlink: /home/imml/git/research_2025/apple-harvest-eva/install/harvest_interfaces/share/harvest_interfaces/srv/GetGripperPose_Request.msg
[13.053s] -- Up-to-date symlink: /home/imml/git/research_2025/apple-harvest-eva/install/harvest_interfaces/share/harvest_interfaces/srv/GetGripperPose_Response.msg
[13.053s] -- Up-to-date symlink: /home/imml/git/research_2025/apple-harvest-eva/install/harvest_interfaces/share/harvest_interfaces/srv/VoxelGrid.srv
[13.053s] -- Up-to-date symlink: /home/imml/git/research_2025/apple-harvest-eva/install/harvest_interfaces/share/harvest_interfaces/srv/VoxelGrid_Request.msg
[13.053s] -- Up-to-date symlink: /home/imml/git/research_2025/apple-harvest-eva/install/harvest_interfaces/share/harvest_interfaces/srv/VoxelGrid_Response.msg
[13.053s] -- Up-to-date symlink: /home/imml/git/research_2025/apple-harvest-eva/install/harvest_interfaces/share/ament_index/resource_index/package_run_dependencies/harvest_interfaces
[13.054s] -- Up-to-date symlink: /home/imml/git/research_2025/apple-harvest-eva/install/harvest_interfaces/share/ament_index/resource_index/parent_prefix_path/harvest_interfaces
[13.054s] -- Up-to-date symlink: /home/imml/git/research_2025/apple-harvest-eva/install/harvest_interfaces/share/harvest_interfaces/environment/ament_prefix_path.sh
[13.054s] -- Up-to-date symlink: /home/imml/git/research_2025/apple-harvest-eva/install/harvest_interfaces/share/harvest_interfaces/environment/ament_prefix_path.dsv
[13.054s] -- Up-to-date symlink: /home/imml/git/research_2025/apple-harvest-eva/install/harvest_interfaces/share/harvest_interfaces/environment/path.sh
[13.054s] -- Up-to-date symlink: /home/imml/git/research_2025/apple-harvest-eva/install/harvest_interfaces/share/harvest_interfaces/environment/path.dsv
[13.055s] -- Up-to-date symlink: /home/imml/git/research_2025/apple-harvest-eva/install/harvest_interfaces/share/harvest_interfaces/local_setup.bash
[13.055s] -- Up-to-date symlink: /home/imml/git/research_2025/apple-harvest-eva/install/harvest_interfaces/share/harvest_interfaces/local_setup.sh
[13.055s] -- Up-to-date symlink: /home/imml/git/research_2025/apple-harvest-eva/install/harvest_interfaces/share/harvest_interfaces/local_setup.zsh
[13.055s] -- Up-to-date symlink: /home/imml/git/research_2025/apple-harvest-eva/install/harvest_interfaces/share/harvest_interfaces/local_setup.dsv
[13.055s] -- Symlinking: /home/imml/git/research_2025/apple-harvest-eva/install/harvest_interfaces/share/harvest_interfaces/package.dsv
[13.064s] -- Up-to-date symlink: /home/imml/git/research_2025/apple-harvest-eva/install/harvest_interfaces/share/ament_index/resource_index/packages/harvest_interfaces
[13.064s] -- Up-to-date symlink: /home/imml/git/research_2025/apple-harvest-eva/install/harvest_interfaces/share/harvest_interfaces/cmake/rosidl_cmake-extras.cmake
[13.065s] -- Up-to-date symlink: /home/imml/git/research_2025/apple-harvest-eva/install/harvest_interfaces/share/harvest_interfaces/cmake/ament_cmake_export_dependencies-extras.cmake
[13.065s] -- Up-to-date symlink: /home/imml/git/research_2025/apple-harvest-eva/install/harvest_interfaces/share/harvest_interfaces/cmake/ament_cmake_export_include_directories-extras.cmake
[13.065s] -- Up-to-date symlink: /home/imml/git/research_2025/apple-harvest-eva/install/harvest_interfaces/share/harvest_interfaces/cmake/ament_cmake_export_libraries-extras.cmake
[13.066s] -- Up-to-date symlink: /home/imml/git/research_2025/apple-harvest-eva/install/harvest_interfaces/share/harvest_interfaces/cmake/ament_cmake_export_targets-extras.cmake
[13.066s] -- Up-to-date symlink: /home/imml/git/research_2025/apple-harvest-eva/install/harvest_interfaces/share/harvest_interfaces/cmake/rosidl_cmake_export_typesupport_targets-extras.cmake
[13.066s] -- Up-to-date symlink: /home/imml/git/research_2025/apple-harvest-eva/install/harvest_interfaces/share/harvest_interfaces/cmake/rosidl_cmake_export_typesupport_libraries-extras.cmake
[13.066s] -- Up-to-date symlink: /home/imml/git/research_2025/apple-harvest-eva/install/harvest_interfaces/share/harvest_interfaces/cmake/harvest_interfacesConfig.cmake
[13.066s] -- Up-to-date symlink: /home/imml/git/research_2025/apple-harvest-eva/install/harvest_interfaces/share/harvest_interfaces/cmake/harvest_interfacesConfig-version.cmake
[13.066s] -- Up-to-date symlink: /home/imml/git/research_2025/apple-harvest-eva/install/harvest_interfaces/share/harvest_interfaces/package.xml
[13.067s] -- Installing: /home/imml/git/research_2025/apple-harvest-eva/install/harvest_interfaces/lib/libharvest_interfaces__rosidl_generator_c.so
[13.067s] -- Set runtime path of "/home/imml/git/research_2025/apple-harvest-eva/install/harvest_interfaces/lib/libharvest_interfaces__rosidl_generator_c.so" to ""
[13.068s] -- Installing: /home/imml/git/research_2025/apple-harvest-eva/install/harvest_interfaces/lib/libharvest_interfaces__rosidl_typesupport_fastrtps_c.so
[13.068s] -- Set runtime path of "/home/imml/git/research_2025/apple-harvest-eva/install/harvest_interfaces/lib/libharvest_interfaces__rosidl_typesupport_fastrtps_c.so" to ""
[13.069s] -- Installing: /home/imml/git/research_2025/apple-harvest-eva/install/harvest_interfaces/lib/libharvest_interfaces__rosidl_typesupport_introspection_c.so
[13.070s] -- Set runtime path of "/home/imml/git/research_2025/apple-harvest-eva/install/harvest_interfaces/lib/libharvest_interfaces__rosidl_typesupport_introspection_c.so" to ""
[13.070s] -- Installing: /home/imml/git/research_2025/apple-harvest-eva/install/harvest_interfaces/lib/libharvest_interfaces__rosidl_typesupport_c.so
[13.070s] -- Set runtime path of "/home/imml/git/research_2025/apple-harvest-eva/install/harvest_interfaces/lib/libharvest_interfaces__rosidl_typesupport_c.so" to ""
[13.070s] -- Installing: /home/imml/git/research_2025/apple-harvest-eva/install/harvest_interfaces/lib/libharvest_interfaces__rosidl_typesupport_fastrtps_cpp.so
[13.071s] -- Set runtime path of "/home/imml/git/research_2025/apple-harvest-eva/install/harvest_interfaces/lib/libharvest_interfaces__rosidl_typesupport_fastrtps_cpp.so" to ""
[13.073s] -- Installing: /home/imml/git/research_2025/apple-harvest-eva/install/harvest_interfaces/lib/libharvest_interfaces__rosidl_typesupport_introspection_cpp.so
[13.073s] -- Set runtime path of "/home/imml/git/research_2025/apple-harvest-eva/install/harvest_interfaces/lib/libharvest_interfaces__rosidl_typesupport_introspection_cpp.so" to ""
[13.073s] -- Installing: /home/imml/git/research_2025/apple-harvest-eva/install/harvest_interfaces/lib/libharvest_interfaces__rosidl_typesupport_cpp.so
[13.073s] -- Set runtime path of "/home/imml/git/research_2025/apple-harvest-eva/install/harvest_interfaces/lib/libharvest_interfaces__rosidl_typesupport_cpp.so" to ""
[13.126s] Listing '/home/imml/git/research_2025/apple-harvest-eva/install/harvest_interfaces/local/lib/python3.10/dist-packages/harvest_interfaces'...
[13.126s] Compiling '/home/imml/git/research_2025/apple-harvest-eva/install/harvest_interfaces/local/lib/python3.10/dist-packages/harvest_interfaces/__init__.py'...
[13.126s] Listing '/home/imml/git/research_2025/apple-harvest-eva/install/harvest_interfaces/local/lib/python3.10/dist-packages/harvest_interfaces/action'...
[13.126s] Compiling '/home/imml/git/research_2025/apple-harvest-eva/install/harvest_interfaces/local/lib/python3.10/dist-packages/harvest_interfaces/action/__init__.py'...
[13.126s] Compiling '/home/imml/git/research_2025/apple-harvest-eva/install/harvest_interfaces/local/lib/python3.10/dist-packages/harvest_interfaces/action/_event_detection.py'...
[13.126s] Compiling '/home/imml/git/research_2025/apple-harvest-eva/install/harvest_interfaces/local/lib/python3.10/dist-packages/harvest_interfaces/action/_send_trajectory.py'...
[13.126s] Listing '/home/imml/git/research_2025/apple-harvest-eva/install/harvest_interfaces/local/lib/python3.10/dist-packages/harvest_interfaces/srv'...
[13.126s] Compiling '/home/imml/git/research_2025/apple-harvest-eva/install/harvest_interfaces/local/lib/python3.10/dist-packages/harvest_interfaces/srv/__init__.py'...
[13.126s] Compiling '/home/imml/git/research_2025/apple-harvest-eva/install/harvest_interfaces/local/lib/python3.10/dist-packages/harvest_interfaces/srv/_apple_prediction.py'...
[13.126s] Compiling '/home/imml/git/research_2025/apple-harvest-eva/install/harvest_interfaces/local/lib/python3.10/dist-packages/harvest_interfaces/srv/_coordinate_to_trajectory.py'...
[13.126s] Compiling '/home/imml/git/research_2025/apple-harvest-eva/install/harvest_interfaces/local/lib/python3.10/dist-packages/harvest_interfaces/srv/_get_gripper_pose.py'...
[13.126s] Compiling '/home/imml/git/research_2025/apple-harvest-eva/install/harvest_interfaces/local/lib/python3.10/dist-packages/harvest_interfaces/srv/_move_to_pose.py'...
[13.126s] Compiling '/home/imml/git/research_2025/apple-harvest-eva/install/harvest_interfaces/local/lib/python3.10/dist-packages/harvest_interfaces/srv/_record_topics.py'...
[13.126s] Compiling '/home/imml/git/research_2025/apple-harvest-eva/install/harvest_interfaces/local/lib/python3.10/dist-packages/harvest_interfaces/srv/_send_trajectory.py'...
[13.126s] Compiling '/home/imml/git/research_2025/apple-harvest-eva/install/harvest_interfaces/local/lib/python3.10/dist-packages/harvest_interfaces/srv/_set_value.py'...
[13.126s] Compiling '/home/imml/git/research_2025/apple-harvest-eva/install/harvest_interfaces/local/lib/python3.10/dist-packages/harvest_interfaces/srv/_trajectory_between_points.py'...
[13.126s] Compiling '/home/imml/git/research_2025/apple-harvest-eva/install/harvest_interfaces/local/lib/python3.10/dist-packages/harvest_interfaces/srv/_voxel_grid.py'...
[13.127s] Compiling '/home/imml/git/research_2025/apple-harvest-eva/install/harvest_interfaces/local/lib/python3.10/dist-packages/harvest_interfaces/srv/_voxel_mask.py'...
[13.131s] -- Installing: /home/imml/git/research_2025/apple-harvest-eva/install/harvest_interfaces/lib/libharvest_interfaces__rosidl_generator_py.so
[13.131s] -- Set runtime path of "/home/imml/git/research_2025/apple-harvest-eva/install/harvest_interfaces/lib/libharvest_interfaces__rosidl_generator_py.so" to ""
[13.132s] -- Up-to-date: /home/imml/git/research_2025/apple-harvest-eva/install/harvest_interfaces/share/harvest_interfaces/cmake/export_harvest_interfaces__rosidl_generator_cExport.cmake
[13.132s] -- Up-to-date: /home/imml/git/research_2025/apple-harvest-eva/install/harvest_interfaces/share/harvest_interfaces/cmake/export_harvest_interfaces__rosidl_generator_cExport-noconfig.cmake
[13.132s] -- Up-to-date: /home/imml/git/research_2025/apple-harvest-eva/install/harvest_interfaces/share/harvest_interfaces/cmake/export_harvest_interfaces__rosidl_typesupport_fastrtps_cExport.cmake
[13.132s] -- Up-to-date: /home/imml/git/research_2025/apple-harvest-eva/install/harvest_interfaces/share/harvest_interfaces/cmake/export_harvest_interfaces__rosidl_typesupport_fastrtps_cExport-noconfig.cmake
[13.132s] -- Up-to-date: /home/imml/git/research_2025/apple-harvest-eva/install/harvest_interfaces/share/harvest_interfaces/cmake/harvest_interfaces__rosidl_typesupport_introspection_cExport.cmake
[13.132s] -- Up-to-date: /home/imml/git/research_2025/apple-harvest-eva/install/harvest_interfaces/share/harvest_interfaces/cmake/harvest_interfaces__rosidl_typesupport_introspection_cExport-noconfig.cmake
[13.132s] -- Up-to-date: /home/imml/git/research_2025/apple-harvest-eva/install/harvest_interfaces/share/harvest_interfaces/cmake/harvest_interfaces__rosidl_typesupport_cExport.cmake
[13.132s] -- Up-to-date: /home/imml/git/research_2025/apple-harvest-eva/install/harvest_interfaces/share/harvest_interfaces/cmake/harvest_interfaces__rosidl_typesupport_cExport-noconfig.cmake
[13.132s] -- Up-to-date: /home/imml/git/research_2025/apple-harvest-eva/install/harvest_interfaces/share/harvest_interfaces/cmake/export_harvest_interfaces__rosidl_generator_cppExport.cmake
[13.133s] -- Up-to-date: /home/imml/git/research_2025/apple-harvest-eva/install/harvest_interfaces/share/harvest_interfaces/cmake/export_harvest_interfaces__rosidl_typesupport_fastrtps_cppExport.cmake
[13.133s] -- Up-to-date: /home/imml/git/research_2025/apple-harvest-eva/install/harvest_interfaces/share/harvest_interfaces/cmake/export_harvest_interfaces__rosidl_typesupport_fastrtps_cppExport-noconfig.cmake
[13.133s] -- Up-to-date: /home/imml/git/research_2025/apple-harvest-eva/install/harvest_interfaces/share/harvest_interfaces/cmake/harvest_interfaces__rosidl_typesupport_introspection_cppExport.cmake
[13.133s] -- Up-to-date: /home/imml/git/research_2025/apple-harvest-eva/install/harvest_interfaces/share/harvest_interfaces/cmake/harvest_interfaces__rosidl_typesupport_introspection_cppExport-noconfig.cmake
[13.133s] -- Up-to-date: /home/imml/git/research_2025/apple-harvest-eva/install/harvest_interfaces/share/harvest_interfaces/cmake/harvest_interfaces__rosidl_typesupport_cppExport.cmake
[13.133s] -- Up-to-date: /home/imml/git/research_2025/apple-harvest-eva/install/harvest_interfaces/share/harvest_interfaces/cmake/harvest_interfaces__rosidl_typesupport_cppExport-noconfig.cmake
[13.133s] -- Up-to-date: /home/imml/git/research_2025/apple-harvest-eva/install/harvest_interfaces/share/harvest_interfaces/cmake/export_harvest_interfaces__rosidl_generator_pyExport.cmake
[13.133s] -- Up-to-date: /home/imml/git/research_2025/apple-harvest-eva/install/harvest_interfaces/share/harvest_interfaces/cmake/export_harvest_interfaces__rosidl_generator_pyExport-noconfig.cmake
[13.136s] Invoked command in '/home/imml/git/research_2025/apple-harvest-eva/build/harvest_interfaces' returned '0': CMAKE_PREFIX_PATH=${CMAKE_PREFIX_PATH}:/home/imml/git/research_2025/apple-harvest-eva/install/ur5e_custom_hardware:/home/imml/git/research_2025/apple-harvest-eva/install/harvest_vision:/opt/ros/humble /usr/bin/cmake --install /home/imml/git/research_2025/apple-harvest-eva/build/harvest_interfaces
