running egg_info
writing ../build/harvest_vision/harvest_vision.egg-info/PKG-INFO
writing dependency_links to ../build/harvest_vision/harvest_vision.egg-info/dependency_links.txt
writing entry points to ../build/harvest_vision/harvest_vision.egg-info/entry_points.txt
writing requirements to ../build/harvest_vision/harvest_vision.egg-info/requires.txt
writing top-level names to ../build/harvest_vision/harvest_vision.egg-info/top_level.txt
reading manifest file '../build/harvest_vision/harvest_vision.egg-info/SOURCES.txt'
writing manifest file '../build/harvest_vision/harvest_vision.egg-info/SOURCES.txt'
running build
running build_py
running install
running install_lib
running install_data
running install_egg_info
removing '/home/imml/git/research_2025/apple-harvest-eva/install/harvest_vision/lib/python3.10/site-packages/harvest_vision-0.0.1-py3.10.egg-info' (and everything under it)
Copying ../build/harvest_vision/harvest_vision.egg-info to /home/imml/git/research_2025/apple-harvest-eva/install/harvest_vision/lib/python3.10/site-packages/harvest_vision-0.0.1-py3.10.egg-info
running install_scripts
Installing apple_prediction script to /home/imml/git/research_2025/apple-harvest-eva/install/harvest_vision/lib/harvest_vision
Installing apple_prediction_presaved_images script to /home/imml/git/research_2025/apple-harvest-eva/install/harvest_vision/lib/harvest_vision
Installing voxelize_scan script to /home/imml/git/research_2025/apple-harvest-eva/install/harvest_vision/lib/harvest_vision
writing list of installed files to '/home/imml/git/research_2025/apple-harvest-eva/build/harvest_vision/install.log'
