[0.581s] Invoking command in '/home/imml/git/research_2025/apple-harvest-refactor/build/ur5e_custom_hardware': PYTHONPATH=/home/imml/git/research_2025/apple-harvest-refactor/build/ur5e_custom_hardware/prefix_override:/usr/lib/python3/dist-packages/colcon_core/task/python/colcon_distutils_commands:/home/imml/git/research_2025/apple-harvest-refactor/install/ur5e_custom_hardware/lib/python3.10/site-packages:${PYTHONPATH} /usr/bin/python3 -W ignore:setup.py install is deprecated -W ignore:easy_install command is deprecated setup.py develop --editable --build-directory /home/imml/git/research_2025/apple-harvest-refactor/build/ur5e_custom_hardware/build --no-deps symlink_data
[0.840s] running develop
[1.032s] running egg_info
[1.032s] creating ur5e_custom_hardware.egg-info
[1.032s] writing ur5e_custom_hardware.egg-info/PKG-INFO
[1.033s] writing dependency_links to ur5e_custom_hardware.egg-info/dependency_links.txt
[1.033s] writing entry points to ur5e_custom_hardware.egg-info/entry_points.txt
[1.033s] writing requirements to ur5e_custom_hardware.egg-info/requires.txt
[1.033s] writing top-level names to ur5e_custom_hardware.egg-info/top_level.txt
[1.033s] writing manifest file 'ur5e_custom_hardware.egg-info/SOURCES.txt'
[1.035s] reading manifest file 'ur5e_custom_hardware.egg-info/SOURCES.txt'
[1.035s] writing manifest file 'ur5e_custom_hardware.egg-info/SOURCES.txt'
[1.036s] running build_ext
[1.036s] Creating /home/imml/git/research_2025/apple-harvest-refactor/install/ur5e_custom_hardware/lib/python3.10/site-packages/ur5e-custom-hardware.egg-link (link to .)
[1.037s] Installing gripper_palm_camera script to /home/imml/git/research_2025/apple-harvest-refactor/install/ur5e_custom_hardware/lib/ur5e_custom_hardware
[1.037s] 
[1.037s] Installed /home/imml/git/research_2025/apple-harvest-refactor/build/ur5e_custom_hardware
[1.037s] running symlink_data
[1.038s] creating /home/imml/git/research_2025/apple-harvest-refactor/install/ur5e_custom_hardware/share/ament_index
[1.038s] creating /home/imml/git/research_2025/apple-harvest-refactor/install/ur5e_custom_hardware/share/ament_index/resource_index
[1.038s] creating /home/imml/git/research_2025/apple-harvest-refactor/install/ur5e_custom_hardware/share/ament_index/resource_index/packages
[1.038s] symbolically linking /home/imml/git/research_2025/apple-harvest-refactor/build/ur5e_custom_hardware/resource/ur5e_custom_hardware -> /home/imml/git/research_2025/apple-harvest-refactor/install/ur5e_custom_hardware/share/ament_index/resource_index/packages
[1.038s] symbolically linking /home/imml/git/research_2025/apple-harvest-refactor/build/ur5e_custom_hardware/package.xml -> /home/imml/git/research_2025/apple-harvest-refactor/install/ur5e_custom_hardware/share/ur5e_custom_hardware
[1.038s] creating /home/imml/git/research_2025/apple-harvest-refactor/install/ur5e_custom_hardware/share/ur5e_custom_hardware/launch
[1.038s] creating /home/imml/git/research_2025/apple-harvest-refactor/install/ur5e_custom_hardware/share/ur5e_custom_hardware/urdf
[1.038s] symbolically linking /home/imml/git/research_2025/apple-harvest-refactor/build/ur5e_custom_hardware/urdf/gripper.urdf.xacro -> /home/imml/git/research_2025/apple-harvest-refactor/install/ur5e_custom_hardware/share/ur5e_custom_hardware/urdf
[1.038s] symbolically linking /home/imml/git/research_2025/apple-harvest-refactor/build/ur5e_custom_hardware/urdf/ur_gripper.urdf.xacro -> /home/imml/git/research_2025/apple-harvest-refactor/install/ur5e_custom_hardware/share/ur5e_custom_hardware/urdf
[1.038s] creating /home/imml/git/research_2025/apple-harvest-refactor/install/ur5e_custom_hardware/share/ur5e_custom_hardware/meshes
[1.038s] symbolically linking /home/imml/git/research_2025/apple-harvest-refactor/build/ur5e_custom_hardware/meshes/03_mk3_full_assembly.STL -> /home/imml/git/research_2025/apple-harvest-refactor/install/ur5e_custom_hardware/share/ur5e_custom_hardware/meshes
[1.038s] symbolically linking /home/imml/git/research_2025/apple-harvest-refactor/build/ur5e_custom_hardware/meshes/03_mk3_full_assembly_coarse.STL -> /home/imml/git/research_2025/apple-harvest-refactor/install/ur5e_custom_hardware/share/ur5e_custom_hardware/meshes
[1.039s] symbolically linking /home/imml/git/research_2025/apple-harvest-refactor/build/ur5e_custom_hardware/meshes/03_mk3_full_assembly_(simplified_for_RVIZ).STL -> /home/imml/git/research_2025/apple-harvest-refactor/install/ur5e_custom_hardware/share/ur5e_custom_hardware/meshes
[1.087s] Invoked command in '/home/imml/git/research_2025/apple-harvest-refactor/build/ur5e_custom_hardware' returned '0': PYTHONPATH=/home/imml/git/research_2025/apple-harvest-refactor/build/ur5e_custom_hardware/prefix_override:/usr/lib/python3/dist-packages/colcon_core/task/python/colcon_distutils_commands:/home/imml/git/research_2025/apple-harvest-refactor/install/ur5e_custom_hardware/lib/python3.10/site-packages:${PYTHONPATH} /usr/bin/python3 -W ignore:setup.py install is deprecated -W ignore:easy_install command is deprecated setup.py develop --editable --build-directory /home/imml/git/research_2025/apple-harvest-refactor/build/ur5e_custom_hardware/build --no-deps symlink_data
