[0.014s] Invoking command in '/home/imml/git/research_2025/apple-harvest-eva/build/ur_calibration': AMENT_PREFIX_PATH=/home/imml/git/research_2025/apple-harvest-eva/install/ur_robot_driver:/home/imml/git/research_2025/apple-harvest-eva/install/ur_controllers:/home/imml/git/research_2025/apple-harvest-eva/install/ur_description:/home/imml/git/research_2025/apple-harvest-eva/install/ur_dashboard_msgs:${AMENT_PREFIX_PATH} CMAKE_PREFIX_PATH=/home/imml/git/research_2025/apple-harvest-eva/install/ur_robot_driver:/home/imml/git/research_2025/apple-harvest-eva/install/ur_controllers:/home/imml/git/research_2025/apple-harvest-eva/install/ur_description:/home/imml/git/research_2025/apple-harvest-eva/install/ur_dashboard_msgs:/opt/ros/humble LD_LIBRARY_PATH=/home/imml/git/research_2025/apple-harvest-eva/install/ur_robot_driver/lib:/home/imml/git/research_2025/apple-harvest-eva/install/ur_controllers/lib:/home/imml/git/research_2025/apple-harvest-eva/install/ur_dashboard_msgs/lib:${LD_LIBRARY_PATH} PATH=/home/imml/git/research_2025/apple-harvest-eva/install/ur_robot_driver/bin:${PATH} PYTHONPATH=/home/imml/git/research_2025/apple-harvest-eva/install/ur_robot_driver/local/lib/python3.10/dist-packages:/home/imml/git/research_2025/apple-harvest-eva/install/ur_dashboard_msgs/local/lib/python3.10/dist-packages:${PYTHONPATH} /usr/bin/cmake --build /home/imml/git/research_2025/apple-harvest-eva/build/ur_calibration -- -j16 -l16
[0.070s] [ 33%] Built target gmock_main
[0.070s] [ 41%] Built target gmock
[0.074s] [ 66%] Built target calibration
[0.102s] [100%] Built target calibration_test
[0.102s] [100%] Built target calibration_correction
[0.114s] Invoked command in '/home/imml/git/research_2025/apple-harvest-eva/build/ur_calibration' returned '0': AMENT_PREFIX_PATH=/home/imml/git/research_2025/apple-harvest-eva/install/ur_robot_driver:/home/imml/git/research_2025/apple-harvest-eva/install/ur_controllers:/home/imml/git/research_2025/apple-harvest-eva/install/ur_description:/home/imml/git/research_2025/apple-harvest-eva/install/ur_dashboard_msgs:${AMENT_PREFIX_PATH} CMAKE_PREFIX_PATH=/home/imml/git/research_2025/apple-harvest-eva/install/ur_robot_driver:/home/imml/git/research_2025/apple-harvest-eva/install/ur_controllers:/home/imml/git/research_2025/apple-harvest-eva/install/ur_description:/home/imml/git/research_2025/apple-harvest-eva/install/ur_dashboard_msgs:/opt/ros/humble LD_LIBRARY_PATH=/home/imml/git/research_2025/apple-harvest-eva/install/ur_robot_driver/lib:/home/imml/git/research_2025/apple-harvest-eva/install/ur_controllers/lib:/home/imml/git/research_2025/apple-harvest-eva/install/ur_dashboard_msgs/lib:${LD_LIBRARY_PATH} PATH=/home/imml/git/research_2025/apple-harvest-eva/install/ur_robot_driver/bin:${PATH} PYTHONPATH=/home/imml/git/research_2025/apple-harvest-eva/install/ur_robot_driver/local/lib/python3.10/dist-packages:/home/imml/git/research_2025/apple-harvest-eva/install/ur_dashboard_msgs/local/lib/python3.10/dist-packages:${PYTHONPATH} /usr/bin/cmake --build /home/imml/git/research_2025/apple-harvest-eva/build/ur_calibration -- -j16 -l16
[0.115s] Invoking command in '/home/imml/git/research_2025/apple-harvest-eva/build/ur_calibration': AMENT_PREFIX_PATH=/home/imml/git/research_2025/apple-harvest-eva/install/ur_robot_driver:/home/imml/git/research_2025/apple-harvest-eva/install/ur_controllers:/home/imml/git/research_2025/apple-harvest-eva/install/ur_description:/home/imml/git/research_2025/apple-harvest-eva/install/ur_dashboard_msgs:${AMENT_PREFIX_PATH} CMAKE_PREFIX_PATH=/home/imml/git/research_2025/apple-harvest-eva/install/ur_robot_driver:/home/imml/git/research_2025/apple-harvest-eva/install/ur_controllers:/home/imml/git/research_2025/apple-harvest-eva/install/ur_description:/home/imml/git/research_2025/apple-harvest-eva/install/ur_dashboard_msgs:/opt/ros/humble LD_LIBRARY_PATH=/home/imml/git/research_2025/apple-harvest-eva/install/ur_robot_driver/lib:/home/imml/git/research_2025/apple-harvest-eva/install/ur_controllers/lib:/home/imml/git/research_2025/apple-harvest-eva/install/ur_dashboard_msgs/lib:${LD_LIBRARY_PATH} PATH=/home/imml/git/research_2025/apple-harvest-eva/install/ur_robot_driver/bin:${PATH} PYTHONPATH=/home/imml/git/research_2025/apple-harvest-eva/install/ur_robot_driver/local/lib/python3.10/dist-packages:/home/imml/git/research_2025/apple-harvest-eva/install/ur_dashboard_msgs/local/lib/python3.10/dist-packages:${PYTHONPATH} /usr/bin/cmake --install /home/imml/git/research_2025/apple-harvest-eva/build/ur_calibration
[0.122s] -- Install configuration: "RelWithDebInfo"
[0.122s] -- Execute custom install script
[0.123s] -- Up-to-date symlink: /home/imml/git/research_2025/apple-harvest-eva/install/ur_calibration/lib/ur_calibration/calibration_correction
[0.123s] -- Up-to-date symlink: /home/imml/git/research_2025/apple-harvest-eva/install/ur_calibration/include/ur_calibration/calibration.hpp
[0.123s] -- Up-to-date symlink: /home/imml/git/research_2025/apple-harvest-eva/install/ur_calibration/include/ur_calibration/calibration_consumer.hpp
[0.123s] -- Up-to-date symlink: /home/imml/git/research_2025/apple-harvest-eva/install/ur_calibration/share/ur_calibration/launch/calibration_correction.launch.py
[0.123s] -- Up-to-date symlink: /home/imml/git/research_2025/apple-harvest-eva/install/ur_calibration/share/ament_index/resource_index/package_run_dependencies/ur_calibration
[0.124s] -- Up-to-date symlink: /home/imml/git/research_2025/apple-harvest-eva/install/ur_calibration/share/ament_index/resource_index/parent_prefix_path/ur_calibration
[0.124s] -- Up-to-date symlink: /home/imml/git/research_2025/apple-harvest-eva/install/ur_calibration/share/ur_calibration/environment/ament_prefix_path.sh
[0.124s] -- Up-to-date symlink: /home/imml/git/research_2025/apple-harvest-eva/install/ur_calibration/share/ur_calibration/environment/ament_prefix_path.dsv
[0.124s] -- Up-to-date symlink: /home/imml/git/research_2025/apple-harvest-eva/install/ur_calibration/share/ur_calibration/environment/path.sh
[0.124s] -- Up-to-date symlink: /home/imml/git/research_2025/apple-harvest-eva/install/ur_calibration/share/ur_calibration/environment/path.dsv
[0.124s] -- Up-to-date symlink: /home/imml/git/research_2025/apple-harvest-eva/install/ur_calibration/share/ur_calibration/local_setup.bash
[0.124s] -- Up-to-date symlink: /home/imml/git/research_2025/apple-harvest-eva/install/ur_calibration/share/ur_calibration/local_setup.sh
[0.124s] -- Up-to-date symlink: /home/imml/git/research_2025/apple-harvest-eva/install/ur_calibration/share/ur_calibration/local_setup.zsh
[0.125s] -- Up-to-date symlink: /home/imml/git/research_2025/apple-harvest-eva/install/ur_calibration/share/ur_calibration/local_setup.dsv
[0.125s] -- Symlinking: /home/imml/git/research_2025/apple-harvest-eva/install/ur_calibration/share/ur_calibration/package.dsv
[0.134s] -- Up-to-date symlink: /home/imml/git/research_2025/apple-harvest-eva/install/ur_calibration/share/ament_index/resource_index/packages/ur_calibration
[0.134s] -- Up-to-date symlink: /home/imml/git/research_2025/apple-harvest-eva/install/ur_calibration/share/ur_calibration/cmake/ament_cmake_export_include_directories-extras.cmake
[0.134s] -- Up-to-date symlink: /home/imml/git/research_2025/apple-harvest-eva/install/ur_calibration/share/ur_calibration/cmake/ament_cmake_export_dependencies-extras.cmake
[0.134s] -- Up-to-date symlink: /home/imml/git/research_2025/apple-harvest-eva/install/ur_calibration/share/ur_calibration/cmake/ur_calibrationConfig.cmake
[0.134s] -- Up-to-date symlink: /home/imml/git/research_2025/apple-harvest-eva/install/ur_calibration/share/ur_calibration/cmake/ur_calibrationConfig-version.cmake
[0.134s] -- Up-to-date symlink: /home/imml/git/research_2025/apple-harvest-eva/install/ur_calibration/share/ur_calibration/package.xml
[0.137s] Invoked command in '/home/imml/git/research_2025/apple-harvest-eva/build/ur_calibration' returned '0': AMENT_PREFIX_PATH=/home/imml/git/research_2025/apple-harvest-eva/install/ur_robot_driver:/home/imml/git/research_2025/apple-harvest-eva/install/ur_controllers:/home/imml/git/research_2025/apple-harvest-eva/install/ur_description:/home/imml/git/research_2025/apple-harvest-eva/install/ur_dashboard_msgs:${AMENT_PREFIX_PATH} CMAKE_PREFIX_PATH=/home/imml/git/research_2025/apple-harvest-eva/install/ur_robot_driver:/home/imml/git/research_2025/apple-harvest-eva/install/ur_controllers:/home/imml/git/research_2025/apple-harvest-eva/install/ur_description:/home/imml/git/research_2025/apple-harvest-eva/install/ur_dashboard_msgs:/opt/ros/humble LD_LIBRARY_PATH=/home/imml/git/research_2025/apple-harvest-eva/install/ur_robot_driver/lib:/home/imml/git/research_2025/apple-harvest-eva/install/ur_controllers/lib:/home/imml/git/research_2025/apple-harvest-eva/install/ur_dashboard_msgs/lib:${LD_LIBRARY_PATH} PATH=/home/imml/git/research_2025/apple-harvest-eva/install/ur_robot_driver/bin:${PATH} PYTHONPATH=/home/imml/git/research_2025/apple-harvest-eva/install/ur_robot_driver/local/lib/python3.10/dist-packages:/home/imml/git/research_2025/apple-harvest-eva/install/ur_dashboard_msgs/local/lib/python3.10/dist-packages:${PYTHONPATH} /usr/bin/cmake --install /home/imml/git/research_2025/apple-harvest-eva/build/ur_calibration
