[0.041s] Invoking command in '/home/imml/git/research_2025/apple-harvest-eva/build/harvest': AMENT_PREFIX_PATH=/home/imml/git/research_2025/apple-harvest-eva/install/harvest_interfaces:${AMENT_PREFIX_PATH} CMAKE_PREFIX_PATH=/home/imml/git/research_2025/apple-harvest-eva/install/harvest_interfaces:/opt/ros/humble LD_LIBRARY_PATH=/home/imml/git/research_2025/apple-harvest-eva/install/harvest_interfaces/lib:${LD_LIBRARY_PATH} PYTHONPATH=/home/imml/git/research_2025/apple-harvest-eva/install/harvest_interfaces/local/lib/python3.10/dist-packages:${PYTHONPATH} /usr/bin/cmake --build /home/imml/git/research_2025/apple-harvest-eva/build/harvest -- -j16 -l16
[0.072s] -- Found ament_cmake: 1.3.11 (/opt/ros/humble/share/ament_cmake/cmake)
[0.172s] -- Override CMake install command with custom implementation using symlinks instead of copying resources
[0.177s] -- Found rclpy: 3.3.16 (/opt/ros/humble/share/rclpy/cmake)
[0.177s] -- Found moveit_servo: 2.5.9 (/opt/ros/humble/share/moveit_servo/cmake)
[0.200s] -- Found rosidl_generator_c: 3.1.6 (/opt/ros/humble/share/rosidl_generator_c/cmake)
[0.202s] -- Found rosidl_adapter: 3.1.6 (/opt/ros/humble/share/rosidl_adapter/cmake)
[0.207s] -- Found rosidl_generator_cpp: 3.1.6 (/opt/ros/humble/share/rosidl_generator_cpp/cmake)
[0.214s] -- Using all available rosidl_typesupport_c: rosidl_typesupport_fastrtps_c;rosidl_typesupport_introspection_c
[0.224s] -- Using all available rosidl_typesupport_cpp: rosidl_typesupport_fastrtps_cpp;rosidl_typesupport_introspection_cpp
[0.348s] -- Found rmw_implementation_cmake: 6.1.2 (/opt/ros/humble/share/rmw_implementation_cmake/cmake)
[0.349s] -- Found rmw_fastrtps_cpp: 6.2.7 (/opt/ros/humble/share/rmw_fastrtps_cpp/cmake)
[0.450s] -- Using RMW implementation 'rmw_fastrtps_cpp' as default
[0.565s] -- Found Boost: /usr/lib/x86_64-linux-gnu/cmake/Boost-1.74.0/BoostConfig.cmake (found version "1.74.0") found components: chrono date_time filesystem iostreams program_options regex serialization system thread 
[0.587s] -- Found Boost: /usr/lib/x86_64-linux-gnu/cmake/Boost-1.74.0/BoostConfig.cmake (found version "1.74.0") found components: filesystem 
[0.617s] -- library: /usr/lib/x86_64-linux-gnu/libcurl.so
[0.651s] -- Ensuring Eigen3 include directory is part of orocos-kdl CMake target
[0.775s] -- Found Boost: /usr/lib/x86_64-linux-gnu/cmake/Boost-1.74.0/BoostConfig.cmake (found version "1.74.0") found components: system filesystem date_time program_options thread chrono 
[0.807s] -- Found moveit: 2.5.9 (/opt/ros/humble/share/moveit/cmake)
[0.808s] -- Found harvest_interfaces: 0.0.0 (/home/imml/git/research_2025/apple-harvest-eva/install/harvest_interfaces/share/harvest_interfaces/cmake)
[0.827s] -- Found moveit_ros_planning_interface: 2.5.9 (/opt/ros/humble/share/moveit_ros_planning_interface/cmake)
[0.828s] -- Found Boost: /usr/lib/x86_64-linux-gnu/cmake/Boost-1.74.0/BoostConfig.cmake (found version "1.74.0") found components: date_time filesystem program_options system thread 
[0.840s] -- Found Boost: /usr/lib/x86_64-linux-gnu/cmake/Boost-1.74.0/BoostConfig.cmake (found version "1.74.0") found components: thread system filesystem regex date_time program_options 
[0.858s] -- Found Boost: /usr/lib/x86_64-linux-gnu/cmake/Boost-1.74.0/BoostConfig.cmake (found version "1.74.0") found components: system filesystem date_time program_options thread 
[0.983s] -- Found ament_lint_auto: 0.12.12 (/opt/ros/humble/share/ament_lint_auto/cmake)
[1.079s] -- Added test 'flake8' to check Python code syntax and style conventions
[1.079s] -- Added test 'lint_cmake' to check CMake code style
[1.080s] -- Added test 'pep257' to check Python code against some of the docstring style conventions in PEP 257
[1.083s] -- Added test 'xmllint' to check XML markup files
[1.084s] -- Configuring done
[1.093s] -- Generating done
[1.097s] -- Build files have been written to: /home/imml/git/research_2025/apple-harvest-eva/build/harvest
[1.157s] Built target ament_cmake_python_symlink_harvest
[1.407s] running egg_info
[1.407s] writing harvest.egg-info/PKG-INFO
[1.407s] writing dependency_links to harvest.egg-info/dependency_links.txt
[1.408s] writing top-level names to harvest.egg-info/top_level.txt
[1.410s] reading manifest file 'harvest.egg-info/SOURCES.txt'
[1.411s] writing manifest file 'harvest.egg-info/SOURCES.txt'
[1.446s] Built target ament_cmake_python_build_harvest_egg
[1.458s] Invoked command in '/home/imml/git/research_2025/apple-harvest-eva/build/harvest' returned '0': AMENT_PREFIX_PATH=/home/imml/git/research_2025/apple-harvest-eva/install/harvest_interfaces:${AMENT_PREFIX_PATH} CMAKE_PREFIX_PATH=/home/imml/git/research_2025/apple-harvest-eva/install/harvest_interfaces:/opt/ros/humble LD_LIBRARY_PATH=/home/imml/git/research_2025/apple-harvest-eva/install/harvest_interfaces/lib:${LD_LIBRARY_PATH} PYTHONPATH=/home/imml/git/research_2025/apple-harvest-eva/install/harvest_interfaces/local/lib/python3.10/dist-packages:${PYTHONPATH} /usr/bin/cmake --build /home/imml/git/research_2025/apple-harvest-eva/build/harvest -- -j16 -l16
[1.460s] Invoking command in '/home/imml/git/research_2025/apple-harvest-eva/build/harvest': AMENT_PREFIX_PATH=/home/imml/git/research_2025/apple-harvest-eva/install/harvest_interfaces:${AMENT_PREFIX_PATH} CMAKE_PREFIX_PATH=/home/imml/git/research_2025/apple-harvest-eva/install/harvest_interfaces:/opt/ros/humble LD_LIBRARY_PATH=/home/imml/git/research_2025/apple-harvest-eva/install/harvest_interfaces/lib:${LD_LIBRARY_PATH} PYTHONPATH=/home/imml/git/research_2025/apple-harvest-eva/install/harvest_interfaces/local/lib/python3.10/dist-packages:${PYTHONPATH} /usr/bin/cmake --install /home/imml/git/research_2025/apple-harvest-eva/build/harvest
[1.467s] -- Install configuration: ""
[1.468s] -- Execute custom install script
[1.468s] -- Up-to-date symlink: /home/imml/git/research_2025/apple-harvest-eva/install/harvest/share/harvest/environment/pythonpath.sh
[1.468s] -- Up-to-date symlink: /home/imml/git/research_2025/apple-harvest-eva/install/harvest/share/harvest/environment/pythonpath.dsv
[1.468s] -- Up-to-date symlink: /home/imml/git/research_2025/apple-harvest-eva/install/harvest/local/lib/python3.10/dist-packages/harvest-0.0.0-py3.10.egg-info/PKG-INFO
[1.468s] -- Up-to-date symlink: /home/imml/git/research_2025/apple-harvest-eva/install/harvest/local/lib/python3.10/dist-packages/harvest-0.0.0-py3.10.egg-info/SOURCES.txt
[1.469s] -- Up-to-date symlink: /home/imml/git/research_2025/apple-harvest-eva/install/harvest/local/lib/python3.10/dist-packages/harvest-0.0.0-py3.10.egg-info/dependency_links.txt
[1.469s] -- Up-to-date symlink: /home/imml/git/research_2025/apple-harvest-eva/install/harvest/local/lib/python3.10/dist-packages/harvest-0.0.0-py3.10.egg-info/top_level.txt
[1.469s] -- Up-to-date symlink: /home/imml/git/research_2025/apple-harvest-eva/install/harvest/local/lib/python3.10/dist-packages/harvest/__init__.py
[1.469s] -- Up-to-date symlink: /home/imml/git/research_2025/apple-harvest-eva/install/harvest/lib/harvest/start_harvest.py
[1.469s] -- Up-to-date symlink: /home/imml/git/research_2025/apple-harvest-eva/install/harvest/lib/harvest/record.py
[1.469s] -- Up-to-date symlink: /home/imml/git/research_2025/apple-harvest-eva/install/harvest/lib/harvest/orchard_templating.py
[1.469s] -- Up-to-date symlink: /home/imml/git/research_2025/apple-harvest-eva/install/harvest/lib/harvest/apple_prediction_test.py
[1.469s] -- Up-to-date symlink: /home/imml/git/research_2025/apple-harvest-eva/install/harvest/lib/harvest/visual_servo_test.py
[1.470s] -- Up-to-date symlink: /home/imml/git/research_2025/apple-harvest-eva/install/harvest/share/harvest//launch/launch_gripper.launch.py
[1.470s] -- Up-to-date symlink: /home/imml/git/research_2025/apple-harvest-eva/install/harvest/share/harvest//launch/launch_lab_demo.py
[1.470s] -- Up-to-date symlink: /home/imml/git/research_2025/apple-harvest-eva/install/harvest/share/harvest//launch/launch_vision.launch.py
[1.470s] -- Up-to-date symlink: /home/imml/git/research_2025/apple-harvest-eva/install/harvest/share/harvest//launch/launch_vision_templating.launch.py
[1.470s] -- Up-to-date symlink: /home/imml/git/research_2025/apple-harvest-eva/install/harvest/share/ament_index/resource_index/package_run_dependencies/harvest
[1.470s] -- Up-to-date symlink: /home/imml/git/research_2025/apple-harvest-eva/install/harvest/share/ament_index/resource_index/parent_prefix_path/harvest
[1.470s] -- Up-to-date symlink: /home/imml/git/research_2025/apple-harvest-eva/install/harvest/share/harvest/environment/ament_prefix_path.sh
[1.470s] -- Up-to-date symlink: /home/imml/git/research_2025/apple-harvest-eva/install/harvest/share/harvest/environment/ament_prefix_path.dsv
[1.471s] -- Up-to-date symlink: /home/imml/git/research_2025/apple-harvest-eva/install/harvest/share/harvest/environment/path.sh
[1.471s] -- Up-to-date symlink: /home/imml/git/research_2025/apple-harvest-eva/install/harvest/share/harvest/environment/path.dsv
[1.471s] -- Up-to-date symlink: /home/imml/git/research_2025/apple-harvest-eva/install/harvest/share/harvest/local_setup.bash
[1.471s] -- Up-to-date symlink: /home/imml/git/research_2025/apple-harvest-eva/install/harvest/share/harvest/local_setup.sh
[1.471s] -- Up-to-date symlink: /home/imml/git/research_2025/apple-harvest-eva/install/harvest/share/harvest/local_setup.zsh
[1.471s] -- Up-to-date symlink: /home/imml/git/research_2025/apple-harvest-eva/install/harvest/share/harvest/local_setup.dsv
[1.471s] -- Symlinking: /home/imml/git/research_2025/apple-harvest-eva/install/harvest/share/harvest/package.dsv
[1.482s] -- Up-to-date symlink: /home/imml/git/research_2025/apple-harvest-eva/install/harvest/share/ament_index/resource_index/packages/harvest
[1.482s] -- Up-to-date symlink: /home/imml/git/research_2025/apple-harvest-eva/install/harvest/share/harvest/cmake/harvestConfig.cmake
[1.482s] -- Up-to-date symlink: /home/imml/git/research_2025/apple-harvest-eva/install/harvest/share/harvest/cmake/harvestConfig-version.cmake
[1.482s] -- Up-to-date symlink: /home/imml/git/research_2025/apple-harvest-eva/install/harvest/share/harvest/package.xml
[1.512s] Listing '/home/imml/git/research_2025/apple-harvest-eva/install/harvest/local/lib/python3.10/dist-packages/harvest'...
[1.519s] Invoked command in '/home/imml/git/research_2025/apple-harvest-eva/build/harvest' returned '0': AMENT_PREFIX_PATH=/home/imml/git/research_2025/apple-harvest-eva/install/harvest_interfaces:${AMENT_PREFIX_PATH} CMAKE_PREFIX_PATH=/home/imml/git/research_2025/apple-harvest-eva/install/harvest_interfaces:/opt/ros/humble LD_LIBRARY_PATH=/home/imml/git/research_2025/apple-harvest-eva/install/harvest_interfaces/lib:${LD_LIBRARY_PATH} PYTHONPATH=/home/imml/git/research_2025/apple-harvest-eva/install/harvest_interfaces/local/lib/python3.10/dist-packages:${PYTHONPATH} /usr/bin/cmake --install /home/imml/git/research_2025/apple-harvest-eva/build/harvest
