[0.015s] Invoking command in '/home/imml/git/research_2025/apple-harvest-eva/build/harvest_control': AMENT_PREFIX_PATH=/home/imml/git/research_2025/apple-harvest-eva/install/harvest_interfaces:${AMENT_PREFIX_PATH} CMAKE_PREFIX_PATH=/home/imml/git/research_2025/apple-harvest-eva/install/harvest_interfaces:/home/imml/git/research_2025/apple-harvest-eva/install/ur:/home/imml/git/research_2025/apple-harvest-eva/install/ur_calibration:/home/imml/git/research_2025/apple-harvest-eva/install/ur_robot_driver:/home/imml/git/research_2025/apple-harvest-eva/install/ur_moveit_config:/home/imml/git/research_2025/apple-harvest-eva/install/ur_bringup:/home/imml/git/research_2025/apple-harvest-eva/install/ur_description:/home/imml/git/research_2025/apple-harvest-eva/install/ur_controllers:/home/imml/git/research_2025/apple-harvest-eva/install/ur_dashboard_msgs:/home/imml/git/research_2025/apple-harvest-eva/install/realsense2_description:/home/imml/git/research_2025/apple-harvest-eva/install/realsense2_camera:/home/imml/git/research_2025/apple-harvest-eva/install/realsense2_camera_msgs:/home/imml/git/research_2025/apple-harvest-eva/install/harvest_control:/home/imml/git/research_2025/apple-harvest-eva/install/harvest:/home/imml/git/research_2025/apple-harvest-eva/install/ur5e_custom_hardware:/home/imml/git/research_2025/apple-harvest-eva/install/harvest_vision:/opt/ros/humble LD_LIBRARY_PATH=/home/imml/git/research_2025/apple-harvest-eva/install/harvest_interfaces/lib:/home/imml/git/research_2025/apple-harvest-eva/install/ur_robot_driver/lib:/home/imml/git/research_2025/apple-harvest-eva/install/ur_controllers/lib:/home/imml/git/research_2025/apple-harvest-eva/install/ur_dashboard_msgs/lib:/home/imml/git/research_2025/apple-harvest-eva/install/realsense2_camera/lib:/home/imml/git/research_2025/apple-harvest-eva/install/realsense2_camera_msgs/lib:/usr/local/cuda-12.9/lib64:/opt/ros/humble/opt/rviz_ogre_vendor/lib:/opt/ros/humble/lib/x86_64-linux-gnu:/opt/ros/humble/lib PYTHONPATH=/home/imml/git/research_2025/apple-harvest-eva/install/harvest_interfaces/local/lib/python3.10/dist-packages:${PYTHONPATH} /usr/bin/cmake /home/imml/git/research_2025/apple-harvest-eva/harvest_control -DAMENT_CMAKE_SYMLINK_INSTALL=1 -DCMAKE_INSTALL_PREFIX=/home/imml/git/research_2025/apple-harvest-eva/install/harvest_control
[0.070s] -- The C compiler identification is GNU 11.4.0
[0.125s] -- The CXX compiler identification is GNU 11.4.0
[0.132s] -- Detecting C compiler ABI info
[0.202s] -- Detecting C compiler ABI info - done
[0.208s] -- Check for working C compiler: /usr/bin/cc - skipped
[0.208s] -- Detecting C compile features
[0.208s] -- Detecting C compile features - done
[0.211s] -- Detecting CXX compiler ABI info
[0.291s] -- Detecting CXX compiler ABI info - done
[0.299s] -- Check for working CXX compiler: /usr/bin/c++ - skipped
[0.299s] -- Detecting CXX compile features
[0.299s] -- Detecting CXX compile features - done
[0.302s] -- Found ament_cmake: 1.3.11 (/opt/ros/humble/share/ament_cmake/cmake)
[0.443s] -- Found Python3: /usr/bin/python3 (found version "3.10.12") found components: Interpreter 
[0.503s] -- Override CMake install command with custom implementation using symlinks instead of copying resources
[0.543s] -- Found rclcpp: 16.0.12 (/opt/ros/humble/share/rclcpp/cmake)
[0.593s] -- Found rosidl_generator_c: 3.1.6 (/opt/ros/humble/share/rosidl_generator_c/cmake)
[0.600s] -- Found rosidl_adapter: 3.1.6 (/opt/ros/humble/share/rosidl_adapter/cmake)
[0.610s] -- Found rosidl_generator_cpp: 3.1.6 (/opt/ros/humble/share/rosidl_generator_cpp/cmake)
[0.623s] -- Using all available rosidl_typesupport_c: rosidl_typesupport_fastrtps_c;rosidl_typesupport_introspection_c
[0.640s] -- Using all available rosidl_typesupport_cpp: rosidl_typesupport_fastrtps_cpp;rosidl_typesupport_introspection_cpp
[0.690s] -- Found rmw_implementation_cmake: 6.1.2 (/opt/ros/humble/share/rmw_implementation_cmake/cmake)
[0.693s] -- Found rmw_fastrtps_cpp: 6.2.7 (/opt/ros/humble/share/rmw_fastrtps_cpp/cmake)
[0.793s] -- Found OpenSSL: /usr/lib/x86_64-linux-gnu/libcrypto.so (found version "3.0.2")  
[0.821s] -- Found FastRTPS: /opt/ros/humble/include  
[0.864s] -- Using RMW implementation 'rmw_fastrtps_cpp' as default
[0.875s] -- Looking for pthread.h
[0.949s] -- Looking for pthread.h - found
[0.949s] -- Performing Test CMAKE_HAVE_LIBC_PTHREAD
[1.027s] -- Performing Test CMAKE_HAVE_LIBC_PTHREAD - Success
[1.028s] -- Found Threads: TRUE  
[1.075s] -- Found rclpy: 3.3.16 (/opt/ros/humble/share/rclpy/cmake)
[1.078s] -- Found moveit_servo: 2.5.9 (/opt/ros/humble/share/moveit_servo/cmake)
[1.318s] -- Found Boost: /usr/lib/x86_64-linux-gnu/cmake/Boost-1.74.0/BoostConfig.cmake (found version "1.74.0") found components: chrono date_time filesystem iostreams program_options regex serialization system thread 
[1.367s] -- Found Boost: /usr/lib/x86_64-linux-gnu/cmake/Boost-1.74.0/BoostConfig.cmake (found version "1.74.0") found components: filesystem 
[1.481s] -- library: /usr/lib/x86_64-linux-gnu/libcurl.so
[1.531s] -- Found Eigen3: TRUE (found version "3.4.0") 
[1.531s] -- Ensuring Eigen3 include directory is part of orocos-kdl CMake target
[1.715s] -- Found Boost: /usr/lib/x86_64-linux-gnu/cmake/Boost-1.74.0/BoostConfig.cmake (found version "1.74.0") found components: system filesystem date_time program_options thread chrono 
[1.768s] -- Found moveit: 2.5.9 (/opt/ros/humble/share/moveit/cmake)
[1.772s] -- Found moveit_ros_planning_interface: 2.5.9 (/opt/ros/humble/share/moveit_ros_planning_interface/cmake)
[1.776s] -- Found Boost: /usr/lib/x86_64-linux-gnu/cmake/Boost-1.74.0/BoostConfig.cmake (found version "1.74.0") found components: date_time filesystem program_options system thread 
[1.790s] -- Found Boost: /usr/lib/x86_64-linux-gnu/cmake/Boost-1.74.0/BoostConfig.cmake (found version "1.74.0") found components: thread system filesystem regex date_time program_options 
[1.815s] -- Found Boost: /usr/lib/x86_64-linux-gnu/cmake/Boost-1.74.0/BoostConfig.cmake (found version "1.74.0") found components: system filesystem date_time program_options thread 
[1.834s] -- Found controller_manager_msgs: 2.51.0 (/opt/ros/humble/share/controller_manager_msgs/cmake)
[1.846s] -- Found harvest_interfaces: 0.0.0 (/home/imml/git/research_2025/apple-harvest-eva/install/harvest_interfaces/share/harvest_interfaces/cmake)
[1.981s] -- Found ament_lint_auto: 0.12.12 (/opt/ros/humble/share/ament_lint_auto/cmake)
[2.114s] -- Added test 'cppcheck' to perform static code analysis on C / C++ code
[2.114s] -- Configured cppcheck include dirs: $<BUILD_INTERFACE:/home/imml/git/research_2025/apple-harvest-eva/harvest_control/include>
[2.115s] -- Configured cppcheck exclude dirs and/or files: 
[2.116s] -- Added test 'flake8' to check Python code syntax and style conventions
[2.117s] -- Added test 'lint_cmake' to check CMake code style
[2.118s] -- Added test 'pep257' to check Python code against some of the docstring style conventions in PEP 257
[2.120s] -- Added test 'uncrustify' to check C / C++ code style
[2.120s] -- Configured uncrustify additional arguments: 
[2.121s] -- Added test 'xmllint' to check XML markup files
[2.124s] -- Configuring done
[2.159s] -- Generating done
[2.167s] -- Build files have been written to: /home/imml/git/research_2025/apple-harvest-eva/build/harvest_control
[2.190s] Invoked command in '/home/imml/git/research_2025/apple-harvest-eva/build/harvest_control' returned '0': AMENT_PREFIX_PATH=/home/imml/git/research_2025/apple-harvest-eva/install/harvest_interfaces:${AMENT_PREFIX_PATH} CMAKE_PREFIX_PATH=/home/imml/git/research_2025/apple-harvest-eva/install/harvest_interfaces:/home/imml/git/research_2025/apple-harvest-eva/install/ur:/home/imml/git/research_2025/apple-harvest-eva/install/ur_calibration:/home/imml/git/research_2025/apple-harvest-eva/install/ur_robot_driver:/home/imml/git/research_2025/apple-harvest-eva/install/ur_moveit_config:/home/imml/git/research_2025/apple-harvest-eva/install/ur_bringup:/home/imml/git/research_2025/apple-harvest-eva/install/ur_description:/home/imml/git/research_2025/apple-harvest-eva/install/ur_controllers:/home/imml/git/research_2025/apple-harvest-eva/install/ur_dashboard_msgs:/home/imml/git/research_2025/apple-harvest-eva/install/realsense2_description:/home/imml/git/research_2025/apple-harvest-eva/install/realsense2_camera:/home/imml/git/research_2025/apple-harvest-eva/install/realsense2_camera_msgs:/home/imml/git/research_2025/apple-harvest-eva/install/harvest_control:/home/imml/git/research_2025/apple-harvest-eva/install/harvest:/home/imml/git/research_2025/apple-harvest-eva/install/ur5e_custom_hardware:/home/imml/git/research_2025/apple-harvest-eva/install/harvest_vision:/opt/ros/humble LD_LIBRARY_PATH=/home/imml/git/research_2025/apple-harvest-eva/install/harvest_interfaces/lib:/home/imml/git/research_2025/apple-harvest-eva/install/ur_robot_driver/lib:/home/imml/git/research_2025/apple-harvest-eva/install/ur_controllers/lib:/home/imml/git/research_2025/apple-harvest-eva/install/ur_dashboard_msgs/lib:/home/imml/git/research_2025/apple-harvest-eva/install/realsense2_camera/lib:/home/imml/git/research_2025/apple-harvest-eva/install/realsense2_camera_msgs/lib:/usr/local/cuda-12.9/lib64:/opt/ros/humble/opt/rviz_ogre_vendor/lib:/opt/ros/humble/lib/x86_64-linux-gnu:/opt/ros/humble/lib PYTHONPATH=/home/imml/git/research_2025/apple-harvest-eva/install/harvest_interfaces/local/lib/python3.10/dist-packages:${PYTHONPATH} /usr/bin/cmake /home/imml/git/research_2025/apple-harvest-eva/harvest_control -DAMENT_CMAKE_SYMLINK_INSTALL=1 -DCMAKE_INSTALL_PREFIX=/home/imml/git/research_2025/apple-harvest-eva/install/harvest_control
[2.192s] Invoking command in '/home/imml/git/research_2025/apple-harvest-eva/build/harvest_control': AMENT_PREFIX_PATH=/home/imml/git/research_2025/apple-harvest-eva/install/harvest_interfaces:${AMENT_PREFIX_PATH} CMAKE_PREFIX_PATH=/home/imml/git/research_2025/apple-harvest-eva/install/harvest_interfaces:/home/imml/git/research_2025/apple-harvest-eva/install/ur:/home/imml/git/research_2025/apple-harvest-eva/install/ur_calibration:/home/imml/git/research_2025/apple-harvest-eva/install/ur_robot_driver:/home/imml/git/research_2025/apple-harvest-eva/install/ur_moveit_config:/home/imml/git/research_2025/apple-harvest-eva/install/ur_bringup:/home/imml/git/research_2025/apple-harvest-eva/install/ur_description:/home/imml/git/research_2025/apple-harvest-eva/install/ur_controllers:/home/imml/git/research_2025/apple-harvest-eva/install/ur_dashboard_msgs:/home/imml/git/research_2025/apple-harvest-eva/install/realsense2_description:/home/imml/git/research_2025/apple-harvest-eva/install/realsense2_camera:/home/imml/git/research_2025/apple-harvest-eva/install/realsense2_camera_msgs:/home/imml/git/research_2025/apple-harvest-eva/install/harvest_control:/home/imml/git/research_2025/apple-harvest-eva/install/harvest:/home/imml/git/research_2025/apple-harvest-eva/install/ur5e_custom_hardware:/home/imml/git/research_2025/apple-harvest-eva/install/harvest_vision:/opt/ros/humble LD_LIBRARY_PATH=/home/imml/git/research_2025/apple-harvest-eva/install/harvest_interfaces/lib:/home/imml/git/research_2025/apple-harvest-eva/install/ur_robot_driver/lib:/home/imml/git/research_2025/apple-harvest-eva/install/ur_controllers/lib:/home/imml/git/research_2025/apple-harvest-eva/install/ur_dashboard_msgs/lib:/home/imml/git/research_2025/apple-harvest-eva/install/realsense2_camera/lib:/home/imml/git/research_2025/apple-harvest-eva/install/realsense2_camera_msgs/lib:/usr/local/cuda-12.9/lib64:/opt/ros/humble/opt/rviz_ogre_vendor/lib:/opt/ros/humble/lib/x86_64-linux-gnu:/opt/ros/humble/lib PYTHONPATH=/home/imml/git/research_2025/apple-harvest-eva/install/harvest_interfaces/local/lib/python3.10/dist-packages:${PYTHONPATH} /usr/bin/cmake --build /home/imml/git/research_2025/apple-harvest-eva/build/harvest_control -- -j16 -l16
[2.253s] [ 50%] [32mBuilding CXX object CMakeFiles/move_arm.dir/src/move_arm.cpp.o[0m
[2.263s] [ 50%] Built target ament_cmake_python_symlink_harvest_control
[2.541s] running egg_info
[2.541s] creating harvest_control.egg-info
[2.542s] writing harvest_control.egg-info/PKG-INFO
[2.542s] writing dependency_links to harvest_control.egg-info/dependency_links.txt
[2.542s] writing top-level names to harvest_control.egg-info/top_level.txt
[2.543s] writing manifest file 'harvest_control.egg-info/SOURCES.txt'
[2.546s] reading manifest file 'harvest_control.egg-info/SOURCES.txt'
[2.547s] writing manifest file 'harvest_control.egg-info/SOURCES.txt'
[2.595s] [ 50%] Built target ament_cmake_python_build_harvest_control_egg
[26.328s] [100%] [32m[1mLinking CXX executable move_arm[0m
[28.003s] [100%] Built target move_arm
[28.025s] Invoked command in '/home/imml/git/research_2025/apple-harvest-eva/build/harvest_control' returned '0': AMENT_PREFIX_PATH=/home/imml/git/research_2025/apple-harvest-eva/install/harvest_interfaces:${AMENT_PREFIX_PATH} CMAKE_PREFIX_PATH=/home/imml/git/research_2025/apple-harvest-eva/install/harvest_interfaces:/home/imml/git/research_2025/apple-harvest-eva/install/ur:/home/imml/git/research_2025/apple-harvest-eva/install/ur_calibration:/home/imml/git/research_2025/apple-harvest-eva/install/ur_robot_driver:/home/imml/git/research_2025/apple-harvest-eva/install/ur_moveit_config:/home/imml/git/research_2025/apple-harvest-eva/install/ur_bringup:/home/imml/git/research_2025/apple-harvest-eva/install/ur_description:/home/imml/git/research_2025/apple-harvest-eva/install/ur_controllers:/home/imml/git/research_2025/apple-harvest-eva/install/ur_dashboard_msgs:/home/imml/git/research_2025/apple-harvest-eva/install/realsense2_description:/home/imml/git/research_2025/apple-harvest-eva/install/realsense2_camera:/home/imml/git/research_2025/apple-harvest-eva/install/realsense2_camera_msgs:/home/imml/git/research_2025/apple-harvest-eva/install/harvest_control:/home/imml/git/research_2025/apple-harvest-eva/install/harvest:/home/imml/git/research_2025/apple-harvest-eva/install/ur5e_custom_hardware:/home/imml/git/research_2025/apple-harvest-eva/install/harvest_vision:/opt/ros/humble LD_LIBRARY_PATH=/home/imml/git/research_2025/apple-harvest-eva/install/harvest_interfaces/lib:/home/imml/git/research_2025/apple-harvest-eva/install/ur_robot_driver/lib:/home/imml/git/research_2025/apple-harvest-eva/install/ur_controllers/lib:/home/imml/git/research_2025/apple-harvest-eva/install/ur_dashboard_msgs/lib:/home/imml/git/research_2025/apple-harvest-eva/install/realsense2_camera/lib:/home/imml/git/research_2025/apple-harvest-eva/install/realsense2_camera_msgs/lib:/usr/local/cuda-12.9/lib64:/opt/ros/humble/opt/rviz_ogre_vendor/lib:/opt/ros/humble/lib/x86_64-linux-gnu:/opt/ros/humble/lib PYTHONPATH=/home/imml/git/research_2025/apple-harvest-eva/install/harvest_interfaces/local/lib/python3.10/dist-packages:${PYTHONPATH} /usr/bin/cmake --build /home/imml/git/research_2025/apple-harvest-eva/build/harvest_control -- -j16 -l16
[28.028s] Invoking command in '/home/imml/git/research_2025/apple-harvest-eva/build/harvest_control': AMENT_PREFIX_PATH=/home/imml/git/research_2025/apple-harvest-eva/install/harvest_interfaces:${AMENT_PREFIX_PATH} CMAKE_PREFIX_PATH=/home/imml/git/research_2025/apple-harvest-eva/install/harvest_interfaces:/home/imml/git/research_2025/apple-harvest-eva/install/ur:/home/imml/git/research_2025/apple-harvest-eva/install/ur_calibration:/home/imml/git/research_2025/apple-harvest-eva/install/ur_robot_driver:/home/imml/git/research_2025/apple-harvest-eva/install/ur_moveit_config:/home/imml/git/research_2025/apple-harvest-eva/install/ur_bringup:/home/imml/git/research_2025/apple-harvest-eva/install/ur_description:/home/imml/git/research_2025/apple-harvest-eva/install/ur_controllers:/home/imml/git/research_2025/apple-harvest-eva/install/ur_dashboard_msgs:/home/imml/git/research_2025/apple-harvest-eva/install/realsense2_description:/home/imml/git/research_2025/apple-harvest-eva/install/realsense2_camera:/home/imml/git/research_2025/apple-harvest-eva/install/realsense2_camera_msgs:/home/imml/git/research_2025/apple-harvest-eva/install/harvest_control:/home/imml/git/research_2025/apple-harvest-eva/install/harvest:/home/imml/git/research_2025/apple-harvest-eva/install/ur5e_custom_hardware:/home/imml/git/research_2025/apple-harvest-eva/install/harvest_vision:/opt/ros/humble LD_LIBRARY_PATH=/home/imml/git/research_2025/apple-harvest-eva/install/harvest_interfaces/lib:/home/imml/git/research_2025/apple-harvest-eva/install/ur_robot_driver/lib:/home/imml/git/research_2025/apple-harvest-eva/install/ur_controllers/lib:/home/imml/git/research_2025/apple-harvest-eva/install/ur_dashboard_msgs/lib:/home/imml/git/research_2025/apple-harvest-eva/install/realsense2_camera/lib:/home/imml/git/research_2025/apple-harvest-eva/install/realsense2_camera_msgs/lib:/usr/local/cuda-12.9/lib64:/opt/ros/humble/opt/rviz_ogre_vendor/lib:/opt/ros/humble/lib/x86_64-linux-gnu:/opt/ros/humble/lib PYTHONPATH=/home/imml/git/research_2025/apple-harvest-eva/install/harvest_interfaces/local/lib/python3.10/dist-packages:${PYTHONPATH} /usr/bin/cmake --install /home/imml/git/research_2025/apple-harvest-eva/build/harvest_control
[28.043s] -- Install configuration: ""
[28.043s] -- Execute custom install script
[28.044s] -- Symlinking: /home/imml/git/research_2025/apple-harvest-eva/install/harvest_control/share/harvest_control/environment/pythonpath.sh
[28.062s] -- Symlinking: /home/imml/git/research_2025/apple-harvest-eva/install/harvest_control/share/harvest_control/environment/pythonpath.dsv
[28.079s] -- Symlinking: /home/imml/git/research_2025/apple-harvest-eva/install/harvest_control/local/lib/python3.10/dist-packages/harvest_control-0.0.0-py3.10.egg-info/PKG-INFO
[28.096s] -- Symlinking: /home/imml/git/research_2025/apple-harvest-eva/install/harvest_control/local/lib/python3.10/dist-packages/harvest_control-0.0.0-py3.10.egg-info/SOURCES.txt
[28.113s] -- Symlinking: /home/imml/git/research_2025/apple-harvest-eva/install/harvest_control/local/lib/python3.10/dist-packages/harvest_control-0.0.0-py3.10.egg-info/dependency_links.txt
[28.131s] -- Symlinking: /home/imml/git/research_2025/apple-harvest-eva/install/harvest_control/local/lib/python3.10/dist-packages/harvest_control-0.0.0-py3.10.egg-info/top_level.txt
[28.149s] -- Symlinking: /home/imml/git/research_2025/apple-harvest-eva/install/harvest_control/local/lib/python3.10/dist-packages/harvest_control/__init__.py
[28.167s] -- Symlinking: /home/imml/git/research_2025/apple-harvest-eva/install/harvest_control/lib/harvest_control/coordinate_to_trajectory.py
[28.185s] -- Symlinking: /home/imml/git/research_2025/apple-harvest-eva/install/harvest_control/lib/harvest_control/event_detector.py
[28.202s] -- Symlinking: /home/imml/git/research_2025/apple-harvest-eva/install/harvest_control/lib/harvest_control/force_filter.py
[28.220s] -- Symlinking: /home/imml/git/research_2025/apple-harvest-eva/install/harvest_control/lib/harvest_control/get_manual_apple_locations.py
[28.237s] -- Symlinking: /home/imml/git/research_2025/apple-harvest-eva/install/harvest_control/lib/harvest_control/heuristic_controller.py
[28.256s] -- Symlinking: /home/imml/git/research_2025/apple-harvest-eva/install/harvest_control/lib/harvest_control/linear_controller.py
[28.273s] -- Symlinking: /home/imml/git/research_2025/apple-harvest-eva/install/harvest_control/lib/harvest_control/pose_listener.py
[28.290s] -- Symlinking: /home/imml/git/research_2025/apple-harvest-eva/install/harvest_control/lib/harvest_control/pressure_averager.py
[28.309s] -- Symlinking: /home/imml/git/research_2025/apple-harvest-eva/install/harvest_control/lib/harvest_control/pull_twist_controller.py
[28.329s] -- Symlinking: /home/imml/git/research_2025/apple-harvest-eva/install/harvest_control/lib/harvest_control/visual_servo.py
[28.348s] -- Symlinking: /home/imml/git/research_2025/apple-harvest-eva/install/harvest_control/lib/harvest_control/move_arm
[28.366s] -- Symlinking: /home/imml/git/research_2025/apple-harvest-eva/install/harvest_control/share/harvest_control/launch/arm_control.launch.py
[28.383s] -- Symlinking: /home/imml/git/research_2025/apple-harvest-eva/install/harvest_control/share/harvest_control/launch/arm_control_templating.launch.py
[28.400s] -- Symlinking: /home/imml/git/research_2025/apple-harvest-eva/install/harvest_control/share/harvest_control/resource/harvest_control
[28.417s] -- Symlinking: /home/imml/git/research_2025/apple-harvest-eva/install/harvest_control/share/harvest_control/resource/reachable_paths.npy
[28.435s] -- Symlinking: /home/imml/git/research_2025/apple-harvest-eva/install/harvest_control/share/harvest_control/resource/reachable_paths_fine.npy
[28.453s] -- Symlinking: /home/imml/git/research_2025/apple-harvest-eva/install/harvest_control/share/harvest_control/resource/reachable_voxel_centers.csv
[28.470s] -- Symlinking: /home/imml/git/research_2025/apple-harvest-eva/install/harvest_control/share/harvest_control/resource/reachable_voxel_centers_fine.csv
[28.486s] -- Symlinking: /home/imml/git/research_2025/apple-harvest-eva/install/harvest_control/share/harvest_control/resource/tree_wire_mask.json
[28.503s] -- Symlinking: /home/imml/git/research_2025/apple-harvest-eva/install/harvest_control/share/harvest_control/resource/urdf/v_trellis_template.urdf
[28.521s] -- Symlinking: /home/imml/git/research_2025/apple-harvest-eva/install/harvest_control/share/harvest_control/resource/urdf/v_trellis_template.xacro
[28.539s] -- Symlinking: /home/imml/git/research_2025/apple-harvest-eva/install/harvest_control/share/harvest_control/resource/voxel_ik_data.csv
[28.553s] -- Symlinking: /home/imml/git/research_2025/apple-harvest-eva/install/harvest_control/share/harvest_control/resource/voxel_ik_data_fine.csv
[28.568s] -- Symlinking: /home/imml/git/research_2025/apple-harvest-eva/install/harvest_control/share/ament_index/resource_index/package_run_dependencies/harvest_control
[28.586s] -- Symlinking: /home/imml/git/research_2025/apple-harvest-eva/install/harvest_control/share/ament_index/resource_index/parent_prefix_path/harvest_control
[28.602s] -- Symlinking: /home/imml/git/research_2025/apple-harvest-eva/install/harvest_control/share/harvest_control/environment/ament_prefix_path.sh
[28.619s] -- Symlinking: /home/imml/git/research_2025/apple-harvest-eva/install/harvest_control/share/harvest_control/environment/ament_prefix_path.dsv
[28.637s] -- Symlinking: /home/imml/git/research_2025/apple-harvest-eva/install/harvest_control/share/harvest_control/environment/path.sh
[28.662s] -- Symlinking: /home/imml/git/research_2025/apple-harvest-eva/install/harvest_control/share/harvest_control/environment/path.dsv
[28.675s] -- Symlinking: /home/imml/git/research_2025/apple-harvest-eva/install/harvest_control/share/harvest_control/local_setup.bash
[28.691s] -- Symlinking: /home/imml/git/research_2025/apple-harvest-eva/install/harvest_control/share/harvest_control/local_setup.sh
[28.708s] -- Symlinking: /home/imml/git/research_2025/apple-harvest-eva/install/harvest_control/share/harvest_control/local_setup.zsh
[28.725s] -- Symlinking: /home/imml/git/research_2025/apple-harvest-eva/install/harvest_control/share/harvest_control/local_setup.dsv
[28.742s] -- Symlinking: /home/imml/git/research_2025/apple-harvest-eva/install/harvest_control/share/harvest_control/package.dsv
[28.758s] -- Symlinking: /home/imml/git/research_2025/apple-harvest-eva/install/harvest_control/share/ament_index/resource_index/packages/harvest_control
[28.775s] -- Symlinking: /home/imml/git/research_2025/apple-harvest-eva/install/harvest_control/share/harvest_control/cmake/harvest_controlConfig.cmake
[28.791s] -- Symlinking: /home/imml/git/research_2025/apple-harvest-eva/install/harvest_control/share/harvest_control/cmake/harvest_controlConfig-version.cmake
[28.807s] -- Symlinking: /home/imml/git/research_2025/apple-harvest-eva/install/harvest_control/share/harvest_control/package.xml
[28.874s] Listing '/home/imml/git/research_2025/apple-harvest-eva/install/harvest_control/local/lib/python3.10/dist-packages/harvest_control'...
[28.874s] Compiling '/home/imml/git/research_2025/apple-harvest-eva/install/harvest_control/local/lib/python3.10/dist-packages/harvest_control/__init__.py'...
[28.889s] Invoked command in '/home/imml/git/research_2025/apple-harvest-eva/build/harvest_control' returned '0': AMENT_PREFIX_PATH=/home/imml/git/research_2025/apple-harvest-eva/install/harvest_interfaces:${AMENT_PREFIX_PATH} CMAKE_PREFIX_PATH=/home/imml/git/research_2025/apple-harvest-eva/install/harvest_interfaces:/home/imml/git/research_2025/apple-harvest-eva/install/ur:/home/imml/git/research_2025/apple-harvest-eva/install/ur_calibration:/home/imml/git/research_2025/apple-harvest-eva/install/ur_robot_driver:/home/imml/git/research_2025/apple-harvest-eva/install/ur_moveit_config:/home/imml/git/research_2025/apple-harvest-eva/install/ur_bringup:/home/imml/git/research_2025/apple-harvest-eva/install/ur_description:/home/imml/git/research_2025/apple-harvest-eva/install/ur_controllers:/home/imml/git/research_2025/apple-harvest-eva/install/ur_dashboard_msgs:/home/imml/git/research_2025/apple-harvest-eva/install/realsense2_description:/home/imml/git/research_2025/apple-harvest-eva/install/realsense2_camera:/home/imml/git/research_2025/apple-harvest-eva/install/realsense2_camera_msgs:/home/imml/git/research_2025/apple-harvest-eva/install/harvest_control:/home/imml/git/research_2025/apple-harvest-eva/install/harvest:/home/imml/git/research_2025/apple-harvest-eva/install/ur5e_custom_hardware:/home/imml/git/research_2025/apple-harvest-eva/install/harvest_vision:/opt/ros/humble LD_LIBRARY_PATH=/home/imml/git/research_2025/apple-harvest-eva/install/harvest_interfaces/lib:/home/imml/git/research_2025/apple-harvest-eva/install/ur_robot_driver/lib:/home/imml/git/research_2025/apple-harvest-eva/install/ur_controllers/lib:/home/imml/git/research_2025/apple-harvest-eva/install/ur_dashboard_msgs/lib:/home/imml/git/research_2025/apple-harvest-eva/install/realsense2_camera/lib:/home/imml/git/research_2025/apple-harvest-eva/install/realsense2_camera_msgs/lib:/usr/local/cuda-12.9/lib64:/opt/ros/humble/opt/rviz_ogre_vendor/lib:/opt/ros/humble/lib/x86_64-linux-gnu:/opt/ros/humble/lib PYTHONPATH=/home/imml/git/research_2025/apple-harvest-eva/install/harvest_interfaces/local/lib/python3.10/dist-packages:${PYTHONPATH} /usr/bin/cmake --install /home/imml/git/research_2025/apple-harvest-eva/build/harvest_control
