-- Found ament_cmake: 1.3.11 (/opt/ros/humble/share/ament_cmake/cmake)
-- Override CMake install command with custom implementation using symlinks instead of copying resources
-- Found rclcpp: 16.0.12 (/opt/ros/humble/share/rclcpp/cmake)
-- Found rosidl_generator_c: 3.1.6 (/opt/ros/humble/share/rosidl_generator_c/cmake)
-- Found rosidl_adapter: 3.1.6 (/opt/ros/humble/share/rosidl_adapter/cmake)
-- Found rosidl_generator_cpp: 3.1.6 (/opt/ros/humble/share/rosidl_generator_cpp/cmake)
-- Using all available rosidl_typesupport_c: rosidl_typesupport_fastrtps_c;rosidl_typesupport_introspection_c
-- Using all available rosidl_typesupport_cpp: rosidl_typesupport_fastrtps_cpp;rosidl_typesupport_introspection_cpp
-- Found rmw_implementation_cmake: 6.1.2 (/opt/ros/humble/share/rmw_implementation_cmake/cmake)
-- Found rmw_fastrtps_cpp: 6.2.7 (/opt/ros/humble/share/rmw_fastrtps_cpp/cmake)
-- Using RMW implementation 'rmw_fastrtps_cpp' as default
-- Found rclpy: 3.3.16 (/opt/ros/humble/share/rclpy/cmake)
-- Found moveit_servo: 2.5.9 (/opt/ros/humble/share/moveit_servo/cmake)
-- Found Boost: /usr/lib/x86_64-linux-gnu/cmake/Boost-1.74.0/BoostConfig.cmake (found version "1.74.0") found components: chrono date_time filesystem iostreams program_options regex serialization system thread 
-- Found Boost: /usr/lib/x86_64-linux-gnu/cmake/Boost-1.74.0/BoostConfig.cmake (found version "1.74.0") found components: filesystem 
-- library: /usr/lib/x86_64-linux-gnu/libcurl.so
-- Ensuring Eigen3 include directory is part of orocos-kdl CMake target
-- Found Boost: /usr/lib/x86_64-linux-gnu/cmake/Boost-1.74.0/BoostConfig.cmake (found version "1.74.0") found components: system filesystem date_time program_options thread chrono 
-- Found moveit: 2.5.9 (/opt/ros/humble/share/moveit/cmake)
-- Found moveit_ros_planning_interface: 2.5.9 (/opt/ros/humble/share/moveit_ros_planning_interface/cmake)
-- Found Boost: /usr/lib/x86_64-linux-gnu/cmake/Boost-1.74.0/BoostConfig.cmake (found version "1.74.0") found components: date_time filesystem program_options system thread 
-- Found Boost: /usr/lib/x86_64-linux-gnu/cmake/Boost-1.74.0/BoostConfig.cmake (found version "1.74.0") found components: thread system filesystem regex date_time program_options 
-- Found Boost: /usr/lib/x86_64-linux-gnu/cmake/Boost-1.74.0/BoostConfig.cmake (found version "1.74.0") found components: system filesystem date_time program_options thread 
-- Found controller_manager_msgs: 2.51.0 (/opt/ros/humble/share/controller_manager_msgs/cmake)
-- Found harvest_interfaces: 0.0.0 (/home/imml/git/research_2025/apple-harvest-eva/install/harvest_interfaces/share/harvest_interfaces/cmake)
-- Found ament_lint_auto: 0.12.12 (/opt/ros/humble/share/ament_lint_auto/cmake)
-- Added test 'cppcheck' to perform static code analysis on C / C++ code
-- Configured cppcheck include dirs: $<BUILD_INTERFACE:/home/imml/git/research_2025/apple-harvest-eva/harvest_control/include>
-- Configured cppcheck exclude dirs and/or files: 
-- Added test 'flake8' to check Python code syntax and style conventions
-- Added test 'lint_cmake' to check CMake code style
-- Added test 'pep257' to check Python code against some of the docstring style conventions in PEP 257
-- Added test 'uncrustify' to check C / C++ code style
-- Configured uncrustify additional arguments: 
-- Added test 'xmllint' to check XML markup files
-- Configuring done
-- Generating done
-- Build files have been written to: /home/imml/git/research_2025/apple-harvest-eva/build/harvest_control
[35m[1mConsolidate compiler generated dependencies of target move_arm[0m
[  0%] Built target ament_cmake_python_symlink_harvest_control
[100%] Built target move_arm
running egg_info
writing harvest_control.egg-info/PKG-INFO
writing dependency_links to harvest_control.egg-info/dependency_links.txt
writing top-level names to harvest_control.egg-info/top_level.txt
reading manifest file 'harvest_control.egg-info/SOURCES.txt'
writing manifest file 'harvest_control.egg-info/SOURCES.txt'
[100%] Built target ament_cmake_python_build_harvest_control_egg
-- Install configuration: ""
-- Execute custom install script
-- Up-to-date symlink: /home/imml/git/research_2025/apple-harvest-eva/install/harvest_control/share/harvest_control/environment/pythonpath.sh
-- Up-to-date symlink: /home/imml/git/research_2025/apple-harvest-eva/install/harvest_control/share/harvest_control/environment/pythonpath.dsv
-- Up-to-date symlink: /home/imml/git/research_2025/apple-harvest-eva/install/harvest_control/local/lib/python3.10/dist-packages/harvest_control-0.0.0-py3.10.egg-info/PKG-INFO
-- Up-to-date symlink: /home/imml/git/research_2025/apple-harvest-eva/install/harvest_control/local/lib/python3.10/dist-packages/harvest_control-0.0.0-py3.10.egg-info/SOURCES.txt
-- Up-to-date symlink: /home/imml/git/research_2025/apple-harvest-eva/install/harvest_control/local/lib/python3.10/dist-packages/harvest_control-0.0.0-py3.10.egg-info/dependency_links.txt
-- Up-to-date symlink: /home/imml/git/research_2025/apple-harvest-eva/install/harvest_control/local/lib/python3.10/dist-packages/harvest_control-0.0.0-py3.10.egg-info/top_level.txt
-- Up-to-date symlink: /home/imml/git/research_2025/apple-harvest-eva/install/harvest_control/local/lib/python3.10/dist-packages/harvest_control/__init__.py
-- Up-to-date symlink: /home/imml/git/research_2025/apple-harvest-eva/install/harvest_control/lib/harvest_control/coordinate_to_trajectory.py
-- Up-to-date symlink: /home/imml/git/research_2025/apple-harvest-eva/install/harvest_control/lib/harvest_control/event_detector.py
-- Up-to-date symlink: /home/imml/git/research_2025/apple-harvest-eva/install/harvest_control/lib/harvest_control/force_filter.py
-- Up-to-date symlink: /home/imml/git/research_2025/apple-harvest-eva/install/harvest_control/lib/harvest_control/get_manual_apple_locations.py
-- Up-to-date symlink: /home/imml/git/research_2025/apple-harvest-eva/install/harvest_control/lib/harvest_control/heuristic_controller.py
-- Up-to-date symlink: /home/imml/git/research_2025/apple-harvest-eva/install/harvest_control/lib/harvest_control/linear_controller.py
-- Up-to-date symlink: /home/imml/git/research_2025/apple-harvest-eva/install/harvest_control/lib/harvest_control/pose_listener.py
-- Up-to-date symlink: /home/imml/git/research_2025/apple-harvest-eva/install/harvest_control/lib/harvest_control/pressure_averager.py
-- Up-to-date symlink: /home/imml/git/research_2025/apple-harvest-eva/install/harvest_control/lib/harvest_control/pull_twist_controller.py
-- Up-to-date symlink: /home/imml/git/research_2025/apple-harvest-eva/install/harvest_control/lib/harvest_control/visual_servo.py
-- Up-to-date symlink: /home/imml/git/research_2025/apple-harvest-eva/install/harvest_control/lib/harvest_control/move_arm
-- Up-to-date symlink: /home/imml/git/research_2025/apple-harvest-eva/install/harvest_control/share/harvest_control/launch/arm_control.launch.py
-- Up-to-date symlink: /home/imml/git/research_2025/apple-harvest-eva/install/harvest_control/share/harvest_control/launch/arm_control_templating.launch.py
-- Up-to-date symlink: /home/imml/git/research_2025/apple-harvest-eva/install/harvest_control/share/harvest_control/resource/harvest_control
-- Up-to-date symlink: /home/imml/git/research_2025/apple-harvest-eva/install/harvest_control/share/harvest_control/resource/reachable_paths.npy
-- Up-to-date symlink: /home/imml/git/research_2025/apple-harvest-eva/install/harvest_control/share/harvest_control/resource/reachable_paths_fine.npy
-- Up-to-date symlink: /home/imml/git/research_2025/apple-harvest-eva/install/harvest_control/share/harvest_control/resource/reachable_voxel_centers.csv
-- Up-to-date symlink: /home/imml/git/research_2025/apple-harvest-eva/install/harvest_control/share/harvest_control/resource/reachable_voxel_centers_fine.csv
-- Up-to-date symlink: /home/imml/git/research_2025/apple-harvest-eva/install/harvest_control/share/harvest_control/resource/tree_wire_mask.json
-- Up-to-date symlink: /home/imml/git/research_2025/apple-harvest-eva/install/harvest_control/share/harvest_control/resource/urdf/v_trellis_template.urdf
-- Up-to-date symlink: /home/imml/git/research_2025/apple-harvest-eva/install/harvest_control/share/harvest_control/resource/urdf/v_trellis_template.xacro
-- Up-to-date symlink: /home/imml/git/research_2025/apple-harvest-eva/install/harvest_control/share/harvest_control/resource/voxel_ik_data.csv
-- Up-to-date symlink: /home/imml/git/research_2025/apple-harvest-eva/install/harvest_control/share/harvest_control/resource/voxel_ik_data_fine.csv
-- Up-to-date symlink: /home/imml/git/research_2025/apple-harvest-eva/install/harvest_control/share/ament_index/resource_index/package_run_dependencies/harvest_control
-- Up-to-date symlink: /home/imml/git/research_2025/apple-harvest-eva/install/harvest_control/share/ament_index/resource_index/parent_prefix_path/harvest_control
-- Up-to-date symlink: /home/imml/git/research_2025/apple-harvest-eva/install/harvest_control/share/harvest_control/environment/ament_prefix_path.sh
-- Up-to-date symlink: /home/imml/git/research_2025/apple-harvest-eva/install/harvest_control/share/harvest_control/environment/ament_prefix_path.dsv
-- Up-to-date symlink: /home/imml/git/research_2025/apple-harvest-eva/install/harvest_control/share/harvest_control/environment/path.sh
-- Up-to-date symlink: /home/imml/git/research_2025/apple-harvest-eva/install/harvest_control/share/harvest_control/environment/path.dsv
-- Up-to-date symlink: /home/imml/git/research_2025/apple-harvest-eva/install/harvest_control/share/harvest_control/local_setup.bash
-- Up-to-date symlink: /home/imml/git/research_2025/apple-harvest-eva/install/harvest_control/share/harvest_control/local_setup.sh
-- Up-to-date symlink: /home/imml/git/research_2025/apple-harvest-eva/install/harvest_control/share/harvest_control/local_setup.zsh
-- Up-to-date symlink: /home/imml/git/research_2025/apple-harvest-eva/install/harvest_control/share/harvest_control/local_setup.dsv
-- Symlinking: /home/imml/git/research_2025/apple-harvest-eva/install/harvest_control/share/harvest_control/package.dsv
-- Up-to-date symlink: /home/imml/git/research_2025/apple-harvest-eva/install/harvest_control/share/ament_index/resource_index/packages/harvest_control
-- Up-to-date symlink: /home/imml/git/research_2025/apple-harvest-eva/install/harvest_control/share/harvest_control/cmake/harvest_controlConfig.cmake
-- Up-to-date symlink: /home/imml/git/research_2025/apple-harvest-eva/install/harvest_control/share/harvest_control/cmake/harvest_controlConfig-version.cmake
-- Up-to-date symlink: /home/imml/git/research_2025/apple-harvest-eva/install/harvest_control/share/harvest_control/package.xml
Listing '/home/imml/git/research_2025/apple-harvest-eva/install/harvest_control/local/lib/python3.10/dist-packages/harvest_control'...
