[0.024s] Invoking command in '/home/imml/git/research_2025/apple-harvest-eva/build/harvest_control': CMAKE_PREFIX_PATH=/home/imml/git/research_2025/apple-harvest-eva/install/harvest_interfaces:/home/imml/git/research_2025/apple-harvest-eva/install/ur:/home/imml/git/research_2025/apple-harvest-eva/install/ur_calibration:/home/imml/git/research_2025/apple-harvest-eva/install/ur_robot_driver:/home/imml/git/research_2025/apple-harvest-eva/install/ur_moveit_config:/home/imml/git/research_2025/apple-harvest-eva/install/ur_bringup:/home/imml/git/research_2025/apple-harvest-eva/install/ur_description:/home/imml/git/research_2025/apple-harvest-eva/install/ur_controllers:/home/imml/git/research_2025/apple-harvest-eva/install/ur_dashboard_msgs:/home/imml/git/research_2025/apple-harvest-eva/install/realsense2_description:/home/imml/git/research_2025/apple-harvest-eva/install/realsense2_camera:/home/imml/git/research_2025/apple-harvest-eva/install/realsense2_camera_msgs:/home/imml/git/research_2025/apple-harvest-eva/install/harvest_control:/home/imml/git/research_2025/apple-harvest-eva/install/harvest:/home/imml/git/research_2025/apple-harvest-eva/install/ur5e_custom_hardware:/home/imml/git/research_2025/apple-harvest-eva/install/harvest_vision:/opt/ros/humble LD_LIBRARY_PATH=/home/imml/git/research_2025/apple-harvest-eva/install/harvest_interfaces/lib:/home/imml/git/research_2025/apple-harvest-eva/install/ur_robot_driver/lib:/home/imml/git/research_2025/apple-harvest-eva/install/ur_controllers/lib:/home/imml/git/research_2025/apple-harvest-eva/install/ur_dashboard_msgs/lib:/home/imml/git/research_2025/apple-harvest-eva/install/realsense2_camera/lib:/home/imml/git/research_2025/apple-harvest-eva/install/realsense2_camera_msgs/lib:/usr/local/cuda-12.9/lib64:/opt/ros/humble/opt/rviz_ogre_vendor/lib:/opt/ros/humble/lib/x86_64-linux-gnu:/opt/ros/humble/lib /usr/bin/cmake /home/imml/git/research_2025/apple-harvest-eva/harvest_control -DAMENT_CMAKE_SYMLINK_INSTALL=1 -DCMAKE_INSTALL_PREFIX=/home/imml/git/research_2025/apple-harvest-eva/install/harvest_control
[0.036s] -- Found ament_cmake: 1.3.11 (/opt/ros/humble/share/ament_cmake/cmake)
[0.174s] -- Override CMake install command with custom implementation using symlinks instead of copying resources
[0.185s] -- Found rclcpp: 16.0.12 (/opt/ros/humble/share/rclcpp/cmake)
[0.217s] -- Found rosidl_generator_c: 3.1.6 (/opt/ros/humble/share/rosidl_generator_c/cmake)
[0.219s] -- Found rosidl_adapter: 3.1.6 (/opt/ros/humble/share/rosidl_adapter/cmake)
[0.224s] -- Found rosidl_generator_cpp: 3.1.6 (/opt/ros/humble/share/rosidl_generator_cpp/cmake)
[0.233s] -- Using all available rosidl_typesupport_c: rosidl_typesupport_fastrtps_c;rosidl_typesupport_introspection_c
[0.245s] -- Using all available rosidl_typesupport_cpp: rosidl_typesupport_fastrtps_cpp;rosidl_typesupport_introspection_cpp
[0.274s] -- Found rmw_implementation_cmake: 6.1.2 (/opt/ros/humble/share/rmw_implementation_cmake/cmake)
[0.276s] -- Found rmw_fastrtps_cpp: 6.2.7 (/opt/ros/humble/share/rmw_fastrtps_cpp/cmake)
[0.414s] -- Using RMW implementation 'rmw_fastrtps_cpp' as default
[0.459s] -- Found rclpy: 3.3.16 (/opt/ros/humble/share/rclpy/cmake)
[0.459s] -- Found moveit_servo: 2.5.9 (/opt/ros/humble/share/moveit_servo/cmake)
[0.646s] -- Found Boost: /usr/lib/x86_64-linux-gnu/cmake/Boost-1.74.0/BoostConfig.cmake (found version "1.74.0") found components: chrono date_time filesystem iostreams program_options regex serialization system thread 
[0.691s] -- Found Boost: /usr/lib/x86_64-linux-gnu/cmake/Boost-1.74.0/BoostConfig.cmake (found version "1.74.0") found components: filesystem 
[0.734s] -- library: /usr/lib/x86_64-linux-gnu/libcurl.so
[0.772s] -- Ensuring Eigen3 include directory is part of orocos-kdl CMake target
[0.917s] -- Found Boost: /usr/lib/x86_64-linux-gnu/cmake/Boost-1.74.0/BoostConfig.cmake (found version "1.74.0") found components: system filesystem date_time program_options thread chrono 
[0.959s] -- Found moveit: 2.5.9 (/opt/ros/humble/share/moveit/cmake)
[0.961s] -- Found moveit_ros_planning_interface: 2.5.9 (/opt/ros/humble/share/moveit_ros_planning_interface/cmake)
[0.966s] -- Found Boost: /usr/lib/x86_64-linux-gnu/cmake/Boost-1.74.0/BoostConfig.cmake (found version "1.74.0") found components: date_time filesystem program_options system thread 
[0.979s] -- Found Boost: /usr/lib/x86_64-linux-gnu/cmake/Boost-1.74.0/BoostConfig.cmake (found version "1.74.0") found components: thread system filesystem regex date_time program_options 
[0.998s] -- Found Boost: /usr/lib/x86_64-linux-gnu/cmake/Boost-1.74.0/BoostConfig.cmake (found version "1.74.0") found components: system filesystem date_time program_options thread 
[1.017s] -- Found controller_manager_msgs: 2.51.0 (/opt/ros/humble/share/controller_manager_msgs/cmake)
[1.030s] -- Found harvest_interfaces: 0.0.0 (/home/imml/git/research_2025/apple-harvest-eva/install/harvest_interfaces/share/harvest_interfaces/cmake)
[1.153s] -- Found ament_lint_auto: 0.12.12 (/opt/ros/humble/share/ament_lint_auto/cmake)
[1.258s] -- Added test 'cppcheck' to perform static code analysis on C / C++ code
[1.259s] -- Configured cppcheck include dirs: $<BUILD_INTERFACE:/home/imml/git/research_2025/apple-harvest-eva/harvest_control/include>
[1.259s] -- Configured cppcheck exclude dirs and/or files: 
[1.260s] -- Added test 'flake8' to check Python code syntax and style conventions
[1.262s] -- Added test 'lint_cmake' to check CMake code style
[1.262s] -- Added test 'pep257' to check Python code against some of the docstring style conventions in PEP 257
[1.266s] -- Added test 'uncrustify' to check C / C++ code style
[1.266s] -- Configured uncrustify additional arguments: 
[1.266s] -- Added test 'xmllint' to check XML markup files
[1.267s] -- Configuring done
[1.300s] -- Generating done
[1.309s] -- Build files have been written to: /home/imml/git/research_2025/apple-harvest-eva/build/harvest_control
[1.333s] Invoked command in '/home/imml/git/research_2025/apple-harvest-eva/build/harvest_control' returned '0': CMAKE_PREFIX_PATH=/home/imml/git/research_2025/apple-harvest-eva/install/harvest_interfaces:/home/imml/git/research_2025/apple-harvest-eva/install/ur:/home/imml/git/research_2025/apple-harvest-eva/install/ur_calibration:/home/imml/git/research_2025/apple-harvest-eva/install/ur_robot_driver:/home/imml/git/research_2025/apple-harvest-eva/install/ur_moveit_config:/home/imml/git/research_2025/apple-harvest-eva/install/ur_bringup:/home/imml/git/research_2025/apple-harvest-eva/install/ur_description:/home/imml/git/research_2025/apple-harvest-eva/install/ur_controllers:/home/imml/git/research_2025/apple-harvest-eva/install/ur_dashboard_msgs:/home/imml/git/research_2025/apple-harvest-eva/install/realsense2_description:/home/imml/git/research_2025/apple-harvest-eva/install/realsense2_camera:/home/imml/git/research_2025/apple-harvest-eva/install/realsense2_camera_msgs:/home/imml/git/research_2025/apple-harvest-eva/install/harvest_control:/home/imml/git/research_2025/apple-harvest-eva/install/harvest:/home/imml/git/research_2025/apple-harvest-eva/install/ur5e_custom_hardware:/home/imml/git/research_2025/apple-harvest-eva/install/harvest_vision:/opt/ros/humble LD_LIBRARY_PATH=/home/imml/git/research_2025/apple-harvest-eva/install/harvest_interfaces/lib:/home/imml/git/research_2025/apple-harvest-eva/install/ur_robot_driver/lib:/home/imml/git/research_2025/apple-harvest-eva/install/ur_controllers/lib:/home/imml/git/research_2025/apple-harvest-eva/install/ur_dashboard_msgs/lib:/home/imml/git/research_2025/apple-harvest-eva/install/realsense2_camera/lib:/home/imml/git/research_2025/apple-harvest-eva/install/realsense2_camera_msgs/lib:/usr/local/cuda-12.9/lib64:/opt/ros/humble/opt/rviz_ogre_vendor/lib:/opt/ros/humble/lib/x86_64-linux-gnu:/opt/ros/humble/lib /usr/bin/cmake /home/imml/git/research_2025/apple-harvest-eva/harvest_control -DAMENT_CMAKE_SYMLINK_INSTALL=1 -DCMAKE_INSTALL_PREFIX=/home/imml/git/research_2025/apple-harvest-eva/install/harvest_control
[1.335s] Invoking command in '/home/imml/git/research_2025/apple-harvest-eva/build/harvest_control': CMAKE_PREFIX_PATH=/home/imml/git/research_2025/apple-harvest-eva/install/harvest_interfaces:/home/imml/git/research_2025/apple-harvest-eva/install/ur:/home/imml/git/research_2025/apple-harvest-eva/install/ur_calibration:/home/imml/git/research_2025/apple-harvest-eva/install/ur_robot_driver:/home/imml/git/research_2025/apple-harvest-eva/install/ur_moveit_config:/home/imml/git/research_2025/apple-harvest-eva/install/ur_bringup:/home/imml/git/research_2025/apple-harvest-eva/install/ur_description:/home/imml/git/research_2025/apple-harvest-eva/install/ur_controllers:/home/imml/git/research_2025/apple-harvest-eva/install/ur_dashboard_msgs:/home/imml/git/research_2025/apple-harvest-eva/install/realsense2_description:/home/imml/git/research_2025/apple-harvest-eva/install/realsense2_camera:/home/imml/git/research_2025/apple-harvest-eva/install/realsense2_camera_msgs:/home/imml/git/research_2025/apple-harvest-eva/install/harvest_control:/home/imml/git/research_2025/apple-harvest-eva/install/harvest:/home/imml/git/research_2025/apple-harvest-eva/install/ur5e_custom_hardware:/home/imml/git/research_2025/apple-harvest-eva/install/harvest_vision:/opt/ros/humble LD_LIBRARY_PATH=/home/imml/git/research_2025/apple-harvest-eva/install/harvest_interfaces/lib:/home/imml/git/research_2025/apple-harvest-eva/install/ur_robot_driver/lib:/home/imml/git/research_2025/apple-harvest-eva/install/ur_controllers/lib:/home/imml/git/research_2025/apple-harvest-eva/install/ur_dashboard_msgs/lib:/home/imml/git/research_2025/apple-harvest-eva/install/realsense2_camera/lib:/home/imml/git/research_2025/apple-harvest-eva/install/realsense2_camera_msgs/lib:/usr/local/cuda-12.9/lib64:/opt/ros/humble/opt/rviz_ogre_vendor/lib:/opt/ros/humble/lib/x86_64-linux-gnu:/opt/ros/humble/lib /usr/bin/cmake --build /home/imml/git/research_2025/apple-harvest-eva/build/harvest_control -- -j16 -l16
[1.398s] [35m[1mConsolidate compiler generated dependencies of target move_arm[0m
[1.425s] [  0%] Built target ament_cmake_python_symlink_harvest_control
[1.433s] [100%] Built target move_arm
[1.718s] running egg_info
[1.719s] writing harvest_control.egg-info/PKG-INFO
[1.719s] writing dependency_links to harvest_control.egg-info/dependency_links.txt
[1.719s] writing top-level names to harvest_control.egg-info/top_level.txt
[1.721s] reading manifest file 'harvest_control.egg-info/SOURCES.txt'
[1.722s] writing manifest file 'harvest_control.egg-info/SOURCES.txt'
[1.750s] [100%] Built target ament_cmake_python_build_harvest_control_egg
[1.764s] Invoked command in '/home/imml/git/research_2025/apple-harvest-eva/build/harvest_control' returned '0': CMAKE_PREFIX_PATH=/home/imml/git/research_2025/apple-harvest-eva/install/harvest_interfaces:/home/imml/git/research_2025/apple-harvest-eva/install/ur:/home/imml/git/research_2025/apple-harvest-eva/install/ur_calibration:/home/imml/git/research_2025/apple-harvest-eva/install/ur_robot_driver:/home/imml/git/research_2025/apple-harvest-eva/install/ur_moveit_config:/home/imml/git/research_2025/apple-harvest-eva/install/ur_bringup:/home/imml/git/research_2025/apple-harvest-eva/install/ur_description:/home/imml/git/research_2025/apple-harvest-eva/install/ur_controllers:/home/imml/git/research_2025/apple-harvest-eva/install/ur_dashboard_msgs:/home/imml/git/research_2025/apple-harvest-eva/install/realsense2_description:/home/imml/git/research_2025/apple-harvest-eva/install/realsense2_camera:/home/imml/git/research_2025/apple-harvest-eva/install/realsense2_camera_msgs:/home/imml/git/research_2025/apple-harvest-eva/install/harvest_control:/home/imml/git/research_2025/apple-harvest-eva/install/harvest:/home/imml/git/research_2025/apple-harvest-eva/install/ur5e_custom_hardware:/home/imml/git/research_2025/apple-harvest-eva/install/harvest_vision:/opt/ros/humble LD_LIBRARY_PATH=/home/imml/git/research_2025/apple-harvest-eva/install/harvest_interfaces/lib:/home/imml/git/research_2025/apple-harvest-eva/install/ur_robot_driver/lib:/home/imml/git/research_2025/apple-harvest-eva/install/ur_controllers/lib:/home/imml/git/research_2025/apple-harvest-eva/install/ur_dashboard_msgs/lib:/home/imml/git/research_2025/apple-harvest-eva/install/realsense2_camera/lib:/home/imml/git/research_2025/apple-harvest-eva/install/realsense2_camera_msgs/lib:/usr/local/cuda-12.9/lib64:/opt/ros/humble/opt/rviz_ogre_vendor/lib:/opt/ros/humble/lib/x86_64-linux-gnu:/opt/ros/humble/lib /usr/bin/cmake --build /home/imml/git/research_2025/apple-harvest-eva/build/harvest_control -- -j16 -l16
[1.766s] Invoking command in '/home/imml/git/research_2025/apple-harvest-eva/build/harvest_control': CMAKE_PREFIX_PATH=/home/imml/git/research_2025/apple-harvest-eva/install/harvest_interfaces:/home/imml/git/research_2025/apple-harvest-eva/install/ur:/home/imml/git/research_2025/apple-harvest-eva/install/ur_calibration:/home/imml/git/research_2025/apple-harvest-eva/install/ur_robot_driver:/home/imml/git/research_2025/apple-harvest-eva/install/ur_moveit_config:/home/imml/git/research_2025/apple-harvest-eva/install/ur_bringup:/home/imml/git/research_2025/apple-harvest-eva/install/ur_description:/home/imml/git/research_2025/apple-harvest-eva/install/ur_controllers:/home/imml/git/research_2025/apple-harvest-eva/install/ur_dashboard_msgs:/home/imml/git/research_2025/apple-harvest-eva/install/realsense2_description:/home/imml/git/research_2025/apple-harvest-eva/install/realsense2_camera:/home/imml/git/research_2025/apple-harvest-eva/install/realsense2_camera_msgs:/home/imml/git/research_2025/apple-harvest-eva/install/harvest_control:/home/imml/git/research_2025/apple-harvest-eva/install/harvest:/home/imml/git/research_2025/apple-harvest-eva/install/ur5e_custom_hardware:/home/imml/git/research_2025/apple-harvest-eva/install/harvest_vision:/opt/ros/humble LD_LIBRARY_PATH=/home/imml/git/research_2025/apple-harvest-eva/install/harvest_interfaces/lib:/home/imml/git/research_2025/apple-harvest-eva/install/ur_robot_driver/lib:/home/imml/git/research_2025/apple-harvest-eva/install/ur_controllers/lib:/home/imml/git/research_2025/apple-harvest-eva/install/ur_dashboard_msgs/lib:/home/imml/git/research_2025/apple-harvest-eva/install/realsense2_camera/lib:/home/imml/git/research_2025/apple-harvest-eva/install/realsense2_camera_msgs/lib:/usr/local/cuda-12.9/lib64:/opt/ros/humble/opt/rviz_ogre_vendor/lib:/opt/ros/humble/lib/x86_64-linux-gnu:/opt/ros/humble/lib /usr/bin/cmake --install /home/imml/git/research_2025/apple-harvest-eva/build/harvest_control
[1.773s] -- Install configuration: ""
[1.774s] -- Execute custom install script
[1.774s] -- Up-to-date symlink: /home/imml/git/research_2025/apple-harvest-eva/install/harvest_control/share/harvest_control/environment/pythonpath.sh
[1.774s] -- Up-to-date symlink: /home/imml/git/research_2025/apple-harvest-eva/install/harvest_control/share/harvest_control/environment/pythonpath.dsv
[1.774s] -- Up-to-date symlink: /home/imml/git/research_2025/apple-harvest-eva/install/harvest_control/local/lib/python3.10/dist-packages/harvest_control-0.0.0-py3.10.egg-info/PKG-INFO
[1.774s] -- Up-to-date symlink: /home/imml/git/research_2025/apple-harvest-eva/install/harvest_control/local/lib/python3.10/dist-packages/harvest_control-0.0.0-py3.10.egg-info/SOURCES.txt
[1.775s] -- Up-to-date symlink: /home/imml/git/research_2025/apple-harvest-eva/install/harvest_control/local/lib/python3.10/dist-packages/harvest_control-0.0.0-py3.10.egg-info/dependency_links.txt
[1.775s] -- Up-to-date symlink: /home/imml/git/research_2025/apple-harvest-eva/install/harvest_control/local/lib/python3.10/dist-packages/harvest_control-0.0.0-py3.10.egg-info/top_level.txt
[1.775s] -- Up-to-date symlink: /home/imml/git/research_2025/apple-harvest-eva/install/harvest_control/local/lib/python3.10/dist-packages/harvest_control/__init__.py
[1.775s] -- Up-to-date symlink: /home/imml/git/research_2025/apple-harvest-eva/install/harvest_control/lib/harvest_control/coordinate_to_trajectory.py
[1.775s] -- Up-to-date symlink: /home/imml/git/research_2025/apple-harvest-eva/install/harvest_control/lib/harvest_control/event_detector.py
[1.775s] -- Up-to-date symlink: /home/imml/git/research_2025/apple-harvest-eva/install/harvest_control/lib/harvest_control/force_filter.py
[1.775s] -- Up-to-date symlink: /home/imml/git/research_2025/apple-harvest-eva/install/harvest_control/lib/harvest_control/get_manual_apple_locations.py
[1.776s] -- Up-to-date symlink: /home/imml/git/research_2025/apple-harvest-eva/install/harvest_control/lib/harvest_control/heuristic_controller.py
[1.776s] -- Up-to-date symlink: /home/imml/git/research_2025/apple-harvest-eva/install/harvest_control/lib/harvest_control/linear_controller.py
[1.776s] -- Up-to-date symlink: /home/imml/git/research_2025/apple-harvest-eva/install/harvest_control/lib/harvest_control/pose_listener.py
[1.776s] -- Up-to-date symlink: /home/imml/git/research_2025/apple-harvest-eva/install/harvest_control/lib/harvest_control/pressure_averager.py
[1.776s] -- Up-to-date symlink: /home/imml/git/research_2025/apple-harvest-eva/install/harvest_control/lib/harvest_control/pull_twist_controller.py
[1.776s] -- Up-to-date symlink: /home/imml/git/research_2025/apple-harvest-eva/install/harvest_control/lib/harvest_control/visual_servo.py
[1.776s] -- Up-to-date symlink: /home/imml/git/research_2025/apple-harvest-eva/install/harvest_control/lib/harvest_control/move_arm
[1.776s] -- Up-to-date symlink: /home/imml/git/research_2025/apple-harvest-eva/install/harvest_control/share/harvest_control/launch/arm_control.launch.py
[1.776s] -- Up-to-date symlink: /home/imml/git/research_2025/apple-harvest-eva/install/harvest_control/share/harvest_control/launch/arm_control_templating.launch.py
[1.777s] -- Up-to-date symlink: /home/imml/git/research_2025/apple-harvest-eva/install/harvest_control/share/harvest_control/resource/harvest_control
[1.777s] -- Up-to-date symlink: /home/imml/git/research_2025/apple-harvest-eva/install/harvest_control/share/harvest_control/resource/reachable_paths.npy
[1.777s] -- Up-to-date symlink: /home/imml/git/research_2025/apple-harvest-eva/install/harvest_control/share/harvest_control/resource/reachable_paths_fine.npy
[1.777s] -- Up-to-date symlink: /home/imml/git/research_2025/apple-harvest-eva/install/harvest_control/share/harvest_control/resource/reachable_voxel_centers.csv
[1.777s] -- Up-to-date symlink: /home/imml/git/research_2025/apple-harvest-eva/install/harvest_control/share/harvest_control/resource/reachable_voxel_centers_fine.csv
[1.777s] -- Up-to-date symlink: /home/imml/git/research_2025/apple-harvest-eva/install/harvest_control/share/harvest_control/resource/tree_wire_mask.json
[1.777s] -- Up-to-date symlink: /home/imml/git/research_2025/apple-harvest-eva/install/harvest_control/share/harvest_control/resource/urdf/v_trellis_template.urdf
[1.777s] -- Up-to-date symlink: /home/imml/git/research_2025/apple-harvest-eva/install/harvest_control/share/harvest_control/resource/urdf/v_trellis_template.xacro
[1.777s] -- Up-to-date symlink: /home/imml/git/research_2025/apple-harvest-eva/install/harvest_control/share/harvest_control/resource/voxel_ik_data.csv
[1.778s] -- Up-to-date symlink: /home/imml/git/research_2025/apple-harvest-eva/install/harvest_control/share/harvest_control/resource/voxel_ik_data_fine.csv
[1.778s] -- Up-to-date symlink: /home/imml/git/research_2025/apple-harvest-eva/install/harvest_control/share/ament_index/resource_index/package_run_dependencies/harvest_control
[1.778s] -- Up-to-date symlink: /home/imml/git/research_2025/apple-harvest-eva/install/harvest_control/share/ament_index/resource_index/parent_prefix_path/harvest_control
[1.778s] -- Up-to-date symlink: /home/imml/git/research_2025/apple-harvest-eva/install/harvest_control/share/harvest_control/environment/ament_prefix_path.sh
[1.778s] -- Up-to-date symlink: /home/imml/git/research_2025/apple-harvest-eva/install/harvest_control/share/harvest_control/environment/ament_prefix_path.dsv
[1.778s] -- Up-to-date symlink: /home/imml/git/research_2025/apple-harvest-eva/install/harvest_control/share/harvest_control/environment/path.sh
[1.778s] -- Up-to-date symlink: /home/imml/git/research_2025/apple-harvest-eva/install/harvest_control/share/harvest_control/environment/path.dsv
[1.779s] -- Up-to-date symlink: /home/imml/git/research_2025/apple-harvest-eva/install/harvest_control/share/harvest_control/local_setup.bash
[1.779s] -- Up-to-date symlink: /home/imml/git/research_2025/apple-harvest-eva/install/harvest_control/share/harvest_control/local_setup.sh
[1.779s] -- Up-to-date symlink: /home/imml/git/research_2025/apple-harvest-eva/install/harvest_control/share/harvest_control/local_setup.zsh
[1.779s] -- Up-to-date symlink: /home/imml/git/research_2025/apple-harvest-eva/install/harvest_control/share/harvest_control/local_setup.dsv
[1.779s] -- Symlinking: /home/imml/git/research_2025/apple-harvest-eva/install/harvest_control/share/harvest_control/package.dsv
[1.788s] -- Up-to-date symlink: /home/imml/git/research_2025/apple-harvest-eva/install/harvest_control/share/ament_index/resource_index/packages/harvest_control
[1.788s] -- Up-to-date symlink: /home/imml/git/research_2025/apple-harvest-eva/install/harvest_control/share/harvest_control/cmake/harvest_controlConfig.cmake
[1.788s] -- Up-to-date symlink: /home/imml/git/research_2025/apple-harvest-eva/install/harvest_control/share/harvest_control/cmake/harvest_controlConfig-version.cmake
[1.788s] -- Up-to-date symlink: /home/imml/git/research_2025/apple-harvest-eva/install/harvest_control/share/harvest_control/package.xml
[1.821s] Listing '/home/imml/git/research_2025/apple-harvest-eva/install/harvest_control/local/lib/python3.10/dist-packages/harvest_control'...
[1.827s] Invoked command in '/home/imml/git/research_2025/apple-harvest-eva/build/harvest_control' returned '0': CMAKE_PREFIX_PATH=/home/imml/git/research_2025/apple-harvest-eva/install/harvest_interfaces:/home/imml/git/research_2025/apple-harvest-eva/install/ur:/home/imml/git/research_2025/apple-harvest-eva/install/ur_calibration:/home/imml/git/research_2025/apple-harvest-eva/install/ur_robot_driver:/home/imml/git/research_2025/apple-harvest-eva/install/ur_moveit_config:/home/imml/git/research_2025/apple-harvest-eva/install/ur_bringup:/home/imml/git/research_2025/apple-harvest-eva/install/ur_description:/home/imml/git/research_2025/apple-harvest-eva/install/ur_controllers:/home/imml/git/research_2025/apple-harvest-eva/install/ur_dashboard_msgs:/home/imml/git/research_2025/apple-harvest-eva/install/realsense2_description:/home/imml/git/research_2025/apple-harvest-eva/install/realsense2_camera:/home/imml/git/research_2025/apple-harvest-eva/install/realsense2_camera_msgs:/home/imml/git/research_2025/apple-harvest-eva/install/harvest_control:/home/imml/git/research_2025/apple-harvest-eva/install/harvest:/home/imml/git/research_2025/apple-harvest-eva/install/ur5e_custom_hardware:/home/imml/git/research_2025/apple-harvest-eva/install/harvest_vision:/opt/ros/humble LD_LIBRARY_PATH=/home/imml/git/research_2025/apple-harvest-eva/install/harvest_interfaces/lib:/home/imml/git/research_2025/apple-harvest-eva/install/ur_robot_driver/lib:/home/imml/git/research_2025/apple-harvest-eva/install/ur_controllers/lib:/home/imml/git/research_2025/apple-harvest-eva/install/ur_dashboard_msgs/lib:/home/imml/git/research_2025/apple-harvest-eva/install/realsense2_camera/lib:/home/imml/git/research_2025/apple-harvest-eva/install/realsense2_camera_msgs/lib:/usr/local/cuda-12.9/lib64:/opt/ros/humble/opt/rviz_ogre_vendor/lib:/opt/ros/humble/lib/x86_64-linux-gnu:/opt/ros/humble/lib /usr/bin/cmake --install /home/imml/git/research_2025/apple-harvest-eva/build/harvest_control
