[0.012s] Invoking command in '/home/imml/git/research_2025/apple-harvest-eva/build/realsense2_camera': CMAKE_PREFIX_PATH=/home/imml/git/research_2025/apple-harvest-eva/install/realsense2_camera_msgs:/home/imml/git/research_2025/apple-harvest-eva/install/ur:/home/imml/git/research_2025/apple-harvest-eva/install/ur_calibration:/home/imml/git/research_2025/apple-harvest-eva/install/ur_robot_driver:/home/imml/git/research_2025/apple-harvest-eva/install/ur_moveit_config:/home/imml/git/research_2025/apple-harvest-eva/install/ur_bringup:/home/imml/git/research_2025/apple-harvest-eva/install/ur_description:/home/imml/git/research_2025/apple-harvest-eva/install/ur_controllers:/home/imml/git/research_2025/apple-harvest-eva/install/ur_dashboard_msgs:/home/imml/git/research_2025/apple-harvest-eva/install/realsense2_description:/home/imml/git/research_2025/apple-harvest-eva/install/realsense2_camera:/home/imml/git/research_2025/apple-harvest-eva/install/harvest_control:/home/imml/git/research_2025/apple-harvest-eva/install/harvest:/home/imml/git/research_2025/apple-harvest-eva/install/harvest_interfaces:/home/imml/git/research_2025/apple-harvest-eva/install/ur5e_custom_hardware:/home/imml/git/research_2025/apple-harvest-eva/install/harvest_vision:/opt/ros/humble LD_LIBRARY_PATH=/home/imml/git/research_2025/apple-harvest-eva/install/realsense2_camera_msgs/lib:/home/imml/git/research_2025/apple-harvest-eva/install/ur_robot_driver/lib:/home/imml/git/research_2025/apple-harvest-eva/install/ur_controllers/lib:/home/imml/git/research_2025/apple-harvest-eva/install/ur_dashboard_msgs/lib:/home/imml/git/research_2025/apple-harvest-eva/install/realsense2_camera/lib:/home/imml/git/research_2025/apple-harvest-eva/install/harvest_interfaces/lib:/usr/local/cuda-12.9/lib64:/opt/ros/humble/opt/rviz_ogre_vendor/lib:/opt/ros/humble/lib/x86_64-linux-gnu:/opt/ros/humble/lib /usr/bin/cmake /home/imml/git/research_2025/apple-harvest-eva/harvest_hardware/realsense-ros/realsense2_camera -DAMENT_CMAKE_SYMLINK_INSTALL=1 -DCMAKE_INSTALL_PREFIX=/home/imml/git/research_2025/apple-harvest-eva/install/realsense2_camera
[0.023s] -- Create Release Build.
[0.023s] -- Found ament_cmake: 1.3.11 (/opt/ros/humble/share/ament_cmake/cmake)
[0.153s] -- Override CMake install command with custom implementation using symlinks instead of copying resources
[0.161s] -- Found builtin_interfaces: 1.2.1 (/opt/ros/humble/share/builtin_interfaces/cmake)
[0.187s] -- Found rosidl_generator_c: 3.1.6 (/opt/ros/humble/share/rosidl_generator_c/cmake)
[0.190s] -- Found rosidl_adapter: 3.1.6 (/opt/ros/humble/share/rosidl_adapter/cmake)
[0.196s] -- Found rosidl_generator_cpp: 3.1.6 (/opt/ros/humble/share/rosidl_generator_cpp/cmake)
[0.209s] -- Using all available rosidl_typesupport_c: rosidl_typesupport_fastrtps_c;rosidl_typesupport_introspection_c
[0.222s] -- Using all available rosidl_typesupport_cpp: rosidl_typesupport_fastrtps_cpp;rosidl_typesupport_introspection_cpp
[0.233s] -- Found cv_bridge: 3.2.1 (/opt/ros/humble/share/cv_bridge/cmake)
[0.279s] -- Found image_transport: 3.1.12 (/opt/ros/humble/share/image_transport/cmake)
[0.303s] -- Found rmw_implementation_cmake: 6.1.2 (/opt/ros/humble/share/rmw_implementation_cmake/cmake)
[0.305s] -- Found rmw_fastrtps_cpp: 6.2.7 (/opt/ros/humble/share/rmw_fastrtps_cpp/cmake)
[0.426s] -- Using RMW implementation 'rmw_fastrtps_cpp' as default
[0.496s] -- Found rclcpp_components: 16.0.12 (/opt/ros/humble/share/rclcpp_components/cmake)
[0.512s] -- Found realsense2_camera_msgs: 4.55.1 (/home/imml/git/research_2025/apple-harvest-eva/install/realsense2_camera_msgs/share/realsense2_camera_msgs/cmake)
[0.528s] -- Found nav_msgs: 4.9.0 (/opt/ros/humble/share/nav_msgs/cmake)
[0.542s] -- Found tf2_ros: 0.25.13 (/opt/ros/humble/share/tf2_ros/cmake)
[0.596s] -- Found diagnostic_updater: 4.0.6 (/opt/ros/humble/share/diagnostic_updater/cmake)
[0.618s] -- Build for ROS2 Humble
[0.628s] -- Found ament_cmake_gtest: 1.3.11 (/opt/ros/humble/share/ament_cmake_gtest/cmake)
[0.628s] -- Found gtest sources under '/opt/ros/humble/src/gtest_vendor': C++ tests using 'Google Test' will be built
[0.633s] -- Found ament_cmake_pytest: 1.3.11 (/opt/ros/humble/share/ament_cmake_pytest/cmake)
[9.431s] -- rs_device_info:
[9.431s] -- No device detected. Is it plugged in?
[9.431s] 
[9.508s] -- Configuring done
[9.531s] -- Generating done
[9.538s] -- Build files have been written to: /home/imml/git/research_2025/apple-harvest-eva/build/realsense2_camera
[9.546s] Invoked command in '/home/imml/git/research_2025/apple-harvest-eva/build/realsense2_camera' returned '0': CMAKE_PREFIX_PATH=/home/imml/git/research_2025/apple-harvest-eva/install/realsense2_camera_msgs:/home/imml/git/research_2025/apple-harvest-eva/install/ur:/home/imml/git/research_2025/apple-harvest-eva/install/ur_calibration:/home/imml/git/research_2025/apple-harvest-eva/install/ur_robot_driver:/home/imml/git/research_2025/apple-harvest-eva/install/ur_moveit_config:/home/imml/git/research_2025/apple-harvest-eva/install/ur_bringup:/home/imml/git/research_2025/apple-harvest-eva/install/ur_description:/home/imml/git/research_2025/apple-harvest-eva/install/ur_controllers:/home/imml/git/research_2025/apple-harvest-eva/install/ur_dashboard_msgs:/home/imml/git/research_2025/apple-harvest-eva/install/realsense2_description:/home/imml/git/research_2025/apple-harvest-eva/install/realsense2_camera:/home/imml/git/research_2025/apple-harvest-eva/install/harvest_control:/home/imml/git/research_2025/apple-harvest-eva/install/harvest:/home/imml/git/research_2025/apple-harvest-eva/install/harvest_interfaces:/home/imml/git/research_2025/apple-harvest-eva/install/ur5e_custom_hardware:/home/imml/git/research_2025/apple-harvest-eva/install/harvest_vision:/opt/ros/humble LD_LIBRARY_PATH=/home/imml/git/research_2025/apple-harvest-eva/install/realsense2_camera_msgs/lib:/home/imml/git/research_2025/apple-harvest-eva/install/ur_robot_driver/lib:/home/imml/git/research_2025/apple-harvest-eva/install/ur_controllers/lib:/home/imml/git/research_2025/apple-harvest-eva/install/ur_dashboard_msgs/lib:/home/imml/git/research_2025/apple-harvest-eva/install/realsense2_camera/lib:/home/imml/git/research_2025/apple-harvest-eva/install/harvest_interfaces/lib:/usr/local/cuda-12.9/lib64:/opt/ros/humble/opt/rviz_ogre_vendor/lib:/opt/ros/humble/lib/x86_64-linux-gnu:/opt/ros/humble/lib /usr/bin/cmake /home/imml/git/research_2025/apple-harvest-eva/harvest_hardware/realsense-ros/realsense2_camera -DAMENT_CMAKE_SYMLINK_INSTALL=1 -DCMAKE_INSTALL_PREFIX=/home/imml/git/research_2025/apple-harvest-eva/install/realsense2_camera
[9.547s] Invoking command in '/home/imml/git/research_2025/apple-harvest-eva/build/realsense2_camera': CMAKE_PREFIX_PATH=/home/imml/git/research_2025/apple-harvest-eva/install/realsense2_camera_msgs:/home/imml/git/research_2025/apple-harvest-eva/install/ur:/home/imml/git/research_2025/apple-harvest-eva/install/ur_calibration:/home/imml/git/research_2025/apple-harvest-eva/install/ur_robot_driver:/home/imml/git/research_2025/apple-harvest-eva/install/ur_moveit_config:/home/imml/git/research_2025/apple-harvest-eva/install/ur_bringup:/home/imml/git/research_2025/apple-harvest-eva/install/ur_description:/home/imml/git/research_2025/apple-harvest-eva/install/ur_controllers:/home/imml/git/research_2025/apple-harvest-eva/install/ur_dashboard_msgs:/home/imml/git/research_2025/apple-harvest-eva/install/realsense2_description:/home/imml/git/research_2025/apple-harvest-eva/install/realsense2_camera:/home/imml/git/research_2025/apple-harvest-eva/install/harvest_control:/home/imml/git/research_2025/apple-harvest-eva/install/harvest:/home/imml/git/research_2025/apple-harvest-eva/install/harvest_interfaces:/home/imml/git/research_2025/apple-harvest-eva/install/ur5e_custom_hardware:/home/imml/git/research_2025/apple-harvest-eva/install/harvest_vision:/opt/ros/humble LD_LIBRARY_PATH=/home/imml/git/research_2025/apple-harvest-eva/install/realsense2_camera_msgs/lib:/home/imml/git/research_2025/apple-harvest-eva/install/ur_robot_driver/lib:/home/imml/git/research_2025/apple-harvest-eva/install/ur_controllers/lib:/home/imml/git/research_2025/apple-harvest-eva/install/ur_dashboard_msgs/lib:/home/imml/git/research_2025/apple-harvest-eva/install/realsense2_camera/lib:/home/imml/git/research_2025/apple-harvest-eva/install/harvest_interfaces/lib:/usr/local/cuda-12.9/lib64:/opt/ros/humble/opt/rviz_ogre_vendor/lib:/opt/ros/humble/lib/x86_64-linux-gnu:/opt/ros/humble/lib /usr/bin/cmake --build /home/imml/git/research_2025/apple-harvest-eva/build/realsense2_camera -- -j16 -l16
[9.585s] [35m[1mConsolidate compiler generated dependencies of target gtest_main[0m
[9.585s] [35m[1mConsolidate compiler generated dependencies of target gtest[0m
[9.586s] [35m[1mConsolidate compiler generated dependencies of target realsense2_camera_node[0m
[9.593s] [35m[1mConsolidate compiler generated dependencies of target realsense2_camera[0m
[9.598s] [ 18%] Built target gtest_main
[9.598s] [ 18%] Built target gtest
[9.601s] [ 27%] Built target realsense2_camera_node
[9.608s] [35m[1mConsolidate compiler generated dependencies of target gtest_template[0m
[9.622s] [ 36%] Built target gtest_template
[9.644s] [100%] Built target realsense2_camera
[9.655s] Invoked command in '/home/imml/git/research_2025/apple-harvest-eva/build/realsense2_camera' returned '0': CMAKE_PREFIX_PATH=/home/imml/git/research_2025/apple-harvest-eva/install/realsense2_camera_msgs:/home/imml/git/research_2025/apple-harvest-eva/install/ur:/home/imml/git/research_2025/apple-harvest-eva/install/ur_calibration:/home/imml/git/research_2025/apple-harvest-eva/install/ur_robot_driver:/home/imml/git/research_2025/apple-harvest-eva/install/ur_moveit_config:/home/imml/git/research_2025/apple-harvest-eva/install/ur_bringup:/home/imml/git/research_2025/apple-harvest-eva/install/ur_description:/home/imml/git/research_2025/apple-harvest-eva/install/ur_controllers:/home/imml/git/research_2025/apple-harvest-eva/install/ur_dashboard_msgs:/home/imml/git/research_2025/apple-harvest-eva/install/realsense2_description:/home/imml/git/research_2025/apple-harvest-eva/install/realsense2_camera:/home/imml/git/research_2025/apple-harvest-eva/install/harvest_control:/home/imml/git/research_2025/apple-harvest-eva/install/harvest:/home/imml/git/research_2025/apple-harvest-eva/install/harvest_interfaces:/home/imml/git/research_2025/apple-harvest-eva/install/ur5e_custom_hardware:/home/imml/git/research_2025/apple-harvest-eva/install/harvest_vision:/opt/ros/humble LD_LIBRARY_PATH=/home/imml/git/research_2025/apple-harvest-eva/install/realsense2_camera_msgs/lib:/home/imml/git/research_2025/apple-harvest-eva/install/ur_robot_driver/lib:/home/imml/git/research_2025/apple-harvest-eva/install/ur_controllers/lib:/home/imml/git/research_2025/apple-harvest-eva/install/ur_dashboard_msgs/lib:/home/imml/git/research_2025/apple-harvest-eva/install/realsense2_camera/lib:/home/imml/git/research_2025/apple-harvest-eva/install/harvest_interfaces/lib:/usr/local/cuda-12.9/lib64:/opt/ros/humble/opt/rviz_ogre_vendor/lib:/opt/ros/humble/lib/x86_64-linux-gnu:/opt/ros/humble/lib /usr/bin/cmake --build /home/imml/git/research_2025/apple-harvest-eva/build/realsense2_camera -- -j16 -l16
[9.656s] Invoking command in '/home/imml/git/research_2025/apple-harvest-eva/build/realsense2_camera': CMAKE_PREFIX_PATH=/home/imml/git/research_2025/apple-harvest-eva/install/realsense2_camera_msgs:/home/imml/git/research_2025/apple-harvest-eva/install/ur:/home/imml/git/research_2025/apple-harvest-eva/install/ur_calibration:/home/imml/git/research_2025/apple-harvest-eva/install/ur_robot_driver:/home/imml/git/research_2025/apple-harvest-eva/install/ur_moveit_config:/home/imml/git/research_2025/apple-harvest-eva/install/ur_bringup:/home/imml/git/research_2025/apple-harvest-eva/install/ur_description:/home/imml/git/research_2025/apple-harvest-eva/install/ur_controllers:/home/imml/git/research_2025/apple-harvest-eva/install/ur_dashboard_msgs:/home/imml/git/research_2025/apple-harvest-eva/install/realsense2_description:/home/imml/git/research_2025/apple-harvest-eva/install/realsense2_camera:/home/imml/git/research_2025/apple-harvest-eva/install/harvest_control:/home/imml/git/research_2025/apple-harvest-eva/install/harvest:/home/imml/git/research_2025/apple-harvest-eva/install/harvest_interfaces:/home/imml/git/research_2025/apple-harvest-eva/install/ur5e_custom_hardware:/home/imml/git/research_2025/apple-harvest-eva/install/harvest_vision:/opt/ros/humble LD_LIBRARY_PATH=/home/imml/git/research_2025/apple-harvest-eva/install/realsense2_camera_msgs/lib:/home/imml/git/research_2025/apple-harvest-eva/install/ur_robot_driver/lib:/home/imml/git/research_2025/apple-harvest-eva/install/ur_controllers/lib:/home/imml/git/research_2025/apple-harvest-eva/install/ur_dashboard_msgs/lib:/home/imml/git/research_2025/apple-harvest-eva/install/realsense2_camera/lib:/home/imml/git/research_2025/apple-harvest-eva/install/harvest_interfaces/lib:/usr/local/cuda-12.9/lib64:/opt/ros/humble/opt/rviz_ogre_vendor/lib:/opt/ros/humble/lib/x86_64-linux-gnu:/opt/ros/humble/lib /usr/bin/cmake --install /home/imml/git/research_2025/apple-harvest-eva/build/realsense2_camera
[9.662s] -- Install configuration: "Release"
[9.663s] -- Execute custom install script
[9.663s] -- Up-to-date symlink: /home/imml/git/research_2025/apple-harvest-eva/install/realsense2_camera/lib/realsense2_camera/realsense2_camera_node
[9.663s] -- Up-to-date symlink: /home/imml/git/research_2025/apple-harvest-eva/install/realsense2_camera/lib/librealsense2_camera.so
[9.663s] -- Up-to-date symlink: /home/imml/git/research_2025/apple-harvest-eva/install/realsense2_camera/include/base_realsense_node.h
[9.664s] -- Up-to-date symlink: /home/imml/git/research_2025/apple-harvest-eva/install/realsense2_camera/include/constants.h
[9.664s] -- Up-to-date symlink: /home/imml/git/research_2025/apple-harvest-eva/install/realsense2_camera/include/dynamic_params.h
[9.664s] -- Up-to-date symlink: /home/imml/git/research_2025/apple-harvest-eva/install/realsense2_camera/include/gl_window.h
[9.664s] -- Up-to-date symlink: /home/imml/git/research_2025/apple-harvest-eva/install/realsense2_camera/include/image_publisher.h
[9.664s] -- Up-to-date symlink: /home/imml/git/research_2025/apple-harvest-eva/install/realsense2_camera/include/named_filter.h
[9.664s] -- Up-to-date symlink: /home/imml/git/research_2025/apple-harvest-eva/install/realsense2_camera/include/profile_manager.h
[9.664s] -- Up-to-date symlink: /home/imml/git/research_2025/apple-harvest-eva/install/realsense2_camera/include/realsense_node_factory.h
[9.664s] -- Up-to-date symlink: /home/imml/git/research_2025/apple-harvest-eva/install/realsense2_camera/include/ros_param_backend.h
[9.664s] -- Up-to-date symlink: /home/imml/git/research_2025/apple-harvest-eva/install/realsense2_camera/include/ros_sensor.h
[9.664s] -- Up-to-date symlink: /home/imml/git/research_2025/apple-harvest-eva/install/realsense2_camera/include/ros_utils.h
[9.664s] -- Up-to-date symlink: /home/imml/git/research_2025/apple-harvest-eva/install/realsense2_camera/include/sensor_params.h
[9.665s] -- Up-to-date symlink: /home/imml/git/research_2025/apple-harvest-eva/install/realsense2_camera/share/realsense2_camera/launch/default.rviz
[9.665s] -- Up-to-date symlink: /home/imml/git/research_2025/apple-harvest-eva/install/realsense2_camera/share/realsense2_camera/launch/rs_intra_process_demo_launch.py
[9.665s] -- Up-to-date symlink: /home/imml/git/research_2025/apple-harvest-eva/install/realsense2_camera/share/realsense2_camera/launch/rs_launch.py
[9.665s] -- Up-to-date symlink: /home/imml/git/research_2025/apple-harvest-eva/install/realsense2_camera/share/realsense2_camera/launch/rs_multi_camera_launch.py
[9.665s] -- Up-to-date symlink: /home/imml/git/research_2025/apple-harvest-eva/install/realsense2_camera/share/realsense2_camera/examples/align_depth/README.md
[9.665s] -- Up-to-date symlink: /home/imml/git/research_2025/apple-harvest-eva/install/realsense2_camera/share/realsense2_camera/examples/align_depth/rs_align_depth_launch.py
[9.666s] -- Up-to-date symlink: /home/imml/git/research_2025/apple-harvest-eva/install/realsense2_camera/share/realsense2_camera/examples/dual_camera/README.md
[9.666s] -- Up-to-date symlink: /home/imml/git/research_2025/apple-harvest-eva/install/realsense2_camera/share/realsense2_camera/examples/dual_camera/rs_dual_camera_launch.py
[9.666s] -- Up-to-date symlink: /home/imml/git/research_2025/apple-harvest-eva/install/realsense2_camera/share/realsense2_camera/examples/dual_camera/rviz/dual_camera_pointcloud.rviz
[9.666s] -- Up-to-date symlink: /home/imml/git/research_2025/apple-harvest-eva/install/realsense2_camera/share/realsense2_camera/examples/launch_from_rosbag/README.md
[9.666s] -- Up-to-date symlink: /home/imml/git/research_2025/apple-harvest-eva/install/realsense2_camera/share/realsense2_camera/examples/launch_from_rosbag/rs_launch_from_rosbag.py
[9.666s] -- Up-to-date symlink: /home/imml/git/research_2025/apple-harvest-eva/install/realsense2_camera/share/realsense2_camera/examples/launch_params_from_file/README.md
[9.666s] -- Up-to-date symlink: /home/imml/git/research_2025/apple-harvest-eva/install/realsense2_camera/share/realsense2_camera/examples/launch_params_from_file/config/config.yaml
[9.666s] -- Up-to-date symlink: /home/imml/git/research_2025/apple-harvest-eva/install/realsense2_camera/share/realsense2_camera/examples/launch_params_from_file/rs_launch_get_params_from_yaml.py
[9.666s] -- Up-to-date symlink: /home/imml/git/research_2025/apple-harvest-eva/install/realsense2_camera/share/realsense2_camera/examples/pointcloud/README.md
[9.666s] -- Up-to-date symlink: /home/imml/git/research_2025/apple-harvest-eva/install/realsense2_camera/share/realsense2_camera/examples/pointcloud/rs_d405_pointcloud_launch.py
[9.667s] -- Up-to-date symlink: /home/imml/git/research_2025/apple-harvest-eva/install/realsense2_camera/share/realsense2_camera/examples/pointcloud/rs_d455_pointcloud_launch.py
[9.667s] -- Up-to-date symlink: /home/imml/git/research_2025/apple-harvest-eva/install/realsense2_camera/share/realsense2_camera/examples/pointcloud/rs_pointcloud_launch.py
[9.667s] -- Up-to-date symlink: /home/imml/git/research_2025/apple-harvest-eva/install/realsense2_camera/share/realsense2_camera/examples/pointcloud/rviz/pointcloud.rviz
[9.667s] -- Up-to-date symlink: /home/imml/git/research_2025/apple-harvest-eva/install/realsense2_camera/share/realsense2_camera/examples/pointcloud/rviz/urdf_pointcloud.rviz
[9.667s] -- Up-to-date symlink: /home/imml/git/research_2025/apple-harvest-eva/install/realsense2_camera/share/realsense2_camera/environment/library_path.sh
[9.667s] -- Up-to-date symlink: /home/imml/git/research_2025/apple-harvest-eva/install/realsense2_camera/share/realsense2_camera/environment/library_path.dsv
[9.667s] -- Up-to-date symlink: /home/imml/git/research_2025/apple-harvest-eva/install/realsense2_camera/share/ament_index/resource_index/package_run_dependencies/realsense2_camera
[9.667s] -- Up-to-date symlink: /home/imml/git/research_2025/apple-harvest-eva/install/realsense2_camera/share/ament_index/resource_index/parent_prefix_path/realsense2_camera
[9.667s] -- Up-to-date symlink: /home/imml/git/research_2025/apple-harvest-eva/install/realsense2_camera/share/realsense2_camera/environment/ament_prefix_path.sh
[9.668s] -- Up-to-date symlink: /home/imml/git/research_2025/apple-harvest-eva/install/realsense2_camera/share/realsense2_camera/environment/ament_prefix_path.dsv
[9.668s] -- Up-to-date symlink: /home/imml/git/research_2025/apple-harvest-eva/install/realsense2_camera/share/realsense2_camera/environment/path.sh
[9.668s] -- Up-to-date symlink: /home/imml/git/research_2025/apple-harvest-eva/install/realsense2_camera/share/realsense2_camera/environment/path.dsv
[9.668s] -- Up-to-date symlink: /home/imml/git/research_2025/apple-harvest-eva/install/realsense2_camera/share/realsense2_camera/local_setup.bash
[9.668s] -- Up-to-date symlink: /home/imml/git/research_2025/apple-harvest-eva/install/realsense2_camera/share/realsense2_camera/local_setup.sh
[9.668s] -- Up-to-date symlink: /home/imml/git/research_2025/apple-harvest-eva/install/realsense2_camera/share/realsense2_camera/local_setup.zsh
[9.668s] -- Up-to-date symlink: /home/imml/git/research_2025/apple-harvest-eva/install/realsense2_camera/share/realsense2_camera/local_setup.dsv
[9.668s] -- Symlinking: /home/imml/git/research_2025/apple-harvest-eva/install/realsense2_camera/share/realsense2_camera/package.dsv
[9.676s] -- Up-to-date symlink: /home/imml/git/research_2025/apple-harvest-eva/install/realsense2_camera/share/ament_index/resource_index/packages/realsense2_camera
[9.676s] -- Up-to-date symlink: /home/imml/git/research_2025/apple-harvest-eva/install/realsense2_camera/share/ament_index/resource_index/rclcpp_components/realsense2_camera
[9.677s] -- Up-to-date symlink: /home/imml/git/research_2025/apple-harvest-eva/install/realsense2_camera/share/realsense2_camera/cmake/ament_cmake_export_include_directories-extras.cmake
[9.677s] -- Up-to-date symlink: /home/imml/git/research_2025/apple-harvest-eva/install/realsense2_camera/share/realsense2_camera/cmake/ament_cmake_export_libraries-extras.cmake
[9.677s] -- Up-to-date symlink: /home/imml/git/research_2025/apple-harvest-eva/install/realsense2_camera/share/realsense2_camera/cmake/ament_cmake_export_dependencies-extras.cmake
[9.677s] -- Up-to-date symlink: /home/imml/git/research_2025/apple-harvest-eva/install/realsense2_camera/share/realsense2_camera/cmake/realsense2_cameraConfig.cmake
[9.677s] -- Up-to-date symlink: /home/imml/git/research_2025/apple-harvest-eva/install/realsense2_camera/share/realsense2_camera/cmake/realsense2_cameraConfig-version.cmake
[9.677s] -- Up-to-date symlink: /home/imml/git/research_2025/apple-harvest-eva/install/realsense2_camera/share/realsense2_camera/package.xml
[9.679s] Invoked command in '/home/imml/git/research_2025/apple-harvest-eva/build/realsense2_camera' returned '0': CMAKE_PREFIX_PATH=/home/imml/git/research_2025/apple-harvest-eva/install/realsense2_camera_msgs:/home/imml/git/research_2025/apple-harvest-eva/install/ur:/home/imml/git/research_2025/apple-harvest-eva/install/ur_calibration:/home/imml/git/research_2025/apple-harvest-eva/install/ur_robot_driver:/home/imml/git/research_2025/apple-harvest-eva/install/ur_moveit_config:/home/imml/git/research_2025/apple-harvest-eva/install/ur_bringup:/home/imml/git/research_2025/apple-harvest-eva/install/ur_description:/home/imml/git/research_2025/apple-harvest-eva/install/ur_controllers:/home/imml/git/research_2025/apple-harvest-eva/install/ur_dashboard_msgs:/home/imml/git/research_2025/apple-harvest-eva/install/realsense2_description:/home/imml/git/research_2025/apple-harvest-eva/install/realsense2_camera:/home/imml/git/research_2025/apple-harvest-eva/install/harvest_control:/home/imml/git/research_2025/apple-harvest-eva/install/harvest:/home/imml/git/research_2025/apple-harvest-eva/install/harvest_interfaces:/home/imml/git/research_2025/apple-harvest-eva/install/ur5e_custom_hardware:/home/imml/git/research_2025/apple-harvest-eva/install/harvest_vision:/opt/ros/humble LD_LIBRARY_PATH=/home/imml/git/research_2025/apple-harvest-eva/install/realsense2_camera_msgs/lib:/home/imml/git/research_2025/apple-harvest-eva/install/ur_robot_driver/lib:/home/imml/git/research_2025/apple-harvest-eva/install/ur_controllers/lib:/home/imml/git/research_2025/apple-harvest-eva/install/ur_dashboard_msgs/lib:/home/imml/git/research_2025/apple-harvest-eva/install/realsense2_camera/lib:/home/imml/git/research_2025/apple-harvest-eva/install/harvest_interfaces/lib:/usr/local/cuda-12.9/lib64:/opt/ros/humble/opt/rviz_ogre_vendor/lib:/opt/ros/humble/lib/x86_64-linux-gnu:/opt/ros/humble/lib /usr/bin/cmake --install /home/imml/git/research_2025/apple-harvest-eva/build/realsense2_camera
