[0.038s] Invoking command in '/home/imml/git/research_2025/apple-harvest-eva/build/harvest_control': CMAKE_PREFIX_PATH=/home/imml/git/research_2025/apple-harvest-eva/install/harvest_interfaces:/home/imml/git/research_2025/apple-harvest-eva/install/ur:/home/imml/git/research_2025/apple-harvest-eva/install/ur_calibration:/home/imml/git/research_2025/apple-harvest-eva/install/ur_robot_driver:/home/imml/git/research_2025/apple-harvest-eva/install/ur_moveit_config:/home/imml/git/research_2025/apple-harvest-eva/install/ur_bringup:/home/imml/git/research_2025/apple-harvest-eva/install/ur_description:/home/imml/git/research_2025/apple-harvest-eva/install/ur_controllers:/home/imml/git/research_2025/apple-harvest-eva/install/ur_dashboard_msgs:/home/imml/git/research_2025/apple-harvest-eva/install/realsense2_description:/home/imml/git/research_2025/apple-harvest-eva/install/realsense2_camera:/home/imml/git/research_2025/apple-harvest-eva/install/realsense2_camera_msgs:/home/imml/git/research_2025/apple-harvest-eva/install/harvest_control:/home/imml/git/research_2025/apple-harvest-eva/install/harvest:/home/imml/git/research_2025/apple-harvest-eva/install/ur5e_custom_hardware:/home/imml/git/research_2025/apple-harvest-eva/install/harvest_vision:/opt/ros/humble LD_LIBRARY_PATH=/home/imml/git/research_2025/apple-harvest-eva/install/harvest_interfaces/lib:/home/imml/git/research_2025/apple-harvest-eva/install/ur_robot_driver/lib:/home/imml/git/research_2025/apple-harvest-eva/install/ur_controllers/lib:/home/imml/git/research_2025/apple-harvest-eva/install/ur_dashboard_msgs/lib:/home/imml/git/research_2025/apple-harvest-eva/install/realsense2_camera/lib:/home/imml/git/research_2025/apple-harvest-eva/install/realsense2_camera_msgs/lib:/usr/local/cuda-12.9/lib64:/opt/ros/humble/opt/rviz_ogre_vendor/lib:/opt/ros/humble/lib/x86_64-linux-gnu:/opt/ros/humble/lib /usr/bin/cmake --build /home/imml/git/research_2025/apple-harvest-eva/build/harvest_control -- -j16 -l16
[0.277s] -- Found ament_cmake: 1.3.12 (/opt/ros/humble/share/ament_cmake/cmake)
[0.277s] -- Override CMake install command with custom implementation using symlinks instead of copying resources
[0.277s] -- Found rclcpp: 16.0.14 (/opt/ros/humble/share/rclcpp/cmake)
[0.277s] -- Found rosidl_generator_c: 3.1.7 (/opt/ros/humble/share/rosidl_generator_c/cmake)
[0.277s] -- Found rosidl_adapter: 3.1.7 (/opt/ros/humble/share/rosidl_adapter/cmake)
[0.277s] -- Found rosidl_generator_cpp: 3.1.7 (/opt/ros/humble/share/rosidl_generator_cpp/cmake)
[0.277s] -- Using all available rosidl_typesupport_c: rosidl_typesupport_fastrtps_c;rosidl_typesupport_introspection_c
[0.277s] -- Using all available rosidl_typesupport_cpp: rosidl_typesupport_fastrtps_cpp;rosidl_typesupport_introspection_cpp
[0.277s] -- Found rmw_implementation_cmake: 6.1.2 (/opt/ros/humble/share/rmw_implementation_cmake/cmake)
[0.277s] -- Found rmw_fastrtps_cpp: 6.2.8 (/opt/ros/humble/share/rmw_fastrtps_cpp/cmake)
[0.340s] -- Using RMW implementation 'rmw_fastrtps_cpp' as default
[0.378s] -- Found rclpy: 3.3.17 (/opt/ros/humble/share/rclpy/cmake)
[0.379s] -- Found moveit_servo: 2.5.9 (/opt/ros/humble/share/moveit_servo/cmake)
[0.521s] -- Found Boost: /usr/lib/x86_64-linux-gnu/cmake/Boost-1.74.0/BoostConfig.cmake (found version "1.74.0") found components: chrono date_time filesystem iostreams program_options regex serialization system thread 
[0.544s] -- Found Boost: /usr/lib/x86_64-linux-gnu/cmake/Boost-1.74.0/BoostConfig.cmake (found version "1.74.0") found components: filesystem 
[0.575s] -- library: /usr/lib/x86_64-linux-gnu/libcurl.so
[0.606s] -- Ensuring Eigen3 include directory is part of orocos-kdl CMake target
[0.719s] -- Found Boost: /usr/lib/x86_64-linux-gnu/cmake/Boost-1.74.0/BoostConfig.cmake (found version "1.74.0") found components: system filesystem date_time program_options thread chrono 
[0.752s] -- Found moveit: 2.5.9 (/opt/ros/humble/share/moveit/cmake)
[0.754s] -- Found moveit_ros_planning_interface: 2.5.9 (/opt/ros/humble/share/moveit_ros_planning_interface/cmake)
[0.757s] -- Found Boost: /usr/lib/x86_64-linux-gnu/cmake/Boost-1.74.0/BoostConfig.cmake (found version "1.74.0") found components: date_time filesystem program_options system thread 
[0.767s] -- Found Boost: /usr/lib/x86_64-linux-gnu/cmake/Boost-1.74.0/BoostConfig.cmake (found version "1.74.0") found components: thread system filesystem regex date_time program_options 
[0.783s] -- Found Boost: /usr/lib/x86_64-linux-gnu/cmake/Boost-1.74.0/BoostConfig.cmake (found version "1.74.0") found components: system filesystem date_time program_options thread 
[0.798s] -- Found controller_manager_msgs: 2.51.0 (/opt/ros/humble/share/controller_manager_msgs/cmake)
[0.811s] -- Found harvest_interfaces: 0.0.0 (/home/imml/git/research_2025/apple-harvest-eva/install/harvest_interfaces/share/harvest_interfaces/cmake)
[0.902s] -- Found ament_lint_auto: 0.12.14 (/opt/ros/humble/share/ament_lint_auto/cmake)
[1.003s] -- Added test 'cppcheck' to perform static code analysis on C / C++ code
[1.003s] -- Configured cppcheck include dirs: $<BUILD_INTERFACE:/home/imml/git/research_2025/apple-harvest-eva/harvest_control/include>
[1.004s] -- Configured cppcheck exclude dirs and/or files: 
[1.004s] -- Added test 'flake8' to check Python code syntax and style conventions
[1.005s] -- Added test 'lint_cmake' to check CMake code style
[1.005s] -- Added test 'pep257' to check Python code against some of the docstring style conventions in PEP 257
[1.008s] -- Added test 'uncrustify' to check C / C++ code style
[1.008s] -- Configured uncrustify additional arguments: 
[1.008s] -- Added test 'xmllint' to check XML markup files
[1.009s] -- Configuring done
[1.071s] -- Generating done
[1.077s] -- Build files have been written to: /home/imml/git/research_2025/apple-harvest-eva/build/harvest_control
[1.110s] [35m[1mConsolidate compiler generated dependencies of target move_arm[0m
[1.126s] [  0%] Built target ament_cmake_python_symlink_harvest_control
[1.161s] [ 50%] [32mBuilding CXX object CMakeFiles/move_arm.dir/src/move_arm.cpp.o[0m
[1.350s] running egg_info
[1.350s] writing harvest_control.egg-info/PKG-INFO
[1.351s] writing dependency_links to harvest_control.egg-info/dependency_links.txt
[1.351s] writing top-level names to harvest_control.egg-info/top_level.txt
[1.352s] reading manifest file 'harvest_control.egg-info/SOURCES.txt'
[1.353s] writing manifest file 'harvest_control.egg-info/SOURCES.txt'
[1.378s] [ 50%] Built target ament_cmake_python_build_harvest_control_egg
[15.881s] [100%] [32m[1mLinking CXX executable move_arm[0m
[16.595s] [100%] Built target move_arm
[16.606s] Invoked command in '/home/imml/git/research_2025/apple-harvest-eva/build/harvest_control' returned '0': CMAKE_PREFIX_PATH=/home/imml/git/research_2025/apple-harvest-eva/install/harvest_interfaces:/home/imml/git/research_2025/apple-harvest-eva/install/ur:/home/imml/git/research_2025/apple-harvest-eva/install/ur_calibration:/home/imml/git/research_2025/apple-harvest-eva/install/ur_robot_driver:/home/imml/git/research_2025/apple-harvest-eva/install/ur_moveit_config:/home/imml/git/research_2025/apple-harvest-eva/install/ur_bringup:/home/imml/git/research_2025/apple-harvest-eva/install/ur_description:/home/imml/git/research_2025/apple-harvest-eva/install/ur_controllers:/home/imml/git/research_2025/apple-harvest-eva/install/ur_dashboard_msgs:/home/imml/git/research_2025/apple-harvest-eva/install/realsense2_description:/home/imml/git/research_2025/apple-harvest-eva/install/realsense2_camera:/home/imml/git/research_2025/apple-harvest-eva/install/realsense2_camera_msgs:/home/imml/git/research_2025/apple-harvest-eva/install/harvest_control:/home/imml/git/research_2025/apple-harvest-eva/install/harvest:/home/imml/git/research_2025/apple-harvest-eva/install/ur5e_custom_hardware:/home/imml/git/research_2025/apple-harvest-eva/install/harvest_vision:/opt/ros/humble LD_LIBRARY_PATH=/home/imml/git/research_2025/apple-harvest-eva/install/harvest_interfaces/lib:/home/imml/git/research_2025/apple-harvest-eva/install/ur_robot_driver/lib:/home/imml/git/research_2025/apple-harvest-eva/install/ur_controllers/lib:/home/imml/git/research_2025/apple-harvest-eva/install/ur_dashboard_msgs/lib:/home/imml/git/research_2025/apple-harvest-eva/install/realsense2_camera/lib:/home/imml/git/research_2025/apple-harvest-eva/install/realsense2_camera_msgs/lib:/usr/local/cuda-12.9/lib64:/opt/ros/humble/opt/rviz_ogre_vendor/lib:/opt/ros/humble/lib/x86_64-linux-gnu:/opt/ros/humble/lib /usr/bin/cmake --build /home/imml/git/research_2025/apple-harvest-eva/build/harvest_control -- -j16 -l16
[16.608s] Invoking command in '/home/imml/git/research_2025/apple-harvest-eva/build/harvest_control': CMAKE_PREFIX_PATH=/home/imml/git/research_2025/apple-harvest-eva/install/harvest_interfaces:/home/imml/git/research_2025/apple-harvest-eva/install/ur:/home/imml/git/research_2025/apple-harvest-eva/install/ur_calibration:/home/imml/git/research_2025/apple-harvest-eva/install/ur_robot_driver:/home/imml/git/research_2025/apple-harvest-eva/install/ur_moveit_config:/home/imml/git/research_2025/apple-harvest-eva/install/ur_bringup:/home/imml/git/research_2025/apple-harvest-eva/install/ur_description:/home/imml/git/research_2025/apple-harvest-eva/install/ur_controllers:/home/imml/git/research_2025/apple-harvest-eva/install/ur_dashboard_msgs:/home/imml/git/research_2025/apple-harvest-eva/install/realsense2_description:/home/imml/git/research_2025/apple-harvest-eva/install/realsense2_camera:/home/imml/git/research_2025/apple-harvest-eva/install/realsense2_camera_msgs:/home/imml/git/research_2025/apple-harvest-eva/install/harvest_control:/home/imml/git/research_2025/apple-harvest-eva/install/harvest:/home/imml/git/research_2025/apple-harvest-eva/install/ur5e_custom_hardware:/home/imml/git/research_2025/apple-harvest-eva/install/harvest_vision:/opt/ros/humble LD_LIBRARY_PATH=/home/imml/git/research_2025/apple-harvest-eva/install/harvest_interfaces/lib:/home/imml/git/research_2025/apple-harvest-eva/install/ur_robot_driver/lib:/home/imml/git/research_2025/apple-harvest-eva/install/ur_controllers/lib:/home/imml/git/research_2025/apple-harvest-eva/install/ur_dashboard_msgs/lib:/home/imml/git/research_2025/apple-harvest-eva/install/realsense2_camera/lib:/home/imml/git/research_2025/apple-harvest-eva/install/realsense2_camera_msgs/lib:/usr/local/cuda-12.9/lib64:/opt/ros/humble/opt/rviz_ogre_vendor/lib:/opt/ros/humble/lib/x86_64-linux-gnu:/opt/ros/humble/lib /usr/bin/cmake --install /home/imml/git/research_2025/apple-harvest-eva/build/harvest_control
[16.614s] -- Install configuration: ""
[16.615s] -- Execute custom install script
[16.615s] -- Up-to-date symlink: /home/imml/git/research_2025/apple-harvest-eva/install/harvest_control/share/harvest_control/environment/pythonpath.sh
[16.615s] -- Up-to-date symlink: /home/imml/git/research_2025/apple-harvest-eva/install/harvest_control/share/harvest_control/environment/pythonpath.dsv
[16.615s] -- Up-to-date symlink: /home/imml/git/research_2025/apple-harvest-eva/install/harvest_control/local/lib/python3.10/dist-packages/harvest_control-0.0.0-py3.10.egg-info/PKG-INFO
[16.615s] -- Up-to-date symlink: /home/imml/git/research_2025/apple-harvest-eva/install/harvest_control/local/lib/python3.10/dist-packages/harvest_control-0.0.0-py3.10.egg-info/SOURCES.txt
[16.616s] -- Up-to-date symlink: /home/imml/git/research_2025/apple-harvest-eva/install/harvest_control/local/lib/python3.10/dist-packages/harvest_control-0.0.0-py3.10.egg-info/dependency_links.txt
[16.616s] -- Up-to-date symlink: /home/imml/git/research_2025/apple-harvest-eva/install/harvest_control/local/lib/python3.10/dist-packages/harvest_control-0.0.0-py3.10.egg-info/top_level.txt
[16.616s] -- Up-to-date symlink: /home/imml/git/research_2025/apple-harvest-eva/install/harvest_control/local/lib/python3.10/dist-packages/harvest_control/__init__.py
[16.616s] -- Up-to-date symlink: /home/imml/git/research_2025/apple-harvest-eva/install/harvest_control/lib/harvest_control/coordinate_to_trajectory.py
[16.616s] -- Up-to-date symlink: /home/imml/git/research_2025/apple-harvest-eva/install/harvest_control/lib/harvest_control/event_detector.py
[16.616s] -- Up-to-date symlink: /home/imml/git/research_2025/apple-harvest-eva/install/harvest_control/lib/harvest_control/force_filter.py
[16.616s] -- Up-to-date symlink: /home/imml/git/research_2025/apple-harvest-eva/install/harvest_control/lib/harvest_control/get_manual_apple_locations.py
[16.616s] -- Up-to-date symlink: /home/imml/git/research_2025/apple-harvest-eva/install/harvest_control/lib/harvest_control/heuristic_controller.py
[16.616s] -- Up-to-date symlink: /home/imml/git/research_2025/apple-harvest-eva/install/harvest_control/lib/harvest_control/linear_controller.py
[16.616s] -- Up-to-date symlink: /home/imml/git/research_2025/apple-harvest-eva/install/harvest_control/lib/harvest_control/pose_listener.py
[16.617s] -- Up-to-date symlink: /home/imml/git/research_2025/apple-harvest-eva/install/harvest_control/lib/harvest_control/pressure_averager.py
[16.617s] -- Up-to-date symlink: /home/imml/git/research_2025/apple-harvest-eva/install/harvest_control/lib/harvest_control/pull_twist_controller.py
[16.617s] -- Up-to-date symlink: /home/imml/git/research_2025/apple-harvest-eva/install/harvest_control/lib/harvest_control/visual_servo.py
[16.617s] -- Up-to-date symlink: /home/imml/git/research_2025/apple-harvest-eva/install/harvest_control/lib/harvest_control/move_arm
[16.617s] -- Up-to-date symlink: /home/imml/git/research_2025/apple-harvest-eva/install/harvest_control/share/harvest_control/launch/arm_control.launch.py
[16.617s] -- Up-to-date symlink: /home/imml/git/research_2025/apple-harvest-eva/install/harvest_control/share/harvest_control/launch/arm_control_templating.launch.py
[16.618s] -- Up-to-date symlink: /home/imml/git/research_2025/apple-harvest-eva/install/harvest_control/share/harvest_control/resource/harvest_control
[16.618s] -- Up-to-date symlink: /home/imml/git/research_2025/apple-harvest-eva/install/harvest_control/share/harvest_control/resource/reachable_paths.npy
[16.618s] -- Up-to-date symlink: /home/imml/git/research_2025/apple-harvest-eva/install/harvest_control/share/harvest_control/resource/reachable_paths_fine.npy
[16.618s] -- Up-to-date symlink: /home/imml/git/research_2025/apple-harvest-eva/install/harvest_control/share/harvest_control/resource/reachable_voxel_centers.csv
[16.618s] -- Up-to-date symlink: /home/imml/git/research_2025/apple-harvest-eva/install/harvest_control/share/harvest_control/resource/reachable_voxel_centers_fine.csv
[16.618s] -- Up-to-date symlink: /home/imml/git/research_2025/apple-harvest-eva/install/harvest_control/share/harvest_control/resource/tree_wire_mask.json
[16.618s] -- Up-to-date symlink: /home/imml/git/research_2025/apple-harvest-eva/install/harvest_control/share/harvest_control/resource/urdf/v_trellis_template.urdf
[16.618s] -- Up-to-date symlink: /home/imml/git/research_2025/apple-harvest-eva/install/harvest_control/share/harvest_control/resource/urdf/v_trellis_template.xacro
[16.618s] -- Up-to-date symlink: /home/imml/git/research_2025/apple-harvest-eva/install/harvest_control/share/harvest_control/resource/voxel_ik_data.csv
[16.618s] -- Up-to-date symlink: /home/imml/git/research_2025/apple-harvest-eva/install/harvest_control/share/harvest_control/resource/voxel_ik_data_fine.csv
[16.618s] -- Up-to-date symlink: /home/imml/git/research_2025/apple-harvest-eva/install/harvest_control/share/ament_index/resource_index/package_run_dependencies/harvest_control
[16.619s] -- Up-to-date symlink: /home/imml/git/research_2025/apple-harvest-eva/install/harvest_control/share/ament_index/resource_index/parent_prefix_path/harvest_control
[16.619s] -- Up-to-date symlink: /home/imml/git/research_2025/apple-harvest-eva/install/harvest_control/share/harvest_control/environment/ament_prefix_path.sh
[16.619s] -- Up-to-date symlink: /home/imml/git/research_2025/apple-harvest-eva/install/harvest_control/share/harvest_control/environment/ament_prefix_path.dsv
[16.619s] -- Up-to-date symlink: /home/imml/git/research_2025/apple-harvest-eva/install/harvest_control/share/harvest_control/environment/path.sh
[16.619s] -- Up-to-date symlink: /home/imml/git/research_2025/apple-harvest-eva/install/harvest_control/share/harvest_control/environment/path.dsv
[16.619s] -- Up-to-date symlink: /home/imml/git/research_2025/apple-harvest-eva/install/harvest_control/share/harvest_control/local_setup.bash
[16.619s] -- Up-to-date symlink: /home/imml/git/research_2025/apple-harvest-eva/install/harvest_control/share/harvest_control/local_setup.sh
[16.619s] -- Up-to-date symlink: /home/imml/git/research_2025/apple-harvest-eva/install/harvest_control/share/harvest_control/local_setup.zsh
[16.619s] -- Up-to-date symlink: /home/imml/git/research_2025/apple-harvest-eva/install/harvest_control/share/harvest_control/local_setup.dsv
[16.619s] -- Symlinking: /home/imml/git/research_2025/apple-harvest-eva/install/harvest_control/share/harvest_control/package.dsv
[16.629s] -- Up-to-date symlink: /home/imml/git/research_2025/apple-harvest-eva/install/harvest_control/share/ament_index/resource_index/packages/harvest_control
[16.629s] -- Up-to-date symlink: /home/imml/git/research_2025/apple-harvest-eva/install/harvest_control/share/harvest_control/cmake/harvest_controlConfig.cmake
[16.629s] -- Up-to-date symlink: /home/imml/git/research_2025/apple-harvest-eva/install/harvest_control/share/harvest_control/cmake/harvest_controlConfig-version.cmake
[16.629s] -- Up-to-date symlink: /home/imml/git/research_2025/apple-harvest-eva/install/harvest_control/share/harvest_control/package.xml
[16.658s] Listing '/home/imml/git/research_2025/apple-harvest-eva/install/harvest_control/local/lib/python3.10/dist-packages/harvest_control'...
[16.665s] Invoked command in '/home/imml/git/research_2025/apple-harvest-eva/build/harvest_control' returned '0': CMAKE_PREFIX_PATH=/home/imml/git/research_2025/apple-harvest-eva/install/harvest_interfaces:/home/imml/git/research_2025/apple-harvest-eva/install/ur:/home/imml/git/research_2025/apple-harvest-eva/install/ur_calibration:/home/imml/git/research_2025/apple-harvest-eva/install/ur_robot_driver:/home/imml/git/research_2025/apple-harvest-eva/install/ur_moveit_config:/home/imml/git/research_2025/apple-harvest-eva/install/ur_bringup:/home/imml/git/research_2025/apple-harvest-eva/install/ur_description:/home/imml/git/research_2025/apple-harvest-eva/install/ur_controllers:/home/imml/git/research_2025/apple-harvest-eva/install/ur_dashboard_msgs:/home/imml/git/research_2025/apple-harvest-eva/install/realsense2_description:/home/imml/git/research_2025/apple-harvest-eva/install/realsense2_camera:/home/imml/git/research_2025/apple-harvest-eva/install/realsense2_camera_msgs:/home/imml/git/research_2025/apple-harvest-eva/install/harvest_control:/home/imml/git/research_2025/apple-harvest-eva/install/harvest:/home/imml/git/research_2025/apple-harvest-eva/install/ur5e_custom_hardware:/home/imml/git/research_2025/apple-harvest-eva/install/harvest_vision:/opt/ros/humble LD_LIBRARY_PATH=/home/imml/git/research_2025/apple-harvest-eva/install/harvest_interfaces/lib:/home/imml/git/research_2025/apple-harvest-eva/install/ur_robot_driver/lib:/home/imml/git/research_2025/apple-harvest-eva/install/ur_controllers/lib:/home/imml/git/research_2025/apple-harvest-eva/install/ur_dashboard_msgs/lib:/home/imml/git/research_2025/apple-harvest-eva/install/realsense2_camera/lib:/home/imml/git/research_2025/apple-harvest-eva/install/realsense2_camera_msgs/lib:/usr/local/cuda-12.9/lib64:/opt/ros/humble/opt/rviz_ogre_vendor/lib:/opt/ros/humble/lib/x86_64-linux-gnu:/opt/ros/humble/lib /usr/bin/cmake --install /home/imml/git/research_2025/apple-harvest-eva/build/harvest_control
