[0.018s] Invoking command in '/home/imml/git/research_2025/apple-harvest-eva/build/ur_calibration': CMAKE_PREFIX_PATH=/home/imml/git/research_2025/apple-harvest-eva/install/ur_robot_driver:/home/imml/git/research_2025/apple-harvest-eva/install/ur_controllers:/home/imml/git/research_2025/apple-harvest-eva/install/ur_description:/home/imml/git/research_2025/apple-harvest-eva/install/ur_dashboard_msgs:/home/imml/git/research_2025/apple-harvest-eva/install/ur:/home/imml/git/research_2025/apple-harvest-eva/install/ur_calibration:/home/imml/git/research_2025/apple-harvest-eva/install/ur_moveit_config:/home/imml/git/research_2025/apple-harvest-eva/install/ur_bringup:/home/imml/git/research_2025/apple-harvest-eva/install/realsense2_description:/home/imml/git/research_2025/apple-harvest-eva/install/realsense2_camera:/home/imml/git/research_2025/apple-harvest-eva/install/realsense2_camera_msgs:/home/imml/git/research_2025/apple-harvest-eva/install/harvest_control:/home/imml/git/research_2025/apple-harvest-eva/install/harvest:/home/imml/git/research_2025/apple-harvest-eva/install/harvest_interfaces:/home/imml/git/research_2025/apple-harvest-eva/install/ur5e_custom_hardware:/home/imml/git/research_2025/apple-harvest-eva/install/harvest_vision:/opt/ros/humble /usr/bin/cmake --build /home/imml/git/research_2025/apple-harvest-eva/build/ur_calibration -- -j16 -l16
[0.078s] [ 33%] Built target gmock_main
[0.078s] [ 41%] Built target gmock
[0.080s] [ 66%] Built target calibration
[0.111s] [100%] Built target calibration_correction
[0.111s] [100%] Built target calibration_test
[0.125s] Invoked command in '/home/imml/git/research_2025/apple-harvest-eva/build/ur_calibration' returned '0': CMAKE_PREFIX_PATH=/home/imml/git/research_2025/apple-harvest-eva/install/ur_robot_driver:/home/imml/git/research_2025/apple-harvest-eva/install/ur_controllers:/home/imml/git/research_2025/apple-harvest-eva/install/ur_description:/home/imml/git/research_2025/apple-harvest-eva/install/ur_dashboard_msgs:/home/imml/git/research_2025/apple-harvest-eva/install/ur:/home/imml/git/research_2025/apple-harvest-eva/install/ur_calibration:/home/imml/git/research_2025/apple-harvest-eva/install/ur_moveit_config:/home/imml/git/research_2025/apple-harvest-eva/install/ur_bringup:/home/imml/git/research_2025/apple-harvest-eva/install/realsense2_description:/home/imml/git/research_2025/apple-harvest-eva/install/realsense2_camera:/home/imml/git/research_2025/apple-harvest-eva/install/realsense2_camera_msgs:/home/imml/git/research_2025/apple-harvest-eva/install/harvest_control:/home/imml/git/research_2025/apple-harvest-eva/install/harvest:/home/imml/git/research_2025/apple-harvest-eva/install/harvest_interfaces:/home/imml/git/research_2025/apple-harvest-eva/install/ur5e_custom_hardware:/home/imml/git/research_2025/apple-harvest-eva/install/harvest_vision:/opt/ros/humble /usr/bin/cmake --build /home/imml/git/research_2025/apple-harvest-eva/build/ur_calibration -- -j16 -l16
[0.127s] Invoking command in '/home/imml/git/research_2025/apple-harvest-eva/build/ur_calibration': CMAKE_PREFIX_PATH=/home/imml/git/research_2025/apple-harvest-eva/install/ur_robot_driver:/home/imml/git/research_2025/apple-harvest-eva/install/ur_controllers:/home/imml/git/research_2025/apple-harvest-eva/install/ur_description:/home/imml/git/research_2025/apple-harvest-eva/install/ur_dashboard_msgs:/home/imml/git/research_2025/apple-harvest-eva/install/ur:/home/imml/git/research_2025/apple-harvest-eva/install/ur_calibration:/home/imml/git/research_2025/apple-harvest-eva/install/ur_moveit_config:/home/imml/git/research_2025/apple-harvest-eva/install/ur_bringup:/home/imml/git/research_2025/apple-harvest-eva/install/realsense2_description:/home/imml/git/research_2025/apple-harvest-eva/install/realsense2_camera:/home/imml/git/research_2025/apple-harvest-eva/install/realsense2_camera_msgs:/home/imml/git/research_2025/apple-harvest-eva/install/harvest_control:/home/imml/git/research_2025/apple-harvest-eva/install/harvest:/home/imml/git/research_2025/apple-harvest-eva/install/harvest_interfaces:/home/imml/git/research_2025/apple-harvest-eva/install/ur5e_custom_hardware:/home/imml/git/research_2025/apple-harvest-eva/install/harvest_vision:/opt/ros/humble /usr/bin/cmake --install /home/imml/git/research_2025/apple-harvest-eva/build/ur_calibration
[0.135s] -- Install configuration: "RelWithDebInfo"
[0.135s] -- Execute custom install script
[0.135s] -- Up-to-date symlink: /home/imml/git/research_2025/apple-harvest-eva/install/ur_calibration/lib/ur_calibration/calibration_correction
[0.136s] -- Up-to-date symlink: /home/imml/git/research_2025/apple-harvest-eva/install/ur_calibration/include/ur_calibration/calibration.hpp
[0.136s] -- Up-to-date symlink: /home/imml/git/research_2025/apple-harvest-eva/install/ur_calibration/include/ur_calibration/calibration_consumer.hpp
[0.136s] -- Up-to-date symlink: /home/imml/git/research_2025/apple-harvest-eva/install/ur_calibration/share/ur_calibration/launch/calibration_correction.launch.py
[0.136s] -- Up-to-date symlink: /home/imml/git/research_2025/apple-harvest-eva/install/ur_calibration/share/ament_index/resource_index/package_run_dependencies/ur_calibration
[0.136s] -- Up-to-date symlink: /home/imml/git/research_2025/apple-harvest-eva/install/ur_calibration/share/ament_index/resource_index/parent_prefix_path/ur_calibration
[0.137s] -- Up-to-date symlink: /home/imml/git/research_2025/apple-harvest-eva/install/ur_calibration/share/ur_calibration/environment/ament_prefix_path.sh
[0.137s] -- Up-to-date symlink: /home/imml/git/research_2025/apple-harvest-eva/install/ur_calibration/share/ur_calibration/environment/ament_prefix_path.dsv
[0.137s] -- Up-to-date symlink: /home/imml/git/research_2025/apple-harvest-eva/install/ur_calibration/share/ur_calibration/environment/path.sh
[0.137s] -- Up-to-date symlink: /home/imml/git/research_2025/apple-harvest-eva/install/ur_calibration/share/ur_calibration/environment/path.dsv
[0.137s] -- Up-to-date symlink: /home/imml/git/research_2025/apple-harvest-eva/install/ur_calibration/share/ur_calibration/local_setup.bash
[0.138s] -- Up-to-date symlink: /home/imml/git/research_2025/apple-harvest-eva/install/ur_calibration/share/ur_calibration/local_setup.sh
[0.138s] -- Up-to-date symlink: /home/imml/git/research_2025/apple-harvest-eva/install/ur_calibration/share/ur_calibration/local_setup.zsh
[0.138s] -- Up-to-date symlink: /home/imml/git/research_2025/apple-harvest-eva/install/ur_calibration/share/ur_calibration/local_setup.dsv
[0.138s] -- Symlinking: /home/imml/git/research_2025/apple-harvest-eva/install/ur_calibration/share/ur_calibration/package.dsv
[0.149s] -- Up-to-date symlink: /home/imml/git/research_2025/apple-harvest-eva/install/ur_calibration/share/ament_index/resource_index/packages/ur_calibration
[0.149s] -- Up-to-date symlink: /home/imml/git/research_2025/apple-harvest-eva/install/ur_calibration/share/ur_calibration/cmake/ament_cmake_export_include_directories-extras.cmake
[0.149s] -- Up-to-date symlink: /home/imml/git/research_2025/apple-harvest-eva/install/ur_calibration/share/ur_calibration/cmake/ament_cmake_export_dependencies-extras.cmake
[0.149s] -- Up-to-date symlink: /home/imml/git/research_2025/apple-harvest-eva/install/ur_calibration/share/ur_calibration/cmake/ur_calibrationConfig.cmake
[0.149s] -- Up-to-date symlink: /home/imml/git/research_2025/apple-harvest-eva/install/ur_calibration/share/ur_calibration/cmake/ur_calibrationConfig-version.cmake
[0.149s] -- Up-to-date symlink: /home/imml/git/research_2025/apple-harvest-eva/install/ur_calibration/share/ur_calibration/package.xml
[0.153s] Invoked command in '/home/imml/git/research_2025/apple-harvest-eva/build/ur_calibration' returned '0': CMAKE_PREFIX_PATH=/home/imml/git/research_2025/apple-harvest-eva/install/ur_robot_driver:/home/imml/git/research_2025/apple-harvest-eva/install/ur_controllers:/home/imml/git/research_2025/apple-harvest-eva/install/ur_description:/home/imml/git/research_2025/apple-harvest-eva/install/ur_dashboard_msgs:/home/imml/git/research_2025/apple-harvest-eva/install/ur:/home/imml/git/research_2025/apple-harvest-eva/install/ur_calibration:/home/imml/git/research_2025/apple-harvest-eva/install/ur_moveit_config:/home/imml/git/research_2025/apple-harvest-eva/install/ur_bringup:/home/imml/git/research_2025/apple-harvest-eva/install/realsense2_description:/home/imml/git/research_2025/apple-harvest-eva/install/realsense2_camera:/home/imml/git/research_2025/apple-harvest-eva/install/realsense2_camera_msgs:/home/imml/git/research_2025/apple-harvest-eva/install/harvest_control:/home/imml/git/research_2025/apple-harvest-eva/install/harvest:/home/imml/git/research_2025/apple-harvest-eva/install/harvest_interfaces:/home/imml/git/research_2025/apple-harvest-eva/install/ur5e_custom_hardware:/home/imml/git/research_2025/apple-harvest-eva/install/harvest_vision:/opt/ros/humble /usr/bin/cmake --install /home/imml/git/research_2025/apple-harvest-eva/build/ur_calibration
