[0.668s] Invoking command in '/home/imml/git/research_2025/apple-harvest-eva/build/harvest_vision': AMENT_PREFIX_PATH=/home/imml/git/research_2025/apple-harvest-eva/install/harvest_interfaces:${AMENT_PREFIX_PATH} CMAKE_PREFIX_PATH=/home/imml/git/research_2025/apple-harvest-eva/install/harvest_interfaces:/home/imml/git/research_2025/apple-harvest-eva/install/ur:/home/imml/git/research_2025/apple-harvest-eva/install/ur_calibration:/home/imml/git/research_2025/apple-harvest-eva/install/ur_robot_driver:/home/imml/git/research_2025/apple-harvest-eva/install/ur_moveit_config:/home/imml/git/research_2025/apple-harvest-eva/install/ur_bringup:/home/imml/git/research_2025/apple-harvest-eva/install/ur_description:/home/imml/git/research_2025/apple-harvest-eva/install/ur_controllers:/home/imml/git/research_2025/apple-harvest-eva/install/ur_dashboard_msgs:/home/imml/git/research_2025/apple-harvest-eva/install/realsense2_description:/home/imml/git/research_2025/apple-harvest-eva/install/realsense2_camera:/home/imml/git/research_2025/apple-harvest-eva/install/realsense2_camera_msgs:/home/imml/git/research_2025/apple-harvest-eva/install/harvest_control:/home/imml/git/research_2025/apple-harvest-eva/install/harvest LD_LIBRARY_PATH=/home/imml/git/research_2025/apple-harvest-eva/install/harvest_interfaces/lib:/home/imml/git/research_2025/apple-harvest-eva/install/ur_robot_driver/lib:/home/imml/git/research_2025/apple-harvest-eva/install/ur_controllers/lib:/home/imml/git/research_2025/apple-harvest-eva/install/ur_dashboard_msgs/lib:/home/imml/git/research_2025/apple-harvest-eva/install/realsense2_camera/lib:/home/imml/git/research_2025/apple-harvest-eva/install/realsense2_camera_msgs/lib:/usr/local/cuda-12.9/lib64:/opt/ros/humble/opt/rviz_ogre_vendor/lib:/opt/ros/humble/lib/x86_64-linux-gnu:/opt/ros/humble/lib PYTHONPATH=/home/imml/git/research_2025/apple-harvest-eva/build/harvest_vision/prefix_override:/usr/lib/python3/dist-packages/colcon_core/task/python/colcon_distutils_commands:/home/imml/git/research_2025/apple-harvest-eva/install/harvest_vision/lib/python3.10/site-packages:/home/imml/git/research_2025/apple-harvest-eva/install/harvest_interfaces/local/lib/python3.10/dist-packages:${PYTHONPATH} /usr/bin/python3 -W ignore:setup.py install is deprecated -W ignore:easy_install command is deprecated setup.py develop --editable --build-directory /home/imml/git/research_2025/apple-harvest-eva/build/harvest_vision/build --no-deps symlink_data
[0.925s] running develop
[1.123s] running egg_info
[1.123s] creating harvest_vision.egg-info
[1.123s] writing harvest_vision.egg-info/PKG-INFO
[1.123s] writing dependency_links to harvest_vision.egg-info/dependency_links.txt
[1.123s] writing entry points to harvest_vision.egg-info/entry_points.txt
[1.123s] writing requirements to harvest_vision.egg-info/requires.txt
[1.123s] writing top-level names to harvest_vision.egg-info/top_level.txt
[1.124s] writing manifest file 'harvest_vision.egg-info/SOURCES.txt'
[1.126s] reading manifest file 'harvest_vision.egg-info/SOURCES.txt'
[1.127s] writing manifest file 'harvest_vision.egg-info/SOURCES.txt'
[1.128s] running build_ext
[1.128s] Creating /home/imml/git/research_2025/apple-harvest-eva/install/harvest_vision/lib/python3.10/site-packages/harvest-vision.egg-link (link to .)
[1.129s] Installing apple_prediction script to /home/imml/git/research_2025/apple-harvest-eva/install/harvest_vision/lib/harvest_vision
[1.129s] Installing apple_prediction_presaved_images script to /home/imml/git/research_2025/apple-harvest-eva/install/harvest_vision/lib/harvest_vision
[1.129s] Installing voxelize_scan script to /home/imml/git/research_2025/apple-harvest-eva/install/harvest_vision/lib/harvest_vision
[1.129s] 
[1.129s] Installed /home/imml/git/research_2025/apple-harvest-eva/build/harvest_vision
[1.129s] running symlink_data
[1.129s] creating /home/imml/git/research_2025/apple-harvest-eva/install/harvest_vision/share/ament_index
[1.130s] creating /home/imml/git/research_2025/apple-harvest-eva/install/harvest_vision/share/ament_index/resource_index
[1.130s] creating /home/imml/git/research_2025/apple-harvest-eva/install/harvest_vision/share/ament_index/resource_index/packages
[1.130s] symbolically linking /home/imml/git/research_2025/apple-harvest-eva/build/harvest_vision/resource/harvest_vision -> /home/imml/git/research_2025/apple-harvest-eva/install/harvest_vision/share/ament_index/resource_index/packages
[1.130s] symbolically linking /home/imml/git/research_2025/apple-harvest-eva/build/harvest_vision/package.xml -> /home/imml/git/research_2025/apple-harvest-eva/install/harvest_vision/share/harvest_vision
[1.130s] creating /home/imml/git/research_2025/apple-harvest-eva/install/harvest_vision/share/harvest_vision/launch
[1.130s] creating /home/imml/git/research_2025/apple-harvest-eva/install/harvest_vision/share/harvest_vision/yolo_networks
[1.130s] symbolically linking /home/imml/git/research_2025/apple-harvest-eva/build/harvest_vision/yolo_networks/best-merged-apples-thlo-merged-wsu-v8s.pt -> /home/imml/git/research_2025/apple-harvest-eva/install/harvest_vision/share/harvest_vision/yolo_networks
[1.130s] symbolically linking /home/imml/git/research_2025/apple-harvest-eva/build/harvest_vision/yolo_networks/best-merged-apples-thlo-merged-wsu-v8m.pt -> /home/imml/git/research_2025/apple-harvest-eva/install/harvest_vision/share/harvest_vision/yolo_networks
[1.130s] symbolically linking /home/imml/git/research_2025/apple-harvest-eva/build/harvest_vision/yolo_networks/best-merged-apples-thlo-merged-wsu-v9c.pt -> /home/imml/git/research_2025/apple-harvest-eva/install/harvest_vision/share/harvest_vision/yolo_networks
[1.130s] symbolically linking /home/imml/git/research_2025/apple-harvest-eva/build/harvest_vision/yolo_networks/best-merged-apples-thlo-merged-wsu-v8n.pt -> /home/imml/git/research_2025/apple-harvest-eva/install/harvest_vision/share/harvest_vision/yolo_networks
[1.130s] symbolically linking /home/imml/git/research_2025/apple-harvest-eva/build/harvest_vision/yolo_networks/best_segmentation.pt -> /home/imml/git/research_2025/apple-harvest-eva/install/harvest_vision/share/harvest_vision/yolo_networks
[1.130s] symbolically linking /home/imml/git/research_2025/apple-harvest-eva/build/harvest_vision/yolo_networks/best-merged-apples-thlo-merged-wsu-v8l.pt -> /home/imml/git/research_2025/apple-harvest-eva/install/harvest_vision/share/harvest_vision/yolo_networks
[1.130s] creating /home/imml/git/research_2025/apple-harvest-eva/install/harvest_vision/share/harvest_vision/data
[1.130s] creating /home/imml/git/research_2025/apple-harvest-eva/install/harvest_vision/share/harvest_vision/data/prosser_a
[1.130s] symbolically linking /home/imml/git/research_2025/apple-harvest-eva/build/harvest_vision/data/prosser_a/depth_to_color.png -> /home/imml/git/research_2025/apple-harvest-eva/install/harvest_vision/share/harvest_vision/data/prosser_a
[1.131s] symbolically linking /home/imml/git/research_2025/apple-harvest-eva/build/harvest_vision/data/prosser_a/pointcloud.ply -> /home/imml/git/research_2025/apple-harvest-eva/install/harvest_vision/share/harvest_vision/data/prosser_a
[1.131s] symbolically linking /home/imml/git/research_2025/apple-harvest-eva/build/harvest_vision/data/prosser_a/color_raw.png -> /home/imml/git/research_2025/apple-harvest-eva/install/harvest_vision/share/harvest_vision/data/prosser_a
[1.131s] creating /home/imml/git/research_2025/apple-harvest-eva/install/harvest_vision/share/harvest_vision/data/prosser_b
[1.131s] symbolically linking /home/imml/git/research_2025/apple-harvest-eva/build/harvest_vision/data/prosser_b/depth_to_color.png -> /home/imml/git/research_2025/apple-harvest-eva/install/harvest_vision/share/harvest_vision/data/prosser_b
[1.131s] symbolically linking /home/imml/git/research_2025/apple-harvest-eva/build/harvest_vision/data/prosser_b/pointcloud.ply -> /home/imml/git/research_2025/apple-harvest-eva/install/harvest_vision/share/harvest_vision/data/prosser_b
[1.131s] symbolically linking /home/imml/git/research_2025/apple-harvest-eva/build/harvest_vision/data/prosser_b/color_raw.png -> /home/imml/git/research_2025/apple-harvest-eva/install/harvest_vision/share/harvest_vision/data/prosser_b
[1.131s] creating /home/imml/git/research_2025/apple-harvest-eva/install/harvest_vision/share/harvest_vision/data/prosser_c
[1.131s] symbolically linking /home/imml/git/research_2025/apple-harvest-eva/build/harvest_vision/data/prosser_c/depth_to_color.png -> /home/imml/git/research_2025/apple-harvest-eva/install/harvest_vision/share/harvest_vision/data/prosser_c
[1.131s] symbolically linking /home/imml/git/research_2025/apple-harvest-eva/build/harvest_vision/data/prosser_c/pointcloud.ply -> /home/imml/git/research_2025/apple-harvest-eva/install/harvest_vision/share/harvest_vision/data/prosser_c
[1.131s] symbolically linking /home/imml/git/research_2025/apple-harvest-eva/build/harvest_vision/data/prosser_c/color_raw.png -> /home/imml/git/research_2025/apple-harvest-eva/install/harvest_vision/share/harvest_vision/data/prosser_c
[1.131s] creating /home/imml/git/research_2025/apple-harvest-eva/install/harvest_vision/share/harvest_vision/data/prosser_d
[1.131s] symbolically linking /home/imml/git/research_2025/apple-harvest-eva/build/harvest_vision/data/prosser_d/depth_to_color.png -> /home/imml/git/research_2025/apple-harvest-eva/install/harvest_vision/share/harvest_vision/data/prosser_d
[1.131s] symbolically linking /home/imml/git/research_2025/apple-harvest-eva/build/harvest_vision/data/prosser_d/pointcloud.ply -> /home/imml/git/research_2025/apple-harvest-eva/install/harvest_vision/share/harvest_vision/data/prosser_d
[1.131s] symbolically linking /home/imml/git/research_2025/apple-harvest-eva/build/harvest_vision/data/prosser_d/color_raw.png -> /home/imml/git/research_2025/apple-harvest-eva/install/harvest_vision/share/harvest_vision/data/prosser_d
[1.131s] creating /home/imml/git/research_2025/apple-harvest-eva/install/harvest_vision/share/harvest_vision/data/prosser_e
[1.132s] symbolically linking /home/imml/git/research_2025/apple-harvest-eva/build/harvest_vision/data/prosser_e/depth_to_color.png -> /home/imml/git/research_2025/apple-harvest-eva/install/harvest_vision/share/harvest_vision/data/prosser_e
[1.132s] symbolically linking /home/imml/git/research_2025/apple-harvest-eva/build/harvest_vision/data/prosser_e/pointcloud.ply -> /home/imml/git/research_2025/apple-harvest-eva/install/harvest_vision/share/harvest_vision/data/prosser_e
[1.132s] symbolically linking /home/imml/git/research_2025/apple-harvest-eva/build/harvest_vision/data/prosser_e/color_raw.png -> /home/imml/git/research_2025/apple-harvest-eva/install/harvest_vision/share/harvest_vision/data/prosser_e
[1.132s] creating /home/imml/git/research_2025/apple-harvest-eva/install/harvest_vision/share/harvest_vision/data/prosser_f
[1.132s] symbolically linking /home/imml/git/research_2025/apple-harvest-eva/build/harvest_vision/data/prosser_f/depth_to_color.png -> /home/imml/git/research_2025/apple-harvest-eva/install/harvest_vision/share/harvest_vision/data/prosser_f
[1.132s] symbolically linking /home/imml/git/research_2025/apple-harvest-eva/build/harvest_vision/data/prosser_f/pointcloud.ply -> /home/imml/git/research_2025/apple-harvest-eva/install/harvest_vision/share/harvest_vision/data/prosser_f
[1.132s] symbolically linking /home/imml/git/research_2025/apple-harvest-eva/build/harvest_vision/data/prosser_f/color_raw.png -> /home/imml/git/research_2025/apple-harvest-eva/install/harvest_vision/share/harvest_vision/data/prosser_f
[1.132s] creating /home/imml/git/research_2025/apple-harvest-eva/install/harvest_vision/share/harvest_vision/data/prosser_g
[1.132s] symbolically linking /home/imml/git/research_2025/apple-harvest-eva/build/harvest_vision/data/prosser_g/depth_to_color.png -> /home/imml/git/research_2025/apple-harvest-eva/install/harvest_vision/share/harvest_vision/data/prosser_g
[1.132s] symbolically linking /home/imml/git/research_2025/apple-harvest-eva/build/harvest_vision/data/prosser_g/pointcloud.ply -> /home/imml/git/research_2025/apple-harvest-eva/install/harvest_vision/share/harvest_vision/data/prosser_g
[1.132s] symbolically linking /home/imml/git/research_2025/apple-harvest-eva/build/harvest_vision/data/prosser_g/color_raw.png -> /home/imml/git/research_2025/apple-harvest-eva/install/harvest_vision/share/harvest_vision/data/prosser_g
[1.132s] creating /home/imml/git/research_2025/apple-harvest-eva/install/harvest_vision/share/harvest_vision/data/prosser_h
[1.132s] symbolically linking /home/imml/git/research_2025/apple-harvest-eva/build/harvest_vision/data/prosser_h/depth_to_color.png -> /home/imml/git/research_2025/apple-harvest-eva/install/harvest_vision/share/harvest_vision/data/prosser_h
[1.132s] symbolically linking /home/imml/git/research_2025/apple-harvest-eva/build/harvest_vision/data/prosser_h/pointcloud.ply -> /home/imml/git/research_2025/apple-harvest-eva/install/harvest_vision/share/harvest_vision/data/prosser_h
[1.132s] symbolically linking /home/imml/git/research_2025/apple-harvest-eva/build/harvest_vision/data/prosser_h/color_raw.png -> /home/imml/git/research_2025/apple-harvest-eva/install/harvest_vision/share/harvest_vision/data/prosser_h
[1.132s] creating /home/imml/git/research_2025/apple-harvest-eva/install/harvest_vision/share/harvest_vision/data/prosser_i
[1.133s] symbolically linking /home/imml/git/research_2025/apple-harvest-eva/build/harvest_vision/data/prosser_i/depth_to_color.png -> /home/imml/git/research_2025/apple-harvest-eva/install/harvest_vision/share/harvest_vision/data/prosser_i
[1.133s] symbolically linking /home/imml/git/research_2025/apple-harvest-eva/build/harvest_vision/data/prosser_i/pointcloud.ply -> /home/imml/git/research_2025/apple-harvest-eva/install/harvest_vision/share/harvest_vision/data/prosser_i
[1.133s] symbolically linking /home/imml/git/research_2025/apple-harvest-eva/build/harvest_vision/data/prosser_i/color_raw.png -> /home/imml/git/research_2025/apple-harvest-eva/install/harvest_vision/share/harvest_vision/data/prosser_i
[1.133s] creating /home/imml/git/research_2025/apple-harvest-eva/install/harvest_vision/share/harvest_vision/data/prosser_j
[1.133s] symbolically linking /home/imml/git/research_2025/apple-harvest-eva/build/harvest_vision/data/prosser_j/depth_to_color.png -> /home/imml/git/research_2025/apple-harvest-eva/install/harvest_vision/share/harvest_vision/data/prosser_j
[1.133s] symbolically linking /home/imml/git/research_2025/apple-harvest-eva/build/harvest_vision/data/prosser_j/pointcloud.ply -> /home/imml/git/research_2025/apple-harvest-eva/install/harvest_vision/share/harvest_vision/data/prosser_j
[1.133s] symbolically linking /home/imml/git/research_2025/apple-harvest-eva/build/harvest_vision/data/prosser_j/color_raw.png -> /home/imml/git/research_2025/apple-harvest-eva/install/harvest_vision/share/harvest_vision/data/prosser_j
[1.170s] Invoked command in '/home/imml/git/research_2025/apple-harvest-eva/build/harvest_vision' returned '0': AMENT_PREFIX_PATH=/home/imml/git/research_2025/apple-harvest-eva/install/harvest_interfaces:${AMENT_PREFIX_PATH} CMAKE_PREFIX_PATH=/home/imml/git/research_2025/apple-harvest-eva/install/harvest_interfaces:/home/imml/git/research_2025/apple-harvest-eva/install/ur:/home/imml/git/research_2025/apple-harvest-eva/install/ur_calibration:/home/imml/git/research_2025/apple-harvest-eva/install/ur_robot_driver:/home/imml/git/research_2025/apple-harvest-eva/install/ur_moveit_config:/home/imml/git/research_2025/apple-harvest-eva/install/ur_bringup:/home/imml/git/research_2025/apple-harvest-eva/install/ur_description:/home/imml/git/research_2025/apple-harvest-eva/install/ur_controllers:/home/imml/git/research_2025/apple-harvest-eva/install/ur_dashboard_msgs:/home/imml/git/research_2025/apple-harvest-eva/install/realsense2_description:/home/imml/git/research_2025/apple-harvest-eva/install/realsense2_camera:/home/imml/git/research_2025/apple-harvest-eva/install/realsense2_camera_msgs:/home/imml/git/research_2025/apple-harvest-eva/install/harvest_control:/home/imml/git/research_2025/apple-harvest-eva/install/harvest LD_LIBRARY_PATH=/home/imml/git/research_2025/apple-harvest-eva/install/harvest_interfaces/lib:/home/imml/git/research_2025/apple-harvest-eva/install/ur_robot_driver/lib:/home/imml/git/research_2025/apple-harvest-eva/install/ur_controllers/lib:/home/imml/git/research_2025/apple-harvest-eva/install/ur_dashboard_msgs/lib:/home/imml/git/research_2025/apple-harvest-eva/install/realsense2_camera/lib:/home/imml/git/research_2025/apple-harvest-eva/install/realsense2_camera_msgs/lib:/usr/local/cuda-12.9/lib64:/opt/ros/humble/opt/rviz_ogre_vendor/lib:/opt/ros/humble/lib/x86_64-linux-gnu:/opt/ros/humble/lib PYTHONPATH=/home/imml/git/research_2025/apple-harvest-eva/build/harvest_vision/prefix_override:/usr/lib/python3/dist-packages/colcon_core/task/python/colcon_distutils_commands:/home/imml/git/research_2025/apple-harvest-eva/install/harvest_vision/lib/python3.10/site-packages:/home/imml/git/research_2025/apple-harvest-eva/install/harvest_interfaces/local/lib/python3.10/dist-packages:${PYTHONPATH} /usr/bin/python3 -W ignore:setup.py install is deprecated -W ignore:easy_install command is deprecated setup.py develop --editable --build-directory /home/imml/git/research_2025/apple-harvest-eva/build/harvest_vision/build --no-deps symlink_data
